D/SFPerfTracer(  301):        layers: (4:11) (FocusedStackFrame (0xb6299000): 0:9974)* (DimLayer (0xb6206000): 0:164)* (DimLayer (0xb6208000): 0:26)* (com.android.noisefield.NoiseFieldWallpaper (0xb6279000): 20:331563) (StatusBar (0xb6204000): 5:299779) (DimLayer (0xb632f000): 0:3866)* (DimLayer (0xb632d000): 0:1371)* (NavigationBar (0xb618c000): 0:453) (com.androidclient.blulock.androidclient/com.androidclient.blulock.androidclient.MainActivity (0xb623f000): 0:29)- (com.android.systemui/com.android.systemui.recents.RecentsActivity (0xb622a000): 40:47) (thumbnail anim (0xb6277000): 0:24)- 
I/MotoNetwCtrlr( 1167): onReceive: Received intent=Intent { act=android.net.wifi.RSSI_CHANGED flg=0x4000010 (has extras) } Action=android.net.wifi.RSSI_CHANGED
I/MotoNetwCtrlr.MotoWifiSignalCtrlr( 1167): handleBroadcast: Entered: Intent=Intent { act=android.net.wifi.RSSI_CHANGED flg=0x4000010 (has extras) } Action=android.net.wifi.RSSI_CHANGED
I/MotoNetwCtrlr.MotorolaWifiSignalController( 1167): isDirty: returns false
I/MotoNetwCtrlr.MotoWifiSignalCtrlr( 1167): handleBroadcast: Completed
I/MotoNetwCtrlr( 1167): onReceive: Completed intent=Intent { act=android.net.wifi.RSSI_CHANGED flg=0x4000010 (has extras) } Action=android.net.wifi.RSSI_CHANGED
I/ActivityManager(  889): START u0 {act=android.intent.action.MAIN cat=[android.intent.category.HOME] flg=0x10200000 cmp=com.android.launcher/com.android.launcher2.Launcher} from uid 10028 on display 0
V/WindowManager(  889): IKSWL-6868 finishPostLayoutPolicyLw: mHideKeyguard=false mDismissKeyguard=0
V/WindowManager(  889): IKSWL-6868 setKeyguardOccludedLw isOccluded=false wasOccluded=false showing=false
V/WindowManager(  889): IKSWL-6868 finishPostLayoutPolicyLw: mHideKeyguard=false mDismissKeyguard=0
V/WindowManager(  889): IKSWL-6868 setKeyguardOccludedLw isOccluded=false wasOccluded=false showing=false
V/WindowManager(  889): IKSWL-6868 finishPostLayoutPolicyLw: mHideKeyguard=false mDismissKeyguard=0
V/WindowManager(  889): IKSWL-6868 setKeyguardOccludedLw isOccluded=false wasOccluded=false showing=false
V/WindowManager(  889): IKSWL-6868 finishPostLayoutPolicyLw: mHideKeyguard=false mDismissKeyguard=0
V/WindowManager(  889): IKSWL-6868 setKeyguardOccludedLw isOccluded=false wasOccluded=false showing=false
V/WindowManager(  889): IKSWL-6868 finishPostLayoutPolicyLw: mHideKeyguard=false mDismissKeyguard=0
V/WindowManager(  889): IKSWL-6868 setKeyguardOccludedLw isOccluded=false wasOccluded=false showing=false
V/WindowManager(  889): IKSWL-6868 finishPostLayoutPolicyLw: mHideKeyguard=false mDismissKeyguard=0
V/WindowManager(  889): IKSWL-6868 setKeyguardOccludedLw isOccluded=false wasOccluded=false showing=false
V/WindowManager(  889): IKSWL-6868 finishPostLayoutPolicyLw: mHideKeyguard=false mDismissKeyguard=0
V/WindowManager(  889): IKSWL-6868 setKeyguardOccludedLw isOccluded=false wasOccluded=false showing=false
W/InputMethodManagerService(  889): Starting input on non-focused client com.android.internal.view.IInputMethodClient$Stub$Proxy@3330ae75 (uid=10028 pid=1167)
V/WindowManager(  889): IKSWL-6868 finishPostLayoutPolicyLw: mHideKeyguard=false mDismissKeyguard=0
V/WindowManager(  889): IKSWL-6868 setKeyguardOccludedLw isOccluded=false wasOccluded=false showing=false
V/WindowManager(  889): IKSWL-6868 finishPostLayoutPolicyLw: mHideKeyguard=false mDismissKeyguard=0
V/WindowManager(  889): IKSWL-6868 setKeyguardOccludedLw isOccluded=false wasOccluded=false showing=false
V/WindowManager(  889): IKSWL-6868 finishPostLayoutPolicyLw: mHideKeyguard=false mDismissKeyguard=0
V/WindowManager(  889): IKSWL-6868 setKeyguardOccludedLw isOccluded=false wasOccluded=false showing=false
V/WindowManager(  889): IKSWL-6868 finishPostLayoutPolicyLw: mHideKeyguard=false mDismissKeyguard=0
V/WindowManager(  889): IKSWL-6868 setKeyguardOccludedLw isOccluded=false wasOccluded=false showing=false
V/WindowManager(  889): IKSWL-6868 finishPostLayoutPolicyLw: mHideKeyguard=false mDismissKeyguard=0
V/WindowManager(  889): IKSWL-6868 setKeyguardOccludedLw isOccluded=false wasOccluded=false showing=false
V/WindowManager(  889): IKSWL-6868 finishPostLayoutPolicyLw: mHideKeyguard=false mDismissKeyguard=0
V/WindowManager(  889): IKSWL-6868 setKeyguardOccludedLw isOccluded=false wasOccluded=false showing=false
I/LaunchCheckinHandler(  889): Displayed com.android.launcher/com.android.launcher2.Launcher,wp,wa,287
V/WindowManager(  889): IKSWL-6868 finishPostLayoutPolicyLw: mHideKeyguard=false mDismissKeyguard=0
V/WindowManager(  889): IKSWL-6868 setKeyguardOccludedLw isOccluded=false wasOccluded=false showing=false
D/SLPC    ( 1238): slpc_poll_loop(): handled 1
D/SLPC    ( 1238): slpc_poll_handle_event(): transition
D/SLPC    ( 1238): slpc_poll_loop(): about to poll...
D/sensorhub( 1238): sensorhub_poll() polling...
V/WindowManager(  889): IKSWL-6868 finishPostLayoutPolicyLw: mHideKeyguard=false mDismissKeyguard=0
V/WindowManager(  889): IKSWL-6868 setKeyguardOccludedLw isOccluded=false wasOccluded=false showing=false
V/WindowManager(  889): IKSWL-6868 finishPostLayoutPolicyLw: mHideKeyguard=false mDismissKeyguard=0
V/WindowManager(  889): IKSWL-6868 setKeyguardOccludedLw isOccluded=false wasOccluded=false showing=false
V/WindowManager(  889): IKSWL-6868 finishPostLayoutPolicyLw: mHideKeyguard=false mDismissKeyguard=0
V/WindowManager(  889): IKSWL-6868 setKeyguardOccludedLw isOccluded=false wasOccluded=false showing=false
V/WindowManager(  889): IKSWL-6868 finishPostLayoutPolicyLw: mHideKeyguard=false mDismissKeyguard=0
V/WindowManager(  889): IKSWL-6868 setKeyguardOccludedLw isOccluded=false wasOccluded=false showing=false
V/WindowManager(  889): IKSWL-6868 finishPostLayoutPolicyLw: mHideKeyguard=false mDismissKeyguard=0
V/WindowManager(  889): IKSWL-6868 setKeyguardOccludedLw isOccluded=false wasOccluded=false showing=false
V/WindowManager(  889): IKSWL-6868 finishPostLayoutPolicyLw: mHideKeyguard=false mDismissKeyguard=0
V/WindowManager(  889): IKSWL-6868 setKeyguardOccludedLw isOccluded=false wasOccluded=false showing=false
V/WindowManager(  889): IKSWL-6868 finishPostLayoutPolicyLw: mHideKeyguard=false mDismissKeyguard=0
V/WindowManager(  889): IKSWL-6868 setKeyguardOccludedLw isOccluded=false wasOccluded=false showing=false
V/WindowManager(  889): IKSWL-6868 finishPostLayoutPolicyLw: mHideKeyguard=false mDismissKeyguard=0
V/WindowManager(  889): IKSWL-6868 setKeyguardOccludedLw isOccluded=false wasOccluded=false showing=false
I/ActivityManager(  889): START u0 {act=android.intent.action.MAIN cat=[android.intent.category.LAUNCHER] flg=0x10200000 cmp=com.androidclient.blulock.androidclient/.MainActivity (has extras)} from uid 10030 on display 0
V/WindowManager(  889): IKSWL-6868 finishPostLayoutPolicyLw: mHideKeyguard=false mDismissKeyguard=0
V/WindowManager(  889): IKSWL-6868 setKeyguardOccludedLw isOccluded=false wasOccluded=false showing=false
V/WindowManager(  889): IKSWL-6868 finishPostLayoutPolicyLw: mHideKeyguard=false mDismissKeyguard=0
V/WindowManager(  889): IKSWL-6868 setKeyguardOccludedLw isOccluded=false wasOccluded=false showing=false
I/SFPerfTracer(  301):      triggers: (rate: 10329:305357) (compose: 0:474) (post: 0:1948) (render: 0:2350) (26:2410024 frames) (27:2609429)
D/SFPerfTracer(  301):        layers: (3:10) (FocusedStackFrame (0xb6299000): 0:9974)* (DimLayer (0xb6206000): 0:164)* (DimLayer (0xb6208000): 0:26)* (com.android.noisefield.NoiseFieldWallpaper (0xb6279000): 1:331601)* (StatusBar (0xb6204000): 2:299821) (DimLayer (0xb632f000): 0:3866)* (DimLayer (0xb632d000): 0:1371)* (NavigationBar (0xb618c000): 0:501) (com.android.systemui/com.android.systemui.recents.RecentsActivity (0xb622a000): 0:74)- (com.android.launcher/com.android.launcher2.Launcher (0xb6277000): 27:82) 
V/WindowManager(  889): IKSWL-6868 finishPostLayoutPolicyLw: mHideKeyguard=false mDismissKeyguard=0
V/WindowManager(  889): IKSWL-6868 setKeyguardOccludedLw isOccluded=false wasOccluded=false showing=false
V/WindowManager(  889): IKSWL-6868 finishPostLayoutPolicyLw: mHideKeyguard=false mDismissKeyguard=0
V/WindowManager(  889): IKSWL-6868 setKeyguardOccludedLw isOccluded=false wasOccluded=false showing=false
V/WindowManager(  889): IKSWL-6868 finishPostLayoutPolicyLw: mHideKeyguard=false mDismissKeyguard=0
V/WindowManager(  889): IKSWL-6868 setKeyguardOccludedLw isOccluded=false wasOccluded=false showing=false
V/WindowManager(  889): IKSWL-6868 finishPostLayoutPolicyLw: mHideKeyguard=false mDismissKeyguard=0
V/WindowManager(  889): IKSWL-6868 setKeyguardOccludedLw isOccluded=false wasOccluded=false showing=false
V/WindowManager(  889): IKSWL-6868 finishPostLayoutPolicyLw: mHideKeyguard=false mDismissKeyguard=0
V/WindowManager(  889): IKSWL-6868 setKeyguardOccludedLw isOccluded=false wasOccluded=false showing=false
V/WindowManager(  889): IKSWL-6868 finishPostLayoutPolicyLw: mHideKeyguard=false mDismissKeyguard=0
V/WindowManager(  889): IKSWL-6868 setKeyguardOccludedLw isOccluded=false wasOccluded=false showing=false
V/WindowManager(  889): IKSWL-6868 finishPostLayoutPolicyLw: mHideKeyguard=false mDismissKeyguard=0
V/WindowManager(  889): IKSWL-6868 setKeyguardOccludedLw isOccluded=false wasOccluded=false showing=false
V/WindowManager(  889): IKSWL-6868 finishPostLayoutPolicyLw: mHideKeyguard=false mDismissKeyguard=0
V/WindowManager(  889): IKSWL-6868 setKeyguardOccludedLw isOccluded=false wasOccluded=false showing=false
I/LaunchCheckinHandler(  889): Displayed com.androidclient.blulock.androidclient/.MainActivity,wp,wa,143
V/WindowManager(  889): IKSWL-6868 finishPostLayoutPolicyLw: mHideKeyguard=false mDismissKeyguard=0
V/WindowManager(  889): IKSWL-6868 setKeyguardOccludedLw isOccluded=false wasOccluded=false showing=false
V/WindowManager(  889): IKSWL-6868 finishPostLayoutPolicyLw: mHideKeyguard=false mDismissKeyguard=0
V/WindowManager(  889): IKSWL-6868 setKeyguardOccludedLw isOccluded=false wasOccluded=false showing=false
V/WindowManager(  889): IKSWL-6868 finishPostLayoutPolicyLw: mHideKeyguard=false mDismissKeyguard=0
V/WindowManager(  889): IKSWL-6868 setKeyguardOccludedLw isOccluded=false wasOccluded=false showing=false
V/WindowManager(  889): IKSWL-6868 finishPostLayoutPolicyLw: mHideKeyguard=false mDismissKeyguard=0
V/WindowManager(  889): IKSWL-6868 setKeyguardOccludedLw isOccluded=false wasOccluded=false showing=false
V/WindowManager(  889): IKSWL-6868 finishPostLayoutPolicyLw: mHideKeyguard=false mDismissKeyguard=0
V/WindowManager(  889): IKSWL-6868 setKeyguardOccludedLw isOccluded=false wasOccluded=false showing=false
I/art     (  889): Explicit concurrent mark sweep GC freed 126335(6MB) AllocSpace objects, 3(48KB) LOS objects, 29% free, 37MB/53MB, paused 4.547ms total 167.312ms
I/SFPerfTracer(  301):      triggers: (rate: 384:117275) (4799077 sw vsyncs) (684252 skipped) (239:4616562 vsyncs) (241:9623208)
D/[RTMPExtractorWrapper].librtmp( 8011): RTMPSockBuf_Fill, recv returned -1. GetSockError(): 11 (Try again)
E/[RTMPExtractorWrapper].librtmp( 8011): RTMP_ReadPacket, failed to read RTMP packet header
I/MotoNetwCtrlr( 1167): onReceive: Received intent=Intent { act=android.net.wifi.RSSI_CHANGED flg=0x4000010 (has extras) } Action=android.net.wifi.RSSI_CHANGED
I/MotoNetwCtrlr.MotoWifiSignalCtrlr( 1167): handleBroadcast: Entered: Intent=Intent { act=android.net.wifi.RSSI_CHANGED flg=0x4000010 (has extras) } Action=android.net.wifi.RSSI_CHANGED
I/MotoNetwCtrlr.MotorolaWifiSignalController( 1167): isDirty: returns false
I/MotoNetwCtrlr.MotoWifiSignalCtrlr( 1167): handleBroadcast: Completed
I/MotoNetwCtrlr( 1167): onReceive: Completed intent=Intent { act=android.net.wifi.RSSI_CHANGED flg=0x4000010 (has extras) } Action=android.net.wifi.RSSI_CHANGED
V/AlarmManager(  889): sending alarm {6387726 type 2 *walarm*:com.motorola.slpc.ALARM_MODALITY}
D/ModalityService( 1238): ModalityListener(): callback onModalityChange() -> 4
D/ModalityManager( 1417): onModalityChange() -> 4, package: com.motorola.bach.modemstats
V/AlarmManager(  889): done {6387726, *walarm*:com.motorola.slpc.ALARM_MODALITY} [11ms]
I/MotoNetwCtrlr( 1167): onReceive: Received intent=Intent { act=android.net.wifi.RSSI_CHANGED flg=0x4000010 (has extras) } Action=android.net.wifi.RSSI_CHANGED
I/MotoNetwCtrlr.MotoWifiSignalCtrlr( 1167): handleBroadcast: Entered: Intent=Intent { act=android.net.wifi.RSSI_CHANGED flg=0x4000010 (has extras) } Action=android.net.wifi.RSSI_CHANGED
I/MotoNetwCtrlr.MotorolaWifiSignalController( 1167): isDirty: returns false
I/MotoNetwCtrlr.MotoWifiSignalCtrlr( 1167): handleBroadcast: Completed
I/MotoNetwCtrlr( 1167): onReceive: Completed intent=Intent { act=android.net.wifi.RSSI_CHANGED flg=0x4000010 (has extras) } Action=android.net.wifi.RSSI_CHANGED
I/chromium(27707): [INFO:CONSOLE(25)] "No Content-Security-Policy meta tag found. Please add one when using the cordova-plugin-whitelist plugin.", source: file:///android_asset/www/plugins/cordova-plugin-whitelist/whitelist.js (25)
I/MotoNetwCtrlr.MotoNetwCtrlrImpl.MotorolaMobileSignalController( 2 ) ( 1167): MotorolaMobilePhoneStateListener.onSignalStrengthsChanged: Entered: signalStrength=SignalStrength: 11 0 -120 -160 -120 -1 -1 99 2147483647 2147483647 2147483647 2147483647 2147483647 gsm|lte 0 -108 -1 false 3 3 0 0 0 99 99 99 4 0 level=3
I/MotoNetwCtrlr.MotoNetwCtrlrImpl.MotorolaMobileSignalController( 2 ) ( 1167): isDirty: returns true
I/MotoNetwCtrlr.MotoNetwCtrlrImpl.MotorolaMobileSignalController( 2 ) ( 1167): notifyListeners: calling SB [0] setMobileDataIndicators (Motorola api): mobileUseMotoUI=true mobileEnabled=true mobileSimIconId=( none ) mobileSignalIconId=0x7f02048c=zz_moto_stat_sys_signal_4_of_4_fully_wide mobileRoamingIconId=( none ) mobileDataTypeIconId=( none ) mobileDataActivityIconId=( none ) mobileCarrierDescription="o2 - de" mobileSimDescription="" mobileSignalContentDescription="phone signal full strength" mobileRoamingDescription="" mobileDataTypeContentDescription="3 G" mobileDataActivityContentDescription="" mobileIsRoaming=false isDataTypeIconWide=true mobileIsBidiDirectionEnabled=false mobileSubId=2
I/MotoNetwCtrlr.MotoNetwCtrlrImpl.MotorolaMobileSignalController( 2 ) ( 1167): notifyListeners: calling SB [1] setMobileDataIndicators (Motorola api): mobileUseMotoUI=true mobileEnabled=true mobileSimIconId=( none ) mobileSignalIconId=0x7f02048c=zz_moto_stat_sys_signal_4_of_4_fully_wide mobileRoamingIconId=( none ) mobileDataTypeIconId=( none ) mobileDataActivityIconId=( none ) mobileCarrierDescription="o2 - de" mobileSimDescription="" mobileSignalContentDescription="phone signal full strength" mobileRoamingDescription="" mobileDataTypeContentDescription="3 G" mobileDataActivityContentDescription="" mobileIsRoaming=false isDataTypeIconWide=true mobileIsBidiDirectionEnabled=false mobileSubId=2
I/MotoNetwCtrlr.MotoNetwCtrlrImpl.MotorolaMobileSignalController( 2 ) ( 1167): notifyListeners: calling SB [2] setMobileDataIndicators (Motorola api): mobileUseMotoUI=true mobileEnabled=true mobileSimIconId=( none ) mobileSignalIconId=0x7f02048c=zz_moto_stat_sys_signal_4_of_4_fully_wide mobileRoamingIconId=( none ) mobileDataTypeIconId=( none ) mobileDataActivityIconId=( none ) mobileCarrierDescription="o2 - de" mobileSimDescription="" mobileSignalContentDescription="phone signal full strength" mobileRoamingDescription="" mobileDataTypeContentDescription="3 G" mobileDataActivityContentDescription="" mobileIsRoaming=false isDataTypeIconWide=true mobileIsBidiDirectionEnabled=false mobileSubId=2
I/MotoNetwCtrlr.MotoNetwCtrlrImpl.MotorolaMobileSignalController( 2 ) ( 1167): MotorolaMobilePhoneStateListener.onSignalStrengthsChanged: completed: level=3
I/MotoNetwCtrlr( 1167): onReceive: Received intent=Intent { act=android.net.wifi.RSSI_CHANGED flg=0x4000010 (has extras) } Action=android.net.wifi.RSSI_CHANGED
I/MotoNetwCtrlr.MotoWifiSignalCtrlr( 1167): handleBroadcast: Entered: Intent=Intent { act=android.net.wifi.RSSI_CHANGED flg=0x4000010 (has extras) } Action=android.net.wifi.RSSI_CHANGED
I/MotoNetwCtrlr.MotorolaWifiSignalController( 1167): isDirty: returns false
I/MotoNetwCtrlr.MotoWifiSignalCtrlr( 1167): handleBroadcast: Completed
I/MotoNetwCtrlr( 1167): onReceive: Completed intent=Intent { act=android.net.wifi.RSSI_CHANGED flg=0x4000010 (has extras) } Action=android.net.wifi.RSSI_CHANGED
I/SFPerfTracer(  301):      triggers: (rate: 384:117275) (4799077 sw vsyncs) (684252 skipped) (0:4616574 vsyncs) (2:9623310)
I/MotoNetwCtrlr( 1167): onReceive: Received intent=Intent { act=android.net.wifi.RSSI_CHANGED flg=0x4000010 (has extras) } Action=android.net.wifi.RSSI_CHANGED
I/MotoNetwCtrlr.MotoWifiSignalCtrlr( 1167): handleBroadcast: Entered: Intent=Intent { act=android.net.wifi.RSSI_CHANGED flg=0x4000010 (has extras) } Action=android.net.wifi.RSSI_CHANGED
I/MotoNetwCtrlr.MotorolaWifiSignalController( 1167): isDirty: returns false
I/MotoNetwCtrlr.MotoWifiSignalCtrlr( 1167): handleBroadcast: Completed
I/MotoNetwCtrlr( 1167): onReceive: Completed intent=Intent { act=android.net.wifi.RSSI_CHANGED flg=0x4000010 (has extras) } Action=android.net.wifi.RSSI_CHANGED
I/MotoNetwCtrlr.MotoNetwCtrlrImpl.MotorolaMobileSignalController( 2 ) ( 1167): MotorolaMobilePhoneStateListener.onSignalStrengthsChanged: Entered: signalStrength=SignalStrength: 12 0 -120 -160 -120 -1 -1 99 2147483647 2147483647 2147483647 2147483647 2147483647 gsm|lte 0 -108 -1 false 4 4 0 0 0 99 99 99 4 0 level=4
I/MotoNetwCtrlr.MotoNetwCtrlrImpl.MotorolaMobileSignalController( 2 ) ( 1167): isDirty: returns true
I/MotoNetwCtrlr.MotoNetwCtrlrImpl.MotorolaMobileSignalController( 2 ) ( 1167): notifyListeners: calling SB [0] setMobileDataIndicators (Motorola api): mobileUseMotoUI=true mobileEnabled=true mobileSimIconId=( none ) mobileSignalIconId=0x7f02048c=zz_moto_stat_sys_signal_4_of_4_fully_wide mobileRoamingIconId=( none ) mobileDataTypeIconId=( none ) mobileDataActivityIconId=( none ) mobileCarrierDescription="o2 - de" mobileSimDescription="" mobileSignalContentDescription="phone signal full strength" mobileRoamingDescription="" mobileDataTypeContentDescription="3 G" mobileDataActivityContentDescription="" mobileIsRoaming=false isDataTypeIconWide=true mobileIsBidiDirectionEnabled=false mobileSubId=2
I/MotoNetwCtrlr.MotoNetwCtrlrImpl.MotorolaMobileSignalController( 2 ) ( 1167): notifyListeners: calling SB [1] setMobileDataIndicators (Motorola api): mobileUseMotoUI=true mobileEnabled=true mobileSimIconId=( none ) mobileSignalIconId=0x7f02048c=zz_moto_stat_sys_signal_4_of_4_fully_wide mobileRoamingIconId=( none ) mobileDataTypeIconId=( none ) mobileDataActivityIconId=( none ) mobileCarrierDescription="o2 - de" mobileSimDescription="" mobileSignalContentDescription="phone signal full strength" mobileRoamingDescription="" mobileDataTypeContentDescription="3 G" mobileDataActivityContentDescription="" mobileIsRoaming=false isDataTypeIconWide=true mobileIsBidiDirectionEnabled=false mobileSubId=2
I/MotoNetwCtrlr.MotoNetwCtrlrImpl.MotorolaMobileSignalController( 2 ) ( 1167): notifyListeners: calling SB [2] setMobileDataIndicators (Motorola api): mobileUseMotoUI=true mobileEnabled=true mobileSimIconId=( none ) mobileSignalIconId=0x7f02048c=zz_moto_stat_sys_signal_4_of_4_fully_wide mobileRoamingIconId=( none ) mobileDataTypeIconId=( none ) mobileDataActivityIconId=( none ) mobileCarrierDescription="o2 - de" mobileSimDescription="" mobileSignalContentDescription="phone signal full strength" mobileRoamingDescription="" mobileDataTypeContentDescription="3 G" mobileDataActivityContentDescription="" mobileIsRoaming=false isDataTypeIconWide=true mobileIsBidiDirectionEnabled=false mobileSubId=2
I/MotoNetwCtrlr.MotoNetwCtrlrImpl.MotorolaMobileSignalController( 2 ) ( 1167): MotorolaMobilePhoneStateListener.onSignalStrengthsChanged: completed: level=4
E/WifiStateMachine(  889): WifiStateMachine CMD_START_SCAN source -2 txSuccessRate=102.10 rxSuccessRate=118.99 targetRoamBSSID=any RSSI=-54
E/WifiStateMachine(  889): startDelayedScan send -> 8326 milli 20000
E/WifiStateMachine(  889): WifiStateMachine CMD_START_SCAN with age=440116 interval=341718 maxinterval=300000
E/WifiStateMachine(  889): WifiStateMachine CMD_START_SCAN try full band scan age=440116 interval=341718 maxinterval=300000
E/WifiStateMachine(  889): WifiStateMachine CMD_START_SCAN prevent full band scan due to pkt rate
E/WifiStateMachine(  889): WifiStateMachine CMD_START_SCAN source -2 ...and ignore scans tx=102.10 rx=118.99
I/MotoNetwCtrlr( 1167): onReceive: Received intent=Intent { act=android.net.wifi.RSSI_CHANGED flg=0x4000010 (has extras) } Action=android.net.wifi.RSSI_CHANGED
I/MotoNetwCtrlr.MotoWifiSignalCtrlr( 1167): handleBroadcast: Entered: Intent=Intent { act=android.net.wifi.RSSI_CHANGED flg=0x4000010 (has extras) } Action=android.net.wifi.RSSI_CHANGED
I/MotoNetwCtrlr.MotorolaWifiSignalController( 1167): isDirty: returns false
I/MotoNetwCtrlr.MotoWifiSignalCtrlr( 1167): handleBroadcast: Completed
I/MotoNetwCtrlr( 1167): onReceive: Completed intent=Intent { act=android.net.wifi.RSSI_CHANGED flg=0x4000010 (has extras) } Action=android.net.wifi.RSSI_CHANGED
W/ResourceType( 1167): No package identifier when getting value for resource number 0x00000000
W/PackageManager( 1167): Failure retrieving resources for com.androidclient.blulock.androidclient: Resource ID #0x0
I/ActivityManager(  889): START u0 {act=com.android.systemui.recents.SHOW_RECENTS flg=0x10804000 cmp=com.android.systemui/.recents.RecentsActivity} from uid 10028 on display 0
V/WindowManager(  889): IKSWL-6868 finishPostLayoutPolicyLw: mHideKeyguard=false mDismissKeyguard=0
V/WindowManager(  889): IKSWL-6868 setKeyguardOccludedLw isOccluded=false wasOccluded=false showing=false
V/WindowManager(  889): IKSWL-6868 finishPostLayoutPolicyLw: mHideKeyguard=false mDismissKeyguard=0
V/WindowManager(  889): IKSWL-6868 setKeyguardOccludedLw isOccluded=false wasOccluded=false showing=false
I/SFPerfTracer(  301):      triggers: (rate: 10329:305357) (compose: 0:474) (post: 0:1948) (render: 0:2350) (10:2410056 frames) (11:2609535)
D/SFPerfTracer(  301):        layers: (3:10) (FocusedStackFrame (0xb6299000): 0:9975)* (DimLayer (0xb6206000): 0:164)* (DimLayer (0xb6208000): 0:26)* (com.android.noisefield.NoiseFieldWallpaper (0xb6279000): 0:331611)* (StatusBar (0xb6204000): 1:299910) (DimLayer (0xb632f000): 0:3866)* (DimLayer (0xb632d000): 0:1371)* (NavigationBar (0xb618c000): 10:524) (com.android.launcher/com.android.launcher2.Launcher (0xb6277000): 0:85)- (com.androidclient.blulock.androidclient/com.androidclient.blulock.androidclient.MainActivity (0xb622a000): 0:21) 
V/WindowManager(  889): IKSWL-6868 finishPostLayoutPolicyLw: mHideKeyguard=false mDismissKeyguard=0
V/WindowManager(  889): IKSWL-6868 setKeyguardOccludedLw isOccluded=false wasOccluded=false showing=false
V/WindowManager(  889): IKSWL-6868 finishPostLayoutPolicyLw: mHideKeyguard=false mDismissKeyguard=0
V/WindowManager(  889): IKSWL-6868 setKeyguardOccludedLw isOccluded=false wasOccluded=false showing=false
I/MotoNetwCtrlr.MotoNetwCtrlrImpl.MotorolaMobileSignalController( 2 ) ( 1167): MotorolaMobilePhoneStateListener.onSignalStrengthsChanged: Entered: signalStrength=SignalStrength: 11 0 -120 -160 -120 -1 -1 99 2147483647 2147483647 2147483647 2147483647 2147483647 gsm|lte 0 -108 -1 false 3 3 0 0 0 99 99 99 4 0 level=3
I/MotoNetwCtrlr.MotoNetwCtrlrImpl.MotorolaMobileSignalController( 2 ) ( 1167): isDirty: returns true
I/MotoNetwCtrlr.MotoNetwCtrlrImpl.MotorolaMobileSignalController( 2 ) ( 1167): notifyListeners: calling SB [0] setMobileDataIndicators (Motorola api): mobileUseMotoUI=true mobileEnabled=true mobileSimIconId=( none ) mobileSignalIconId=0x7f02048c=zz_moto_stat_sys_signal_4_of_4_fully_wide mobileRoamingIconId=( none ) mobileDataTypeIconId=( none ) mobileDataActivityIconId=( none ) mobileCarrierDescription="o2 - de" mobileSimDescription="" mobileSignalContentDescription="phone signal full strength" mobileRoamingDescription="" mobileDataTypeContentDescription="3 G" mobileDataActivityContentDescription="" mobileIsRoaming=false isDataTypeIconWide=true mobileIsBidiDirectionEnabled=false mobileSubId=2
I/MotoNetwCtrlr.MotoNetwCtrlrImpl.MotorolaMobileSignalController( 2 ) ( 1167): notifyListeners: calling SB [1] setMobileDataIndicators (Motorola api): mobileUseMotoUI=true mobileEnabled=true mobileSimIconId=( none ) mobileSignalIconId=0x7f02048c=zz_moto_stat_sys_signal_4_of_4_fully_wide mobileRoamingIconId=( none ) mobileDataTypeIconId=( none ) mobileDataActivityIconId=( none ) mobileCarrierDescription="o2 - de" mobileSimDescription="" mobileSignalContentDescription="phone signal full strength" mobileRoamingDescription="" mobileDataTypeContentDescription="3 G" mobileDataActivityContentDescription="" mobileIsRoaming=false isDataTypeIconWide=true mobileIsBidiDirectionEnabled=false mobileSubId=2
I/MotoNetwCtrlr.MotoNetwCtrlrImpl.MotorolaMobileSignalController( 2 ) ( 1167): notifyListeners: calling SB [2] setMobileDataIndicators (Motorola api): mobileUseMotoUI=true mobileEnabled=true mobileSimIconId=( none ) mobileSignalIconId=0x7f02048c=zz_moto_stat_sys_signal_4_of_4_fully_wide mobileRoamingIconId=( none ) mobileDataTypeIconId=( none ) mobileDataActivityIconId=( none ) mobileCarrierDescription="o2 - de" mobileSimDescription="" mobileSignalContentDescription="phone signal full strength" mobileRoamingDescription="" mobileDataTypeContentDescription="3 G" mobileDataActivityContentDescription="" mobileIsRoaming=false isDataTypeIconWide=true mobileIsBidiDirectionEnabled=false mobileSubId=2
V/WindowManager(  889): IKSWL-6868 finishPostLayoutPolicyLw: mHideKeyguard=false mDismissKeyguard=0
V/WindowManager(  889): IKSWL-6868 setKeyguardOccludedLw isOccluded=false wasOccluded=false showing=false
I/MotoNetwCtrlr.MotoNetwCtrlrImpl.MotorolaMobileSignalController( 2 ) ( 1167): MotorolaMobilePhoneStateListener.onSignalStrengthsChanged: completed: level=3
V/WindowManager(  889): IKSWL-6868 finishPostLayoutPolicyLw: mHideKeyguard=false mDismissKeyguard=0
V/WindowManager(  889): IKSWL-6868 setKeyguardOccludedLw isOccluded=false wasOccluded=false showing=false
W/ActivityManager(  889): getRunningAppProcesses: caller 10207 does not hold REAL_GET_TASKS; limiting output
V/WindowManager(  889): IKSWL-6868 finishPostLayoutPolicyLw: mHideKeyguard=false mDismissKeyguard=0
V/WindowManager(  889): IKSWL-6868 setKeyguardOccludedLw isOccluded=false wasOccluded=false showing=false
V/WindowManager(  889): IKSWL-6868 finishPostLayoutPolicyLw: mHideKeyguard=false mDismissKeyguard=0
V/WindowManager(  889): IKSWL-6868 setKeyguardOccludedLw isOccluded=false wasOccluded=false showing=false
I/LaunchCheckinHandler(  889): Displayed com.android.systemui/.recents.RecentsActivity,wp,wa,247
V/WindowManager(  889): IKSWL-6868 finishPostLayoutPolicyLw: mHideKeyguard=false mDismissKeyguard=0
V/WindowManager(  889): IKSWL-6868 setKeyguardOccludedLw isOccluded=false wasOccluded=false showing=false
V/WindowManager(  889): IKSWL-6868 finishPostLayoutPolicyLw: mHideKeyguard=false mDismissKeyguard=0
V/WindowManager(  889): IKSWL-6868 setKeyguardOccludedLw isOccluded=false wasOccluded=false showing=false
V/WindowManager(  889): IKSWL-6868 finishPostLayoutPolicyLw: mHideKeyguard=false mDismissKeyguard=0
V/WindowManager(  889): IKSWL-6868 setKeyguardOccludedLw isOccluded=false wasOccluded=false showing=false
V/WindowManager(  889): IKSWL-6868 finishPostLayoutPolicyLw: mHideKeyguard=false mDismissKeyguard=0
V/WindowManager(  889): IKSWL-6868 setKeyguardOccludedLw isOccluded=false wasOccluded=false showing=false
V/WindowManager(  889): IKSWL-6868 finishPostLayoutPolicyLw: mHideKeyguard=false mDismissKeyguard=0
V/WindowManager(  889): IKSWL-6868 setKeyguardOccludedLw isOccluded=false wasOccluded=false showing=false
V/WindowManager(  889): IKSWL-6868 finishPostLayoutPolicyLw: mHideKeyguard=false mDismissKeyguard=0
V/WindowManager(  889): IKSWL-6868 setKeyguardOccludedLw isOccluded=false wasOccluded=false showing=false
I/chromium(27707): [INFO:CONSOLE(25)] "No Content-Security-Policy meta tag found. Please add one when using the cordova-plugin-whitelist plugin.", source: file:///android_asset/www/plugins/cordova-plugin-whitelist/whitelist.js (25)
W/ResourceType( 1167): No package identifier when getting value for resource number 0x00000000
W/PackageManager( 1167): Failure retrieving resources for com.androidclient.blulock.androidclient: Resource ID #0x0
D/TaskStackView( 1167): onTaskViewDismissed: task = Task (15417): com.androidclient.blulock.androidclient [com.android.systemui.recents.model.Task@25d1c03a] index = 79 focused = false
V/WindowManager(  889): IKSWL-6868 finishPostLayoutPolicyLw: mHideKeyguard=false mDismissKeyguard=0
V/WindowManager(  889): IKSWL-6868 setKeyguardOccludedLw isOccluded=false wasOccluded=false showing=false
I/ActivityManager(  889): Killing 23194:com.androidclient.blulock.androidclient/u0a332 (adj 9): remove task
D/TaskPersister(  889): removeObsoleteFile: deleting file=15417_task.xml
D/TaskPersister(  889): removeObsoleteFile: deleting file=15417_task_thumbnail.png
I/ActivityManager(  889): START u0 {act=android.intent.action.MAIN cat=[android.intent.category.HOME] flg=0x10200000 cmp=com.android.launcher/com.android.launcher2.Launcher} from uid 10028 on display 0
V/WindowManager(  889): IKSWL-6868 finishPostLayoutPolicyLw: mHideKeyguard=false mDismissKeyguard=0
V/WindowManager(  889): IKSWL-6868 setKeyguardOccludedLw isOccluded=false wasOccluded=false showing=false
V/WindowManager(  889): IKSWL-6868 finishPostLayoutPolicyLw: mHideKeyguard=false mDismissKeyguard=0
V/WindowManager(  889): IKSWL-6868 setKeyguardOccludedLw isOccluded=false wasOccluded=false showing=false
V/WindowManager(  889): IKSWL-6868 finishPostLayoutPolicyLw: mHideKeyguard=false mDismissKeyguard=0
V/WindowManager(  889): IKSWL-6868 setKeyguardOccludedLw isOccluded=false wasOccluded=false showing=false
V/WindowManager(  889): IKSWL-6868 finishPostLayoutPolicyLw: mHideKeyguard=false mDismissKeyguard=0
V/WindowManager(  889): IKSWL-6868 setKeyguardOccludedLw isOccluded=false wasOccluded=false showing=false
I/SFPerfTracer(  301):      triggers: (rate: 10329:305362) (compose: 0:474) (post: 0:1948) (render: 0:2350) (40:2410146 frames) (41:2609636)
D/SFPerfTracer(  301):        layers: (4:11) (FocusedStackFrame (0xb6299000): 0:9977)* (DimLayer (0xb6206000): 0:164)* (DimLayer (0xb6208000): 0:26)* (com.android.noisefield.NoiseFieldWallpaper (0xb6279000): 16:331644) (StatusBar (0xb6204000): 5:299923) (DimLayer (0xb632f000): 0:3866)* (DimLayer (0xb632d000): 0:1371)* (NavigationBar (0xb618c000): 17:565) (com.androidclient.blulock.androidclient/com.androidclient.blulock.androidclient.MainActivity (0xb622a000): 0:44)- (com.android.systemui/com.android.systemui.recents.RecentsActivity (0xb623f000): 30:60) (thumbnail anim (0xb6277000): 0:23)- 
V/WindowManager(  889): IKSWL-6868 finishPostLayoutPolicyLw: mHideKeyguard=false mDismissKeyguard=0
V/WindowManager(  889): IKSWL-6868 setKeyguardOccludedLw isOccluded=false wasOccluded=false showing=false
V/WindowManager(  889): IKSWL-6868 finishPostLayoutPolicyLw: mHideKeyguard=false mDismissKeyguard=0
V/WindowManager(  889): IKSWL-6868 setKeyguardOccludedLw isOccluded=false wasOccluded=false showing=false
V/WindowManager(  889): IKSWL-6868 finishPostLayoutPolicyLw: mHideKeyguard=false mDismissKeyguard=0
V/WindowManager(  889): IKSWL-6868 setKeyguardOccludedLw isOccluded=false wasOccluded=false showing=false
V/WindowManager(  889): IKSWL-6868 finishPostLayoutPolicyLw: mHideKeyguard=false mDismissKeyguard=0
V/WindowManager(  889): IKSWL-6868 setKeyguardOccludedLw isOccluded=false wasOccluded=false showing=false
V/WindowManager(  889): IKSWL-6868 finishPostLayoutPolicyLw: mHideKeyguard=false mDismissKeyguard=0
V/WindowManager(  889): IKSWL-6868 setKeyguardOccludedLw isOccluded=false wasOccluded=false showing=false
V/WindowManager(  889): IKSWL-6868 finishPostLayoutPolicyLw: mHideKeyguard=false mDismissKeyguard=0
V/WindowManager(  889): IKSWL-6868 setKeyguardOccludedLw isOccluded=false wasOccluded=false showing=false
V/WindowManager(  889): IKSWL-6868 finishPostLayoutPolicyLw: mHideKeyguard=false mDismissKeyguard=0
V/WindowManager(  889): IKSWL-6868 setKeyguardOccludedLw isOccluded=false wasOccluded=false showing=false
I/LaunchCheckinHandler(  889): Displayed com.android.launcher/com.android.launcher2.Launcher,wp,wa,185
V/WindowManager(  889): IKSWL-6868 finishPostLayoutPolicyLw: mHideKeyguard=false mDismissKeyguard=0
V/WindowManager(  889): IKSWL-6868 setKeyguardOccludedLw isOccluded=false wasOccluded=false showing=false
V/WindowManager(  889): IKSWL-6868 finishPostLayoutPolicyLw: mHideKeyguard=false mDismissKeyguard=0
V/WindowManager(  889): IKSWL-6868 setKeyguardOccludedLw isOccluded=false wasOccluded=false showing=false
V/WindowManager(  889): IKSWL-6868 finishPostLayoutPolicyLw: mHideKeyguard=false mDismissKeyguard=0
V/WindowManager(  889): IKSWL-6868 setKeyguardOccludedLw isOccluded=false wasOccluded=false showing=false
V/WindowManager(  889): IKSWL-6868 finishPostLayoutPolicyLw: mHideKeyguard=false mDismissKeyguard=0
V/WindowManager(  889): IKSWL-6868 setKeyguardOccludedLw isOccluded=false wasOccluded=false showing=false
V/WindowManager(  889): IKSWL-6868 finishPostLayoutPolicyLw: mHideKeyguard=false mDismissKeyguard=0
V/WindowManager(  889): IKSWL-6868 setKeyguardOccludedLw isOccluded=false wasOccluded=false showing=false
I/MotoNetwCtrlr( 1167): onReceive: Received intent=Intent { act=android.net.wifi.RSSI_CHANGED flg=0x4000010 (has extras) } Action=android.net.wifi.RSSI_CHANGED
I/MotoNetwCtrlr.MotoWifiSignalCtrlr( 1167): handleBroadcast: Entered: Intent=Intent { act=android.net.wifi.RSSI_CHANGED flg=0x4000010 (has extras) } Action=android.net.wifi.RSSI_CHANGED
I/MotoNetwCtrlr.MotorolaWifiSignalController( 1167): isDirty: returns false
I/MotoNetwCtrlr.MotoWifiSignalCtrlr( 1167): handleBroadcast: Completed
I/MotoNetwCtrlr( 1167): onReceive: Completed intent=Intent { act=android.net.wifi.RSSI_CHANGED flg=0x4000010 (has extras) } Action=android.net.wifi.RSSI_CHANGED
V/WindowManager(  889): IKSWL-6868 finishPostLayoutPolicyLw: mHideKeyguard=false mDismissKeyguard=0
V/WindowManager(  889): IKSWL-6868 setKeyguardOccludedLw isOccluded=false wasOccluded=false showing=false
V/WindowManager(  889): IKSWL-6868 finishPostLayoutPolicyLw: mHideKeyguard=false mDismissKeyguard=0
V/WindowManager(  889): IKSWL-6868 setKeyguardOccludedLw isOccluded=false wasOccluded=false showing=false
V/WindowManager(  889): IKSWL-6868 finishPostLayoutPolicyLw: mHideKeyguard=false mDismissKeyguard=0
V/WindowManager(  889): IKSWL-6868 setKeyguardOccludedLw isOccluded=false wasOccluded=false showing=false
V/WindowManager(  889): IKSWL-6868 finishPostLayoutPolicyLw: mHideKeyguard=false mDismissKeyguard=0
V/WindowManager(  889): IKSWL-6868 setKeyguardOccludedLw isOccluded=false wasOccluded=false showing=false
I/ActivityManager(  889): START u0 {act=android.intent.action.MAIN cat=[android.intent.category.LAUNCHER] flg=0x10200000 cmp=com.androidclient.blulock.androidclient/.MainActivity (has extras)} from uid 10030 on display 0
V/WindowManager(  889): IKSWL-6868 finishPostLayoutPolicyLw: mHideKeyguard=false mDismissKeyguard=0
V/WindowManager(  889): IKSWL-6868 setKeyguardOccludedLw isOccluded=false wasOccluded=false showing=false
V/WindowManager(  889): addAppToken: AppWindowToken{136753af token=Token{29844f8e ActivityRecord{14506389 u0 com.androidclient.blulock.androidclient/.MainActivity t15418}}} to stack=1 task=15418 at 0
V/WindowManager(  889): Adding window Window{280ec266 u0 Starting com.androidclient.blulock.androidclient} at 9 of 16 (after Window{2d0de20b u0 com.livescore/com.livescore.soccer.activity.SoccerHomeController})
V/WindowManager(  889): IKSWL-6868 finishPostLayoutPolicyLw: mHideKeyguard=false mDismissKeyguard=0
V/WindowManager(  889): IKSWL-6868 setKeyguardOccludedLw isOccluded=false wasOccluded=false showing=false
I/SFPerfTracer(  301):      triggers: (rate: 10329:305369) (compose: 0:474) (post: 0:1948) (render: 0:2350) (34:2410252 frames) (35:2609749)
D/SFPerfTracer(  301):        layers: (3:10) (FocusedStackFrame (0xb6299000): 0:9977)* (DimLayer (0xb6206000): 0:164)* (DimLayer (0xb6208000): 0:26)* (com.android.noisefield.NoiseFieldWallpaper (0xb6279000): 1:331675)* (StatusBar (0xb6204000): 3:299963) (DimLayer (0xb632f000): 0:3866)* (DimLayer (0xb632d000): 0:1371)* (NavigationBar (0xb618c000): 0:599) (com.android.systemui/com.android.systemui.recents.RecentsActivity (0xb623f000): 0:73)- (com.android.launcher/com.android.launcher2.Launcher (0xb6277000): 35:96) 
V/WindowManager(  889): IKSWL-6868 finishPostLayoutPolicyLw: mHideKeyguard=false mDismissKeyguard=0
V/WindowManager(  889): IKSWL-6868 setKeyguardOccludedLw isOccluded=false wasOccluded=false showing=false
I/SFPerfTracer(  301):      triggers: (rate: 384:117281) (4799077 sw vsyncs) (684382 skipped) (233:4616809 vsyncs) (235:9623590)
V/WindowManager(  889): IKSWL-6868 finishPostLayoutPolicyLw: mHideKeyguard=false mDismissKeyguard=0
V/WindowManager(  889): IKSWL-6868 setKeyguardOccludedLw isOccluded=false wasOccluded=false showing=false
I/ActivityManager(  889): Start proc 24067:com.androidclient.blulock.androidclient/u0a332 for activity com.androidclient.blulock.androidclient/.MainActivity
V/WindowManager(  889): IKSWL-6868 finishPostLayoutPolicyLw: mHideKeyguard=false mDismissKeyguard=0
V/WindowManager(  889): IKSWL-6868 setKeyguardOccludedLw isOccluded=false wasOccluded=false showing=false
I/art     (24067): Late-enabling -Xcheck:jni
V/WindowManager(  889): IKSWL-6868 finishPostLayoutPolicyLw: mHideKeyguard=false mDismissKeyguard=0
V/WindowManager(  889): IKSWL-6868 setKeyguardOccludedLw isOccluded=false wasOccluded=false showing=false
V/WindowManager(  889): IKSWL-6868 finishPostLayoutPolicyLw: mHideKeyguard=false mDismissKeyguard=0
V/WindowManager(  889): IKSWL-6868 setKeyguardOccludedLw isOccluded=false wasOccluded=false showing=false
V/WindowManager(  889): IKSWL-6868 finishPostLayoutPolicyLw: mHideKeyguard=false mDismissKeyguard=0
V/WindowManager(  889): IKSWL-6868 setKeyguardOccludedLw isOccluded=false wasOccluded=false showing=false
V/WindowManager(  889): IKSWL-6868 finishPostLayoutPolicyLw: mHideKeyguard=false mDismissKeyguard=0
V/WindowManager(  889): IKSWL-6868 setKeyguardOccludedLw isOccluded=false wasOccluded=false showing=false
V/WindowManager(  889): IKSWL-6868 finishPostLayoutPolicyLw: mHideKeyguard=false mDismissKeyguard=0
V/WindowManager(  889): IKSWL-6868 setKeyguardOccludedLw isOccluded=false wasOccluded=false showing=false
V/WindowManager(  889): IKSWL-6868 finishPostLayoutPolicyLw: mHideKeyguard=false mDismissKeyguard=0
V/WindowManager(  889): IKSWL-6868 setKeyguardOccludedLw isOccluded=false wasOccluded=false showing=false
D/BluLock (24067): First stuff to do!!!
D/BluLock (24067): Starting application
D/BluetoothManagerService(  889): Message: 20
D/BluetoothManagerService(  889): Added callback: android.bluetooth.IBluetoothManagerCallback$Stub$Proxy@3c0481fd:true
D/BluLock (24067): Bluetooth Adapter detected!!!
D/BluLock (24067): C0:14:3D:BF:94:FC niroj-Lenovo-B490-0
D/BluLock (24067): connect Thread niroj-Lenovo-B490-0
D/BluLock (24067): true
D/BluLock (24067): 9
D/BluLock (24067): 12
D/BluLock (24067): 0
D/BluLock (24067): Class:6c0100
D/BluLock (24067): UUid:0000110a-0000-1000-8000-00805f9b34fb
D/BluLock (24067): UUid:0000111e-0000-1000-8000-00805f9b34fb
D/BluLock (24067): UUid:00001105-0000-1000-8000-00805f9b34fb
D/BluLock (24067): UUid:00001106-0000-1000-8000-00805f9b34fb
D/BluLock (24067): UUid:0000112d-0000-1000-8000-00805f9b34fb
D/BluLock (24067): UUid:0000110b-0000-1000-8000-00805f9b34fb
D/BluLock (24067): UUid:0000110e-0000-1000-8000-00805f9b34fb
D/BluLock (24067): UUid:00001112-0000-1000-8000-00805f9b34fb
D/BluLock (24067): UUid:0000111f-0000-1000-8000-00805f9b34fb
W/BluetoothAdapter(24067): getBluetoothService() called with no BluetoothManagerCallback
D/BTIF_SOCK(12129): service_uuid: 5f6289aa-0acc-11e6-b512-3e1d05defe78
W/bt-l2cap(12129): L2CA_ErtmConnectReq()  PSM: 0x0001  BDA: c0143dbf94fc  p_ertm_info: 0x00000000 allowed:0x0 preferred:0
W/bt-l2cap(12129): L2CAP - st: CLOSED evt: 21
W/bt-l2cap(12129): L2CAP - st: CLOSED evt: 7
V/WindowManager(  889): IKSWL-6868 finishPostLayoutPolicyLw: mHideKeyguard=false mDismissKeyguard=0
V/WindowManager(  889): IKSWL-6868 setKeyguardOccludedLw isOccluded=false wasOccluded=false showing=false
V/WindowManager(  889): IKSWL-6868 finishPostLayoutPolicyLw: mHideKeyguard=false mDismissKeyguard=0
V/WindowManager(  889): IKSWL-6868 setKeyguardOccludedLw isOccluded=false wasOccluded=false showing=false
W/bt-l2cap(12129): L2CAP - st: W4_L2CAP_CON_RSP evt: 11
W/bt-l2cap(12129): L2CAP - st: CONFIG evt: 24
W/bt-l2cap(12129): L2CAP - st: CONFIG evt: 14
W/bt-l2cap(12129): L2CAP - st: CONFIG evt: 25
W/bt-l2cap(12129): L2CAP-Upper layer Config_Rsp,Local CID: 0x004f,Remote CID: 0x0040,PSM: 1,our MTU present:1,our MTU:672
E/bt-btif (12129): services_to_search = 3fffffff
E/bt-btif (12129): ****************search UUID = 1200***********
W/bt-l2cap(12129): L2CA_ErtmConnectReq()  PSM: 0x0001  BDA: c0143dbf94fc  p_ertm_info: 0x00000000 allowed:0x0 preferred:0
W/bt-l2cap(12129): L2CAP - st: CLOSED evt: 21
W/bt-l2cap(12129): L2CAP - st: CLOSED evt: 7
W/bt-l2cap(12129): L2CAP - st: CONFIG evt: 15
W/bt-l2cap(12129): L2CAP-peer_Config_Rsp,Local CID: 0x004f,Remote CID: 0x0040,PSM: 1,peer MTU present: 0,peer MTU: 672
W/bt-l2cap(12129): L2CAP - st: W4_L2CAP_CON_RSP evt: 11
W/bt-l2cap(12129): L2CAP - st: CONFIG evt: 24
W/bt-l2cap(12129): L2CAP - st: CONFIG evt: 14
W/bt-l2cap(12129): L2CAP - st: CONFIG evt: 25
W/bt-l2cap(12129): L2CAP-Upper layer Config_Rsp,Local CID: 0x004b,Remote CID: 0x0042,PSM: 1,our MTU present:1,our MTU:672
W/bt-sdp  (12129): process_service_search_attr_rsp
W/bt-l2cap(12129): L2CA_DisconnectReq()  CID: 0x004f
W/bt-l2cap(12129): L2CAP - st: CONFIG evt: 15
W/bt-l2cap(12129): L2CAP-peer_Config_Rsp,Local CID: 0x004b,Remote CID: 0x0042,PSM: 1,peer MTU present: 0,peer MTU: 672
W/bt-l2cap(12129): L2CAP - st: W4_L2CAP_DISC_RSP evt: 18
W/bt-sdp  (12129): process_service_search_attr_rsp
W/bt-l2cap(12129): L2CA_DisconnectReq()  CID: 0x004b
W/bt-l2cap(12129): L2CAP - st: W4_L2CAP_DISC_RSP evt: 18
E/bt-btif (12129): services_to_search = 3ffffffe
E/bt-btif (12129): ****************search UUID = 0100***********
W/bt-l2cap(12129): L2CA_ErtmConnectReq()  PSM: 0x0001  BDA: c0143dbf94fc  p_ertm_info: 0x00000000 allowed:0x0 preferred:0
W/bt-l2cap(12129): L2CAP - st: CLOSED evt: 21
W/bt-l2cap(12129): L2CAP - st: CLOSED evt: 7
W/bt-l2cap(12129): L2CA_SetDesireRole() new:x0, disallow_switch:0
W/bt-btif (12129): new conn_srvc id:26, app_id:1
W/bt-btif (12129): new conn_srvc id:26, app_id:1 count:2
W/bt-l2cap(12129): L2CAP - st: W4_L2CAP_CON_RSP evt: 11
W/bt-l2cap(12129): L2CAP - st: CONFIG evt: 24
W/bt-l2cap(12129): L2CAP - st: CONFIG evt: 14
W/bt-l2cap(12129): L2CAP - st: CONFIG evt: 25
W/bt-l2cap(12129): L2CAP-Upper layer Config_Rsp,Local CID: 0x004c,Remote CID: 0x0040,PSM: 1,our MTU present:1,our MTU:672
W/bt-l2cap(12129): L2CAP - st: CONFIG evt: 15
W/bt-l2cap(12129): L2CAP-peer_Config_Rsp,Local CID: 0x004c,Remote CID: 0x0040,PSM: 1,peer MTU present: 0,peer MTU: 672
D/OpenGLRenderer(24067): Use EGL_SWAP_BEHAVIOR_PRESERVED: true
W/bt-sdp  (12129): process_service_search_attr_rsp
W/bt-l2cap(12129): L2CA_DisconnectReq()  CID: 0x004c
D/Atlas   (24067): Validating map...
W/bt-l2cap(12129): L2CAP - st: W4_L2CAP_DISC_RSP evt: 18
E/bt-btif (12129): Index: 0 uuid:0000110a-0000-1000-8000-00805f9b34fb
E/bt-btif (12129): Index: 1 uuid:0000111e-0000-1000-8000-00805f9b34fb
E/bt-btif (12129): Index: 2 uuid:00001105-0000-1000-8000-00805f9b34fb
E/bt-btif (12129): Index: 3 uuid:00001106-0000-1000-8000-00805f9b34fb
E/bt-btif (12129): Index: 4 uuid:0000112d-0000-1000-8000-00805f9b34fb
E/bt-btif (12129): Index: 5 uuid:0000110b-0000-1000-8000-00805f9b34fb
E/bt-btif (12129): Index: 6 uuid:0000110e-0000-1000-8000-00805f9b34fb
E/bt-btif (12129): Index: 7 uuid:00001112-0000-1000-8000-00805f9b34fb
E/bt-btif (12129): Index: 8 uuid:0000111f-0000-1000-8000-00805f9b34fb
E/bt-btif (12129): Index: 9 uuid:5f6289aa-0acc-11e6-b512-3e1d05defe78
D/btif_config_util(12129): btif_config_save_file(L188): in file name:/data/misc/bluedroid/bt_config.new
D/A2dpService(12129): getA2DPService(): returning com.android.bluetooth.a2dp.A2dpService@35d036ee
V/WindowManager(  889): Adding window Window{111c40f9 u0 com.androidclient.blulock.androidclient/com.androidclient.blulock.androidclient.MainActivity} at 9 of 17 (before Window{280ec266 u0 Starting com.androidclient.blulock.androidclient})
V/WindowManager(  889): IKSWL-6868 finishPostLayoutPolicyLw: mHideKeyguard=false mDismissKeyguard=0
V/WindowManager(  889): IKSWL-6868 setKeyguardOccludedLw isOccluded=false wasOccluded=false showing=false
V/WindowManager(  889): IKSWL-6868 finishPostLayoutPolicyLw: mHideKeyguard=false mDismissKeyguard=0
V/WindowManager(  889): IKSWL-6868 setKeyguardOccludedLw isOccluded=false wasOccluded=false showing=false
I/Adreno-EGL(24067): <qeglDrvAPI_eglInitialize:410>: EGL 1.4 QUALCOMM build: AU_LINUX_ANDROID_LA.AF.1.1_RB1.05.00.02.006.020_msm8960_LA.AF.1.1_RB1__release_AU ()
I/Adreno-EGL(24067): OpenGL ES Shader Compiler Version: E031.25.03.06
I/Adreno-EGL(24067): Build Date: 03/30/15 Mon
I/Adreno-EGL(24067): Local Branch: mybranch8688311
I/Adreno-EGL(24067): Remote Branch: quic/LA.AF.1.1_rb1.16
I/Adreno-EGL(24067): Local Patches: NONE
I/Adreno-EGL(24067): Reconstruct Branch: AU_LINUX_ANDROID_LA.AF.1.1_RB1.05.00.02.006.020 + 9b2699f + 2215637 + 60aa592 + f2362e6 + 5c64f59 + 82411a1 + 1f36e07 +  NOTHING
I/OpenGLRenderer(24067): Initialized EGL, version 1.4
D/OpenGLRenderer(24067): Enabling debug mode 0
V/WindowManager(  889): IKSWL-6868 finishPostLayoutPolicyLw: mHideKeyguard=false mDismissKeyguard=0
V/WindowManager(  889): IKSWL-6868 setKeyguardOccludedLw isOccluded=false wasOccluded=false showing=false
V/WindowManager(  889): IKSWL-6868 finishPostLayoutPolicyLw: mHideKeyguard=false mDismissKeyguard=0
V/WindowManager(  889): IKSWL-6868 setKeyguardOccludedLw isOccluded=false wasOccluded=false showing=false
I/LaunchCheckinHandler(  889): Displayed com.androidclient.blulock.androidclient/.MainActivity,cp,ca,1399
I/ActivityManager(  889): Displayed com.androidclient.blulock.androidclient/.MainActivity: +1s399ms
V/WindowManager(  889): IKSWL-6868 finishPostLayoutPolicyLw: mHideKeyguard=false mDismissKeyguard=0
V/WindowManager(  889): IKSWL-6868 setKeyguardOccludedLw isOccluded=false wasOccluded=false showing=false
V/WindowManager(  889): IKSWL-6868 finishPostLayoutPolicyLw: mHideKeyguard=false mDismissKeyguard=0
V/WindowManager(  889): IKSWL-6868 setKeyguardOccludedLw isOccluded=false wasOccluded=false showing=false
V/WindowManager(  889): IKSWL-6868 finishPostLayoutPolicyLw: mHideKeyguard=false mDismissKeyguard=0
V/WindowManager(  889): IKSWL-6868 setKeyguardOccludedLw isOccluded=false wasOccluded=false showing=false
V/WindowManager(  889): IKSWL-6868 finishPostLayoutPolicyLw: mHideKeyguard