--------- beginning of crash
E/AndroidRuntime(27799): FATAL EXCEPTION: main
E/AndroidRuntime(27799): Process: com.livescore, PID: 27799
E/AndroidRuntime(27799): java.lang.NullPointerException: Attempt to invoke virtual method 'java.util.List com.livescore.j.a.getMenu()' on a null object reference
E/AndroidRuntime(27799): 	at com.livescore.soccer.activity.SoccerCountryController.a(SoccerCountryController.java:438)
E/AndroidRuntime(27799): 	at com.livescore.soccer.activity.SoccerCountryController.b(SoccerCountryController.java:64)
E/AndroidRuntime(27799): 	at com.livescore.soccer.activity.s.onNetworkCallComplete(SoccerCountryController.java:555)
E/AndroidRuntime(27799): 	at com.livescore.k.d.onPostExecute(CountryCallTask.java:52)
E/AndroidRuntime(27799): 	at com.livescore.k.d.onPostExecute(CountryCallTask.java:11)
E/AndroidRuntime(27799): 	at android.os.AsyncTask.finish(AsyncTask.java:636)
E/AndroidRuntime(27799): 	at android.os.AsyncTask.access$500(AsyncTask.java:177)
E/AndroidRuntime(27799): 	at android.os.AsyncTask$InternalHandler.handleMessage(AsyncTask.java:653)
E/AndroidRuntime(27799): 	at android.os.Handler.dispatchMessage(Handler.java:102)
E/AndroidRuntime(27799): 	at android.os.Looper.loop(Looper.java:135)
E/AndroidRuntime(27799): 	at android.app.ActivityThread.main(ActivityThread.java:5343)
E/AndroidRuntime(27799): 	at java.lang.reflect.Method.invoke(Native Method)
E/AndroidRuntime(27799): 	at java.lang.reflect.Method.invoke(Method.java:372)
E/AndroidRuntime(27799): 	at com.android.internal.os.ZygoteInit$MethodAndArgsCaller.run(ZygoteInit.java:905)
E/AndroidRuntime(27799): 	at com.android.internal.os.ZygoteInit.main(ZygoteInit.java:700)
F/libc    ( 2123): Fatal signal 11 (SIGSEGV), code 1, fault addr 0xfffffab4 in tid 28407 (Thread-21298)
I/DEBUG   (  331): *** *** *** *** *** *** *** *** *** *** *** *** *** *** *** ***
I/DEBUG   (  331): Build fingerprint: 'motorola/ghost_retasia/ghost:5.1/LPA23.12-15.5/3:user/release-keys'
I/DEBUG   (  331): Revision: 'p300'
I/DEBUG   (  331): ABI: 'arm'
I/DEBUG   (  331): pid: 2123, tid: 28407, name: Thread-21298  >>> com.google.android.gms.persistent <<<
I/DEBUG   (  331): signal 11 (SIGSEGV), code 1 (SEGV_MAPERR), fault addr 0xfffffab4
I/DEBUG   (  331):     r0 fffffa9c  r1 9a2fb770  r2 00080100  r3 00080100
I/DEBUG   (  331):     r4 9bfe4800  r5 00000000  r6 9bfe4800  r7 6ff79128
I/DEBUG   (  331):     r8 00000000  r9 00073d24  sl 74304a60  fp 13f83c90
I/DEBUG   (  331):     ip b457b801  sp 9a2fb73c  lr b457b815  pc b4786d42  cpsr 60070030
I/DEBUG   (  331): 
I/DEBUG   (  331): backtrace:
I/DEBUG   (  331):     #00 pc 00292d42  /system/lib/libart.so (art::GoToRunnable(art::Thread*)+49)
E/AndroidRuntime( 4538): FATAL EXCEPTION: Timer-775
E/AndroidRuntime( 4538): Process: piuk.blockchain.android, PID: 4538
E/AndroidRuntime( 4538): java.lang.IllegalStateException: Timer was canceled
E/AndroidRuntime( 4538): 	at java.util.Timer.scheduleImpl(Timer.java:558)
E/AndroidRuntime( 4538): 	at java.util.Timer.scheduleAtFixedRate(Timer.java:525)
E/AndroidRuntime( 4538): 	at info.blockchain.wallet.service.WebSocketHandler.startPingTimer(WebSocketHandler.java:129)
E/AndroidRuntime( 4538): 	at info.blockchain.wallet.service.WebSocketHandler.start(WebSocketHandler.java:119)
E/AndroidRuntime( 4538): 	at info.blockchain.wallet.service.WebSocketHandler$1.run(WebSocketHandler.java:138)
E/AndroidRuntime( 4538): 	at java.util.Timer$TimerImpl.run(Timer.java:284)
E/AndroidRuntime(14666): FATAL EXCEPTION: Timer-4408
E/AndroidRuntime(14666): Process: piuk.blockchain.android, PID: 14666
E/AndroidRuntime(14666): java.lang.IllegalStateException: Timer was canceled
E/AndroidRuntime(14666): 	at java.util.Timer.scheduleImpl(Timer.java:558)
E/AndroidRuntime(14666): 	at java.util.Timer.scheduleAtFixedRate(Timer.java:525)
E/AndroidRuntime(14666): 	at info.blockchain.wallet.service.WebSocketHandler.startPingTimer(WebSocketHandler.java:129)
E/AndroidRuntime(14666): 	at info.blockchain.wallet.service.WebSocketHandler.start(WebSocketHandler.java:119)
E/AndroidRuntime(14666): 	at info.blockchain.wallet.service.WebSocketHandler$1.run(WebSocketHandler.java:138)
E/AndroidRuntime(14666): 	at java.util.Timer$TimerImpl.run(Timer.java:284)
--------- beginning of system
I/SFPerfTracer(  301):      triggers: (rate: 8135:230708) (compose: 0:451) (post: 0:1798) (render: 0:2186) (62:2230806 frames) (63:2410262)
D/SFPerfTracer(  301):        layers: (3:9) (FocusedStackFrame (0xb6299000): 0:9350)* (DimLayer (0xb6206000): 0:20)* (DimLayer (0xb6208000): 0:22)* (com.android.noisefield.NoiseFieldWallpaper (0xb6279000): 0:301422)* (StatusBar (0xb6204000): 0:270232) (DimLayer (0xb632f000): 0:3764)* (DimLayer (0xb632d000): 0:1255)* (NavigationBar (0xb6202000): 0:4448) (com.facebook.katana/com.facebook.katana.LoginActivity (0xb6277000): 63:8456) 
I/SFPerfTracer(  301):      triggers: (rate: 380:113314) (4492111 sw vsyncs) (623001 skipped) (372:3938436 vsyncs) (374:8602882)
I/ActivityManager(  889): START u0 {act=android.intent.action.MAIN cat=[android.intent.category.HOME] flg=0x10200000 cmp=com.android.launcher/com.android.launcher2.Launcher} from uid 1000 on display 0
V/WindowManager(  889): IKSWL-6868 finishPostLayoutPolicyLw: mHideKeyguard=false mDismissKeyguard=0
V/WindowManager(  889): IKSWL-6868 setKeyguardOccludedLw isOccluded=false wasOccluded=false showing=false
V/WindowManager(  889): IKSWL-6868 finishPostLayoutPolicyLw: mHideKeyguard=false mDismissKeyguard=0
V/WindowManager(  889): IKSWL-6868 setKeyguardOccludedLw isOccluded=false wasOccluded=false showing=false
V/WindowManager(  889): IKSWL-6868 finishPostLayoutPolicyLw: mHideKeyguard=false mDismissKeyguard=0
V/WindowManager(  889): IKSWL-6868 setKeyguardOccludedLw isOccluded=false wasOccluded=false showing=false
V/WindowManager(  889): IKSWL-6868 finishPostLayoutPolicyLw: mHideKeyguard=false mDismissKeyguard=0
V/WindowManager(  889): IKSWL-6868 setKeyguardOccludedLw isOccluded=false wasOccluded=false showing=false
V/WindowManager(  889): IKSWL-6868 finishPostLayoutPolicyLw: mHideKeyguard=false mDismissKeyguard=0
V/WindowManager(  889): IKSWL-6868 setKeyguardOccludedLw isOccluded=false wasOccluded=false showing=false
V/WindowManager(  889): IKSWL-6868 finishPostLayoutPolicyLw: mHideKeyguard=false mDismissKeyguard=0
V/WindowManager(  889): IKSWL-6868 setKeyguardOccludedLw isOccluded=false wasOccluded=false showing=false
V/WindowManager(  889): IKSWL-6868 finishPostLayoutPolicyLw: mHideKeyguard=false mDismissKeyguard=0
V/WindowManager(  889): IKSWL-6868 setKeyguardOccludedLw isOccluded=false wasOccluded=false showing=false
V/WindowManager(  889): IKSWL-6868 finishPostLayoutPolicyLw: mHideKeyguard=false mDismissKeyguard=0
V/WindowManager(  889): IKSWL-6868 setKeyguardOccludedLw isOccluded=false wasOccluded=false showing=false
V/WindowManager(  889): IKSWL-6868 finishPostLayoutPolicyLw: mHideKeyguard=false mDismissKeyguard=0
V/WindowManager(  889): IKSWL-6868 setKeyguardOccludedLw isOccluded=false wasOccluded=false showing=false
V/WindowManager(  889): IKSWL-6868 finishPostLayoutPolicyLw: mHideKeyguard=false mDismissKeyguard=0
V/WindowManager(  889): IKSWL-6868 setKeyguardOccludedLw isOccluded=false wasOccluded=false showing=false
V/WindowManager(  889): IKSWL-6868 finishPostLayoutPolicyLw: mHideKeyguard=false mDismissKeyguard=0
V/WindowManager(  889): IKSWL-6868 setKeyguardOccludedLw isOccluded=false wasOccluded=false showing=false
I/LaunchCheckinHandler(  889): Displayed com.android.launcher/com.android.launcher2.Launcher,wp,wa,351
V/WindowManager(  889): IKSWL-6868 finishPostLayoutPolicyLw: mHideKeyguard=false mDismissKeyguard=0
V/WindowManager(  889): IKSWL-6868 setKeyguardOccludedLw isOccluded=false wasOccluded=false showing=false
V/WindowManager(  889): IKSWL-6868 finishPostLayoutPolicyLw: mHideKeyguard=false mDismissKeyguard=0
V/WindowManager(  889): IKSWL-6868 setKeyguardOccludedLw isOccluded=false wasOccluded=false showing=false
V/WindowManager(  889): IKSWL-6868 finishPostLayoutPolicyLw: mHideKeyguard=false mDismissKeyguard=0
V/WindowManager(  889): IKSWL-6868 setKeyguardOccludedLw isOccluded=false wasOccluded=false showing=false
V/WindowManager(  889): IKSWL-6868 finishPostLayoutPolicyLw: mHideKeyguard=false mDismissKeyguard=0
V/WindowManager(  889): IKSWL-6868 setKeyguardOccludedLw isOccluded=false wasOccluded=false showing=false
V/WindowManager(  889): IKSWL-6868 finishPostLayoutPolicyLw: mHideKeyguard=false mDismissKeyguard=0
V/WindowManager(  889): IKSWL-6868 setKeyguardOccludedLw isOccluded=false wasOccluded=false showing=false
V/WindowManager(  889): IKSWL-6868 finishPostLayoutPolicyLw: mHideKeyguard=false mDismissKeyguard=0
V/WindowManager(  889): IKSWL-6868 setKeyguardOccludedLw isOccluded=false wasOccluded=false showing=false
V/WindowManager(  889): IKSWL-6868 finishPostLayoutPolicyLw: mHideKeyguard=false mDismissKeyguard=0
V/WindowManager(  889): IKSWL-6868 setKeyguardOccludedLw isOccluded=false wasOccluded=false showing=false
V/WindowManager(  889): IKSWL-6868 finishPostLayoutPolicyLw: mHideKeyguard=false mDismissKeyguard=0
V/WindowManager(  889): IKSWL-6868 setKeyguardOccludedLw isOccluded=false wasOccluded=false showing=false
V/WindowManager(  889): IKSWL-6868 finishPostLayoutPolicyLw: mHideKeyguard=false mDismissKeyguard=0
V/WindowManager(  889): IKSWL-6868 setKeyguardOccludedLw isOccluded=false wasOccluded=false showing=false
V/WindowManager(  889): IKSWL-6868 finishPostLayoutPolicyLw: mHideKeyguard=false mDismissKeyguard=0
V/WindowManager(  889): IKSWL-6868 setKeyguardOccludedLw isOccluded=false wasOccluded=false showing=false
V/WindowManager(  889): IKSWL-6868 finishPostLayoutPolicyLw: mHideKeyguard=false mDismissKeyguard=0
V/WindowManager(  889): IKSWL-6868 setKeyguardOccludedLw isOccluded=false wasOccluded=false showing=false
I/UsageStatsService(  889): User[0] Flushing usage stats to disk
V/WindowManager(  889): IKSWL-6868 finishPostLayoutPolicyLw: mHideKeyguard=false mDismissKeyguard=0
V/WindowManager(  889): IKSWL-6868 setKeyguardOccludedLw isOccluded=false wasOccluded=false showing=false
I/SFPerfTracer(  301):      triggers: (rate: 8135:230720) (compose: 0:451) (post: 0:1798) (render: 0:2186) (105:2230984 frames) (106:2410451)
D/SFPerfTracer(  301):        layers: (4:10) (FocusedStackFrame (0xb6299000): 0:9352)* (DimLayer (0xb6206000): 0:20)* (DimLayer (0xb6208000): 0:22)* (com.android.noisefield.NoiseFieldWallpaper (0xb6279000): 43:301475) (StatusBar (0xb6204000): 76:270324) (DimLayer (0xb632f000): 0:3764)* (DimLayer (0xb632d000): 0:1255)* (NavigationBar (0xb6202000): 0:4490) (com.facebook.katana/com.facebook.katana.LoginActivity (0xb6277000): 0:8512)- (com.android.launcher/com.android.launcher2.Launcher (0xb618c000): 42:51) 
V/WindowManager(  889): IKSWL-6868 finishPostLayoutPolicyLw: mHideKeyguard=false mDismissKeyguard=0
V/WindowManager(  889): IKSWL-6868 setKeyguardOccludedLw isOccluded=false wasOccluded=false showing=false
W/InputMethodManagerService(  889): Window already focused, ignoring focus gain of: com.android.internal.view.IInputMethodClient$Stub$Proxy@1f180de8 attribute=null, token = android.os.BinderProxy@3dc2a160
V/WindowManager(  889): IKSWL-6868 finishPostLayoutPolicyLw: mHideKeyguard=false mDismissKeyguard=0
V/WindowManager(  889): IKSWL-6868 setKeyguardOccludedLw isOccluded=false wasOccluded=false showing=false
I/ActivityManager(  889): START u0 {act=android.intent.action.MAIN cat=[android.intent.category.LAUNCHER] flg=0x10200000 cmp=com.google.android.gm/.GmailActivity bnds=[64,395][212,559] (has extras)} from uid 10030 on display 0
V/WindowManager(  889): IKSWL-6868 finishPostLayoutPolicyLw: mHideKeyguard=false mDismissKeyguard=0
V/WindowManager(  889): IKSWL-6868 setKeyguardOccludedLw isOccluded=false wasOccluded=false showing=false
V/WindowManager(  889): addAppToken: AppWindowToken{17845ce7 token=Token{29e75aa6 ActivityRecord{3aeacc01 u0 com.google.android.gm/.GmailActivity t15363}}} to stack=1 task=15363 at 0
V/WindowManager(  889): Adding window Window{3735187e u0 Starting com.google.android.gm} at 7 of 14 (after Window{11109f41 u0 com.facebook.katana/com.facebook.katana.LoginActivity})
V/WindowManager(  889): IKSWL-6868 finishPostLayoutPolicyLw: mHideKeyguard=false mDismissKeyguard=0
V/WindowManager(  889): IKSWL-6868 setKeyguardOccludedLw isOccluded=false wasOccluded=false showing=false
I/SFPerfTracer(  301):       trigger: frame rate (-28.552%)	(42.869 fps)	(23.327 ms) 	(10 drops)	(45 frames)
I/SFPerfTracer(  301):      triggers: (rate: 8136:230730) (compose: 0:451) (post: 0:1798) (render: 0:2186) (45:2231029 frames) (46:2410497)
D/SFPerfTracer(  301):        layers: (4:9) (FocusedStackFrame (0xb6299000): 0:9352)* (DimLayer (0xb6206000): 0:20)* (DimLayer (0xb6208000): 0:22)* (com.android.noisefield.NoiseFieldWallpaper (0xb6279000): 22:301497) (StatusBar (0xb6204000): 26:270350) (DimLayer (0xb632f000): 0:3764)* (DimLayer (0xb632d000): 0:1255)* (NavigationBar (0xb6202000): 0:4490) (com.android.launcher/com.android.launcher2.Launcher (0xb618c000): 9:60) 
V/WindowManager(  889): IKSWL-6868 finishPostLayoutPolicyLw: mHideKeyguard=false mDismissKeyguard=0
V/WindowManager(  889): IKSWL-6868 setKeyguardOccludedLw isOccluded=false wasOccluded=false showing=false
V/WindowManager(  889): IKSWL-6868 finishPostLayoutPolicyLw: mHideKeyguard=false mDismissKeyguard=0
V/WindowManager(  889): IKSWL-6868 setKeyguardOccludedLw isOccluded=false wasOccluded=false showing=false
V/WindowManager(  889): IKSWL-6868 finishPostLayoutPolicyLw: mHideKeyguard=false mDismissKeyguard=0
V/WindowManager(  889): IKSWL-6868 setKeyguardOccludedLw isOccluded=false wasOccluded=false showing=false
V/WindowManager(  889): IKSWL-6868 finishPostLayoutPolicyLw: mHideKeyguard=false mDismissKeyguard=0
V/WindowManager(  889): IKSWL-6868 setKeyguardOccludedLw isOccluded=false wasOccluded=false showing=false
V/WindowManager(  889): IKSWL-6868 finishPostLayoutPolicyLw: mHideKeyguard=false mDismissKeyguard=0
V/WindowManager(  889): IKSWL-6868 setKeyguardOccludedLw isOccluded=false wasOccluded=false showing=false
V/WindowManager(  889): IKSWL-6868 finishPostLayoutPolicyLw: mHideKeyguard=false mDismissKeyguard=0
V/WindowManager(  889): IKSWL-6868 setKeyguardOccludedLw isOccluded=false wasOccluded=false showing=false
V/WindowManager(  889): IKSWL-6868 finishPostLayoutPolicyLw: mHideKeyguard=false mDismissKeyguard=0
V/WindowManager(  889): IKSWL-6868 setKeyguardOccludedLw isOccluded=false wasOccluded=false showing=false
V/WindowManager(  889): Adding window Window{3211b956 u0 com.google.android.gm/com.google.android.gm.GmailActivity} at 7 of 15 (before Window{3735187e u0 Starting com.google.android.gm})
V/WindowManager(  889): IKSWL-6868 finishPostLayoutPolicyLw: mHideKeyguard=false mDismissKeyguard=0
V/WindowManager(  889): IKSWL-6868 setKeyguardOccludedLw isOccluded=false wasOccluded=false showing=false
W/ResourcesManager( 7763): Asset path '/system/framework/com.android.media.remotedisplay.jar' does not exist or contains no resources.
W/ResourcesManager( 7763): Asset path '/system/framework/com.android.location.provider.jar' does not exist or contains no resources.
V/WindowManager(  889): IKSWL-6868 finishPostLayoutPolicyLw: mHideKeyguard=false mDismissKeyguard=0
V/WindowManager(  889): IKSWL-6868 setKeyguardOccludedLw isOccluded=false wasOccluded=false showing=false
V/WindowManager(  889): IKSWL-6868 finishPostLayoutPolicyLw: mHideKeyguard=false mDismissKeyguard=0
V/WindowManager(  889): IKSWL-6868 setKeyguardOccludedLw isOccluded=false wasOccluded=false showing=false
V/WindowManager(  889): IKSWL-6868 finishPostLayoutPolicyLw: mHideKeyguard=false mDismissKeyguard=0
V/WindowManager(  889): IKSWL-6868 setKeyguardOccludedLw isOccluded=false wasOccluded=false showing=false
V/WindowManager(  889): IKSWL-6868 finishPostLayoutPolicyLw: mHideKeyguard=false mDismissKeyguard=0
V/WindowManager(  889): IKSWL-6868 setKeyguardOccludedLw isOccluded=false wasOccluded=false showing=false
V/WindowManager(  889): IKSWL-6868 finishPostLayoutPolicyLw: mHideKeyguard=false mDismissKeyguard=0
V/WindowManager(  889): IKSWL-6868 setKeyguardOccludedLw isOccluded=false wasOccluded=false showing=false
V/WindowManager(  889): IKSWL-6868 finishPostLayoutPolicyLw: mHideKeyguard=false mDismissKeyguard=0
V/WindowManager(  889): IKSWL-6868 setKeyguardOccludedLw isOccluded=false wasOccluded=false showing=false
I/LaunchCheckinHandler(  889): Displayed com.google.android.gm/.GmailActivity,wp,ca,379
V/WindowManager(  889): IKSWL-6868 finishPostLayoutPolicyLw: mHideKeyguard=false mDismissKeyguard=0
V/WindowManager(  889): IKSWL-6868 setKeyguardOccludedLw isOccluded=false wasOccluded=false showing=false
V/WindowManager(  889): IKSWL-6868 finishPostLayoutPolicyLw: mHideKeyguard=false mDismissKeyguard=0
V/WindowManager(  889): IKSWL-6868 setKeyguardOccludedLw isOccluded=false wasOccluded=false showing=false
V/WindowManager(  889): IKSWL-6868 finishPostLayoutPolicyLw: mHideKeyguard=false mDismissKeyguard=0
V/WindowManager(  889): IKSWL-6868 setKeyguardOccludedLw isOccluded=false wasOccluded=false showing=false
V/WindowManager(  889): IKSWL-6868 finishPostLayoutPolicyLw: mHideKeyguard=false mDismissKeyguard=0
V/WindowManager(  889): IKSWL-6868 setKeyguardOccludedLw isOccluded=false wasOccluded=false showing=false
I/SFPerfTracer(  301):      triggers: (rate: 380:113314) (4492111 sw vsyncs) (623163 skipped) (320:3938756 vsyncs) (322:8603204)
D/ConnectivityService(  889): updateNetworkScore for NetworkAgentInfo [WIFI () - 283] to 60
D/ConnectivityService(  889): rematching NetworkAgentInfo [WIFI () - 283]
D/ConnectivityService(  889): Network NetworkAgentInfo [WIFI () - 283] was already satisfying request 1. No change.
D/ConnectivityService(  889): notifyType AVAILABLE for NetworkAgentInfo [WIFI () - 283]
V/WindowManager(  889): IKSWL-6868 finishPostLayoutPolicyLw: mHideKeyguard=false mDismissKeyguard=0
V/WindowManager(  889): IKSWL-6868 setKeyguardOccludedLw isOccluded=false wasOccluded=false showing=false
V/WindowManager(  889): IKSWL-6868 finishPostLayoutPolicyLw: mHideKeyguard=false mDismissKeyguard=0
V/WindowManager(  889): IKSWL-6868 setKeyguardOccludedLw isOccluded=false wasOccluded=false showing=false
V/WindowManager(  889): IKSWL-6868 finishPostLayoutPolicyLw: mHideKeyguard=false mDismissKeyguard=0
V/WindowManager(  889): IKSWL-6868 setKeyguardOccludedLw isOccluded=false wasOccluded=false showing=false
V/WindowManager(  889): IKSWL-6868 finishPostLayoutPolicyLw: mHideKeyguard=false mDismissKeyguard=0
V/WindowManager(  889): IKSWL-6868 setKeyguardOccludedLw isOccluded=false wasOccluded=false showing=false
V/WindowManager(  889): IKSWL-6868 finishPostLayoutPolicyLw: mHideKeyguard=false mDismissKeyguard=0
V/WindowManager(  889): IKSWL-6868 setKeyguardOccludedLw isOccluded=false wasOccluded=false showing=false
V/WindowManager(  889): IKSWL-6868 finishPostLayoutPolicyLw: mHideKeyguard=false mDismissKeyguard=0
V/WindowManager(  889): IKSWL-6868 setKeyguardOccludedLw isOccluded=false wasOccluded=false showing=false
V/WindowManager(  889): IKSWL-6868 finishPostLayoutPolicyLw: mHideKeyguard=false mDismissKeyguard=0
V/WindowManager(  889): IKSWL-6868 setKeyguardOccludedLw isOccluded=false wasOccluded=false showing=false
V/WindowManager(  889): IKSWL-6868 finishPostLayoutPolicyLw: mHideKeyguard=false mDismissKeyguard=0
V/WindowManager(  889): IKSWL-6868 setKeyguardOccludedLw isOccluded=false wasOccluded=false showing=false
V/WindowManager(  889): IKSWL-6868 finishPostLayoutPolicyLw: mHideKeyguard=false mDismissKeyguard=0
V/WindowManager(  889): IKSWL-6868 setKeyguardOccludedLw isOccluded=false wasOccluded=false showing=false
V/WindowManager(  889): IKSWL-6868 finishPostLayoutPolicyLw: mHideKeyguard=false mDismissKeyguard=0
V/WindowManager(  889): IKSWL-6868 setKeyguardOccludedLw isOccluded=false wasOccluded=false showing=false
V/WindowManager(  889): IKSWL-6868 finishPostLayoutPolicyLw: mHideKeyguard=false mDismissKeyguard=0
V/WindowManager(  889): IKSWL-6868 setKeyguardOccludedLw isOccluded=false wasOccluded=false showing=false
V/WindowManager(  889): IKSWL-6868 finishPostLayoutPolicyLw: mHideKeyguard=false mDismissKeyguard=0
V/WindowManager(  889): IKSWL-6868 setKeyguardOccludedLw isOccluded=false wasOccluded=false showing=false
V/WindowManager(  889): IKSWL-6868 finishPostLayoutPolicyLw: mHideKeyguard=false mDismissKeyguard=0
V/WindowManager(  889): IKSWL-6868 setKeyguardOccludedLw isOccluded=false wasOccluded=false showing=false
V/WindowManager(  889): IKSWL-6868 finishPostLayoutPolicyLw: mHideKeyguard=false mDismissKeyguard=0
V/WindowManager(  889): IKSWL-6868 setKeyguardOccludedLw isOccluded=false wasOccluded=false showing=false
V/WindowManager(  889): removeAppToken make exiting: AppWindowToken{17845ce7 token=Token{29e75aa6 ActivityRecord{3aeacc01 u0 com.google.android.gm/.GmailActivity t15363}}}
V/WindowManager(  889): IKSWL-6868 finishPostLayoutPolicyLw: mHideKeyguard=false mDismissKeyguard=0
V/WindowManager(  889): IKSWL-6868 setKeyguardOccludedLw isOccluded=false wasOccluded=false showing=false
V/WindowManager(  889): IKSWL-6868 finishPostLayoutPolicyLw: mHideKeyguard=false mDismissKeyguard=0
V/WindowManager(  889): IKSWL-6868 setKeyguardOccludedLw isOccluded=false wasOccluded=false showing=false
V/WindowManager(  889): IKSWL-6868 finishPostLayoutPolicyLw: mHideKeyguard=false mDismissKeyguard=0
V/WindowManager(  889): IKSWL-6868 setKeyguardOccludedLw isOccluded=false wasOccluded=false showing=false
V/WindowManager(  889): IKSWL-6868 finishPostLayoutPolicyLw: mHideKeyguard=false mDismissKeyguard=0
V/WindowManager(  889): IKSWL-6868 setKeyguardOccludedLw isOccluded=false wasOccluded=false showing=false
I/ActivityManager(  889): START u0 {act=android.intent.action.MAIN cat=[android.intent.category.HOME] flg=0x10200000 cmp=com.android.launcher/com.android.launcher2.Launcher} from uid 1000 on display 0
V/WindowManager(  889): IKSWL-6868 finishPostLayoutPolicyLw: mHideKeyguard=false mDismissKeyguard=0
V/WindowManager(  889): IKSWL-6868 setKeyguardOccludedLw isOccluded=false wasOccluded=false showing=false
V/WindowManager(  889): IKSWL-6868 finishPostLayoutPolicyLw: mHideKeyguard=false mDismissKeyguard=0
V/WindowManager(  889): IKSWL-6868 setKeyguardOccludedLw isOccluded=false wasOccluded=false showing=false
I/ActivityManager(  889): START u0 {act=android.intent.action.MAIN cat=[android.intent.category.HOME] flg=0x10200000 cmp=com.android.launcher/com.android.launcher2.Launcher} from uid 1000 on display 0
V/WindowManager(  889): IKSWL-6868 finishPostLayoutPolicyLw: mHideKeyguard=false mDismissKeyguard=0
V/WindowManager(  889): IKSWL-6868 setKeyguardOccludedLw isOccluded=false wasOccluded=false showing=false
V/WindowManager(  889): IKSWL-6868 finishPostLayoutPolicyLw: mHideKeyguard=false mDismissKeyguard=0
V/WindowManager(  889): IKSWL-6868 setKeyguardOccludedLw isOccluded=false wasOccluded=false showing=false
W/ContextImpl(  889): Calling a method in the system process without a qualified user: android.app.ContextImpl.sendOrderedBroadcast:1509 com.android.internal.policy.impl.PhoneWindowManager.notifyPowerPress:5240 com.android.internal.policy.impl.PhoneWindowManager.interceptKeyBeforeQueueing:5479 com.android.internal.policy.impl.PhoneWindowManagerWithPartialDisplay.interceptKeyBeforeQueueing:35 com.android.server.wm.InputMonitor.interceptKeyBeforeQueueing:370 
I/PowerManagerService(  889): Going to sleep due to power button (uid 1000)...
I/SFPerfTracer(  301):      triggers: (rate: 8136:230733) (compose: 0:451) (post: 0:1798) (render: 0:2186) (84:2231179 frames) (85:2410673)
D/SFPerfTracer(  301):        layers: (4:12) (FocusedStackFrame (0xb6299000): 1:9358)* (DimLayer (0xb6206000): 0:20)* (DimLayer (0xb6208000): 0:22)* (com.android.noisefield.NoiseFieldWallpaper (0xb6279000): 29:301545) (StatusBar (0xb6204000): 2:270379) (DimLayer (0xb632f000): 0:3764)* (DimLayer (0xb632d000): 0:1255)* (NavigationBar (0xb6202000): 48:4588) (com.android.launcher/com.android.launcher2.Launcher (0xb618c000): 0:62)- (Starting com.google.android.gm (0xb6277000): 0:29)- (com.google.android.gm/com.google.android.gm.GmailActivity (0xb622a000): 0:52)- (com.android.launcher/com.android.launcher2.Launcher (0xb6277000): 79:88) 
D/ConnectivityService(  889): updateNetworkScore for NetworkAgentInfo [WIFI () - 283] to 56
D/ConnectivityService(  889): rematching NetworkAgentInfo [WIFI () - 283]
D/ConnectivityService(  889): Network NetworkAgentInfo [WIFI () - 283] was already satisfying request 1. No change.
D/ConnectivityService(  889): notifyType AVAILABLE for NetworkAgentInfo [WIFI () - 283]
I/WindowManager(  889): Screen turned off...
I/DisplayManagerService(  889): Display device changed: DisplayDeviceInfo{"Built-in Screen": uniqueId="local:0", 720 x 1280, 60.0 fps, supportedRefreshRates [60.0], density 320, 315.31 x 315.65 dpi, appVsyncOff 0, presDeadline 17666667, touch INTERNAL, rotation 0, type BUILT_IN, state OFF, FLAG_DEFAULT_DISPLAY, FLAG_ROTATES_WITH_CONTENT, FLAG_SECURE, FLAG_SUPPORTS_PROTECTED_BUFFERS}
V/ActivityManager(  889): Display changed displayId=0
I/SFPerfTracer(  301):      triggers: (rate: 380:113314) (4492111 sw vsyncs) (623261 skipped) (180:3938943 vsyncs) (182:8603397)
V/WindowManager(  889): mAppsToBeHidden add Token{855ac4d ActivityRecord{5144fe4 u0 com.android.launcher/com.android.launcher2.Launcher t14584}}
V/WindowManager(  889): IKSWL-6868 finishPostLayoutPolicyLw: mHideKeyguard=false mDismissKeyguard=0
V/WindowManager(  889): IKSWL-6868 setKeyguardOccludedLw isOccluded=false wasOccluded=false showing=false
V/WindowManager(  889): mAppsToBeHidden add Token{855ac4d ActivityRecord{5144fe4 u0 com.android.launcher/com.android.launcher2.Launcher t14584}}
V/WindowManager(  889): IKSWL-6868 finishPostLayoutPolicyLw: mHideKeyguard=false mDismissKeyguard=0
V/WindowManager(  889): IKSWL-6868 setKeyguardOccludedLw isOccluded=false wasOccluded=false showing=false
I/WindowManager(  889): Going to sleep...
I/PowerManagerService(  889): Sleeping (uid 1000)...
D/StatusBarKeyguardViewManager( 1167): showKeyguard, but hide Bouncer
D/TaskPersister(  889): removeObsoleteFile: deleting file=15361_task.xml
D/TaskPersister(  889): removeObsoleteFile: deleting file=15361_task_thumbnail.png
V/WindowManager(  889): mAppsToBeHidden add Token{855ac4d ActivityRecord{5144fe4 u0 com.android.launcher/com.android.launcher2.Launcher t14584}}
V/WindowManager(  889): IKSWL-6868 finishPostLayoutPolicyLw: mHideKeyguard=false mDismissKeyguard=0
V/WindowManager(  889): IKSWL-6868 setKeyguardOccludedLw isOccluded=false wasOccluded=false showing=true
V/WindowManager(  889): mAppsToBeHidden add Token{855ac4d ActivityRecord{5144fe4 u0 com.android.launcher/com.android.launcher2.Launcher t14584}}
V/WindowManager(  889): IKSWL-6868 finishPostLayoutPolicyLw: mHideKeyguard=false mDismissKeyguard=0
V/WindowManager(  889): IKSWL-6868 setKeyguardOccludedLw isOccluded=false wasOccluded=false showing=true
V/WindowManager(  889): mAppsToBeHidden add Token{855ac4d ActivityRecord{5144fe4 u0 com.android.launcher/com.android.launcher2.Launcher t14584}}
V/WindowManager(  889): IKSWL-6868 finishPostLayoutPolicyLw: mHideKeyguard=false mDismissKeyguard=0
V/WindowManager(  889): IKSWL-6868 setKeyguardOccludedLw isOccluded=false wasOccluded=false showing=true
V/WindowManager(  889): mAppsToBeHidden add Token{855ac4d ActivityRecord{5144fe4 u0 com.android.launcher/com.android.launcher2.Launcher t14584}}
V/WindowManager(  889): IKSWL-6868 finishPostLayoutPolicyLw: mHideKeyguard=false mDismissKeyguard=0
V/WindowManager(  889): IKSWL-6868 setKeyguardOccludedLw isOccluded=false wasOccluded=false showing=true
V/WindowManager(  889): mAppsToBeHidden add Token{855ac4d ActivityRecord{5144fe4 u0 com.android.launcher/com.android.launcher2.Launcher t14584}}
V/WindowManager(  889): IKSWL-6868 finishPostLayoutPolicyLw: mHideKeyguard=false mDismissKeyguard=0
V/WindowManager(  889): IKSWL-6868 setKeyguardOccludedLw isOccluded=false wasOccluded=false showing=true
V/WindowManager(  889): mAppsToBeHidden add Token{855ac4d ActivityRecord{5144fe4 u0 com.android.launcher/com.android.launcher2.Launcher t14584}}
V/WindowManager(  889): IKSWL-6868 finishPostLayoutPolicyLw: mHideKeyguard=false mDismissKeyguard=0
V/WindowManager(  889): IKSWL-6868 setKeyguardOccludedLw isOccluded=false wasOccluded=false showing=true
V/WindowManager(  889): mAppsToBeHidden add Token{855ac4d ActivityRecord{5144fe4 u0 com.android.launcher/com.android.launcher2.Launcher t14584}}
V/WindowManager(  889): IKSWL-6868 finishPostLayoutPolicyLw: mHideKeyguard=false mDismissKeyguard=0
V/WindowManager(  889): IKSWL-6868 setKeyguardOccludedLw isOccluded=false wasOccluded=false showing=true
V/WindowManager(  889): mAppsToBeHidden add Token{855ac4d ActivityRecord{5144fe4 u0 com.android.launcher/com.android.launcher2.Launcher t14584}}
V/WindowManager(  889): IKSWL-6868 finishPostLayoutPolicyLw: mHideKeyguard=false mDismissKeyguard=0
V/WindowManager(  889): IKSWL-6868 setKeyguardOccludedLw isOccluded=false wasOccluded=false showing=true
I/ActivityManager(  889): Start proc 9476:com.google.android.googlequicksearchbox:search/u0a48 for broadcast com.google.android.googlequicksearchbox/com.google.android.apps.gsa.sidekick.main.kato.RequestScheduleEvaluatorService$ContextManagerReceiver
W/ActivityManager(  889): getRunningAppProcesses: caller 10207 does not hold REAL_GET_TASKS; limiting output
D/WifiService(  889): New client listening to asynchronous messages
V/AlarmManager(  889): sending alarm {3c84d211 type 0 *walarm*:com.ultimarom.launchnavigation/anagog.pd.service.AlarmReceiver}
V/AlarmManager(  889): sending alarm {22378e9b type 0 *walarm*:com.outfit7.talkingtom2free/com.bee7.sdk.service.RewardingService}
V/AlarmManager(  889): sending alarm {2241fac0 type 0 *walarm*:com.facebook.analytics.service.a.ACTION_ALARM}
V/AlarmManager(  889): sending alarm {2c0102cb type 2 *walarm*:com.facebook.rti.mqtt.keepalive.KeepaliveManager.ACTION_INEXACT_ALARM.MqttLite.com.facebook.katana}
V/AlarmManager(  889): sending alarm {3f08366 type 3 *alarm*:com.google.android.gms/.lockbox.LockboxAlarmReceiver}
V/AlarmManager(  889): done {3c84d211, *walarm*:com.ultimarom.launchnavigation/anagog.pd.service.AlarmReceiver} [82ms]
V/AlarmManager(  889): done {22378e9b, *walarm*:com.outfit7.talkingtom2free/com.bee7.sdk.service.RewardingService} [82ms]
V/AlarmManager(  889): done {2241fac0, *walarm*:com.facebook.analytics.service.a.ACTION_ALARM} [82ms]
V/AlarmManager(  889): done {2c0102cb, *walarm*:com.facebook.rti.mqtt.keepalive.KeepaliveManager.ACTION_INEXACT_ALARM.MqttLite.com.facebook.katana} [190ms]
V/AlarmManager(  889): done {3f08366, *alarm*:com.google.android.gms/.lockbox.LockboxAlarmReceiver} [193ms]
V/AlarmManager(  889): sending alarm {29225a09 type 2 *walarm*:com.facebook.common.executors.dy.ACTION_ALARM.com.facebook.orca.Mqtt_Wakeup}
V/AlarmManager(  889): done {29225a09, *walarm*:com.facebook.common.executors.dy.ACTION_ALARM.com.facebook.orca.Mqtt_Wakeup} [7ms]
V/AlarmManager(  889): sending alarm {2cc745d8 type 2 *walarm*:com.facebook.common.executors.WakingExecutorService.ACTION_ALARM.com.facebook.katana.Mqtt_Wakeup}
V/AlarmManager(  889): done {2cc745d8, *walarm*:com.facebook.common.executors.WakingExecutorService.ACTION_ALARM.com.facebook.katana.Mqtt_Wakeup} [15ms]
V/AlarmManager(  889): sending alarm {3e9f7fe5 type 3 *alarm*:android.intent.action.TIME_TICK}
V/AlarmManager(  889): sending alarm {3e68d9bc type 2 *walarm*:com.google.android.intent.action.SEND_IDLE}
V/AlarmManager(  889): done {3e68d9bc, *walarm*:com.google.android.intent.action.SEND_IDLE} [24ms]
V/AlarmManager(  889): done {3e9f7fe5, *alarm*:android.intent.action.TIME_TICK} [220ms]
D/ConnectivityService(  889): reportBadNetwork(NetworkAgentInfo [WIFI () - 283]) by 10023
D/ConnectivityService(  889): setProvNotificationVisibleIntent: E visible=false networkType=0 extraInfo=null
D/ConnectivityService(  889): Validated NetworkAgentInfo [WIFI () - 283]
V/AlarmManager(  889): sending alarm {1b8a696 type 2 *walarm*:com.google.android.intent.action.GCM_RECONNECT}
V/AlarmManager(  889): done {1b8a696, *walarm*:com.google.android.intent.action.GCM_RECONNECT} [18ms]
V/AlarmManager(  889): sending alarm {3c84d211 type 0 *walarm*:com.ultimarom.launchnavigation/anagog.pd.service.AlarmReceiver}
V/AlarmManager(  889): sending alarm {22378e9b type 0 *walarm*:com.outfit7.talkingtom2free/com.bee7.sdk.service.RewardingService}
V/AlarmManager(  889): sending alarm {4a0b38f type 3 *alarm*:com.expensemanager/.ExpenseSyncService}
V/AlarmManager(  889): sending alarm {3f08366 type 3 *alarm*:com.google.android.gms/.lockbox.LockboxAlarmReceiver}
V/AlarmManager(  889): done {22378e9b, *walarm*:com.outfit7.talkingtom2free/com.bee7.sdk.service.RewardingService} [27ms]
V/AlarmManager(  889): done {4a0b38f, *alarm*:com.expensemanager/.ExpenseSyncService} [28ms]
V/AlarmManager(  889): done {3c84d211, *walarm*:com.ultimarom.launchnavigation/anagog.pd.service.AlarmReceiver} [35ms]
V/AlarmManager(  889): done {3f08366, *alarm*:com.google.android.gms/.lockbox.LockboxAlarmReceiver} [45ms]
V/AlarmManager(  889): sending alarm {3e9f7fe5 type 3 *alarm*:android.intent.action.TIME_TICK}
V/AlarmManager(  889): sending alarm {3c84d211 type 0 *walarm*:com.ultimarom.launchnavigation/anagog.pd.service.AlarmReceiver}
V/AlarmManager(  889): sending alarm {22378e9b type 0 *walarm*:com.outfit7.talkingtom2free/com.bee7.sdk.service.RewardingService}
V/AlarmManager(  889): done {22378e9b, *walarm*:com.outfit7.talkingtom2free/com.bee7.sdk.service.RewardingService} [39ms]
V/AlarmManager(  889): done {3c84d211, *walarm*:com.ultimarom.launchnavigation/anagog.pd.service.AlarmReceiver} [55ms]
V/AlarmManager(  889): done {3e9f7fe5, *alarm*:android.intent.action.TIME_TICK} [192ms]
V/AlarmManager(  889): sending alarm {2cc745d8 type 2 *walarm*:com.facebook.common.executors.WakingExecutorService.ACTION_ALARM.com.facebook.katana.Mqtt_Wakeup}
V/AlarmManager(  889): done {2cc745d8, *walarm*:com.facebook.common.executors.WakingExecutorService.ACTION_ALARM.com.facebook.katana.Mqtt_Wakeup} [14ms]
W/ActivityManager(  889): SLOW OOM ADJ: 3834ms for pid 7673 = 7
V/AlarmManager(  889): sending alarm {6387726 type 2 *walarm*:com.motorola.slpc.ALARM_MODALITY}
V/AlarmManager(  889): done {6387726, *walarm*:com.motorola.slpc.ALARM_MODALITY} [47ms]
V/AlarmManager(  889): sending alarm {3e9f7fe5 type 3 *alarm*:android.intent.action.TIME_TICK}
V/AlarmManager(  889): sending alarm {81854cf type 2 *walarm*:com.motorola.loop.bluetoothservice.action.BLE_HEARTBEAT}
V/AlarmManager(  889): sending alarm {3f08366 type 3 *alarm*:com.google.android.gms/.lockbox.LockboxAlarmReceiver}
V/AlarmManager(  889): done {81854cf, *walarm*:com.motorola.loop.bluetoothservice.action.BLE_HEARTBEAT} [38ms]
V/AlarmManager(  889): done {3f08366, *alarm*:com.google.android.gms/.lockbox.LockboxAlarmReceiver} [38ms]
V/AlarmManager(  889): done {3e9f7fe5, *alarm*:android.intent.action.TIME_TICK} [253ms]
V/AlarmManager(  889): sending alarm {6387726 type 2 *walarm*:com.motorola.slpc.ALARM_MODALITY}
V/AlarmManager(  889): done {6387726, *walarm*:com.motorola.slpc.ALARM_MODALITY} [35ms]
V/AlarmManager(  889): sending alarm {3c84d211 type 0 *walarm*:com.ultimarom.launchnavigation/anagog.pd.service.AlarmReceiver}
V/AlarmManager(  889): sending alarm {22378e9b type 0 *walarm*:com.outfit7.talkingtom2free/com.bee7.sdk.service.RewardingService}
V/AlarmManager(  889): sending alarm {225dc143 type 0 *walarm*:com.google.android.gms/.checkin.EventLogService$Receiver}
V/AlarmManager(  889): sending alarm {408fc8 type 0 *walarm*:com.viber.voip.action.KEEP_ALIVE_RECEIVE}
V/AlarmManager(  889): done {22378e9b, *walarm*:com.outfit7.talkingtom2free/com.bee7.sdk.service.RewardingService} [62ms]
V/AlarmManager(  889): done {3c84d211, *walarm*:com.ultimarom.launchnavigation/anagog.pd.service.AlarmReceiver} [120ms]
V/AlarmManager(  889): done {225dc143, *walarm*:com.google.android.gms/.checkin.EventLogService$Receiver} [199ms]
V/AlarmManager(  889): done {408fc8, *walarm*:com.viber.voip.action.KEEP_ALIVE_RECEIVE} [215ms]
V/AlarmManager(  889): sending alarm {3e9f7fe5 type 3 *alarm*:android.intent.action.TIME_TICK}
V/AlarmManager(  889): sending alarm {2ee6cb80 type 0 *walarm*:android.intent.action.EVENT_REMINDER}
V/AlarmManager(  889): done {2ee6cb80, *walarm*:android.intent.action.EVENT_REMINDER} [99ms]
V/AlarmManager(  889): done {3e9f7fe5, *alarm*:android.intent.action.TIME_TICK} [160ms]
D/ConnectivityService(  889): listenForNetwork for NetworkRequest [ id=1385, legacyType=-1, [ Capabilities: INTERNET&NOT_RESTRICTED&TRUSTED&NOT_VPN] ]
D/ConnectivityService(  889): handleRegisterNetworkRequest checking NetworkAgentInfo [WIFI () - 283]
D/ConnectivityService(  889): apparently satisfied.  currentScore=56
W/ContextImpl(  889): Calling a method in the system process without a qualified user: android.app.ContextImpl.sendOrderedBroadcast:1509 com.android.internal.policy.impl.PhoneWindowManager.notifyPowerPress:5240 com.android.internal.policy.impl.PhoneWindowManager.interceptKeyBeforeQueueing:5479 com.android.internal.policy.impl.PhoneWindowManagerWithPartialDisplay.interceptKeyBeforeQueueing:35 com.android.server.wm.InputMonitor.interceptKeyBeforeQueueing:370 
I/PowerManagerService(  889): Waking up from sleep (uid 1000)...
I/WindowManager(  889): Waking up...
V/AlarmManager(  889): sending alarm {200dcbdc type 1 *alarm*:com.android.deskclock.ON_QUARTER_HOUR}
I/WindowManager(  889): Screen turning on...
V/WindowManager(  889): mAppsToBeHidden add Token{855ac4d ActivityRecord{5144fe4 u0 com.android.launcher/com.android.launcher2.Launcher t14584}}
V/WindowManager(  889): IKSWL-6868 finishPostLayoutPolicyLw: mHideKeyguard=false mDismissKeyguard=0
V/WindowManager(  889): IKSWL-6868 setKeyguardOccludedLw isOccluded=false wasOccluded=false showing=true
I/DisplayManagerService(  889): Display device changed: DisplayDeviceInfo{"Built-in Screen": uniqueId="local:0", 720 x 1280, 60.0 fps, supportedRefreshRates [60.0], density 320, 315.31 x 315.65 dpi, appVsyncOff 0, presDeadline 17666667, touch INTERNAL, rotation 0, type BUILT_IN, state ON, FLAG_DEFAULT_DISPLAY, FLAG_ROTATES_WITH_CONTENT, FLAG_SECURE, FLAG_SUPPORTS_PROTECTED_BUFFERS}
V/WindowManager(  889): mAppsToBeHidden add Token{855ac4d ActivityRecord{5144fe4 u0 com.android.launcher/com.android.launcher2.Launcher t14584}}
V/WindowManager(  889): IKSWL-6868 finishPostLayoutPolicyLw: mHideKeyguard=false mDismissKeyguard=0
V/WindowManager(  889): IKSWL-6868 setKeyguardOccludedLw isOccluded=false wasOccluded=false showing=true
V/ActivityManager(  889): Display changed displayId=0
D/WindowManager(  889): mKeyguardDelegate.ShowListener.onShown.
W/WindowManager(  889): Setting mKeyguardDrawComplete
V/WindowManager(  889): mAppsToBeHidden add Token{855ac4d ActivityRecord{5144fe4 u0 com.android.launcher/com.android.launcher2.Launcher t14584}}
V/WindowManager(  889): IKSWL-6868 finishPostLayoutPolicyLw: mHideKeyguard=false mDismissKeyguard=0
V/WindowManager(  889): IKSWL-6868 setKeyguardOccludedLw isOccluded=false wasOccluded=false showing=true
D/WindowManager(  889): finishScreenTurningOn: mAwake=true, mScreenOnEarly=true, mScreenOnFully=false, mKeyguardDrawComplete=true, mWindowManagerDrawComplete=false
I/SFPerfTracer(  301):      triggers: (rate: 380:113314) (4495558 sw vsyncs) (623264 skipped) (0:3938954 vsyncs) (3446:8606856)
V/WindowManager(  889): mAppsToBeHidden add Token{855ac4d ActivityRecord{5144fe4 u0 com.android.launcher/com.android.launcher2.Launcher t14584}}
V/WindowManager(  889): IKSWL-6868 finishPostLayoutPolicyLw: mHideKeyguard=false mDismissKeyguard=0
V/WindowManager(  889): IKSWL-6868 setKeyguardOccludedLw isOccluded=false wasOccluded=false showing=true
V/WindowManager(  889): mAppsToBeHidden add Token{855ac4d ActivityRecord{5144fe4 u0 com.android.launcher/com.android.launcher2.Launcher t14584}}
V/WindowManager(  889): IKSWL-6868 finishPostLayoutPolicyLw: mHideKeyguard=false mDismissKeyguard=0
V/WindowManager(  889): IKSWL-6868 setKeyguardOccludedLw isOccluded=false wasOccluded=false showing=true
I/WindowManager(  889): All windows ready for display!
W/WindowManager(  889): Setting mWindowManagerDrawComplete
D/WindowManager(  889): finishScreenTurningOn: mAwake=true, mScreenOnEarly=true, mScreenOnFully=false, mKeyguardDrawComplete=true, mWindowManagerDrawComplete=true
I/WindowManager(  889): Finished screen turning on...
V/WindowManager(  889): IKSWL-6868 finishPostLayoutPolicyLw: mHideKeyguard=false mDismissKeyguard=0
V/WindowManager(  889): IKSWL-6868 setKeyguardOccludedLw isOccluded=false wasOccluded=false showing=true
V/AlarmManager(  889): done {200dcbdc, *alarm*:com.android.deskclock.ON_QUARTER_HOUR} [269ms]
W/ActivityManager(  889): getRunningAppProcesses: caller 10207 does not hold REAL_GET_TASKS; limiting output
V/AlarmManager(  889): sending alarm {6387726 type 2 *walarm*:com.motorola.slpc.ALARM_MODALITY}
V/AlarmManager(  889): done {6387726, *walarm*:com.motorola.slpc.ALARM_MODALITY} [5ms]
W/ResourcesManager( 5268): Asset path '/system/framework/com.android.media.remotedisplay.jar' does not exist or contains no resources.
W/ResourcesManager( 5268): Asset path '/system/framework/com.android.location.provider.jar' does not exist or contains no resources.
V/WindowManager(  889): IKSWL-6868 finishPostLayoutPolicyLw: mHideKeyguard=false mDismissKeyguard=0
V/WindowManager(  889): IKSWL-6868 setKeyguardOccludedLw isOccluded=false wasOccluded=false showing=true
V/WindowManager(  889): IKSWL-6868 finishPostLayoutPolicyLw: mHideKeyguard=false mDismissKeyguard=0
V/WindowManager(  889): IKSWL-6868 setKeyguardOccludedLw isOccluded=false wasOccluded=false showing=true
I/SFPerfTracer(  301):       trigger: frame rate (-30.729%)	(41.563 fps)	(24.060 ms) 	(9 drops)	(36 frames)
I/SFPerfTracer(  301):      triggers: (rate: 8137:230743) (compose: 0:451) (post: 0:1799) (render: 0:2187) (36:2231244 frames) (37:2410750)
D/SFPerfTracer(  301):        layers: (2:10) (FocusedStackFrame (0xb6299000): 0:9362)* (DimLayer (0xb6206000): 0:20)* (DimLayer (0xb6208000): 0:22)* (com.android.noisefield.NoiseFieldWallpaper (0xb6279000): 18:301579) (StatusBar (0xb6204000): 26:270410) (DimLayer (0xb632f000): 0:3764)* (DimLayer (0xb632d000): 0:1255)* (NavigationBar (0xb6202000): 0:4588)- (com.android.launcher/com.android.launcher2.Launcher (0xb6277000): 0:108)* (ColorFade (0xb618c000): 0:28)- 
V/WindowManager(  889): IKSWL-6868 finishPostLayoutPolicyLw: mHideKeyguard=false mDismissKeyguard=0
V/WindowManager(  889): IKSWL-6868 setKeyguardOccludedLw isOccluded=false wasOccluded=false showing=true
V/WindowManager(  889): IKSWL-6868 finishPostLayoutPolicyLw: mHideKeyguard=false mDismissKeyguard=0
V/WindowManager(  889): IKSWL-6868 setKeyguardOccludedLw isOccluded=false wasOccluded=false showing=true
V/WindowManager(  889): IKSWL-6868 finishPostLayoutPolicyLw: mHideKeyguard=false mDismissKeyguard=0
V/WindowManager(  889): IKSWL-6868 setKeyguardOccludedLw isOccluded=false wasOccluded=false showing=true
W/ActivityManager(  889): getRunningAppProcesses: caller 10207 does not hold REAL_GET_TASKS; limiting output
D/ConnectivityService(  889): updateNetworkScore for NetworkAgentInfo [WIFI () - 283] to 60
D/ConnectivityService(  889): rematching NetworkAgentInfo [WIFI () - 283]
D/ConnectivityService(  889): Network NetworkAgentInfo [WIFI () - 283] was already satisfying request 1. No change.
D/ConnectivityService(  889): notifyType AVAILABLE for NetworkAgentInfo [WIFI () - 283]
V/WindowManager(  889): IKSWL-6868 finishPostLayoutPolicyLw: mHideKeyguard=false mDismissKeyguard=0
V/WindowManager(  889): IKSWL-6868 setKeyguardOccludedLw isOccluded=false wasOccluded=false showing=true
D/WindowManager(  889): PWM.startKeyguardExitAnimation
V/WindowManager(  889): IKSWL-6868 finishPostLayoutPolicyLw: mHideKeyguard=false mDismissKeyguard=0
V/WindowManager(  889): IKSWL-6868 setKeyguardOccludedLw isOccluded=false wasOccluded=false showing=false
V/WindowManager(  889): IKSWL-6868 finishPostLayoutPolicyLw: mHideKeyguard=false mDismissKeyguard=0
V/WindowManager(  889): IKSWL-6868 setKeyguardOccludedLw isOccluded=false wasOccluded=false showing=false
I/SFPerfTracer(  301):       trigger: vsync rate (-83.373%)	(9.976 vps)	(100.240 ms) 	(75 drops)	(15 vsyncs)
V/WindowManager(  889): IKSWL-6868 finishPostLayoutPolicyLw: mHideKeyguard=false mDismissKeyguard=0
V/WindowManager(  889): IKSWL-6868 setKeyguardOccludedLw isOccluded=false wasOccluded=false showing=false
V/WindowManager(  889): IKSWL-6868 finishPostLayoutPolicyLw: mHideKeyguard=false mDismissKeyguard=0
V/WindowManager(  889): IKSWL-6868 setKeyguardOccludedLw isOccluded=false wasOccluded=false showing=false
V/WindowManager(  889): IKSWL-6868 finishPostLayoutPolicyLw: mHideKeyguard=false mDismissKeyguard=0
V/WindowManager(  889): IKSWL-6868 setKeyguardOccludedLw isOccluded=false wasOccluded=false showing=false
V/WindowManager(  889): IKSWL-6868 finishPostLayoutPolicyLw: mHideKeyguard=false mDismissKeyguard=0
V/WindowManager(  889): IKSWL-6868 setKeyguardOccludedLw isOccluded=false wasOccluded=false showing=false
V/WindowManager(  889): IKSWL-6868 finishPostLayoutPolicyLw: mHideKeyguard=false mDismissKeyguard=0
V/WindowManager(  889): IKSWL-6868 setKeyguardOccludedLw isOccluded=false wasOccluded=false showing=false
V/WindowManager(  889): IKSWL-6868 finishPostLayoutPolicyLw: mHideKeyguard=false mDismissKeyguard=0
V/WindowManager(  889): IKSWL-6868 setKeyguardOccludedLw isOccluded=false wasOccluded=false showing=false
V/WindowManager(  889): IKSWL-6868 finishPostLayoutPolicyLw: mHideKeyguard=false mDismissKeyguard=0
V/WindowManager(  889): IKSWL-6868 setKeyguardOccludedLw isOccluded=false wasOccluded=false showing=false
V/WindowManager(  889): IKSWL-6868 finishPostLayoutPolicyLw: mHideKeyguard=false mDismissKeyguard=0
V/WindowManager(  889): IKSWL-6868 setKeyguardOccludedLw isOccluded=false wasOccluded=false showing=false
W/ActivityManager(  889): getRunningAppProcesses: caller 10207 does not hold REAL_GET_TASKS; limiting output
W/ActivityManager(  889): getRunningAppProcesses: caller 10207 does not hold REAL_GET_TASKS; limiting output
V/WindowManager(  889): IKSWL-6868 finishPostLayoutPolicyLw: mHideKeyguard=false mDismissKeyguard=0
V/WindowManager(  889): IKSWL-6868 setKeyguardOccludedLw isOccluded=false wasOccluded=false showing=false
W/InputMethodManagerService(  889): Window already focused, ignoring focus gain of: com.android.internal.view.IInputMethodClient$Stub$Proxy@1b977c7d attribute=android.view.inputmethod.EditorInfo@2d1c4772, token = android.os.BinderProxy@3dc2a160
V/WindowManager(  889): IKSWL-6868 finishPostLayoutPolicyLw: mHideKeyguard=false mDismissKeyguard=0
V/WindowManager(  889): IKSWL-6868 setKeyguardOccludedLw isOccluded=false wasOccluded=false showing=false
V/WindowManager(  889): IKSWL-6868 finishPostLayoutPolicyLw: mHideKeyguard=false mDismissKeyguard=0
V/WindowManager(  889): IKSWL-6868 setKeyguardOccludedLw isOccluded=false wasOccluded=false showing=false
V/WindowManager(  889): IKSWL-6868 finishPostLayoutPolicyLw: mHideKeyguard=false mDismissKeyguard=0
V/WindowManager(  889): IKSWL-6868 setKeyguardOccludedLw isOccluded=false wasOccluded=false showing=false
V/WindowManager(  889): IKSWL-6868 finishPostLayoutPolicyLw: mHideKeyguard=false mDismissKeyguard=0
V/WindowManager(  889): IKSWL-6868 setKeyguardOccludedLw isOccluded=false wasOccluded=false showing=false
V/WindowManager(  889): IKSWL-6868 finishPostLayoutPolicyLw: mHideKeyguard=false mDismissKeyguard=0
V/WindowManager(  889): IKSWL-6868 setKeyguardOccludedLw isOccluded=false wasOccluded=false showing=false
W/ActivityManager(  889): getRunningAppProcesses: caller 10207 does not hold REAL_GET_TASKS; limiting output
I/LaunchCheckinHandler(  889): cleanup(): cleared. Last call was 77463 ms ago
I/ActivityManager(  889): Start proc 9856:org.edx.mobile/u0a186 for broadcast org.edx.mobile/.module.notification.EdxParseBroadcastReceiver
V/WindowManager(  889): IKSWL-6868 finishPostLayoutPolicyLw: mHideKeyguard=false mDismissKeyguard=0
V/WindowManager(  889): IKSWL-6868 setKeyguardOccludedLw isOccluded=false wasOccluded=false showing=false
V/WindowManager(  889): IKSWL-6868 finishPostLayoutPolicyLw: mHideKeyguard=false mDismissKeyguard=0
V/WindowManager(  889): IKSWL-6868 setKeyguardOccludedLw isOccluded=false wasOccluded=false showing=false
I/SFPerfTracer(  301):       trigger: frame rate (-26.298%)	(44.221 fps)	(22.614 ms) 	(12 drops)	(45 frames)
I/SFPerfTracer(  301):      triggers: (rate: 8138:230757) (compose: 0:451) (post: 0:1799) (render: 0:2187) (45:2231375 frames) (46:2410890)
D/SFPerfTracer(  301):        layers: (4:9) (FocusedStackFrame (0xb6299000): 0:9364)* (DimLayer (0xb6206000): 0:20)* (DimLayer (0xb6208000): 0:22)* (com.android.noisefield.NoiseFieldWallpaper (0xb6279000): 22:301634) (StatusBar (0xb6204000): 30:270505) (DimLayer (0xb632f000): 0:3764)* (DimLayer (0xb632d000): 0:1255)* (com.android.launcher/com.android.launcher2.Launcher (0xb6277000): 1:137) (NavigationBar (0xb6202000): 21:39) 
V/WindowManager(  889): IKSWL-6868 finishPostLayoutPolicyLw: mHideKeyguard=false mDismissKeyguard=0
V/WindowManager(  889): IKSWL-6868 setKeyguardOccludedLw isOccluded=false wasOccluded=false showing=false
W/ActivityManager(  889): getRunningAppProcesses: caller 10186 does not hold REAL_GET_TASKS; limiting output
I/ActivityManager(  889): Start proc 9917:com.motorola.nfcauthenticator/u0a39 for broadcast com.motorola.nfcauthenticator/.NfcRingReceiver
I/SFPerfTracer(  301):       trigger: frame rate (-30.864%)	(41.482 fps)	(24.107 ms) 	(11 drops)	(46 frames)
I/SFPerfTracer(  301):      triggers: (rate: 8139:230770) (compose: 0:451) (post: 0:1799) (render: 0:2187) (46:2231424 frames) (47:2410942)
