W/BroadcastQueue(  889): Permission Denial: broadcasting Intent { act=com.motorola.cce.Actions.CCE_SEND_SETTINGS flg=0x10 (has extras) } from com.motorola.ccc.checkin (pid=12166, uid=10000) is not exported from uid 10035 due to receiver com.motorola.MotGallery2/com.motorola.blur.service.blur.SharedSettingsReceiver
V/WindowManager(  889): IKSWL-6868 finishPostLayoutPolicyLw: mHideKeyguard=false mDismissKeyguard=0
V/WindowManager(  889): IKSWL-6868 setKeyguardOccludedLw isOccluded=false wasOccluded=false showing=false
D/3CDM.Service(12166): get 0 notifications for app OCVKVSQ5Q1EYVBX76813UOPTCKGAH4VS
I/SundryService(12166): onHandleIntent(): action=com.motorola.notification.REGISTRATION
I/SundryService(12166): Received registration
D/Checkin (12166): publish the event [tag = MOT_CCE_STATS event name = Registration]
D/SundryService(12166): sendNewNotificationsIfMissing: unprocessedApps=[]
W/SundryService(12166): No apps found to updates
E/SQLiteLog(12166): (284) automatic index on registration(APP_SECRET)
W/SundryService(12166): No apps found to send notifications
I/CE-UpdateModelService(12921): ACTION_REGISTRATION_COMPLETE
V/WindowManager(  889): IKSWL-6868 finishPostLayoutPolicyLw: mHideKeyguard=false mDismissKeyguard=0
V/WindowManager(  889): IKSWL-6868 setKeyguardOccludedLw isOccluded=false wasOccluded=false showing=false
I/SFPerfTracer(  301):      triggers: (rate: 380:113508) (4499732 sw vsyncs) (630344 skipped) (9:3950367 vsyncs) (11:8622540)
V/WindowManager(  889): IKSWL-6868 finishPostLayoutPolicyLw: mHideKeyguard=false mDismissKeyguard=0
V/WindowManager(  889): IKSWL-6868 setKeyguardOccludedLw isOccluded=false wasOccluded=false showing=false
V/WindowManager(  889): IKSWL-6868 finishPostLayoutPolicyLw: mHideKeyguard=false mDismissKeyguard=0
V/WindowManager(  889): IKSWL-6868 setKeyguardOccludedLw isOccluded=false wasOccluded=false showing=false
D/3CDM.Service(12166): get 0 notifications for app L71KGK4CCWOW658MGESIRYO2428ODW11
V/WindowManager(  889): IKSWL-6868 finishPostLayoutPolicyLw: mHideKeyguard=false mDismissKeyguard=0
V/WindowManager(  889): IKSWL-6868 setKeyguardOccludedLw isOccluded=false wasOccluded=false showing=false
V/WindowManager(  889): IKSWL-6868 finishPostLayoutPolicyLw: mHideKeyguard=false mDismissKeyguard=0
V/WindowManager(  889): IKSWL-6868 setKeyguardOccludedLw isOccluded=false wasOccluded=false showing=false
V/WindowManager(  889): IKSWL-6868 finishPostLayoutPolicyLw: mHideKeyguard=false mDismissKeyguard=0
V/WindowManager(  889): IKSWL-6868 setKeyguardOccludedLw isOccluded=false wasOccluded=false showing=false
I/art     ( 1355): Explicit concurrent mark sweep GC freed 3603(142KB) AllocSpace objects, 0(0B) LOS objects, 40% free, 8MB/13MB, paused 7.660ms total 86.311ms
E/SQLiteLog(12166): (284) automatic index on registration(APP_SECRET)
V/WindowManager(  889): IKSWL-6868 finishPostLayoutPolicyLw: mHideKeyguard=false mDismissKeyguard=0
V/WindowManager(  889): IKSWL-6868 setKeyguardOccludedLw isOccluded=false wasOccluded=false showing=false
V/WindowManager(  889): IKSWL-6868 finishPostLayoutPolicyLw: mHideKeyguard=false mDismissKeyguard=0
V/WindowManager(  889): IKSWL-6868 setKeyguardOccludedLw isOccluded=false wasOccluded=false showing=false
W/ResourceType( 1167): No package identifier when getting value for resource number 0x00000000
V/WindowManager(  889): IKSWL-6868 finishPostLayoutPolicyLw: mHideKeyguard=false mDismissKeyguard=0
V/WindowManager(  889): IKSWL-6868 setKeyguardOccludedLw isOccluded=false wasOccluded=false showing=false
W/PackageManager( 1167): Failure retrieving resources for com.androidclient.blulock.androidclient: Resource ID #0x0
D/3CDM.Service(12166): get 0 notifications for app LX6TJJI6F2MILF1NPZW6A3HBAKK8W44Z
I/art     (12166): Explicit concurrent mark sweep GC freed 7105(402KB) AllocSpace objects, 6(96KB) LOS objects, 40% free, 11MB/18MB, paused 1.648ms total 188.554ms
V/WindowManager(  889): IKSWL-6868 finishPostLayoutPolicyLw: mHideKeyguard=false mDismissKeyguard=0
V/WindowManager(  889): IKSWL-6868 setKeyguardOccludedLw isOccluded=false wasOccluded=false showing=false
V/WindowManager(  889): IKSWL-6868 finishPostLayoutPolicyLw: mHideKeyguard=false mDismissKeyguard=0
V/WindowManager(  889): IKSWL-6868 setKeyguardOccludedLw isOccluded=false wasOccluded=false showing=false
W/ResourcesManager(14386): Asset path '/system/framework/com.android.media.remotedisplay.jar' does not exist or contains no resources.
W/ResourcesManager(14386): Asset path '/system/framework/com.android.location.provider.jar' does not exist or contains no resources.
I/art     (  889): Explicit concurrent mark sweep GC freed 9643(483KB) AllocSpace objects, 0(0B) LOS objects, 29% free, 37MB/53MB, paused 4.669ms total 175.827ms
V/WindowManager(  889): IKSWL-6868 finishPostLayoutPolicyLw: mHideKeyguard=false mDismissKeyguard=0
V/WindowManager(  889): IKSWL-6868 setKeyguardOccludedLw isOccluded=false wasOccluded=false showing=false
E/SQLiteLog(12166): (284) automatic index on registration(APP_SECRET)
W/SurfaceFlinger(  301): couldn't log to binary event log: overflow.
W/InstanceID/Rpc(14386): Found 10023
I/art     ( 1355): Explicit concurrent mark sweep GC freed 3546(141KB) AllocSpace objects, 0(0B) LOS objects, 40% free, 8MB/13MB, paused 3.998ms total 58.080ms
D/3CDM.Service(12166): get 0 notifications for app SZZTNOGZA6O6PRFZH2V3FF14N1J8W3HC
I/PushService(12166): started with background data enabled, making sure notification mechanism is enabled
I/PushService(12166): invalid or no value set for firstPollInterval
D/Babel   (14235): RefCountedService(com.google.android.apps.hangouts.requestwriter.RequestWriter) onDestroy (count=0, startId=1 stopped=true)
I/PushService(12166): _configureNotificationMechanism(): successfully turned off push and starting polling at interval 1440
E/SQLiteLog(12166): (284) automatic index on registration(APP_SECRET)
I/ActivityManager(  889): Killing 12601:com.google.android.apps.maps/u0a68 (adj 15): empty #22
I/Finsky  (16654): [65089] com.google.android.finsky.c.c.a(311): Completed 0 account content syncs with 0 successful.
D/3CDM.Service(12166): get 0 notifications for app SULIGJDMXLSL7T1DOVYSTVG2KCBHZ5GH
I/Finsky  (16654): [1] com.google.android.finsky.services.j.a(149): Installation state replication succeeded.
E/libprocessgroup(  889): failed to kill 1 processes for processgroup 12601
D/CCCMainStrtRcvr( 1355): starting CCCMain Service
W/ContextImpl( 1355): Calling a method in the system process without a qualified user: android.app.ContextImpl.startService:1831 android.content.ContextWrapper.startService:516 android.content.ContextWrapper.startService:516 com.motorola.ccc.main.StartUpReceiver.onReceive:21 android.app.ActivityThread.handleReceiver:2639 
I/CCCMainStrtRcvr( 1355): CCCMain Service started: {com.motorola.ccc.mainplm/com.motorola.ccc.main.CCCMainService}
V/WindowManager(  889): IKSWL-6868 finishPostLayoutPolicyLw: mHideKeyguard=false mDismissKeyguard=0
V/WindowManager(  889): IKSWL-6868 setKeyguardOccludedLw isOccluded=false wasOccluded=false showing=false
V/WindowManager(  889): IKSWL-6868 finishPostLayoutPolicyLw: mHideKeyguard=false mDismissKeyguard=0
V/WindowManager(  889): IKSWL-6868 setKeyguardOccludedLw isOccluded=false wasOccluded=false showing=false
I/SFPerfTracer(  301):      triggers: (rate: 8231:233362) (compose: 0:451) (post: 0:1805) (render: 0:2193) (0:2235038 frames) (1:2414945)
D/SFPerfTracer(  301):        layers: (4:11) (FocusedStackFrame (0xb6299000): 0:9379)* (DimLayer (0xb6206000): 0:20)* (DimLayer (0xb6208000): 0:22)* (com.android.noisefield.NoiseFieldWallpaper (0xb6279000): 0:304966) (StatusBar (0xb6204000): 0:271285) (DimLayer (0xb632f000): 0:3764)* (DimLayer (0xb632d000): 0:1258)* (NavigationBar (0xb622a000): 0:76) (Starting com.androidclient.blulock.androidclient (0xb618c000): 0:40)- (com.androidclient.blulock.androidclient/com.androidclient.blulock.androidclient.MainActivity (0xb6277000): 0:24)- (com.android.launcher/com.android.launcher2.Launcher (0xb618c000): 1:15) 
V/WindowManager(  889): IKSWL-6868 finishPostLayoutPolicyLw: mHideKeyguard=false mDismissKeyguard=0
V/WindowManager(  889): IKSWL-6868 setKeyguardOccludedLw isOccluded=false wasOccluded=false showing=false
I/ActivityManager(  889): Killing 12936:com.motorola.moto/u0a208 (adj 15): empty #22
E/SQLiteLog(12166): (284) automatic index on registration(APP_SECRET)
D/3CDM.Service(12166): get 0 notifications for app 5LWTCLJBZO4OUDU5BY7ANJI4Y2MHY8OY
E/SQLiteLog(12166): (284) automatic index on registration(APP_SECRET)
D/3CDM.Service(12166): get 0 notifications for app 68OUD4VKG23F7BUH6M2QBRXPLIC7IMCO
E/SQLiteLog(12166): (284) automatic index on registration(APP_SECRET)
D/3CDM.Service(12166): get 0 notifications for app B642GFV24HEMEDQNCF3ZED8BIUMPCBOM
E/SQLiteLog(12166): (284) automatic index on registration(APP_SECRET)
D/3CDM.Service(12166): get 0 notifications for app QZYSBKU4MGE71O1PLTE8HAT11SWL5M6E
D/3CDM.Service(12166): com.motorola.cce.Actions.CCE_SEND_SETTINGS_RESPONSE
D/3CDM.Service(12166): Received settings reponse intent with responsecode code: com.motorola.cce.sharedsettings.errorOk
D/3CDM.Service(12166): DeviceAdmin - syncWithCCC
D/3CDM.Service(12166): blur.service.littlesister.gpsFixWaitTime = 60000
D/3CDM.Service(12166): com.motorola.ccc.devicemanagement.capabilities = LOST,LOCK,RING,LOCATE,PING,MULTIPLE-LOCATE,WIPE,SYNC,CALL-FORWARDING,STOP-RING
D/3CDM.Service(12166): blur.service.cred.locationToken = null
D/3CDM.Service(12166): com.motorola.ccc.cce.email.marketing.optin.default = false
D/3CDM.Service(12166): blur.service.littlesister.reportLevel2 = NONE
D/3CDM.Service(12166): com.motorola.blur.adminfeed.device_admin_always_allowed = 1
D/3CDM.Service(12166): com.motorola.ccc.devicemanagement.motocare.url = www.motorola.com/support
D/3CDM.Service(12166): Sync to CCE settings done, instantiate Locate now.
V/WindowManager(  889): IKSWL-6868 finishPostLayoutPolicyLw: mHideKeyguard=false mDismissKeyguard=0
V/WindowManager(  889): IKSWL-6868 setKeyguardOccludedLw isOccluded=false wasOccluded=false showing=false
I/MotoNetwCtrlr( 1167): onReceive: Received intent=Intent { act=android.net.wifi.RSSI_CHANGED flg=0x4000010 (has extras) } Action=android.net.wifi.RSSI_CHANGED
I/MotoNetwCtrlr.MotoWifiSignalCtrlr( 1167): handleBroadcast: Entered: Intent=Intent { act=android.net.wifi.RSSI_CHANGED flg=0x4000010 (has extras) } Action=android.net.wifi.RSSI_CHANGED
I/MotoNetwCtrlr.MotorolaWifiSignalController( 1167): isDirty: returns false
I/MotoNetwCtrlr.MotoWifiSignalCtrlr( 1167): handleBroadcast: Completed
I/MotoNetwCtrlr( 1167): onReceive: Completed intent=Intent { act=android.net.wifi.RSSI_CHANGED flg=0x4000010 (has extras) } Action=android.net.wifi.RSSI_CHANGED
E/cutils-trace(14527): Error opening trace file: Permission denied (13)
I/dex2oat (14527): /system/bin/dex2oat --runtime-arg -classpath --runtime-arg  --instruction-set=arm --instruction-set-features=div --runtime-arg -Xrelocate --boot-image=/system/framework/boot.art --dex-file=/data/data/com.google.android.youtube/cache/ads-259759936.jar --oat-fd=43 --oat-location=/data/data/com.google.android.youtube/cache/ads-259759936.dex --runtime-arg -Xms64m --runtime-arg -Xmx512m
I/dex2oat (14527): dex2oat took 122.752ms (threads: 2) arena alloc=57KB java alloc=12KB native alloc=713KB free=7MB
I/SFPerfTracer(  301):      triggers: (rate: 380:113515) (4499732 sw vsyncs) (630416 skipped) (104:3950471 vsyncs) (106:8622646)
W/ActivityManager(  889): getRunningAppProcesses: caller 10107 does not hold REAL_GET_TASKS; limiting output
W/ActivityManager(  889): getRunningAppProcesses: caller 10107 does not hold REAL_GET_TASKS; limiting output
I/art     (28921): Background sticky concurrent mark sweep GC freed 75060(4MB) AllocSpace objects, 33(528KB) LOS objects, 19% free, 22MB/27MB, paused 2.289ms total 105.814ms
E/DataBuffer(28921): Internal data leak within a DataBuffer object detected!  Be sure to explicitly call release() on all DataBuffer extending objects when you are done with them. (internal object: com.google.android.gms.common.data.DataHolder@3eb76d24)
I/SFPerfTracer(  301):      triggers: (rate: 8231:233363) (compose: 0:451) (post: 0:1805) (render: 0:2193) (62:2235144 frames) (63:2415055)
D/SFPerfTracer(  301):        layers: (3:9) (FocusedStackFrame (0xb6299000): 0:9379)* (DimLayer (0xb6206000): 0:20)* (DimLayer (0xb6208000): 0:22)* (com.android.noisefield.NoiseFieldWallpaper (0xb6279000): 0:304977)* (StatusBar (0xb6204000): 0:271300) (DimLayer (0xb632f000): 0:3764)* (DimLayer (0xb632d000): 0:1258)* (NavigationBar (0xb622a000): 0:85) (com.android.launcher/com.android.launcher2.Launcher (0xb618c000): 63:121) 
I/SFPerfTracer(  301):      triggers: (rate: 8231:233363) (compose: 0:451) (post: 0:1806) (render: 0:2193) (58:2235202 frames) (59:2415114)
D/SFPerfTracer(  301):        layers: (3:9) (FocusedStackFrame (0xb6299000): 0:9379)* (DimLayer (0xb6206000): 0:20)* (DimLayer (0xb6208000): 0:22)* (com.android.noisefield.NoiseFieldWallpaper (0xb6279000): 0:304977)* (StatusBar (0xb6204000): 0:271300) (DimLayer (0xb632f000): 0:3764)* (DimLayer (0xb632d000): 0:1258)* (NavigationBar (0xb622a000): 0:85) (com.android.launcher/com.android.launcher2.Launcher (0xb618c000): 59:180) 
I/MotoNetwCtrlr( 1167): onReceive: Received intent=Intent { act=android.net.wifi.RSSI_CHANGED flg=0x4000010 (has extras) } Action=android.net.wifi.RSSI_CHANGED
I/MotoNetwCtrlr.MotoWifiSignalCtrlr( 1167): handleBroadcast: Entered: Intent=Intent { act=android.net.wifi.RSSI_CHANGED flg=0x4000010 (has extras) } Action=android.net.wifi.RSSI_CHANGED
I/MotoNetwCtrlr.MotorolaWifiSignalController( 1167): isDirty: returns false
I/MotoNetwCtrlr.MotoWifiSignalCtrlr( 1167): handleBroadcast: Completed
I/MotoNetwCtrlr( 1167): onReceive: Completed intent=Intent { act=android.net.wifi.RSSI_CHANGED flg=0x4000010 (has extras) } Action=android.net.wifi.RSSI_CHANGED
I/ActivityManager(  889): Killing 12954:org.coursera.android/u0a113 (adj 15): empty #22
I/PhenotypeFlagCommitter(28921): Experiment Configs successfully retrieved for com.google.android.gms.playlog.uploader
I/GoogleURLConnFactory(28921): Using platform SSLCertificateSocketFactory
D/MdnsClient(23194): Multicast lock held. Releasing
D/MdnsClient(23194): #acquireLock. Multicast lock not held. Acquiring
V/AlarmManager(  889): sending alarm {22378e9b type 0 *walarm*:com.outfit7.talkingtom2free/com.bee7.sdk.service.RewardingService}
W/CursorWindow(28921): Window is full: requested allocation 196 bytes, free space 44 bytes, window size 2097152 bytes
V/AlarmManager(  889): sending alarm {3f08366 type 3 *alarm*:com.google.android.gms/.lockbox.LockboxAlarmReceiver}
V/AlarmManager(  889): done {22378e9b, *walarm*:com.outfit7.talkingtom2free/com.bee7.sdk.service.RewardingService} [6ms]
V/AlarmManager(  889): done {3f08366, *alarm*:com.google.android.gms/.lockbox.LockboxAlarmReceiver} [13ms]
I/MotoNetwCtrlr( 1167): onReceive: Received intent=Intent { act=android.net.wifi.RSSI_CHANGED flg=0x4000010 (has extras) } Action=android.net.wifi.RSSI_CHANGED
I/MotoNetwCtrlr.MotoWifiSignalCtrlr( 1167): handleBroadcast: Entered: Intent=Intent { act=android.net.wifi.RSSI_CHANGED flg=0x4000010 (has extras) } Action=android.net.wifi.RSSI_CHANGED
I/MotoNetwCtrlr.MotorolaWifiSignalController( 1167): isDirty: returns false
I/MotoNetwCtrlr.MotoWifiSignalCtrlr( 1167): handleBroadcast: Completed
I/MotoNetwCtrlr( 1167): onReceive: Completed intent=Intent { act=android.net.wifi.RSSI_CHANGED flg=0x4000010 (has extras) } Action=android.net.wifi.RSSI_CHANGED
I/SFPerfTracer(  301):      triggers: (rate: 380:113515) (4499732 sw vsyncs) (630416 skipped) (369:3950840 vsyncs) (371:8623017)
W/Babel   (14235): aye TOOK TOO LONG! (15000ms > 10000ms)
W/Babel   (14235): aye TOOK TOO LONG! (15000ms > 10000ms)
W/Telecom (  889): TelecomServiceImpl: null is not visible for the calling user
W/Telecom (  889): TelecomServiceImpl: ComponentInfo{com.google.android.talk/com.google.android.apps.hangouts.telephony.TeleConnectionService}, [e44cca915afc0390d8a77c0ff4608152603e7fa3], UserHandle{0} is not visible for the calling user
I/Babel_telephony(14235): TeleModule.updateConnectionManagerRegistration, registration preference changed from false to false
W/Babel   (14235): BAM#gBA: invalid account id: -1
W/Babel   (14235): BAM#gBA: invalid account id: -1
I/Babel_telephony(14235): TeleModule.updateIncomingCallRegistration, preferred account for incoming calls changed from: null to null
W/Telecom (  889): TelecomServiceImpl: null is not visible for the calling user
W/Telecom (  889): TelecomServiceImpl: ComponentInfo{com.google.android.talk/com.google.android.apps.hangouts.telephony.TeleConnectionService}, [e44cca915afc0390d8a77c0ff4608152603e7fa3], UserHandle{0} is not visible for the calling user
V/AlarmManager(  889): sending alarm {3cbee075 type 2 *walarm*:android.content.syncmanager.SYNC_ALARM}
V/AlarmManager(  889): done {3cbee075, *walarm*:android.content.syncmanager.SYNC_ALARM} [2ms]
I/ActivityManager(  889): START u0 {act=android.intent.action.MAIN cat=[android.intent.category.LAUNCHER] flg=0x10200000 cmp=com.androidclient.blulock.androidclient/.MainActivity (has extras)} from uid 10030 on display 0
V/WindowManager(  889): IKSWL-6868 finishPostLayoutPolicyLw: mHideKeyguard=false mDismissKeyguard=0
V/WindowManager(  889): IKSWL-6868 setKeyguardOccludedLw isOccluded=false wasOccluded=false showing=false
V/WindowManager(  889): addAppToken: AppWindowToken{1b5c6bfc token=Token{302a94ef ActivityRecord{26b2cdce u0 com.androidclient.blulock.androidclient/.MainActivity t15365}}} to stack=1 task=15365 at 0
V/WindowManager(  889): IKSWL-6868 finishPostLayoutPolicyLw: mHideKeyguard=false mDismissKeyguard=0
V/WindowManager(  889): IKSWL-6868 setKeyguardOccludedLw isOccluded=false wasOccluded=false showing=false
V/WindowManager(  889): Adding window Window{2daa32e7 u0 Starting com.androidclient.blulock.androidclient} at 7 of 14 (after Window{11109f41 u0 com.facebook.katana/com.facebook.katana.LoginActivity})
V/WindowManager(  889): IKSWL-6868 finishPostLayoutPolicyLw: mHideKeyguard=false mDismissKeyguard=0
V/WindowManager(  889): IKSWL-6868 setKeyguardOccludedLw isOccluded=false wasOccluded=false showing=false
V/WindowManager(  889): IKSWL-6868 finishPostLayoutPolicyLw: mHideKeyguard=false mDismissKeyguard=0
V/WindowManager(  889): IKSWL-6868 setKeyguardOccludedLw isOccluded=false wasOccluded=false showing=false
V/WindowManager(  889): IKSWL-6868 finishPostLayoutPolicyLw: mHideKeyguard=false mDismissKeyguard=0
V/WindowManager(  889): IKSWL-6868 setKeyguardOccludedLw isOccluded=false wasOccluded=false showing=false
V/WindowManager(  889): IKSWL-6868 finishPostLayoutPolicyLw: mHideKeyguard=false mDismissKeyguard=0
V/WindowManager(  889): IKSWL-6868 setKeyguardOccludedLw isOccluded=false wasOccluded=false showing=false
V/WindowManager(  889): IKSWL-6868 finishPostLayoutPolicyLw: mHideKeyguard=false mDismissKeyguard=0
V/WindowManager(  889): IKSWL-6868 setKeyguardOccludedLw isOccluded=false wasOccluded=false showing=false
V/WindowManager(  889): IKSWL-6868 finishPostLayoutPolicyLw: mHideKeyguard=false mDismissKeyguard=0
V/WindowManager(  889): IKSWL-6868 setKeyguardOccludedLw isOccluded=false wasOccluded=false showing=false
V/WindowManager(  889): IKSWL-6868 finishPostLayoutPolicyLw: mHideKeyguard=false mDismissKeyguard=0
V/WindowManager(  889): IKSWL-6868 setKeyguardOccludedLw isOccluded=false wasOccluded=false showing=false
V/WindowManager(  889): IKSWL-6868 finishPostLayoutPolicyLw: mHideKeyguard=false mDismissKeyguard=0
V/WindowManager(  889): IKSWL-6868 setKeyguardOccludedLw isOccluded=false wasOccluded=false showing=false
D/BlueLock(13687): Bluetooth Adapter detected!!!
W/Babel   (14235): aye TOOK TOO LONG! (15000ms > 10000ms)
W/BluetoothAdapter(13687): getBluetoothService() called with no BluetoothManagerCallback
D/BTIF_SOCK(12129): service_uuid: 5f6289aa-0acc-11e6-b512-3e1d05defe78
W/bt-l2cap(12129): L2CA_ErtmConnectReq()  PSM: 0x0001  BDA: 380b40dd05d8  p_ertm_info: 0x00000000 allowed:0x0 preferred:0
W/bt-btm  (12129): BTM_SwitchRole BDA: c0-14-3d-bf-94-fc
W/bt-btm  (12129): Requested New Role: 0
V/AlarmManager(  889): sending alarm {6387726 type 2 *walarm*:com.motorola.slpc.ALARM_MODALITY}
V/AlarmManager(  889): done {6387726, *walarm*:com.motorola.slpc.ALARM_MODALITY} [11ms]
D/ModalityService( 1238): ModalityListener(): callback onModalityChange() -> 2
D/ModalityManager(  889): onEndMovement(), package: android
D/MotWifiScanMovementListener(  889): MovementListener onEndMovement
V/WindowManager(  889): IKSWL-6868 finishPostLayoutPolicyLw: mHideKeyguard=false mDismissKeyguard=0
V/WindowManager(  889): IKSWL-6868 setKeyguardOccludedLw isOccluded=false wasOccluded=false showing=false
V/WindowManager(  889): IKSWL-6868 finishPostLayoutPolicyLw: mHideKeyguard=false mDismissKeyguard=0
V/WindowManager(  889): IKSWL-6868 setKeyguardOccludedLw isOccluded=false wasOccluded=false showing=false
I/SFPerfTracer(  301):      triggers: (rate: 8231:233364) (compose: 0:451) (post: 0:1806) (render: 0:2193) (1:2235294 frames) (2:2415215)
D/SFPerfTracer(  301):        layers: (3:10) (FocusedStackFrame (0xb6299000): 0:9381)* (DimLayer (0xb6206000): 0:20)* (DimLayer (0xb6208000): 0:22)* (com.android.noisefield.NoiseFieldWallpaper (0xb6279000): 1:304984)* (StatusBar (0xb6204000): 2:271316) (DimLayer (0xb632f000): 0:3764)* (DimLayer (0xb632d000): 0:1258)* (NavigationBar (0xb622a000): 0:98) (com.android.launcher/com.android.launcher2.Launcher (0xb618c000): 0:263)* (Starting com.androidclient.blulock.androidclient (0xb6202000): 2:20) 
W/bt-btm  (12129): btm_acl_role_changed: BDA: c0-14-3d-bf-94-fc
W/bt-btm  (12129): btm_acl_role_changed: New role: 1
E/bt-btm  (12129): tBTM_SEC_DEV:0xa5cfbbb8 rs_disc_pending=1
W/bt-btif (12129): bta_dm_check_av:0
W/bt-btm  (12129): BTM: Local device role : 0x01
W/bt-btm  (12129): BTM: RemBdAddr: c0143dbf94fc
I/MotoNetwCtrlr( 1167): onReceive: Received intent=Intent { act=android.net.wifi.RSSI_CHANGED flg=0x4000010 (has extras) } Action=android.net.wifi.RSSI_CHANGED
I/MotoNetwCtrlr.MotoWifiSignalCtrlr( 1167): handleBroadcast: Entered: Intent=Intent { act=android.net.wifi.RSSI_CHANGED flg=0x4000010 (has extras) } Action=android.net.wifi.RSSI_CHANGED
I/MotoNetwCtrlr.MotorolaWifiSignalController( 1167): isDirty: returns false
I/MotoNetwCtrlr.MotoWifiSignalCtrlr( 1167): handleBroadcast: Completed
I/MotoNetwCtrlr( 1167): onReceive: Completed intent=Intent { act=android.net.wifi.RSSI_CHANGED flg=0x4000010 (has extras) } Action=android.net.wifi.RSSI_CHANGED
I/SFPerfTracer(  301):      triggers: (rate: 380:113515) (4499732 sw vsyncs) (630428 skipped) (113:3951020 vsyncs) (115:8623201)
I/MotoNetwCtrlr.MotoWifiHndlr( 1167): handleMessage: Entered msg.what=1
I/MotoNetwCtrlr.MotorolaWifiSignalController( 1167): isDirty: returns true
I/MotoNetwCtrlr.MotorolaWifiSignalController( 1167): notifyListeners: calling SB [0] setWifiIndicators (Motorola api): UseMotoUI=true Vis=true SBSig=0x7f02014c=stat_sys_wifi_signal_4_fully SBAct=( none ) DescSig="Wifi signal full." DescAct="wifi out" NetName=""Connectify-me""
I/MotoNetwCtrlr.MotorolaWifiSignalController( 1167): notifyListeners: calling SB [1] setWifiIndicators (Motorola api): UseMotoUI=true Vis=true SBSig=0x7f02014c=stat_sys_wifi_signal_4_fully SBAct=( none ) DescSig="Wifi signal full." DescAct="wifi out" NetName=""Connectify-me""
I/MotoNetwCtrlr.MotorolaWifiSignalController( 1167): notifyListeners: calling SB [2] setWifiIndicators (Motorola api): UseMotoUI=true Vis=true SBSig=0x7f02014c=stat_sys_wifi_signal_4_fully SBAct=( none ) DescSig="Wifi signal full." DescAct="wifi out" NetName=""Connectify-me""
I/MotoNetwCtrlr.MotoWifiHndlr( 1167): handleMessage: Completed
D/TaskPersister(  889): removeObsoleteFile: deleting file=15364_task.xml
D/TaskPersister(  889): removeObsoleteFile: deleting file=15364_task_thumbnail.png
I/MotoNetwCtrlr( 1167): onReceive: Received intent=Intent { act=android.net.wifi.RSSI_CHANGED flg=0x4000010 (has extras) } Action=android.net.wifi.RSSI_CHANGED
I/MotoNetwCtrlr.MotoWifiSignalCtrlr( 1167): handleBroadcast: Entered: Intent=Intent { act=android.net.wifi.RSSI_CHANGED flg=0x4000010 (has extras) } Action=android.net.wifi.RSSI_CHANGED
I/MotoNetwCtrlr.MotorolaWifiSignalController( 1167): isDirty: returns false
I/MotoNetwCtrlr.MotoWifiSignalCtrlr( 1167): handleBroadcast: Completed
I/MotoNetwCtrlr( 1167): onReceive: Completed intent=Intent { act=android.net.wifi.RSSI_CHANGED flg=0x4000010 (has extras) } Action=android.net.wifi.RSSI_CHANGED
I/MotoNetwCtrlr.MotoWifiHndlr( 1167): handleMessage: Entered msg.what=1
I/MotoNetwCtrlr.MotorolaWifiSignalController( 1167): isDirty: returns true
I/MotoNetwCtrlr.MotorolaWifiSignalController( 1167): notifyListeners: calling SB [0] setWifiIndicators (Motorola api): UseMotoUI=true Vis=true SBSig=0x7f02014c=stat_sys_wifi_signal_4_fully SBAct=( none ) DescSig="Wifi signal full." DescAct="wifi idle" NetName=""Connectify-me""
I/MotoNetwCtrlr.MotorolaWifiSignalController( 1167): notifyListeners: calling SB [1] setWifiIndicators (Motorola api): UseMotoUI=true Vis=true SBSig=0x7f02014c=stat_sys_wifi_signal_4_fully SBAct=( none ) DescSig="Wifi signal full." DescAct="wifi idle" NetName=""Connectify-me""
I/MotoNetwCtrlr.MotorolaWifiSignalController( 1167): notifyListeners: calling SB [2] setWifiIndicators (Motorola api): UseMotoUI=true Vis=true SBSig=0x7f02014c=stat_sys_wifi_signal_4_fully SBAct=( none ) DescSig="Wifi signal full." DescAct="wifi idle" NetName=""Connectify-me""
I/MotoNetwCtrlr.MotoWifiHndlr( 1167): handleMessage: Completed
E/WifiStateMachine(  889): WifiStateMachine CMD_START_SCAN source -2 txSuccessRate=33.05 rxSuccessRate=32.10 targetRoamBSSID=any RSSI=-45
E/WifiStateMachine(  889): startDelayedScan send -> 7567 milli 20000
E/WifiStateMachine(  889): WifiStateMachine CMD_START_SCAN with age=2271061 interval=20000 maxinterval=300000
E/WifiStateMachine(  889): WifiStateMachine CMD_START_SCAN try full band scan age=2271061 interval=20000 maxinterval=300000
E/WifiStateMachine(  889): WifiStateMachine CMD_START_SCAN prevent full band scan due to pkt rate
E/WifiStateMachine(  889): WifiStateMachine CMD_START_SCAN full=false
E/WifiStateMachine(  889): WifiStateMachine starting scan for "Connectify-me"WPA_PSK with 2442
E/WifiStateMachine(  889): [1,461,951,100,670 ms] noteScanstart no scan source uid -2
D/MDMCTBK (  335): reply_len: 40 reply is = IFNAME=wlan0 <3>CTRL-EVENT-SCAN-STARTED 
D/MDMCTBK (  335): Event received = CTRL-EVENT-SCAN-STARTED 
W/bt-l2cap(12129): L2CAP - st: CLOSED evt: 1
W/bt-sdp  (12129): SDP - Rcvd conn cnf with error: 0x4  CID 0x46
E/bt-btif (12129): DISCOVERY_COMP_EVT slot id:7, failed to find channle,                                       status:1, scn:0
D/BlueLock(13687): connectException
W/bt-btif (12129): invalid rfc slot id: 7
I/SFPerfTracer(  301):      triggers: (rate: 380:113515) (4499732 sw vsyncs) (630428 skipped) (263:3951285 vsyncs) (265:8623470)
V/WindowManager(  889): Adding window Window{1dd0b000 u0 com.androidclient.blulock.androidclient/com.androidclient.blulock.androidclient.MainActivity} at 7 of 15 (before Window{2daa32e7 u0 Starting com.androidclient.blulock.androidclient})
V/WindowManager(  889): IKSWL-6868 finishPostLayoutPolicyLw: mHideKeyguard=false mDismissKeyguard=0
V/WindowManager(  889): IKSWL-6868 setKeyguardOccludedLw isOccluded=false wasOccluded=false showing=false
V/WindowManager(  889): IKSWL-6868 finishPostLayoutPolicyLw: mHideKeyguard=false mDismissKeyguard=0
V/WindowManager(  889): IKSWL-6868 setKeyguardOccludedLw isOccluded=false wasOccluded=false showing=false
V/WindowManager(  889): IKSWL-6868 finishPostLayoutPolicyLw: mHideKeyguard=false mDismissKeyguard=0
V/WindowManager(  889): IKSWL-6868 setKeyguardOccludedLw isOccluded=false wasOccluded=false showing=false
V/WindowManager(  889): IKSWL-6868 finishPostLayoutPolicyLw: mHideKeyguard=false mDismissKeyguard=0
V/WindowManager(  889): IKSWL-6868 setKeyguardOccludedLw isOccluded=false wasOccluded=false showing=false
I/LaunchCheckinHandler(  889): Displayed com.androidclient.blulock.androidclient/.MainActivity,wp,ca,6510
I/ActivityManager(  889): Displayed com.androidclient.blulock.androidclient/.MainActivity: +6s511ms
V/WindowManager(  889): IKSWL-6868 finishPostLayoutPolicyLw: mHideKeyguard=false mDismissKeyguard=0
V/WindowManager(  889): IKSWL-6868 setKeyguardOccludedLw isOccluded=false wasOccluded=false showing=false
V/WindowManager(  889): IKSWL-6868 finishPostLayoutPolicyLw: mHideKeyguard=false mDismissKeyguard=0
V/WindowManager(  889): IKSWL-6868 setKeyguardOccludedLw isOccluded=false wasOccluded=false showing=false
I/wpa_supplicant( 1183): wlan0: CTRL-EVENT-REGDOM-CHANGE init=DRIVER type=WORLD
D/MDMCTBK (  335): reply_len: 40 reply is = IFNAME=wlan0 <3>CTRL-EVENT-SCAN-RESULTS 
D/MDMCTBK (  335): Event received = CTRL-EVENT-SCAN-RESULTS 
D/MDMCTBK (  335): reply_len: 40 reply is = IFNAME=wlan0 <3>CTRL-EVENT-REGDOM-CHANGE
D/MDMCTBK (  335): Event received = CTRL-EVENT-REGDOM-CHANGE
E/WifiStateMachine(  889): [1,461,951,101,143 ms] noteScanEnd no scan source onTime=0
E/WifiStateMachine(  889): wifi setScanResults statecom.android.server.wifi.WifiStateMachine$ConnectedState@2c3d41e9 sup_state=COMPLETED debouncing=false mConnectionRequests=1 selection=<none>
V/WindowManager(  889): IKSWL-6868 finishPostLayoutPolicyLw: mHideKeyguard=false mDismissKeyguard=0
V/WindowManager(  889): IKSWL-6868 setKeyguardOccludedLw isOccluded=false wasOccluded=false showing=false
V/WindowManager(  889): IKSWL-6868 finishPostLayoutPolicyLw: mHideKeyguard=false mDismissKeyguard=0
V/WindowManager(  889): IKSWL-6868 setKeyguardOccludedLw isOccluded=false wasOccluded=false showing=false
E/DataBuffer(23194): Internal data leak within a DataBuffer object detected!  Be sure to explicitly call release() on all DataBuffer extending objects when you are done with them. (internal object: com.google.android.gms.common.data.DataHolder@1bd2b5fc)
I/MotoNetwCtrlr.MotoWifiHndlr( 1167): handleMessage: Entered msg.what=1
I/MotoNetwCtrlr.MotorolaWifiSignalController( 1167): isDirty: returns true
I/MotoNetwCtrlr.MotorolaWifiSignalController( 1167): notifyListeners: calling SB [0] setWifiIndicators (Motorola api): UseMotoUI=true Vis=true SBSig=0x7f02014c=stat_sys_wifi_signal_4_fully SBAct=( none ) DescSig="Wifi signal full." DescAct="wifi in and out" NetName=""Connectify-me""
I/MotoNetwCtrlr.MotorolaWifiSignalController( 1167): notifyListeners: calling SB [1] setWifiIndicators (Motorola api): UseMotoUI=true Vis=true SBSig=0x7f02014c=stat_sys_wifi_signal_4_fully SBAct=( none ) DescSig="Wifi signal full." DescAct="wifi in and out" NetName=""Connectify-me""
I/MotoNetwCtrlr.MotorolaWifiSignalController( 1167): notifyListeners: calling SB [2] setWifiIndicators (Motorola api): UseMotoUI=true Vis=true SBSig=0x7f02014c=stat_sys_wifi_signal_4_fully SBAct=( none ) DescSig="Wifi signal full." DescAct="wifi in and out" NetName=""Connectify-me""
I/MotoNetwCtrlr.MotoWifiHndlr( 1167): handleMessage: Completed
I/MotoNetwCtrlr( 1167): onReceive: Received intent=Intent { act=android.net.wifi.RSSI_CHANGED flg=0x4000010 (has extras) } Action=android.net.wifi.RSSI_CHANGED
I/MotoNetwCtrlr.MotoWifiSignalCtrlr( 1167): handleBroadcast: Entered: Intent=Intent { act=android.net.wifi.RSSI_CHANGED flg=0x4000010 (has extras) } Action=android.net.wifi.RSSI_CHANGED
I/MotoNetwCtrlr.MotorolaWifiSignalController( 1167): isDirty: returns false
I/MotoNetwCtrlr.MotoWifiSignalCtrlr( 1167): handleBroadcast: Completed
I/MotoNetwCtrlr( 1167): onReceive: Completed intent=Intent { act=android.net.wifi.RSSI_CHANGED flg=0x4000010 (has extras) } Action=android.net.wifi.RSSI_CHANGED
W/bt-btif (12129): dm_pm_timer expires
W/bt-btif (12129): dm_pm_timer expires 0
W/bt-btif (12129): proc dm_pm_timer expires
V/GLSActivity(28921): AuthDelegateWrapperCreated with selected intent: Intent { cmp=com.google.android.gms/.auth.DefaultAuthDelegateService }
V/GLSActivity(28921): AuthDelegateWrapperCreated with selected intent: Intent { cmp=com.google.android.gms/.auth.DefaultAuthDelegateService }
I/MotoNetwCtrlr( 1167): onReceive: Received intent=Intent { act=android.net.wifi.RSSI_CHANGED flg=0x4000010 (has extras) } Action=android.net.wifi.RSSI_CHANGED
I/MotoNetwCtrlr.MotoWifiSignalCtrlr( 1167): handleBroadcast: Entered: Intent=Intent { act=android.net.wifi.RSSI_CHANGED flg=0x4000010 (has extras) } Action=android.net.wifi.RSSI_CHANGED
I/MotoNetwCtrlr.MotorolaWifiSignalController( 1167): isDirty: returns false
I/MotoNetwCtrlr.MotoWifiSignalCtrlr( 1167): handleBroadcast: Completed
I/MotoNetwCtrlr( 1167): onReceive: Completed intent=Intent { act=android.net.wifi.RSSI_CHANGED flg=0x4000010 (has extras) } Action=android.net.wifi.RSSI_CHANGED
I/SFPerfTracer(  301):      triggers: (rate: 380:113515) (4499732 sw vsyncs) (630428 skipped) (235:3951596 vsyncs) (237:8623786)
I/MotoNetwCtrlr( 1167): onReceive: Received intent=Intent { act=android.net.wifi.RSSI_CHANGED flg=0x4000010 (has extras) } Action=android.net.wifi.RSSI_CHANGED
I/MotoNetwCtrlr.MotoWifiSignalCtrlr( 1167): handleBroadcast: Entered: Intent=Intent { act=android.net.wifi.RSSI_CHANGED flg=0x4000010 (has extras) } Action=android.net.wifi.RSSI_CHANGED
I/MotoNetwCtrlr.MotorolaWifiSignalController( 1167): isDirty: returns false
I/MotoNetwCtrlr.MotoWifiSignalCtrlr( 1167): handleBroadcast: Completed
I/MotoNetwCtrlr( 1167): onReceive: Completed intent=Intent { act=android.net.wifi.RSSI_CHANGED flg=0x4000010 (has extras) } Action=android.net.wifi.RSSI_CHANGED
I/MotoNetwCtrlr.MotoWifiHndlr( 1167): handleMessage: Entered msg.what=1
I/MotoNetwCtrlr.MotorolaWifiSignalController( 1167): isDirty: returns true
I/MotoNetwCtrlr.MotorolaWifiSignalController( 1167): notifyListeners: calling SB [0] setWifiIndicators (Motorola api): UseMotoUI=true Vis=true SBSig=0x7f02014c=stat_sys_wifi_signal_4_fully SBAct=( none ) DescSig="Wifi signal full." DescAct="wifi in" NetName=""Connectify-me""
I/MotoNetwCtrlr.MotorolaWifiSignalController( 1167): notifyListeners: calling SB [1] setWifiIndicators (Motorola api): UseMotoUI=true Vis=true SBSig=0x7f02014c=stat_sys_wifi_signal_4_fully SBAct=( none ) DescSig="Wifi signal full." DescAct="wifi in" NetName=""Connectify-me""
I/MotoNetwCtrlr.MotorolaWifiSignalController( 1167): notifyListeners: calling SB [2] setWifiIndicators (Motorola api): UseMotoUI=true Vis=true SBSig=0x7f02014c=stat_sys_wifi_signal_4_fully SBAct=( none ) DescSig="Wifi signal full." DescAct="wifi in" NetName=""Connectify-me""
I/MotoNetwCtrlr.MotoWifiHndlr( 1167): handleMessage: Completed
I/SFPerfTracer(  301):      triggers: (rate: 380:113515) (4499732 sw vsyncs) (630428 skipped) (118:3951762 vsyncs) (120:8623958)
I/art     (28921): Background partial concurrent mark sweep GC freed 303961(13MB) AllocSpace objects, 7(453KB) LOS objects, 40% free, 18MB/30MB, paused 2.044ms total 124.553ms
I/MotoNetwCtrlr.MotoWifiHndlr( 1167): handleMessage: Entered msg.what=1
I/MotoNetwCtrlr.MotorolaWifiSignalController( 1167): isDirty: returns true
I/MotoNetwCtrlr.MotorolaWifiSignalController( 1167): notifyListeners: calling SB [0] setWifiIndicators (Motorola api): UseMotoUI=true Vis=true SBSig=0x7f02014c=stat_sys_wifi_signal_4_fully SBAct=( none ) DescSig="Wifi signal full." DescAct="wifi in and out" NetName=""Connectify-me""
I/MotoNetwCtrlr.MotorolaWifiSignalController( 1167): notifyListeners: calling SB [1] setWifiIndicators (Motorola api): UseMotoUI=true Vis=true SBSig=0x7f02014c=stat_sys_wifi_signal_4_fully SBAct=( none ) DescSig="Wifi signal full." DescAct="wifi in and out" NetName=""Connectify-me""
I/MotoNetwCtrlr.MotorolaWifiSignalController( 1167): notifyListeners: calling SB [2] setWifiIndicators (Motorola api): UseMotoUI=true Vis=true SBSig=0x7f02014c=stat_sys_wifi_signal_4_fully SBAct=( none ) DescSig="Wifi signal full." DescAct="wifi in and out" NetName=""Connectify-me""
I/MotoNetwCtrlr.MotoWifiHndlr( 1167): handleMessage: Completed
I/SFPerfTracer(  301):      triggers: (rate: 380:113515) (4499732 sw vsyncs) (630428 skipped) (108:3951880 vsyncs) (110:8624080)
I/MotoNetwCtrlr( 1167): onReceive: Received intent=Intent { act=android.net.wifi.RSSI_CHANGED flg=0x4000010 (has extras) } Action=android.net.wifi.RSSI_CHANGED
I/MotoNetwCtrlr.MotoWifiSignalCtrlr( 1167): handleBroadcast: Entered: Intent=Intent { act=android.net.wifi.RSSI_CHANGED flg=0x4000010 (has extras) } Action=android.net.wifi.RSSI_CHANGED
I/MotoNetwCtrlr.MotorolaWifiSignalController( 1167): isDirty: returns false
I/MotoNetwCtrlr.MotoWifiSignalCtrlr( 1167): handleBroadcast: Completed
I/MotoNetwCtrlr( 1167): onReceive: Completed intent=Intent { act=android.net.wifi.RSSI_CHANGED flg=0x4000010 (has extras) } Action=android.net.wifi.RSSI_CHANGED
I/MotoNetwCtrlr.MotoNetwCtrlrImpl.MotorolaMobileSignalController( 2 ) ( 1167): MotorolaMobilePhoneStateListener.onSignalStrengthsChanged: Entered: signalStrength=SignalStrength: 15 0 -120 -160 -120 -1 -1 99 2147483647 2147483647 2147483647 2147483647 2147483647 gsm|lte 0 -108 -1 false 4 4 0 0 0 99 99 99 4 0 level=4
I/MotoNetwCtrlr.MotoNetwCtrlrImpl.MotorolaMobileSignalController( 2 ) ( 1167): isDirty: returns true
I/MotoNetwCtrlr.MotoNetwCtrlrImpl.MotorolaMobileSignalController( 2 ) ( 1167): notifyListeners: calling SB [0] setMobileDataIndicators (Motorola api): mobileUseMotoUI=true mobileEnabled=true mobileSimIconId=( none ) mobileSignalIconId=0x7f02048c=zz_moto_stat_sys_signal_4_of_4_fully_wide mobileRoamingIconId=( none ) mobileDataTypeIconId=( none ) mobileDataActivityIconId=( none ) mobileCarrierDescription="o2-de+|o2 - de" mobileSimDescription="" mobileSignalContentDescription="phone signal full strength" mobileRoamingDescription="" mobileDataTypeContentDescription="H" mobileDataActivityContentDescription="" mobileIsRoaming=false isDataTypeIconWide=true mobileIsBidiDirectionEnabled=false mobileSubId=2
I/MotoNetwCtrlr.MotoNetwCtrlrImpl.MotorolaMobileSignalController( 2 ) ( 1167): notifyListeners: calling SB [1] setMobileDataIndicators (Motorola api): mobileUseMotoUI=true mobileEnabled=true mobileSimIconId=( none ) mobileSignalIconId=0x7f02048c=zz_moto_stat_sys_signal_4_of_4_fully_wide mobileRoamingIconId=( none ) mobileDataTypeIconId=( none ) mobileDataActivityIconId=( none ) mobileCarrierDescription="o2-de+|o2 - de" mobileSimDescription="" mobileSignalContentDescription="phone signal full strength" mobileRoamingDescription="" mobileDataTypeContentDescription="H" mobileDataActivityContentDescription="" mobileIsRoaming=false isDataTypeIconWide=true mobileIsBidiDirectionEnabled=false mobileSubId=2
I/MotoNetwCtrlr.MotoNetwCtrlrImpl.MotorolaMobileSignalController( 2 ) ( 1167): notifyListeners: calling SB [2] setMobileDataIndicators (Motorola api): mobileUseMotoUI=true mobileEnabled=true mobileSimIconId=( none ) mobileSignalIconId=0x7f02048c=zz_moto_stat_sys_signal_4_of_4_fully_wide mobileRoamingIconId=( none ) mobileDataTypeIconId=( none ) mobileDataActivityIconId=( none ) mobileCarrierDescription="o2-de+|o2 - de" mobileSimDescription="" mobileSignalContentDescription="phone signal full strength" mobileRoamingDescription="" mobileDataTypeContentDescription="H" mobileDataActivityContentDescription="" mobileIsRoaming=false isDataTypeIconWide=true mobileIsBidiDirectionEnabled=false mobileSubId=2
I/MotoNetwCtrlr.MotoNetwCtrlrImpl.MotorolaMobileSignalController( 2 ) ( 1167): MotorolaMobilePhoneStateListener.onSignalStrengthsChanged: completed: level=4
W/Uploader(28921): INBOX_ANDROID_PRIMES no longer exists, so no auth token.
I/SFPerfTracer(  301):      triggers: (rate: 380:113515) (4499732 sw vsyncs) (630428 skipped) (69:3951980 vsyncs) (71:8624185)
I/art     (  889): Explicit concurrent mark sweep GC freed 41771(1959KB) AllocSpace objects, 2(32KB) LOS objects, 29% free, 37MB/53MB, paused 4.333ms total 216.877ms
I/MotoNetwCtrlr( 1167): onReceive: Received intent=Intent { act=android.net.wifi.RSSI_CHANGED flg=0x4000010 (has extras) } Action=android.net.wifi.RSSI_CHANGED
I/MotoNetwCtrlr.MotoWifiSignalCtrlr( 1167): handleBroadcast: Entered: Intent=Intent { act=android.net.wifi.RSSI_CHANGED flg=0x4000010 (has extras) } Action=android.net.wifi.RSSI_CHANGED
I/MotoNetwCtrlr.MotorolaWifiSignalController( 1167): isDirty: returns false
I/MotoNetwCtrlr.MotoWifiSignalCtrlr( 1167): handleBroadcast: Completed
I/MotoNetwCtrlr( 1167): onReceive: Completed intent=Intent { act=android.net.wifi.RSSI_CHANGED flg=0x4000010 (has extras) } Action=android.net.wifi.RSSI_CHANGED
I/MotoNetwCtrlr( 1167): onReceive: Received intent=Intent { act=android.net.wifi.RSSI_CHANGED flg=0x4000010 (has extras) } Action=android.net.wifi.RSSI_CHANGED
I/MotoNetwCtrlr.MotoWifiSignalCtrlr( 1167): handleBroadcast: Entered: Intent=Intent { act=android.net.wifi.RSSI_CHANGED flg=0x4000010 (has extras) } Action=android.net.wifi.RSSI_CHANGED
I/MotoNetwCtrlr.MotorolaWifiSignalController( 1167): isDirty: returns false
I/MotoNetwCtrlr.MotoWifiSignalCtrlr( 1167): handleBroadcast: Completed
I/MotoNetwCtrlr( 1167): onReceive: Completed intent=Intent { act=android.net.wifi.RSSI_CHANGED flg=0x4000010 (has extras) } Action=android.net.wifi.RSSI_CHANGED
I/SFPerfTracer(  301):      triggers: (rate: 380:113515) (4499732 sw vsyncs) (630428 skipped) (168:3952233 vsyncs) (170:8624444)
I/SFPerfTracer(  301):      triggers: (rate: 380:113515) (4499732 sw vsyncs) (630428 skipped) (45:3952353 vsyncs) (47:8624573)
V/AlarmManager(  889): sending alarm {3e9f7fe5 type 3 *alarm*:android.intent.action.TIME_TICK}
V/AlarmManager(  889): done {3e9f7fe5, *alarm*:android.intent.action.TIME_TICK} [53ms]
I/MotoNetwCtrlr( 1167): onReceive: Received intent=Intent { act=android.net.wifi.RSSI_CHANGED flg=0x4000010 (has extras) } Action=android.net.wifi.RSSI_CHANGED
I/MotoNetwCtrlr.MotoWifiSignalCtrlr( 1167): handleBroadcast: Entered: Intent=Intent { act=android.net.wifi.RSSI_CHANGED flg=0x4000010 (has extras) } Action=android.net.wifi.RSSI_CHANGED
I/MotoNetwCtrlr.MotorolaWifiSignalController( 1167): isDirty: returns false
I/MotoNetwCtrlr.MotoWifiSignalCtrlr( 1167): handleBroadcast: Completed
I/MotoNetwCtrlr( 1167): onReceive: Completed intent=Intent { act=android.net.wifi.RSSI_CHANGED flg=0x4000010 (has extras) } Action=android.net.wifi.RSSI_CHANGED
E/WifiStateMachine(  889): WifiStateMachine CMD_START_SCAN source -2 txSuccessRate=48.60 rxSuccessRate=51.81 targetRoamBSSID=any RSSI=-48
E/WifiStateMachine(  889): startDelayedScan send -> 7568 milli 20000
E/WifiStateMachine(  889): WifiStateMachine CMD_START_SCAN with age=2291064 interval=20000 maxinterval=300000
E/WifiStateMachine(  889): WifiStateMachine CMD_START_SCAN try full band scan age=2291064 interval=20000 maxinterval=300000
E/WifiStateMachine(  889): WifiStateMachine CMD_START_SCAN prevent full band scan due to pkt rate
E/WifiStateMachine(  889): WifiStateMachine CMD_START_SCAN source -2 ...and ignore scans tx=48.60 rx=51.81
W/ActivityManager(  889): getRunningAppProcesses: caller 10207 does not hold REAL_GET_TASKS; limiting output
I/SFPerfTracer(  301):      triggers: (rate: 380:113515) (4499732 sw vsyncs) (630428 skipped) (78:3952469 vsyncs) (80:8624693)
I/MotoNetwCtrlr( 1167): onReceive: Received intent=Intent { act=android.net.wifi.RSSI_CHANGED flg=0x4000010 (has extras) } Action=android.net.wifi.RSSI_CHANGED
I/MotoNetwCtrlr.MotoWifiSignalCtrlr( 1167): handleBroadcast: Entered: Intent=Intent { act=android.net.wifi.RSSI_CHANGED flg=0x4000010 (has extras) } Action=android.net.wifi.RSSI_CHANGED
I/MotoNetwCtrlr.MotorolaWifiSignalController( 1167): isDirty: returns false
I/MotoNetwCtrlr.MotoWifiSignalCtrlr( 1167): handleBroadcast: Completed
I/MotoNetwCtrlr( 1167): onReceive: Completed intent=Intent { act=android.net.wifi.RSSI_CHANGED flg=0x4000010 (has extras) } Action=android.net.wifi.RSSI_CHANGED
I/SFPerfTracer(  301):      triggers: (rate: 380:113515) (4499732 sw vsyncs) (630428 skipped) (107:3952664 vsyncs) (109:8624899)
I/MotoNetwCtrlr( 1167): onReceive: Received intent=Intent { act=android.net.wifi.RSSI_CHANGED flg=0x4000010 (has extras) } Action=android.net.wifi.RSSI_CHANGED
I/MotoNetwCtrlr.MotoWifiSignalCtrlr( 1167): handleBroadcast: Entered: Intent=Intent { act=android.net.wifi.RSSI_CHANGED flg=0x4000010 (has extras) } Action=android.net.wifi.RSSI_CHANGED
I/MotoNetwCtrlr.MotorolaWifiSignalController( 1167): isDirty: returns false
I/MotoNetwCtrlr.MotoWifiSignalCtrlr( 1167): handleBroadcast: Completed
I/MotoNetwCtrlr( 1167): onReceive: Completed intent=Intent { act=android.net.wifi.RSSI_CHANGED flg=0x4000010 (has extras) } Action=android.net.wifi.RSSI_CHANGED
I/SFPerfTracer(  301):      triggers: (rate: 380:113515) (4499732 sw vsyncs) (630428 skipped) (134:3952798 vsyncs) (136:8625035)
I/MotoNetwCtrlr( 1167): onReceive: Received intent=Intent { act=android.net.wifi.RSSI_CHANGED flg=0x4000010 (has extras) } Action=android.net.wifi.RSSI_CHANGED
I/MotoNetwCtrlr.MotoWifiSignalCtrlr( 1167): handleBroadcast: Entered: Intent=Intent { act=android.net.wifi.RSSI_CHANGED flg=0x4000010 (has extras) } Action=android.net.wifi.RSSI_CHANGED
I/MotoNetwCtrlr.MotorolaWifiSignalController( 1167): isDirty: returns false
I/MotoNetwCtrlr.MotoWifiSignalCtrlr( 1167): handleBroadcast: Completed
I/MotoNetwCtrlr( 1167): onReceive: Completed intent=Intent { act=android.net.wifi.RSSI_CHANGED flg=0x4000010 (has extras) } Action=android.net.wifi.RSSI_CHANGED
I/SFPerfTracer(  301):      triggers: (rate: 380:113515) (4499732 sw vsyncs) (630428 skipped) (151:3952949 vsyncs) (153:8625188)
I/MotoNetwCtrlr( 1167): onReceive: Received intent=Intent { act=android.net.wifi.RSSI_CHANGED flg=0x4000010 (has extras) } Action=android.net.wifi.RSSI_CHANGED
I/MotoNetwCtrlr.MotoWifiSignalCtrlr( 1167): handleBroadcast: Entered: Intent=Intent { act=android.net.wifi.RSSI_CHANGED flg=0x4000010 (has extras) } Action=android.net.wifi.RSSI_CHANGED
I/MotoNetwCtrlr.MotorolaWifiSignalController( 1167): isDirty: returns false
I/MotoNetwCtrlr.MotoWifiSignalCtrlr( 1167): handleBroadcast: Completed
I/MotoNetwCtrlr( 1167): onReceive: Completed intent=Intent { act=android.net.wifi.RSSI_CHANGED flg=0x4000010 (has extras) } Action=android.net.wifi.RSSI_CHANGED
I/SFPerfTracer(  301):      triggers: (rate: 380:113515) (4499732 sw vsyncs) (630428 skipped) (148:3953097 vsyncs) (150:8625338)
I/SFPerfTracer(  301):      triggers: (rate: 380:113515) (4499732 sw vsyncs) (630428 skipped) (79:3953241 vsyncs) (81:8625486)
I/MotoNetwCtrlr( 1167): onReceive: Received intent=Intent { act=android.net.wifi.RSSI_CHANGED flg=0x4000010 (has extras) } Action=android.net.wifi.RSSI_CHANGED
I/MotoNetwCtrlr.MotoWifiSignalCtrlr( 1167): handleBroadcast: Entered: Intent=Intent { act=android.net.wifi.RSSI_CHANGED flg=0x4000010 (has extras) } Action=android.net.wifi.RSSI_CHANGED
I/MotoNetwCtrlr.MotorolaWifiSignalController( 1167): isDirty: returns false
I/MotoNetwCtrlr.MotoWifiSignalCtrlr( 1167): handleBroadcast: Completed
I/MotoNetwCtrlr( 1167): onReceive: Completed intent=Intent { act=android.net.wifi.RSSI_CHANGED flg=0x4000010 (has extras) } Action=android.net.wifi.RSSI_CHANGED
I/MotoNetwCtrlr.MotoNetwCtrlrImpl.MotorolaMobileSignalController( 2 ) ( 1167): MotorolaMobilePhoneStateListener.onSignalStrengthsChanged: Entered: signalStrength=SignalStrength: 17 0 -120 -160 -120 -1 -1 99 2147483647 2147483647 2147483647 2147483647 2147483647 gsm|lte 0 -108 -1 false 4 4 0 0 0 99 99 99 4 0 level=4
D/HeadsetPhoneState(12129): sendDeviceStateChanged. mService=1 mSignal=5 mRoam=0 mBatteryCharge=3
D/HeadsetStateMachine(12129): Connected process message: 11, size: 1
D/bt-btif (12129): BTHF: device_status_notification
D/bt-btif (12129): AG evt (hdl 0x0001): State 2, Event 0x0506
D/bt-btif (12129): bta_ag_hfp_result : res = 5
D/bt-btif (12129): AG evt (hdl 0x0001): State 2, Event 0x0506
D/bt-btif (12129): bta_ag_hfp_result : res = 5
D/bt-btif (12129): AG evt (hdl 0x0001): State 2, Event 0x0506
D/bt-btif (12129): bta_ag_hfp_result : res = 5
D/bt-btif (12129): AG evt (hdl 0x0001): State 2, Event 0x0506
D/bt-btif (12129): bta_ag_hfp_result : res = 5
I/MotoNetwCtrlr.MotoNetwCtrlrImpl.MotorolaMobileSignalController( 2 ) ( 1167): isDirty: returns true
I/MotoNetwCtrlr.MotoNetwCtrlrImpl.MotorolaMobileSignalController( 2 ) ( 1167): notifyListeners: calling SB [0] setMobileDataIndicators (Motorola api): mobileUseMotoUI=true mobileEnabled=true mobileSimIconId=( none ) mobileSignalIconId=0x7f02048c=zz_moto_stat_sys_signal_4_of_4_fully_wide mobileRoamingIconId=( none ) mobileDataTypeIconId=( none ) mobileDataActivityIconId=( none ) mobileCarrierDescription="o2-de+|o2 - de" mobileSimDescription="" mobileSignalContentDescription="phone signal full strength" mobileRoamingDescription="" mobileDataTypeContentDescription="H" mobileDataActivityContentDescription="" mobileIsRoaming=false isDataTypeIconWide=true mobileIsBidiDirectionEnabled=false mobileSubId=2
I/SFPerfTracer(  301):      triggers: (rate: 380:113515) (4499732 sw vsyncs) (630428 skipped) (148:3953393 vsyncs) (150:8625642)
I/MotoNetwCtrlr.MotoNetwCtrlrImpl.MotorolaMobileSignalController( 2 ) ( 1167): notifyListeners: calling SB [1] setMobileDataIndicators (Motorola api): mobileUseMotoUI=true mobileEnabled=true mobileSimIconId=( none ) mobileSignalIconId=0x7f02048c=zz_moto_stat_sys_signal_4_of_4_fully_wide mobileRoamingIconId=( none ) mobileDataTypeIconId=( none ) mobileDataActivityIconId=( none ) mobileCarrierDescription="o2-de+|o2 - de" mobileSimDescription="" mobileSignalContentDescription="phone signal full strength" mobileRoamingDescription="" mobileDataTypeContentDescription="H" mobileDataActivityContentDescription="" mobileIsRoaming=false isDataTypeIconWide=true mobileIsBidiDirectionEnabled=false mobileSubId=2
