V/AlarmManager(  889): sending alarm {3f08366 type 3 *alarm*:com.google.android.gms/.lockbox.LockboxAlarmReceiver}
V/AlarmManager(  889): done {22378e9b, *walarm*:com.outfit7.talkingtom2free/com.bee7.sdk.service.RewardingService} [34ms]
V/AlarmManager(  889): done {4a0b38f, *alarm*:com.expensemanager/.ExpenseSyncService} [35ms]
V/AlarmManager(  889): done {3c84d211, *walarm*:com.ultimarom.launchnavigation/anagog.pd.service.AlarmReceiver} [39ms]
V/AlarmManager(  889): done {3f08366, *alarm*:com.google.android.gms/.lockbox.LockboxAlarmReceiver} [49ms]
I/SFPerfTracer(  301):      triggers: (rate: 380:113594) (4514526 sw vsyncs) (632191 skipped) (167:3990032 vsyncs) (169:8678172)
I/SFPerfTracer(  301):      triggers: (rate: 380:113594) (4514526 sw vsyncs) (632191 skipped) (28:3990156 vsyncs) (30:8678300)
I/SFPerfTracer(  301):      triggers: (rate: 380:113594) (4514526 sw vsyncs) (632191 skipped) (180:3990336 vsyncs) (182:8678482)
I/SFPerfTracer(  301):      triggers: (rate: 380:113594) (4514526 sw vsyncs) (632191 skipped) (171:3990588 vsyncs) (173:8678740)
W/ProcessCpuTracker(  889): Skipping unknown process pid 30363
W/ProcessCpuTracker(  889): Skipping unknown process pid 30365
W/ProcessCpuTracker(  889): Skipping unknown process pid 30366
I/SFPerfTracer(  301):      triggers: (rate: 380:113594) (4514526 sw vsyncs) (632191 skipped) (4:3990685 vsyncs) (6:8678841)
I/SFPerfTracer(  301):      triggers: (rate: 380:113594) (4514526 sw vsyncs) (632191 skipped) (30:3990807 vsyncs) (32:8678970)
I/SFPerfTracer(  301):      triggers: (rate: 380:113594) (4514526 sw vsyncs) (632191 skipped) (161:3991031 vsyncs) (163:8679202)
I/SFPerfTracer(  301):      triggers: (rate: 380:113594) (4514526 sw vsyncs) (632191 skipped) (19:3991141 vsyncs) (21:8679320)
I/SFPerfTracer(  301):      triggers: (rate: 380:113594) (4514526 sw vsyncs) (632191 skipped) (43:3991272 vsyncs) (45:8679461)
I/SFPerfTracer(  301):      triggers: (rate: 380:113594) (4514526 sw vsyncs) (632191 skipped) (115:3991399 vsyncs) (117:8679592)
I/SFPerfTracer(  301):      triggers: (rate: 380:113594) (4514526 sw vsyncs) (632191 skipped) (118:3991520 vsyncs) (120:8679717)
I/SFPerfTracer(  301):      triggers: (rate: 380:113594) (4514526 sw vsyncs) (632191 skipped) (100:3991638 vsyncs) (102:8679839)
I/SFPerfTracer(  301):      triggers: (rate: 380:113594) (4514526 sw vsyncs) (632191 skipped) (240:3991878 vsyncs) (242:8680083)
I/SFPerfTracer(  301):      triggers: (rate: 380:113594) (4514526 sw vsyncs) (632191 skipped) (80:3992017 vsyncs) (82:8680226)
I/SFPerfTracer(  301):      triggers: (rate: 380:113594) (4514526 sw vsyncs) (632191 skipped) (80:3992143 vsyncs) (82:8680359)
I/SFPerfTracer(  301):      triggers: (rate: 380:113594) (4514526 sw vsyncs) (632191 skipped) (80:3992303 vsyncs) (82:8680524)
I/SFPerfTracer(  301):      triggers: (rate: 380:113594) (4514526 sw vsyncs) (632191 skipped) (17:3992410 vsyncs) (19:8680637)
I/SFPerfTracer(  301):      triggers: (rate: 380:113594) (4514526 sw vsyncs) (632191 skipped) (134:3992588 vsyncs) (136:8680819)
I/SFPerfTracer(  301):      triggers: (rate: 380:113594) (4514526 sw vsyncs) (632191 skipped) (58:3992693 vsyncs) (60:8680928)
I/SFPerfTracer(  301):      triggers: (rate: 380:113594) (4514526 sw vsyncs) (632191 skipped) (83:3992802 vsyncs) (85:8681041)
V/AlarmManager(  889): sending alarm {3e9f7fe5 type 3 *alarm*:android.intent.action.TIME_TICK}
I/ProcessStatsService(  889): Prepared write state in 21ms
I/ProcessStatsService(  889): Prepared write state in 20ms
V/AlarmManager(  889): done {3e9f7fe5, *alarm*:android.intent.action.TIME_TICK} [99ms]
I/SFPerfTracer(  301):      triggers: (rate: 380:113594) (4514526 sw vsyncs) (632191 skipped) (31:3992920 vsyncs) (33:8681166)
I/SFPerfTracer(  301):      triggers: (rate: 380:113594) (4514526 sw vsyncs) (632191 skipped) (59:3993032 vsyncs) (61:8681284)
I/SFPerfTracer(  301):      triggers: (rate: 380:113594) (4514526 sw vsyncs) (632191 skipped) (48:3993149 vsyncs) (50:8681405)
W/ProcessCpuTracker(  889): Skipping unknown process pid 31051
I/SFPerfTracer(  301):      triggers: (rate: 380:113594) (4514526 sw vsyncs) (632191 skipped) (98:3993264 vsyncs) (100:8681524)
W/ActivityManager(  889): getRunningAppProcesses: caller 10207 does not hold REAL_GET_TASKS; limiting output
I/SFPerfTracer(  301):      triggers: (rate: 380:113594) (4514526 sw vsyncs) (632191 skipped) (64:3993387 vsyncs) (66:8681675)
V/AlarmManager(  889): sending alarm {b8dce95 type 2 *walarm*:com.nimbuzz.keep_alive}
V/AlarmManager(  889): sending alarm {22378e9b type 0 *walarm*:com.outfit7.talkingtom2free/com.bee7.sdk.service.RewardingService}
V/AlarmManager(  889): sending alarm {3c84d211 type 0 *walarm*:com.ultimarom.launchnavigation/anagog.pd.service.AlarmReceiver}
V/AlarmManager(  889): sending alarm {2d301286 type 2 *walarm*:com.android.server.task.controllers.BatteryController.ACTION_CHARGING_STABLE}
V/AlarmManager(  889): sending alarm {3f08366 type 3 *alarm*:com.google.android.gms/.lockbox.LockboxAlarmReceiver}
V/AlarmManager(  889): done {22378e9b, *walarm*:com.outfit7.talkingtom2free/com.bee7.sdk.service.RewardingService} [34ms]
V/AlarmManager(  889): done {b8dce95, *walarm*:com.nimbuzz.keep_alive} [55ms]
V/AlarmManager(  889): done {3c84d211, *walarm*:com.ultimarom.launchnavigation/anagog.pd.service.AlarmReceiver} [62ms]
V/AlarmManager(  889): done {2d301286, *walarm*:com.android.server.task.controllers.BatteryController.ACTION_CHARGING_STABLE} [65ms]
V/AlarmManager(  889): done {3f08366, *alarm*:com.google.android.gms/.lockbox.LockboxAlarmReceiver} [71ms]
I/SFPerfTracer(  301):      triggers: (rate: 380:113594) (4514526 sw vsyncs) (632191 skipped) (53:3993488 vsyncs) (55:8681784)
E/NotificationService(  889): Not posting notification with icon==0: Notification(pri=0 contentView=null vibrate=null sound=null defaults=0x0 flags=0x0 color=0x00000000 vis=PRIVATE)
E/NotificationService(  889): WARNING: In a future release this will crash the app: com.nimbuzz
E/NotificationService(  889): Not posting notification with icon==0: Notification(pri=0 contentView=null vibrate=null sound=null defaults=0x0 flags=0x0 color=0x00000000 vis=PRIVATE)
E/NotificationService(  889): WARNING: In a future release this will crash the app: com.nimbuzz
--------- beginning of main
I/MotoNetwCtrlr.MotorolaWifiSignalController( 1167): notifyListeners: calling SB [2] setWifiIndicators (Motorola api): UseMotoUI=true Vis=true SBSig=0x7f02014c=stat_sys_wifi_signal_4_fully SBAct=( none ) DescSig="Wifi signal full." DescAct="wifi idle" NetName=""Connectify-me""
I/MotoNetwCtrlr.MotoWifiHndlr( 1167): handleMessage: Completed
I/SFPerfTracer(  301):      triggers: (rate: 380:113594) (4514526 sw vsyncs) (632191 skipped) (181:3993669 vsyncs) (183:8681967)
W/ProcessCpuTracker(  889): Skipping unknown process pid 31264
I/MotoNetwCtrlr.MotoWifiHndlr( 1167): handleMessage: Entered msg.what=1
I/MotoNetwCtrlr.MotorolaWifiSignalController( 1167): isDirty: returns true
I/MotoNetwCtrlr.MotorolaWifiSignalController( 1167): notifyListeners: calling SB [0] setWifiIndicators (Motorola api): UseMotoUI=true Vis=true SBSig=0x7f02014c=stat_sys_wifi_signal_4_fully SBAct=( none ) DescSig="Wifi signal full." DescAct="wifi in and out" NetName=""Connectify-me""
I/MotoNetwCtrlr.MotorolaWifiSignalController( 1167): notifyListeners: calling SB [1] setWifiIndicators (Motorola api): UseMotoUI=true Vis=true SBSig=0x7f02014c=stat_sys_wifi_signal_4_fully SBAct=( none ) DescSig="Wifi signal full." DescAct="wifi in and out" NetName=""Connectify-me""
I/MotoNetwCtrlr.MotorolaWifiSignalController( 1167): notifyListeners: calling SB [2] setWifiIndicators (Motorola api): UseMotoUI=true Vis=true SBSig=0x7f02014c=stat_sys_wifi_signal_4_fully SBAct=( none ) DescSig="Wifi signal full." DescAct="wifi in and out" NetName=""Connectify-me""
I/MotoNetwCtrlr.MotoWifiHndlr( 1167): handleMessage: Completed
I/MotoNetwCtrlr( 1167): onReceive: Received intent=Intent { act=android.net.wifi.RSSI_CHANGED flg=0x4000010 (has extras) } Action=android.net.wifi.RSSI_CHANGED
I/MotoNetwCtrlr.MotoWifiSignalCtrlr( 1167): handleBroadcast: Entered: Intent=Intent { act=android.net.wifi.RSSI_CHANGED flg=0x4000010 (has extras) } Action=android.net.wifi.RSSI_CHANGED
I/MotoNetwCtrlr.MotorolaWifiSignalController( 1167): isDirty: returns false
I/MotoNetwCtrlr.MotoWifiSignalCtrlr( 1167): handleBroadcast: Completed
I/MotoNetwCtrlr( 1167): onReceive: Completed intent=Intent { act=android.net.wifi.RSSI_CHANGED flg=0x4000010 (has extras) } Action=android.net.wifi.RSSI_CHANGED
I/MotoNetwCtrlr.MotoWifiHndlr( 1167): handleMessage: Entered msg.what=1
I/MotoNetwCtrlr.MotorolaWifiSignalController( 1167): isDirty: returns true
I/MotoNetwCtrlr.MotorolaWifiSignalController( 1167): notifyListeners: calling SB [0] setWifiIndicators (Motorola api): UseMotoUI=true Vis=true SBSig=0x7f02014c=stat_sys_wifi_signal_4_fully SBAct=( none ) DescSig="Wifi signal full." DescAct="wifi idle" NetName=""Connectify-me""
I/MotoNetwCtrlr.MotorolaWifiSignalController( 1167): notifyListeners: calling SB [1] setWifiIndicators (Motorola api): UseMotoUI=true Vis=true SBSig=0x7f02014c=stat_sys_wifi_signal_4_fully SBAct=( none ) DescSig="Wifi signal full." DescAct="wifi idle" NetName=""Connectify-me""
I/MotoNetwCtrlr.MotorolaWifiSignalController( 1167): notifyListeners: calling SB [2] setWifiIndicators (Motorola api): UseMotoUI=true Vis=true SBSig=0x7f02014c=stat_sys_wifi_signal_4_fully SBAct=( none ) DescSig="Wifi signal full." DescAct="wifi idle" NetName=""Connectify-me""
I/MotoNetwCtrlr.MotoWifiHndlr( 1167): handleMessage: Completed
I/SFPerfTracer(  301):      triggers: (rate: 380:113594) (4514526 sw vsyncs) (632191 skipped) (80:3993782 vsyncs) (82:8682085)
E/WifiStateMachine(  889): WifiStateMachine CMD_START_SCAN source -2 txSuccessRate=1.00 rxSuccessRate=0.75 targetRoamBSSID=any RSSI=-39
E/WifiStateMachine(  889): startDelayedScan send -> 7611 milli 20000
E/WifiStateMachine(  889): WifiStateMachine CMD_START_SCAN with age=20006 interval=227812 maxinterval=300000
E/WifiStateMachine(  889): WifiStateMachine CMD_START_SCAN full=false
E/WifiStateMachine(  889): WifiStateMachine starting scan for "Connectify-me"WPA_PSK with 2442
D/MDMCTBK (  335): reply_len: 40 reply is = IFNAME=wlan0 <3>CTRL-EVENT-SCAN-STARTED 
D/MDMCTBK (  335): Event received = CTRL-EVENT-SCAN-STARTED 
E/WifiStateMachine(  889): [1,461,952,097,056 ms] noteScanstart no scan source uid -2
D/MDMCTBK (  335): reply_len: 40 reply is = IFNAME=wlan0 <3>CTRL-EVENT-SCAN-RESULTS 
D/MDMCTBK (  335): Event received = CTRL-EVENT-SCAN-RESULTS 
E/WifiStateMachine(  889): [1,461,952,097,086 ms] noteScanEnd no scan source onTime=0
E/WifiStateMachine(  889): wifi setScanResults statecom.android.server.wifi.WifiStateMachine$ConnectedState@2c3d41e9 sup_state=COMPLETED debouncing=false mConnectionRequests=1 selection=<none>
D/ libc   (  330):   31 retrying_select timeout
D/libc    (  330): dns server used:192.168.55.1
I/MotoNetwCtrlr.MotoWifiHndlr( 1167): handleMessage: Entered msg.what=1
I/MotoNetwCtrlr.MotorolaWifiSignalController( 1167): isDirty: returns true
I/MotoNetwCtrlr.MotorolaWifiSignalController( 1167): notifyListeners: calling SB [0] setWifiIndicators (Motorola api): UseMotoUI=true Vis=true SBSig=0x7f02014c=stat_sys_wifi_signal_4_fully SBAct=( none ) DescSig="Wifi signal full." DescAct="wifi out" NetName=""Connectify-me""
I/MotoNetwCtrlr.MotorolaWifiSignalController( 1167): notifyListeners: calling SB [1] setWifiIndicators (Motorola api): UseMotoUI=true Vis=true SBSig=0x7f02014c=stat_sys_wifi_signal_4_fully SBAct=( none ) DescSig="Wifi signal full." DescAct="wifi out" NetName=""Connectify-me""
I/MotoNetwCtrlr.MotorolaWifiSignalController( 1167): notifyListeners: calling SB [2] setWifiIndicators (Motorola api): UseMotoUI=true Vis=true SBSig=0x7f02014c=stat_sys_wifi_signal_4_fully SBAct=( none ) DescSig="Wifi signal full." DescAct="wifi out" NetName=""Connectify-me""
I/MotoNetwCtrlr.MotoWifiHndlr( 1167): handleMessage: Completed
I/MotoNetwCtrlr.MotoWifiHndlr( 1167): handleMessage: Entered msg.what=1
I/MotoNetwCtrlr.MotorolaWifiSignalController( 1167): isDirty: returns true
I/MotoNetwCtrlr.MotorolaWifiSignalController( 1167): notifyListeners: calling SB [0] setWifiIndicators (Motorola api): UseMotoUI=true Vis=true SBSig=0x7f02014c=stat_sys_wifi_signal_4_fully SBAct=( none ) DescSig="Wifi signal full." DescAct="wifi in and out" NetName=""Connectify-me""
I/MotoNetwCtrlr.MotorolaWifiSignalController( 1167): notifyListeners: calling SB [1] setWifiIndicators (Motorola api): UseMotoUI=true Vis=true SBSig=0x7f02014c=stat_sys_wifi_signal_4_fully SBAct=( none ) DescSig="Wifi signal full." DescAct="wifi in and out" NetName=""Connectify-me""
I/MotoNetwCtrlr.MotorolaWifiSignalController( 1167): notifyListeners: calling SB [2] setWifiIndicators (Motorola api): UseMotoUI=true Vis=true SBSig=0x7f02014c=stat_sys_wifi_signal_4_fully SBAct=( none ) DescSig="Wifi signal full." DescAct="wifi in and out" NetName=""Connectify-me""
I/MotoNetwCtrlr.MotoWifiHndlr( 1167): handleMessage: Completed
I/MotoNetwCtrlr( 1167): onReceive: Received intent=Intent { act=android.net.wifi.RSSI_CHANGED flg=0x4000010 (has extras) } Action=android.net.wifi.RSSI_CHANGED
I/MotoNetwCtrlr.MotoWifiSignalCtrlr( 1167): handleBroadcast: Entered: Intent=Intent { act=android.net.wifi.RSSI_CHANGED flg=0x4000010 (has extras) } Action=android.net.wifi.RSSI_CHANGED
I/MotoNetwCtrlr.MotorolaWifiSignalController( 1167): isDirty: returns false
I/MotoNetwCtrlr.MotoWifiSignalCtrlr( 1167): handleBroadcast: Completed
I/MotoNetwCtrlr( 1167): onReceive: Completed intent=Intent { act=android.net.wifi.RSSI_CHANGED flg=0x4000010 (has extras) } Action=android.net.wifi.RSSI_CHANGED
I/SFPerfTracer(  301):      triggers: (rate: 380:113594) (4514526 sw vsyncs) (632191 skipped) (60:3993899 vsyncs) (62:8682208)
I/MDMCTBK (  335): NetlinkHandler, power_supply subsys
I/MDMCTBK (  335): NetlinkHandler, usbChargerStateChanged
I/MDMCTBK (  335): checkDefaultInst, current pid is = 335
I/MDMCTBK (  335): checkDefaultInst, pid match
I/MDMCTBK (  335): MdmCutbackHndler,readFromFile = /sys/class/power_supply/usb/online
I/MDMCTBK (  335): MdmCutbackHndler,readFromFile = /sys/class/power_supply/pm8921-dc/online
D/HeadsetStateMachine(12129): Connected process message: 10, size: 1
I/MotoNetwCtrlr.MotoWifiHndlr( 1167): handleMessage: Entered msg.what=1
I/MotoNetwCtrlr.MotorolaWifiSignalController( 1167): isDirty: returns true
I/MotoNetwCtrlr.MotorolaWifiSignalController( 1167): notifyListeners: calling SB [0] setWifiIndicators (Motorola api): UseMotoUI=true Vis=true SBSig=0x7f02014c=stat_sys_wifi_signal_4_fully SBAct=( none ) DescSig="Wifi signal full." DescAct="wifi out" NetName=""Connectify-me""
I/MotoNetwCtrlr.MotorolaWifiSignalController( 1167): notifyListeners: calling SB [1] setWifiIndicators (Motorola api): UseMotoUI=true Vis=true SBSig=0x7f02014c=stat_sys_wifi_signal_4_fully SBAct=( none ) DescSig="Wifi signal full." DescAct="wifi out" NetName=""Connectify-me""
I/MotoNetwCtrlr.MotorolaWifiSignalController( 1167): notifyListeners: calling SB [2] setWifiIndicators (Motorola api): UseMotoUI=true Vis=true SBSig=0x7f02014c=stat_sys_wifi_signal_4_fully SBAct=( none ) DescSig="Wifi signal full." DescAct="wifi out" NetName=""Connectify-me""
I/MotoNetwCtrlr.MotoWifiHndlr( 1167): handleMessage: Completed
I/SFPerfTracer(  301):      triggers: (rate: 380:113594) (4514526 sw vsyncs) (632191 skipped) (114:3994013 vsyncs) (116:8682324)
I/MotoNetwCtrlr.MotoWifiHndlr( 1167): handleMessage: Entered msg.what=1
I/MotoNetwCtrlr.MotorolaWifiSignalController( 1167): isDirty: returns true
I/MotoNetwCtrlr.MotorolaWifiSignalController( 1167): notifyListeners: calling SB [0] setWifiIndicators (Motorola api): UseMotoUI=true Vis=true SBSig=0x7f02014c=stat_sys_wifi_signal_4_fully SBAct=( none ) DescSig="Wifi signal full." DescAct="wifi in and out" NetName=""Connectify-me""
I/MotoNetwCtrlr.MotorolaWifiSignalController( 1167): notifyListeners: calling SB [1] setWifiIndicators (Motorola api): UseMotoUI=true Vis=true SBSig=0x7f02014c=stat_sys_wifi_signal_4_fully SBAct=( none ) DescSig="Wifi signal full." DescAct="wifi in and out" NetName=""Connectify-me""
I/MotoNetwCtrlr.MotorolaWifiSignalController( 1167): notifyListeners: calling SB [2] setWifiIndicators (Motorola api): UseMotoUI=true Vis=true SBSig=0x7f02014c=stat_sys_wifi_signal_4_fully SBAct=( none ) DescSig="Wifi signal full." DescAct="wifi in and out" NetName=""Connectify-me""
I/MotoNetwCtrlr.MotoWifiHndlr( 1167): handleMessage: Completed
I/MotoNetwCtrlr( 1167): onReceive: Received intent=Intent { act=android.net.wifi.RSSI_CHANGED flg=0x4000010 (has extras) } Action=android.net.wifi.RSSI_CHANGED
I/MotoNetwCtrlr.MotoWifiSignalCtrlr( 1167): handleBroadcast: Entered: Intent=Intent { act=android.net.wifi.RSSI_CHANGED flg=0x4000010 (has extras) } Action=android.net.wifi.RSSI_CHANGED
I/MotoNetwCtrlr.MotorolaWifiSignalController( 1167): isDirty: returns false
I/MotoNetwCtrlr.MotoWifiSignalCtrlr( 1167): handleBroadcast: Completed
I/MotoNetwCtrlr( 1167): onReceive: Completed intent=Intent { act=android.net.wifi.RSSI_CHANGED flg=0x4000010 (has extras) } Action=android.net.wifi.RSSI_CHANGED
E/StorageController(31346): hostSelected data host name nimbuzz.com:null
I/SFPerfTracer(  301):      triggers: (rate: 380:113594) (4514526 sw vsyncs) (632191 skipped) (56:3994133 vsyncs) (58:8682448)
I/MotoNetwCtrlr.MotoWifiHndlr( 1167): handleMessage: Entered msg.what=1
I/MotoNetwCtrlr.MotorolaWifiSignalController( 1167): isDirty: returns true
I/MotoNetwCtrlr.MotorolaWifiSignalController( 1167): notifyListeners: calling SB [0] setWifiIndicators (Motorola api): UseMotoUI=true Vis=true SBSig=0x7f02014c=stat_sys_wifi_signal_4_fully SBAct=( none ) DescSig="Wifi signal full." DescAct="wifi idle" NetName=""Connectify-me""
I/MotoNetwCtrlr.MotorolaWifiSignalController( 1167): notifyListeners: calling SB [1] setWifiIndicators (Motorola api): UseMotoUI=true Vis=true SBSig=0x7f02014c=stat_sys_wifi_signal_4_fully SBAct=( none ) DescSig="Wifi signal full." DescAct="wifi idle" NetName=""Connectify-me""
I/MotoNetwCtrlr.MotorolaWifiSignalController( 1167): notifyListeners: calling SB [2] setWifiIndicators (Motorola api): UseMotoUI=true Vis=true SBSig=0x7f02014c=stat_sys_wifi_signal_4_fully SBAct=( none ) DescSig="Wifi signal full." DescAct="wifi idle" NetName=""Connectify-me""
I/MotoNetwCtrlr.MotoWifiHndlr( 1167): handleMessage: Completed
I/SFPerfTracer(  301):      triggers: (rate: 380:113594) (4514526 sw vsyncs) (632191 skipped) (121:3994254 vsyncs) (123:8682571)
I/MotoNetwCtrlr( 1167): onReceive: Received intent=Intent { act=android.net.wifi.RSSI_CHANGED flg=0x4000010 (has extras) } Action=android.net.wifi.RSSI_CHANGED
I/MotoNetwCtrlr.MotoWifiSignalCtrlr( 1167): handleBroadcast: Entered: Intent=Intent { act=android.net.wifi.RSSI_CHANGED flg=0x4000010 (has extras) } Action=android.net.wifi.RSSI_CHANGED
I/MotoNetwCtrlr.MotorolaWifiSignalController( 1167): isDirty: returns false
I/MotoNetwCtrlr.MotoWifiSignalCtrlr( 1167): handleBroadcast: Completed
I/MotoNetwCtrlr( 1167): onReceive: Completed intent=Intent { act=android.net.wifi.RSSI_CHANGED flg=0x4000010 (has extras) } Action=android.net.wifi.RSSI_CHANGED
I/SFPerfTracer(  301):      triggers: (rate: 380:113594) (4514526 sw vsyncs) (632191 skipped) (121:3994375 vsyncs) (123:8682695)
I/MotoNetwCtrlr.MotoWifiHndlr( 1167): handleMessage: Entered msg.what=1
I/MotoNetwCtrlr.MotorolaWifiSignalController( 1167): isDirty: returns true
I/MotoNetwCtrlr.MotorolaWifiSignalController( 1167): notifyListeners: calling SB [0] setWifiIndicators (Motorola api): UseMotoUI=true Vis=true SBSig=0x7f02014c=stat_sys_wifi_signal_4_fully SBAct=( none ) DescSig="Wifi signal full." DescAct="wifi in and out" NetName=""Connectify-me""
I/MotoNetwCtrlr.MotorolaWifiSignalController( 1167): notifyListeners: calling SB [1] setWifiIndicators (Motorola api): UseMotoUI=true Vis=true SBSig=0x7f02014c=stat_sys_wifi_signal_4_fully SBAct=( none ) DescSig="Wifi signal full." DescAct="wifi in and out" NetName=""Connectify-me""
I/MotoNetwCtrlr.MotorolaWifiSignalController( 1167): notifyListeners: calling SB [2] setWifiIndicators (Motorola api): UseMotoUI=true Vis=true SBSig=0x7f02014c=stat_sys_wifi_signal_4_fully SBAct=( none ) DescSig="Wifi signal full." DescAct="wifi in and out" NetName=""Connectify-me""
I/MotoNetwCtrlr.MotoWifiHndlr( 1167): handleMessage: Completed
I/MotoNetwCtrlr( 1167): onReceive: Received intent=Intent { act=android.net.wifi.RSSI_CHANGED flg=0x4000010 (has extras) } Action=android.net.wifi.RSSI_CHANGED
I/MotoNetwCtrlr.MotoWifiSignalCtrlr( 1167): handleBroadcast: Entered: Intent=Intent { act=android.net.wifi.RSSI_CHANGED flg=0x4000010 (has extras) } Action=android.net.wifi.RSSI_CHANGED
I/MotoNetwCtrlr.MotorolaWifiSignalController( 1167): isDirty: returns false
I/MotoNetwCtrlr.MotoWifiSignalCtrlr( 1167): handleBroadcast: Completed
I/MotoNetwCtrlr( 1167): onReceive: Completed intent=Intent { act=android.net.wifi.RSSI_CHANGED flg=0x4000010 (has extras) } Action=android.net.wifi.RSSI_CHANGED
D/LinPhoneMS(31346): Java_com_nimbuzz_services_LinPhoneMSEngine_LinPhoneMSVE_1Initialize
D/LinPhoneMS(31346): *LinPhoneMS* Native initialize successful
D/GCM     (28921): GcmService start Intent { act=com.google.android.c2dm.intent.REGISTER cmp=com.google.android.gms/.gcm.GcmService (has extras) } com.google.android.c2dm.intent.REGISTER
I/MotoNetwCtrlr.MotoWifiHndlr( 1167): handleMessage: Entered msg.what=1
I/MotoNetwCtrlr.MotorolaWifiSignalController( 1167): isDirty: returns true
I/MotoNetwCtrlr.MotorolaWifiSignalController( 1167): notifyListeners: calling SB [0] setWifiIndicators (Motorola api): UseMotoUI=true Vis=true SBSig=0x7f02014c=stat_sys_wifi_signal_4_fully SBAct=( none ) DescSig="Wifi signal full." DescAct="wifi idle" NetName=""Connectify-me""
I/MotoNetwCtrlr.MotorolaWifiSignalController( 1167): notifyListeners: calling SB [1] setWifiIndicators (Motorola api): UseMotoUI=true Vis=true SBSig=0x7f02014c=stat_sys_wifi_signal_4_fully SBAct=( none ) DescSig="Wifi signal full." DescAct="wifi idle" NetName=""Connectify-me""
I/MotoNetwCtrlr.MotorolaWifiSignalController( 1167): notifyListeners: calling SB [2] setWifiIndicators (Motorola api): UseMotoUI=true Vis=true SBSig=0x7f02014c=stat_sys_wifi_signal_4_fully SBAct=( none ) DescSig="Wifi signal full." DescAct="wifi idle" NetName=""Connectify-me""
I/MotoNetwCtrlr.MotoWifiHndlr( 1167): handleMessage: Completed
I/MotoNetwCtrlr.MotoWifiHndlr( 1167): handleMessage: Entered msg.what=1
I/MotoNetwCtrlr.MotorolaWifiSignalController( 1167): isDirty: returns true
I/MotoNetwCtrlr.MotorolaWifiSignalController( 1167): notifyListeners: calling SB [0] setWifiIndicators (Motorola api): UseMotoUI=true Vis=true SBSig=0x7f02014c=stat_sys_wifi_signal_4_fully SBAct=( none ) DescSig="Wifi signal full." DescAct="wifi in and out" NetName=""Connectify-me""
I/MotoNetwCtrlr.MotorolaWifiSignalController( 1167): notifyListeners: calling SB [1] setWifiIndicators (Motorola api): UseMotoUI=true Vis=true SBSig=0x7f02014c=stat_sys_wifi_signal_4_fully SBAct=( none ) DescSig="Wifi signal full." DescAct="wifi in and out" NetName=""Connectify-me""
I/MotoNetwCtrlr.MotorolaWifiSignalController( 1167): notifyListeners: calling SB [2] setWifiIndicators (Motorola api): UseMotoUI=true Vis=true SBSig=0x7f02014c=stat_sys_wifi_signal_4_fully SBAct=( none ) DescSig="Wifi signal full." DescAct="wifi in and out" NetName=""Connectify-me""
I/MotoNetwCtrlr.MotoWifiHndlr( 1167): handleMessage: Completed
I/MotoNetwCtrlr( 1167): onReceive: Received intent=Intent { act=android.net.wifi.RSSI_CHANGED flg=0x4000010 (has extras) } Action=android.net.wifi.RSSI_CHANGED
I/MotoNetwCtrlr.MotoWifiSignalCtrlr( 1167): handleBroadcast: Entered: Intent=Intent { act=android.net.wifi.RSSI_CHANGED flg=0x4000010 (has extras) } Action=android.net.wifi.RSSI_CHANGED
I/MotoNetwCtrlr.MotorolaWifiSignalController( 1167): isDirty: returns false
I/MotoNetwCtrlr.MotoWifiSignalCtrlr( 1167): handleBroadcast: Completed
I/MotoNetwCtrlr( 1167): onReceive: Completed intent=Intent { act=android.net.wifi.RSSI_CHANGED flg=0x4000010 (has extras) } Action=android.net.wifi.RSSI_CHANGED
I/SFPerfTracer(  301):      triggers: (rate: 380:113594) (4514526 sw vsyncs) (632191 skipped) (182:3994609 vsyncs) (184:8682935)
I/MotoNetwCtrlr.MotoWifiHndlr( 1167): handleMessage: Entered msg.what=1
I/MotoNetwCtrlr.MotorolaWifiSignalController( 1167): isDirty: returns true
I/MotoNetwCtrlr.MotorolaWifiSignalController( 1167): notifyListeners: calling SB [0] setWifiIndicators (Motorola api): UseMotoUI=true Vis=true SBSig=0x7f02014c=stat_sys_wifi_signal_4_fully SBAct=( none ) DescSig="Wifi signal full." DescAct="wifi idle" NetName=""Connectify-me""
I/MotoNetwCtrlr.MotorolaWifiSignalController( 1167): notifyListeners: calling SB [1] setWifiIndicators (Motorola api): UseMotoUI=true Vis=true SBSig=0x7f02014c=stat_sys_wifi_signal_4_fully SBAct=( none ) DescSig="Wifi signal full." DescAct="wifi idle" NetName=""Connectify-me""
I/MotoNetwCtrlr.MotorolaWifiSignalController( 1167): notifyListeners: calling SB [2] setWifiIndicators (Motorola api): UseMotoUI=true Vis=true SBSig=0x7f02014c=stat_sys_wifi_signal_4_fully SBAct=( none ) DescSig="Wifi signal full." DescAct="wifi idle" NetName=""Connectify-me""
I/MotoNetwCtrlr.MotoWifiHndlr( 1167): handleMessage: Completed
I/SFPerfTracer(  301):      triggers: (rate: 380:113594) (4514526 sw vsyncs) (632191 skipped) (120:3994729 vsyncs) (122:8683057)
I/MotoNetwCtrlr( 1167): onReceive: Received intent=Intent { act=android.net.wifi.RSSI_CHANGED flg=0x4000010 (has extras) } Action=android.net.wifi.RSSI_CHANGED
I/MotoNetwCtrlr.MotoWifiSignalCtrlr( 1167): handleBroadcast: Entered: Intent=Intent { act=android.net.wifi.RSSI_CHANGED flg=0x4000010 (has extras) } Action=android.net.wifi.RSSI_CHANGED
I/MotoNetwCtrlr.MotorolaWifiSignalController( 1167): isDirty: returns false
I/MotoNetwCtrlr.MotoWifiSignalCtrlr( 1167): handleBroadcast: Completed
I/MotoNetwCtrlr( 1167): onReceive: Completed intent=Intent { act=android.net.wifi.RSSI_CHANGED flg=0x4000010 (has extras) } Action=android.net.wifi.RSSI_CHANGED
I/SFPerfTracer(  301):      triggers: (rate: 380:113594) (4514526 sw vsyncs) (632191 skipped) (121:3994850 vsyncs) (123:8683182)
I/MotoNetwCtrlr( 1167): onReceive: Received intent=Intent { act=android.net.wifi.RSSI_CHANGED flg=0x4000010 (has extras) } Action=android.net.wifi.RSSI_CHANGED
I/MotoNetwCtrlr.MotoWifiSignalCtrlr( 1167): handleBroadcast: Entered: Intent=Intent { act=android.net.wifi.RSSI_CHANGED flg=0x4000010 (has extras) } Action=android.net.wifi.RSSI_CHANGED
I/MotoNetwCtrlr.MotorolaWifiSignalController( 1167): isDirty: returns false
I/MotoNetwCtrlr.MotoWifiSignalCtrlr( 1167): handleBroadcast: Completed
I/MotoNetwCtrlr( 1167): onReceive: Completed intent=Intent { act=android.net.wifi.RSSI_CHANGED flg=0x4000010 (has extras) } Action=android.net.wifi.RSSI_CHANGED
E/WifiStateMachine(  889): WifiStateMachine CMD_START_SCAN source -2 txSuccessRate=4.58 rxSuccessRate=5.25 targetRoamBSSID=any RSSI=-38
E/WifiStateMachine(  889): startDelayedScan send -> 7612 milli 20000
E/WifiStateMachine(  889): WifiStateMachine CMD_START_SCAN with age=40008 interval=227812 maxinterval=300000
E/WifiStateMachine(  889): WifiStateMachine CMD_START_SCAN full=false
E/WifiStateMachine(  889): WifiStateMachine starting scan for "Connectify-me"WPA_PSK with 2442
D/MDMCTBK (  335): reply_len: 40 reply is = IFNAME=wlan0 <3>CTRL-EVENT-SCAN-STARTED 
D/MDMCTBK (  335): Event received = CTRL-EVENT-SCAN-STARTED 
E/WifiStateMachine(  889): [1,461,952,117,053 ms] noteScanstart no scan source uid -2
I/SFPerfTracer(  301):      triggers: (rate: 380:113594) (4514526 sw vsyncs) (632191 skipped) (115:3994965 vsyncs) (117:8683299)
D/MDMCTBK (  335): reply_len: 40 reply is = IFNAME=wlan0 <3>CTRL-EVENT-BSS-REMOVED 1
D/MDMCTBK (  335): Event received = CTRL-EVENT-BSS-REMOVED 1
D/MDMCTBK (  335): reply_len: 40 reply is = IFNAME=wlan0 <3>CTRL-EVENT-BSS-REMOVED 1
D/MDMCTBK (  335): Event received = CTRL-EVENT-BSS-REMOVED 1
D/MDMCTBK (  335): reply_len: 40 reply is = IFNAME=wlan0 <3>CTRL-EVENT-BSS-REMOVED 1
D/MDMCTBK (  335): Event received = CTRL-EVENT-BSS-REMOVED 1
D/MDMCTBK (  335): reply_len: 40 reply is = IFNAME=wlan0 <3>CTRL-EVENT-BSS-REMOVED 1
D/MDMCTBK (  335): Event received = CTRL-EVENT-BSS-REMOVED 1
D/MDMCTBK (  335): reply_len: 40 reply is = IFNAME=wlan0 <3>CTRL-EVENT-BSS-REMOVED 1
D/MDMCTBK (  335): Event received = CTRL-EVENT-BSS-REMOVED 1
D/MDMCTBK (  335): reply_len: 40 reply is = IFNAME=wlan0 <3>CTRL-EVENT-BSS-REMOVED 1
D/MDMCTBK (  335): Event received = CTRL-EVENT-BSS-REMOVED 1
D/MDMCTBK (  335): reply_len: 40 reply is = IFNAME=wlan0 <3>CTRL-EVENT-BSS-REMOVED 1
D/MDMCTBK (  335): Event received = CTRL-EVENT-BSS-REMOVED 1
D/MDMCTBK (  335): reply_len: 40 reply is = IFNAME=wlan0 <3>CTRL-EVENT-BSS-REMOVED 1
D/MDMCTBK (  335): Event received = CTRL-EVENT-BSS-REMOVED 1
D/MDMCTBK (  335): reply_len: 40 reply is = IFNAME=wlan0 <3>CTRL-EVENT-BSS-REMOVED 1
D/MDMCTBK (  335): Event received = CTRL-EVENT-BSS-REMOVED 1
D/MDMCTBK (  335): reply_len: 40 reply is = IFNAME=wlan0 <3>CTRL-EVENT-BSS-REMOVED 1
D/MDMCTBK (  335): Event received = CTRL-EVENT-BSS-REMOVED 1
D/MDMCTBK (  335): reply_len: 40 reply is = IFNAME=wlan0 <3>CTRL-EVENT-BSS-REMOVED 1
D/MDMCTBK (  335): Event received = CTRL-EVENT-BSS-REMOVED 1
D/MDMCTBK (  335): reply_len: 40 reply is = IFNAME=wlan0 <3>CTRL-EVENT-BSS-REMOVED 1
D/MDMCTBK (  335): Event received = CTRL-EVENT-BSS-REMOVED 1
D/MDMCTBK (  335): reply_len: 40 reply is = IFNAME=wlan0 <3>CTRL-EVENT-SCAN-RESULTS 
D/MDMCTBK (  335): Event received = CTRL-EVENT-SCAN-RESULTS 
E/WifiStateMachine(  889): [1,461,952,117,089 ms] noteScanEnd no scan source onTime=0
E/WifiStateMachine(  889): wifi setScanResults statecom.android.server.wifi.WifiStateMachine$ConnectedState@2c3d41e9 sup_state=COMPLETED debouncing=false mConnectionRequests=1 selection=<none>
I/MotoNetwCtrlr( 1167): onReceive: Received intent=Intent { act=android.net.wifi.RSSI_CHANGED flg=0x4000010 (has extras) } Action=android.net.wifi.RSSI_CHANGED
I/MotoNetwCtrlr.MotoWifiSignalCtrlr( 1167): handleBroadcast: Entered: Intent=Intent { act=android.net.wifi.RSSI_CHANGED flg=0x4000010 (has extras) } Action=android.net.wifi.RSSI_CHANGED
I/MotoNetwCtrlr.MotorolaWifiSignalController( 1167): isDirty: returns false
I/MotoNetwCtrlr.MotoWifiSignalCtrlr( 1167): handleBroadcast: Completed
I/MotoNetwCtrlr( 1167): onReceive: Completed intent=Intent { act=android.net.wifi.RSSI_CHANGED flg=0x4000010 (has extras) } Action=android.net.wifi.RSSI_CHANGED
I/SFPerfTracer(  301):      triggers: (rate: 380:113594) (4514526 sw vsyncs) (632191 skipped) (189:3995154 vsyncs) (191:8683490)
I/ActivityManager(  889): Start proc 31769:com.ted.android/u0a123 for service com.ted.android/.service.DataUpdaterService
V/AlarmManager(  889): sending alarm {209bc6a0 type 0 *walarm*:com.ted.android/.service.DataUpdaterService}
V/AlarmManager(  889): done {209bc6a0, *walarm*:com.ted.android/.service.DataUpdaterService} [76ms]
I/art     (  347): Explicit concurrent mark sweep GC freed 706(30KB) AllocSpace objects, 0(0B) LOS objects, 39% free, 7MB/12MB, paused 518us total 23.073ms
I/art     (  347): Explicit concurrent mark sweep GC freed 5(160B) AllocSpace objects, 0(0B) LOS objects, 39% free, 7MB/12MB, paused 244us total 25.148ms
I/art     (  347): Explicit concurrent mark sweep GC freed 5(160B) AllocSpace objects, 0(0B) LOS objects, 39% free, 7MB/12MB, paused 244us total 12.330ms
I/Logging (31769): Testing for android stub library...
D/DynamicConfigurationHelper(31769): Starting dynamic configuration update
D/DynamicConfigurationHelper(31769): Configuration update not needed
D/DynamicConfigurationHelper(31769): Starting dynamic configuration update
D/DynamicConfigurationHelper(31769): Configuration update not needed
D/DbCoreHelper(31769): doesTableExist:subtitle
D/DataUpdaterService(31769): LastupdatedTimeStamp: 2016-04-28
D/FeedHelper(31769): TEDApiInputStream: https://app-api.ted.com/v1/speakers.json?limit=3000&api-key=zdue9kjche29m2x3ssz6dca5&filter=updated_at:%3E2016-04-28
D/FeedHelper(31769): getInputStream: https://app-api.ted.com/v1/speakers.json?limit=3000&api-key=zdue9kjche29m2x3ssz6dca5&filter=updated_at:%3E2016-04-28
I/MotoNetwCtrlr.MotoWifiHndlr( 1167): handleMessage: Entered msg.what=1
I/MotoNetwCtrlr.MotorolaWifiSignalController( 1167): isDirty: returns true
I/MotoNetwCtrlr.MotorolaWifiSignalController( 1167): notifyListeners: calling SB [0] setWifiIndicators (Motorola api): UseMotoUI=true Vis=true SBSig=0x7f02014c=stat_sys_wifi_signal_4_fully SBAct=( none ) DescSig="Wifi signal full." DescAct="wifi in and out" NetName=""Connectify-me""
I/MotoNetwCtrlr.MotorolaWifiSignalController( 1167): notifyListeners: calling SB [1] setWifiIndicators (Motorola api): UseMotoUI=true Vis=true SBSig=0x7f02014c=stat_sys_wifi_signal_4_fully SBAct=( none ) DescSig="Wifi signal full." DescAct="wifi in and out" NetName=""Connectify-me""
I/MotoNetwCtrlr.MotorolaWifiSignalController( 1167): notifyListeners: calling SB [2] setWifiIndicators (Motorola api): UseMotoUI=true Vis=true SBSig=0x7f02014c=stat_sys_wifi_signal_4_fully SBAct=( none ) DescSig="Wifi signal full." DescAct="wifi in and out" NetName=""Connectify-me""
I/MotoNetwCtrlr.MotoWifiHndlr( 1167): handleMessage: Completed
I/MotoNetwCtrlr.MotoNetwCtrlrImpl.MotorolaMobileSignalController( 2 ) ( 1167): MotorolaMobilePhoneStateListener.onSignalStrengthsChanged: Entered: signalStrength=SignalStrength: 16 0 -120 -160 -120 -1 -1 99 2147483647 2147483647 2147483647 2147483647 2147483647 gsm|lte 0 -108 -1 false 4 4 0 0 0 99 99 99 4 0 level=4
I/MotoNetwCtrlr.MotoNetwCtrlrImpl.MotorolaMobileSignalController( 2 ) ( 1167): isDirty: returns true
I/MotoNetwCtrlr.MotoNetwCtrlrImpl.MotorolaMobileSignalController( 2 ) ( 1167): notifyListeners: calling SB [0] setMobileDataIndicators (Motorola api): mobileUseMotoUI=true mobileEnabled=true mobileSimIconId=( none ) mobileSignalIconId=0x7f02048c=zz_moto_stat_sys_signal_4_of_4_fully_wide mobileRoamingIconId=( none ) mobileDataTypeIconId=( none ) mobileDataActivityIconId=( none ) mobileCarrierDescription="o2-de+|o2 - de" mobileSimDescription="" mobileSignalContentDescription="phone signal full strength" mobileRoamingDescription="" mobileDataTypeContentDescription="H" mobileDataActivityContentDescription="" mobileIsRoaming=false isDataTypeIconWide=true mobileIsBidiDirectionEnabled=false mobileSubId=2
I/MotoNetwCtrlr.MotoNetwCtrlrImpl.MotorolaMobileSignalController( 2 ) ( 1167): notifyListeners: calling SB [1] setMobileDataIndicators (Motorola api): mobileUseMotoUI=true mobileEnabled=true mobileSimIconId=( none ) mobileSignalIconId=0x7f02048c=zz_moto_stat_sys_signal_4_of_4_fully_wide mobileRoamingIconId=( none ) mobileDataTypeIconId=( none ) mobileDataActivityIconId=( none ) mobileCarrierDescription="o2-de+|o2 - de" mobileSimDescription="" mobileSignalContentDescription="phone signal full strength" mobileRoamingDescription="" mobileDataTypeContentDescription="H" mobileDataActivityContentDescription="" mobileIsRoaming=false isDataTypeIconWide=true mobileIsBidiDirectionEnabled=false mobileSubId=2
I/MotoNetwCtrlr.MotoNetwCtrlrImpl.MotorolaMobileSignalController( 2 ) ( 1167): notifyListeners: calling SB [2] setMobileDataIndicators (Motorola api): mobileUseMotoUI=true mobileEnabled=true mobileSimIconId=( none ) mobileSignalIconId=0x7f02048c=zz_moto_stat_sys_signal_4_of_4_fully_wide mobileRoamingIconId=( none ) mobileDataTypeIconId=( none ) mobileDataActivityIconId=( none ) mobileCarrierDescription="o2-de+|o2 - de" mobileSimDescription="" mobileSignalContentDescription="phone signal full strength" mobileRoamingDescription="" mobileDataTypeContentDescription="H" mobileDataActivityContentDescription="" mobileIsRoaming=false isDataTypeIconWide=true mobileIsBidiDirectionEnabled=false mobileSubId=2
I/SFPerfTracer(  301):      triggers: (rate: 380:113594) (4514526 sw vsyncs) (632191 skipped) (95:3995307 vsyncs) (97:8683649)
I/MotoNetwCtrlr.MotoNetwCtrlrImpl.MotorolaMobileSignalController( 2 ) ( 1167): MotorolaMobilePhoneStateListener.onSignalStrengthsChanged: completed: level=4
I/MotoNetwCtrlr.MotoWifiHndlr( 1167): handleMessage: Entered msg.what=1
I/MotoNetwCtrlr.MotorolaWifiSignalController( 1167): isDirty: returns true
I/MotoNetwCtrlr.MotorolaWifiSignalController( 1167): notifyListeners: calling SB [0] setWifiIndicators (Motorola api): UseMotoUI=true Vis=true SBSig=0x7f02014c=stat_sys_wifi_signal_4_fully SBAct=( none ) DescSig="Wifi signal full." DescAct="wifi out" NetName=""Connectify-me""
I/MotoNetwCtrlr.MotorolaWifiSignalController( 1167): notifyListeners: calling SB [1] setWifiIndicators (Motorola api): UseMotoUI=true Vis=true SBSig=0x7f02014c=stat_sys_wifi_signal_4_fully SBAct=( none ) DescSig="Wifi signal full." DescAct="wifi out" NetName=""Connectify-me""
I/MotoNetwCtrlr.MotorolaWifiSignalController( 1167): notifyListeners: calling SB [2] setWifiIndicators (Motorola api): UseMotoUI=true Vis=true SBSig=0x7f02014c=stat_sys_wifi_signal_4_fully SBAct=( none ) DescSig="Wifi signal full." DescAct="wifi out" NetName=""Connectify-me""
I/MotoNetwCtrlr.MotoWifiHndlr( 1167): handleMessage: Completed
I/MotoNetwCtrlr( 1167): onReceive: Received intent=Intent { act=android.net.wifi.RSSI_CHANGED flg=0x4000010 (has extras) } Action=android.net.wifi.RSSI_CHANGED
I/MotoNetwCtrlr.MotoWifiSignalCtrlr( 1167): handleBroadcast: Entered: Intent=Intent { act=android.net.wifi.RSSI_CHANGED flg=0x4000010 (has extras) } Action=android.net.wifi.RSSI_CHANGED
I/MotoNetwCtrlr.MotorolaWifiSignalController( 1167): isDirty: returns false
I/MotoNetwCtrlr.MotoWifiSignalCtrlr( 1167): handleBroadcast: Completed
I/MotoNetwCtrlr( 1167): onReceive: Completed intent=Intent { act=android.net.wifi.RSSI_CHANGED flg=0x4000010 (has extras) } Action=android.net.wifi.RSSI_CHANGED
I/MotoNetwCtrlr.MotoWifiHndlr( 1167): handleMessage: Entered msg.what=1
I/MotoNetwCtrlr.MotorolaWifiSignalController( 1167): isDirty: returns true
I/MotoNetwCtrlr.MotorolaWifiSignalController( 1167): notifyListeners: calling SB [0] setWifiIndicators (Motorola api): UseMotoUI=true Vis=true SBSig=0x7f02014c=stat_sys_wifi_signal_4_fully SBAct=( none ) DescSig="Wifi signal full." DescAct="wifi in and out" NetName=""Connectify-me""
I/MotoNetwCtrlr.MotorolaWifiSignalController( 1167): notifyListeners: calling SB [1] setWifiIndicators (Motorola api): UseMotoUI=true Vis=true SBSig=0x7f02014c=stat_sys_wifi_signal_4_fully SBAct=( none ) DescSig="Wifi signal full." DescAct="wifi in and out" NetName=""Connectify-me""
I/MotoNetwCtrlr.MotorolaWifiSignalController( 1167): notifyListeners: calling SB [2] setWifiIndicators (Motorola api): UseMotoUI=true Vis=true SBSig=0x7f02014c=stat_sys_wifi_signal_4_fully SBAct=( none ) DescSig="Wifi signal full." DescAct="wifi in and out" NetName=""Connectify-me""
I/MotoNetwCtrlr.MotoWifiHndlr( 1167): handleMessage: Completed
D/FeedHelper(31769): TEDApiInputStream: https://app-api.ted.com/v1/events.json?limit=1000&api-key=zdue9kjche29m2x3ssz6dca5&filter=updated_at:%3E2016-04-28
D/FeedHelper(31769): getInputStream: https://app-api.ted.com/v1/events.json?limit=1000&api-key=zdue9kjche29m2x3ssz6dca5&filter=updated_at:%3E2016-04-28
D/FeedHelper(31769): TEDApiInputStream: https://app-api.ted.com/v1/talk_catalogs/android_v1.json?api-key=zdue9kjche29m2x3ssz6dca5&limit=400&offset=0&externals=false&fields=duration_in_seconds,short_url&filter=updated_at:%3E2016-04-28
D/FeedHelper(31769): getInputStream: https://app-api.ted.com/v1/talk_catalogs/android_v1.json?api-key=zdue9kjche29m2x3ssz6dca5&limit=400&offset=0&externals=false&fields=duration_in_seconds,short_url&filter=updated_at:%3E2016-04-28
I/MotoNetwCtrlr( 1167): onReceive: Received intent=Intent { act=android.net.wifi.RSSI_CHANGED flg=0x4000010 (has extras) } Action=android.net.wifi.RSSI_CHANGED
I/MotoNetwCtrlr.MotoWifiSignalCtrlr( 1167): handleBroadcast: Entered: Intent=Intent { act=android.net.wifi.RSSI_CHANGED flg=0x4000010 (has extras) } Action=android.net.wifi.RSSI_CHANGED
I/MotoNetwCtrlr.MotorolaWifiSignalController( 1167): isDirty: returns false
I/MotoNetwCtrlr.MotoWifiSignalCtrlr( 1167): handleBroadcast: Completed
I/MotoNetwCtrlr( 1167): onReceive: Completed intent=Intent { act=android.net.wifi.RSSI_CHANGED flg=0x4000010 (has extras) } Action=android.net.wifi.RSSI_CHANGED
D/FeedHelper(31769): TEDApiInputStream: https://app-api.ted.com/v1/talk_languages/android_v1.json?limit=3000&api-key=zdue9kjche29m2x3ssz6dca5&filter=updated_at:%3E2016-04-28
D/FeedHelper(31769): getInputStream: https://app-api.ted.com/v1/talk_languages/android_v1.json?limit=3000&api-key=zdue9kjche29m2x3ssz6dca5&filter=updated_at:%3E2016-04-28
D/FeedHelper(31769): TEDApiInputStream: https://app-api.ted.com/v1/talks/ids.json?sort=popular&podcasts=true&api-key=zdue9kjche29m2x3ssz6dca5
D/FeedHelper(31769): getInputStream: https://app-api.ted.com/v1/talks/ids.json?sort=popular&podcasts=true&api-key=zdue9kjche29m2x3ssz6dca5
W/CursorWindow(31769): Window is full: requested allocation 408 bytes, free space 186 bytes, window size 2097152 bytes
I/MotoNetwCtrlr.MotoWifiHndlr( 1167): handleMessage: Entered msg.what=1
I/MotoNetwCtrlr.MotorolaWifiSignalController( 1167): isDirty: returns true
I/MotoNetwCtrlr.MotorolaWifiSignalController( 1167): notifyListeners: calling SB [0] setWifiIndicators (Motorola api): UseMotoUI=true Vis=true SBSig=0x7f02014c=stat_sys_wifi_signal_4_fully SBAct=( none ) DescSig="Wifi signal full." DescAct="wifi idle" NetName=""Connectify-me""
I/MotoNetwCtrlr.MotorolaWifiSignalController( 1167): notifyListeners: calling SB [1] setWifiIndicators (Motorola api): UseMotoUI=true Vis=true SBSig=0x7f02014c=stat_sys_wifi_signal_4_fully SBAct=( none ) DescSig="Wifi signal full." DescAct="wifi idle" NetName=""Connectify-me""
I/MotoNetwCtrlr.MotorolaWifiSignalController( 1167): notifyListeners: calling SB [2] setWifiIndicators (Motorola api): UseMotoUI=true Vis=true SBSig=0x7f02014c=stat_sys_wifi_signal_4_fully SBAct=( none ) DescSig="Wifi signal full." DescAct="wifi idle" NetName=""Connectify-me""
I/MotoNetwCtrlr.MotoWifiHndlr( 1167): handleMessage: Completed
I/MotoNetwCtrlr( 1167): onReceive: Received intent=Intent { act=android.net.wifi.RSSI_CHANGED flg=0x4000010 (has extras) } Action=android.net.wifi.RSSI_CHANGED
I/MotoNetwCtrlr.MotoWifiSignalCtrlr( 1167): handleBroadcast: Entered: Intent=Intent { act=android.net.wifi.RSSI_CHANGED flg=0x4000010 (has extras) } Action=android.net.wifi.RSSI_CHANGED
I/MotoNetwCtrlr.MotorolaWifiSignalController( 1167): isDirty: returns false
I/MotoNetwCtrlr.MotoWifiSignalCtrlr( 1167): handleBroadcast: Completed
I/MotoNetwCtrlr( 1167): onReceive: Completed intent=Intent { act=android.net.wifi.RSSI_CHANGED flg=0x4000010 (has extras) } Action=android.net.wifi.RSSI_CHANGED
D/FeedHelper(31769): TEDApiInputStream: https://app-api.ted.com/v1/playlists.json?fields=playlist_items,suggestions,attribution_data,duration_in_seconds,image,guest_curated,original_image&limit=50&offset=0&api-key=zdue9kjche29m2x3ssz6dca5&image_size=424x424&filter=updated_at:%3E2016-04-28
D/FeedHelper(31769): getInputStream: https://app-api.ted.com/v1/playlists.json?fields=playlist_items,suggestions,attribution_data,duration_in_seconds,image,guest_curated,original_image&limit=50&offset=0&api-key=zdue9kjche29m2x3ssz6dca5&image_size=424x424&filter=updated_at:%3E2016-04-28
I/MotoNetwCtrlr.MotoWifiHndlr( 1167): handleMessage: Entered msg.what=1
I/MotoNetwCtrlr.MotorolaWifiSignalController( 1167): isDirty: returns true
I/MotoNetwCtrlr.MotorolaWifiSignalController( 1167): notifyListeners: calling SB [0] setWifiIndicators (Motorola api): UseMotoUI=true Vis=true SBSig=0x7f02014c=stat_sys_wifi_signal_4_fully SBAct=( none ) DescSig="Wifi signal full." DescAct="wifi out" NetName=""Connectify-me""
I/MotoNetwCtrlr.MotorolaWifiSignalController( 1167): notifyListeners: calling SB [1] setWifiIndicators (Motorola api): UseMotoUI=true Vis=true SBSig=0x7f02014c=stat_sys_wifi_signal_4_fully SBAct=( none ) DescSig="Wifi signal full." DescAct="wifi out" NetName=""Connectify-me""
I/MotoNetwCtrlr.MotorolaWifiSignalController( 1167): notifyListeners: calling SB [2] setWifiIndicators (Motorola api): UseMotoUI=true Vis=true SBSig=0x7f02014c=stat_sys_wifi_signal_4_fully SBAct=( none ) DescSig="Wifi signal full." DescAct="wifi out" NetName=""Connectify-me""
I/MotoNetwCtrlr.MotoWifiHndlr( 1167): handleMessage: Completed
I/SFPerfTracer(  301):      triggers: (rate: 380:113594) (4514526 sw vsyncs) (632191 skipped) (424:3995743 vsyncs) (426:8684090)
I/MotoNetwCtrlr.MotoNetwCtrlrImpl.MotorolaMobileSignalController( 2 ) ( 1167): MotorolaMobilePhoneStateListener.onSignalStrengthsChanged: Entered: signalStrength=SignalStrength: 17 0 -120 -160 -120 -1 -1 99 2147483647 2147483647 2147483647 2147483647 2147483647 gsm|lte 0 -108 -1 false 4 4 0 0 0 99 99 99 4 0 level=4
I/MotoNetwCtrlr.MotoNetwCtrlrImpl.MotorolaMobileSignalController( 2 ) ( 1167): isDirty: returns true
I/MotoNetwCtrlr.MotoNetwCtrlrImpl.MotorolaMobileSignalController( 2 ) ( 1167): notifyListeners: calling SB [0] setMobileDataIndicators (Motorola api): mobileUseMotoUI=true mobileEnabled=true mobileSimIconId=( none ) mobileSignalIconId=0x7f02048c=zz_moto_stat_sys_signal_4_of_4_fully_wide mobileRoamingIconId=( none ) mobileDataTypeIconId=( none ) mobileDataActivityIconId=( none ) mobileCarrierDescription="o2-de+|o2 - de" mobileSimDescription="" mobileSignalContentDescription="phone signal full strength" mobileRoamingDescription="" mobileDataTypeContentDescription="H" mobileDataActivityContentDescription="" mobileIsRoaming=false isDataTypeIconWide=true mobileIsBidiDirectionEnabled=false mobileSubId=2
I/MotoNetwCtrlr.MotoNetwCtrlrImpl.MotorolaMobileSignalController( 2 ) ( 1167): notifyListeners: calling SB [1] setMobileDataIndicators (Motorola api): mobileUseMotoUI=true mobileEnabled=true mobileSimIconId=( none ) mobileSignalIconId=0x7f02048c=zz_moto_stat_sys_signal_4_of_4_fully_wide mobileRoamingIconId=( none ) mobileDataTypeIconId=( none ) mobileDataActivityIconId=( none ) mobileCarrierDescription="o2-de+|o2 - de" mobileSimDescription="" mobileSignalContentDescription="phone signal full strength" mobileRoamingDescription="" mobileDataTypeContentDescription="H" mobileDataActivityContentDescription="" mobileIsRoaming=false isDataTypeIconWide=true mobileIsBidiDirectionEnabled=false mobileSubId=2
I/MotoNetwCtrlr.MotoNetwCtrlrImpl.MotorolaMobileSignalController( 2 ) ( 1167): notifyListeners: calling SB [2] setMobileDataIndicators (Motorola api): mobileUseMotoUI=true mobileEnabled=true mobileSimIconId=( none ) mobileSignalIconId=0x7f02048c=zz_moto_stat_sys_signal_4_of_4_fully_wide mobileRoamingIconId=( none ) mobileDataTypeIconId=( none ) mobileDataActivityIconId=( none ) mobileCarrierDescription="o2-de+|o2 - de" mobileSimDescription="" mobileSignalContentDescription="phone signal full strength" mobileRoamingDescription="" mobileDataTypeContentDescription="H" mobileDataActivityContentDescription="" mobileIsRoaming=false isDataTypeIconWide=true mobileIsBidiDirectionEnabled=false mobileSubId=2
I/MotoNetwCtrlr.MotoNetwCtrlrImpl.MotorolaMobileSignalController( 2 ) ( 1167): MotorolaMobilePhoneStateListener.onSignalStrengthsChanged: completed: level=4
I/MotoNetwCtrlr.MotoWifiHndlr( 1167): handleMessage: Entered msg.what=1
I/MotoNetwCtrlr.MotorolaWifiSignalController( 1167): isDirty: returns true
I/MotoNetwCtrlr.MotorolaWifiSignalController( 1167): notifyListeners: calling SB [0] setWifiIndicators (Motorola api): UseMotoUI=true Vis=true SBSig=0x7f02014c=stat_sys_wifi_signal_4_fully SBAct=( none ) DescSig="Wifi signal full." DescAct="wifi in and out" NetName=""Connectify-me""
I/MotoNetwCtrlr.MotorolaWifiSignalController( 1167): notifyListeners: calling SB [1] setWifiIndicators (Motorola api): UseMotoUI=true Vis=true SBSig=0x7f02014c=stat_sys_wifi_signal_4_fully SBAct=( none ) DescSig="Wifi signal full." DescAct="wifi in and out" NetName=""Connectify-me""
I/MotoNetwCtrlr.MotorolaWifiSignalController( 1167): notifyListeners: calling SB [2] setWifiIndicators (Motorola api): UseMotoUI=true Vis=true SBSig=0x7f02014c=stat_sys_wifi_signal_4_fully SBAct=( none ) DescSig="Wifi signal full." DescAct="wifi in and out" NetName=""Connectify-me""
I/MotoNetwCtrlr.MotoWifiHndlr( 1167): handleMessage: Completed
I/MotoNetwCtrlr( 1167): onReceive: Received intent=Intent { act=android.net.wifi.RSSI_CHANGED flg=0x4000010 (has extras) } Action=android.net.wifi.RSSI_CHANGED
I/MotoNetwCtrlr.MotoWifiSignalCtrlr( 1167): handleBroadcast: Entered: Intent=Intent { act=android.net.wifi.RSSI_CHANGED flg=0x4000010 (has extras) } Action=android.net.wifi.RSSI_CHANGED
I/MotoNetwCtrlr.MotorolaWifiSignalController( 1167): isDirty: returns false
I/MotoNetwCtrlr.MotoWifiSignalCtrlr( 1167): handleBroadcast: Completed
I/MotoNetwCtrlr( 1167): onReceive: Completed intent=Intent { act=android.net.wifi.RSSI_CHANGED flg=0x4000010 (has extras) } Action=android.net.wifi.RSSI_CHANGED
I/MotoNetwCtrlr.MotoWifiHndlr( 1167): handleMessage: Entered msg.what=1
I/MotoNetwCtrlr.MotorolaWifiSignalController( 1167): isDirty: returns true
I/MotoNetwCtrlr.MotorolaWifiSignalController( 1167): notifyListeners: calling SB [0] setWifiIndicators (Motorola api): UseMotoUI=true Vis=true SBSig=0x7f02014c=stat_sys_wifi_signal_4_fully SBAct=( none ) DescSig="Wifi signal full." DescAct="wifi idle" NetName=""Connectify-me""
I/MotoNetwCtrlr.MotorolaWifiSignalController( 1167): notifyListeners: calling SB [1] setWifiIndicators (Motorola api): UseMotoUI=true Vis=true SBSig=0x7f02014c=stat_sys_wifi_signal_4_fully SBAct=( none ) DescSig="Wifi signal full." DescAct="wifi idle" NetName=""Connectify-me""
I/MotoNetwCtrlr.MotorolaWifiSignalController( 1167): notifyListeners: calling SB [2] setWifiIndicators (Motorola api): UseMotoUI=true Vis=true SBSig=0x7f02014c=stat_sys_wifi_signal_4_fully SBAct=( none ) DescSig="Wifi signal full." DescAct="wifi idle" NetName=""Connectify-me""
I/MotoNetwCtrlr.MotoWifiHndlr( 1167): handleMessage: Completed
