E/WifiStateMachine(  889): wifi setScanResults statecom.android.server.wifi.WifiStateMachine$ConnectedState@2c3d41e9 sup_state=COMPLETED debouncing=false mConnectionRequests=1 selection=<none>
I/MotoNetwCtrlr.MotoNetwCtrlrImpl.MotorolaMobileSignalController( 2 ) ( 1167): MotorolaMobilePhoneStateListener.onSignalStrengthsChanged: Entered: signalStrength=SignalStrength: 15 0 -120 -160 -120 -1 -1 99 2147483647 2147483647 2147483647 2147483647 2147483647 gsm|lte 0 -108 -1 false 4 4 0 0 0 99 99 99 4 0 level=4
I/MotoNetwCtrlr.MotoNetwCtrlrImpl.MotorolaMobileSignalController( 2 ) ( 1167): isDirty: returns true
I/MotoNetwCtrlr.MotoNetwCtrlrImpl.MotorolaMobileSignalController( 2 ) ( 1167): notifyListeners: calling SB [0] setMobileDataIndicators (Motorola api): mobileUseMotoUI=true mobileEnabled=true mobileSimIconId=( none ) mobileSignalIconId=0x7f02048c=zz_moto_stat_sys_signal_4_of_4_fully_wide mobileRoamingIconId=( none ) mobileDataTypeIconId=( none ) mobileDataActivityIconId=( none ) mobileCarrierDescription="o2-de+|o2 - de" mobileSimDescription="" mobileSignalContentDescription="phone signal full strength" mobileRoamingDescription="" mobileDataTypeContentDescription="H" mobileDataActivityContentDescription="" mobileIsRoaming=false isDataTypeIconWide=true mobileIsBidiDirectionEnabled=false mobileSubId=2
I/MotoNetwCtrlr.MotoNetwCtrlrImpl.MotorolaMobileSignalController( 2 ) ( 1167): notifyListeners: calling SB [1] setMobileDataIndicators (Motorola api): mobileUseMotoUI=true mobileEnabled=true mobileSimIconId=( none ) mobileSignalIconId=0x7f02048c=zz_moto_stat_sys_signal_4_of_4_fully_wide mobileRoamingIconId=( none ) mobileDataTypeIconId=( none ) mobileDataActivityIconId=( none ) mobileCarrierDescription="o2-de+|o2 - de" mobileSimDescription="" mobileSignalContentDescription="phone signal full strength" mobileRoamingDescription="" mobileDataTypeContentDescription="H" mobileDataActivityContentDescription="" mobileIsRoaming=false isDataTypeIconWide=true mobileIsBidiDirectionEnabled=false mobileSubId=2
I/MotoNetwCtrlr.MotoNetwCtrlrImpl.MotorolaMobileSignalController( 2 ) ( 1167): notifyListeners: calling SB [2] setMobileDataIndicators (Motorola api): mobileUseMotoUI=true mobileEnabled=true mobileSimIconId=( none ) mobileSignalIconId=0x7f02048c=zz_moto_stat_sys_signal_4_of_4_fully_wide mobileRoamingIconId=( none ) mobileDataTypeIconId=( none ) mobileDataActivityIconId=( none ) mobileCarrierDescription="o2-de+|o2 - de" mobileSimDescription="" mobileSignalContentDescription="phone signal full strength" mobileRoamingDescription="" mobileDataTypeContentDescription="H" mobileDataActivityContentDescription="" mobileIsRoaming=false isDataTypeIconWide=true mobileIsBidiDirectionEnabled=false mobileSubId=2
I/MotoNetwCtrlr.MotoNetwCtrlrImpl.MotorolaMobileSignalController( 2 ) ( 1167): MotorolaMobilePhoneStateListener.onSignalStrengthsChanged: completed: level=4
I/MotoNetwCtrlr( 1167): onReceive: Received intent=Intent { act=android.net.wifi.RSSI_CHANGED flg=0x4000010 (has extras) } Action=android.net.wifi.RSSI_CHANGED
I/MotoNetwCtrlr.MotoWifiSignalCtrlr( 1167): handleBroadcast: Entered: Intent=Intent { act=android.net.wifi.RSSI_CHANGED flg=0x4000010 (has extras) } Action=android.net.wifi.RSSI_CHANGED
I/MotoNetwCtrlr.MotorolaWifiSignalController( 1167): isDirty: returns false
I/MotoNetwCtrlr.MotoWifiSignalCtrlr( 1167): handleBroadcast: Completed
I/MotoNetwCtrlr( 1167): onReceive: Completed intent=Intent { act=android.net.wifi.RSSI_CHANGED flg=0x4000010 (has extras) } Action=android.net.wifi.RSSI_CHANGED
I/SFPerfTracer(  301):      triggers: (rate: 380:113624) (4514526 sw vsyncs) (632481 skipped) (40:4003114 vsyncs) (42:8691699)
V/AlarmManager(  889): sending alarm {3e9f7fe5 type 3 *alarm*:android.intent.action.TIME_TICK}
V/AlarmManager(  889): done {3e9f7fe5, *alarm*:android.intent.action.TIME_TICK} [45ms]
I/MotoNetwCtrlr.MotoNetwCtrlrImpl.MotorolaMobileSignalController( 2 ) ( 1167): MotorolaMobilePhoneStateListener.onSignalStrengthsChanged: Entered: signalStrength=SignalStrength: 14 0 -120 -160 -120 -1 -1 99 2147483647 2147483647 2147483647 2147483647 2147483647 gsm|lte 0 -108 -1 false 4 4 0 0 0 99 99 99 4 0 level=4
I/MotoNetwCtrlr.MotoNetwCtrlrImpl.MotorolaMobileSignalController( 2 ) ( 1167): isDirty: returns true
I/MotoNetwCtrlr.MotoNetwCtrlrImpl.MotorolaMobileSignalController( 2 ) ( 1167): notifyListeners: calling SB [0] setMobileDataIndicators (Motorola api): mobileUseMotoUI=true mobileEnabled=true mobileSimIconId=( none ) mobileSignalIconId=0x7f02048c=zz_moto_stat_sys_signal_4_of_4_fully_wide mobileRoamingIconId=( none ) mobileDataTypeIconId=( none ) mobileDataActivityIconId=( none ) mobileCarrierDescription="o2-de+|o2 - de" mobileSimDescription="" mobileSignalContentDescription="phone signal full strength" mobileRoamingDescription="" mobileDataTypeContentDescription="H" mobileDataActivityContentDescription="" mobileIsRoaming=false isDataTypeIconWide=true mobileIsBidiDirectionEnabled=false mobileSubId=2
I/MotoNetwCtrlr.MotoNetwCtrlrImpl.MotorolaMobileSignalController( 2 ) ( 1167): notifyListeners: calling SB [1] setMobileDataIndicators (Motorola api): mobileUseMotoUI=true mobileEnabled=true mobileSimIconId=( none ) mobileSignalIconId=0x7f02048c=zz_moto_stat_sys_signal_4_of_4_fully_wide mobileRoamingIconId=( none ) mobileDataTypeIconId=( none ) mobileDataActivityIconId=( none ) mobileCarrierDescription="o2-de+|o2 - de" mobileSimDescription="" mobileSignalContentDescription="phone signal full strength" mobileRoamingDescription="" mobileDataTypeContentDescription="H" mobileDataActivityContentDescription="" mobileIsRoaming=false isDataTypeIconWide=true mobileIsBidiDirectionEnabled=false mobileSubId=2
I/MotoNetwCtrlr.MotoNetwCtrlrImpl.MotorolaMobileSignalController( 2 ) ( 1167): notifyListeners: calling SB [2] setMobileDataIndicators (Motorola api): mobileUseMotoUI=true mobileEnabled=true mobileSimIconId=( none ) mobileSignalIconId=0x7f02048c=zz_moto_stat_sys_signal_4_of_4_fully_wide mobileRoamingIconId=( none ) mobileDataTypeIconId=( none ) mobileDataActivityIconId=( none ) mobileCarrierDescription="o2-de+|o2 - de" mobileSimDescription="" mobileSignalContentDescription="phone signal full strength" mobileRoamingDescription="" mobileDataTypeContentDescription="H" mobileDataActivityContentDescription="" mobileIsRoaming=false isDataTypeIconWide=true mobileIsBidiDirectionEnabled=false mobileSubId=2
I/MotoNetwCtrlr.MotoNetwCtrlrImpl.MotorolaMobileSignalController( 2 ) ( 1167): MotorolaMobilePhoneStateListener.onSignalStrengthsChanged: completed: level=4
I/SFPerfTracer(  301):      triggers: (rate: 380:113624) (4514526 sw vsyncs) (632481 skipped) (43:4003238 vsyncs) (45:8691827)
I/MotoNetwCtrlr( 1167): onReceive: Received intent=Intent { act=android.net.wifi.RSSI_CHANGED flg=0x4000010 (has extras) } Action=android.net.wifi.RSSI_CHANGED
I/MotoNetwCtrlr.MotoWifiSignalCtrlr( 1167): handleBroadcast: Entered: Intent=Intent { act=android.net.wifi.RSSI_CHANGED flg=0x4000010 (has extras) } Action=android.net.wifi.RSSI_CHANGED
I/MotoNetwCtrlr.MotorolaWifiSignalController( 1167): isDirty: returns false
I/MotoNetwCtrlr.MotoWifiSignalCtrlr( 1167): handleBroadcast: Completed
I/MotoNetwCtrlr( 1167): onReceive: Completed intent=Intent { act=android.net.wifi.RSSI_CHANGED flg=0x4000010 (has extras) } Action=android.net.wifi.RSSI_CHANGED
I/MotoNetwCtrlr( 1167): onReceive: Received intent=Intent { act=android.net.wifi.RSSI_CHANGED flg=0x4000010 (has extras) } Action=android.net.wifi.RSSI_CHANGED
I/MotoNetwCtrlr.MotoWifiSignalCtrlr( 1167): handleBroadcast: Entered: Intent=Intent { act=android.net.wifi.RSSI_CHANGED flg=0x4000010 (has extras) } Action=android.net.wifi.RSSI_CHANGED
I/MotoNetwCtrlr.MotorolaWifiSignalController( 1167): isDirty: returns false
I/MotoNetwCtrlr.MotoWifiSignalCtrlr( 1167): handleBroadcast: Completed
I/MotoNetwCtrlr( 1167): onReceive: Completed intent=Intent { act=android.net.wifi.RSSI_CHANGED flg=0x4000010 (has extras) } Action=android.net.wifi.RSSI_CHANGED
I/SFPerfTracer(  301):      triggers: (rate: 380:113624) (4514526 sw vsyncs) (632481 skipped) (173:4003468 vsyncs) (175:8692062)
I/MotoNetwCtrlr.MotoNetwCtrlrImpl.MotorolaMobileSignalController( 2 ) ( 1167): MotorolaMobilePhoneStateListener.onSignalStrengthsChanged: Entered: signalStrength=SignalStrength: 15 0 -120 -160 -120 -1 -1 99 2147483647 2147483647 2147483647 2147483647 2147483647 gsm|lte 0 -108 -1 false 4 4 0 0 0 99 99 99 4 0 level=4
I/MotoNetwCtrlr.MotoNetwCtrlrImpl.MotorolaMobileSignalController( 2 ) ( 1167): isDirty: returns true
I/MotoNetwCtrlr.MotoNetwCtrlrImpl.MotorolaMobileSignalController( 2 ) ( 1167): notifyListeners: calling SB [0] setMobileDataIndicators (Motorola api): mobileUseMotoUI=true mobileEnabled=true mobileSimIconId=( none ) mobileSignalIconId=0x7f02048c=zz_moto_stat_sys_signal_4_of_4_fully_wide mobileRoamingIconId=( none ) mobileDataTypeIconId=( none ) mobileDataActivityIconId=( none ) mobileCarrierDescription="o2-de+|o2 - de" mobileSimDescription="" mobileSignalContentDescription="phone signal full strength" mobileRoamingDescription="" mobileDataTypeContentDescription="H" mobileDataActivityContentDescription="" mobileIsRoaming=false isDataTypeIconWide=true mobileIsBidiDirectionEnabled=false mobileSubId=2
I/MotoNetwCtrlr.MotoNetwCtrlrImpl.MotorolaMobileSignalController( 2 ) ( 1167): notifyListeners: calling SB [1] setMobileDataIndicators (Motorola api): mobileUseMotoUI=true mobileEnabled=true mobileSimIconId=( none ) mobileSignalIconId=0x7f02048c=zz_moto_stat_sys_signal_4_of_4_fully_wide mobileRoamingIconId=( none ) mobileDataTypeIconId=( none ) mobileDataActivityIconId=( none ) mobileCarrierDescription="o2-de+|o2 - de" mobileSimDescription="" mobileSignalContentDescription="phone signal full strength" mobileRoamingDescription="" mobileDataTypeContentDescription="H" mobileDataActivityContentDescription="" mobileIsRoaming=false isDataTypeIconWide=true mobileIsBidiDirectionEnabled=false mobileSubId=2
I/MotoNetwCtrlr.MotoNetwCtrlrImpl.MotorolaMobileSignalController( 2 ) ( 1167): notifyListeners: calling SB [2] setMobileDataIndicators (Motorola api): mobileUseMotoUI=true mobileEnabled=true mobileSimIconId=( none ) mobileSignalIconId=0x7f02048c=zz_moto_stat_sys_signal_4_of_4_fully_wide mobileRoamingIconId=( none ) mobileDataTypeIconId=( none ) mobileDataActivityIconId=( none ) mobileCarrierDescription="o2-de+|o2 - de" mobileSimDescription="" mobileSignalContentDescription="phone signal full strength" mobileRoamingDescription="" mobileDataTypeContentDescription="H" mobileDataActivityContentDescription="" mobileIsRoaming=false isDataTypeIconWide=true mobileIsBidiDirectionEnabled=false mobileSubId=2
I/MotoNetwCtrlr.MotoNetwCtrlrImpl.MotorolaMobileSignalController( 2 ) ( 1167): MotorolaMobilePhoneStateListener.onSignalStrengthsChanged: completed: level=4
I/MotoNetwCtrlr( 1167): onReceive: Received intent=Intent { act=android.net.wifi.RSSI_CHANGED flg=0x4000010 (has extras) } Action=android.net.wifi.RSSI_CHANGED
I/MotoNetwCtrlr.MotoWifiSignalCtrlr( 1167): handleBroadcast: Entered: Intent=Intent { act=android.net.wifi.RSSI_CHANGED flg=0x4000010 (has extras) } Action=android.net.wifi.RSSI_CHANGED
I/MotoNetwCtrlr.MotorolaWifiSignalController( 1167): isDirty: returns false
I/MotoNetwCtrlr.MotoWifiSignalCtrlr( 1167): handleBroadcast: Completed
I/MotoNetwCtrlr( 1167): onReceive: Completed intent=Intent { act=android.net.wifi.RSSI_CHANGED flg=0x4000010 (has extras) } Action=android.net.wifi.RSSI_CHANGED
I/SFPerfTracer(  301):      triggers: (rate: 380:113624) (4514526 sw vsyncs) (632481 skipped) (165:4003640 vsyncs) (167:8692241)
I/MotoNetwCtrlr( 1167): onReceive: Received intent=Intent { act=android.net.wifi.RSSI_CHANGED flg=0x4000010 (has extras) } Action=android.net.wifi.RSSI_CHANGED
I/MotoNetwCtrlr.MotoWifiSignalCtrlr( 1167): handleBroadcast: Entered: Intent=Intent { act=android.net.wifi.RSSI_CHANGED flg=0x4000010 (has extras) } Action=android.net.wifi.RSSI_CHANGED
I/MotoNetwCtrlr.MotorolaWifiSignalController( 1167): isDirty: returns false
I/MotoNetwCtrlr.MotoWifiSignalCtrlr( 1167): handleBroadcast: Completed
I/MotoNetwCtrlr( 1167): onReceive: Completed intent=Intent { act=android.net.wifi.RSSI_CHANGED flg=0x4000010 (has extras) } Action=android.net.wifi.RSSI_CHANGED
I/SFPerfTracer(  301):      triggers: (rate: 380:113624) (4514526 sw vsyncs) (632481 skipped) (122:4003834 vsyncs) (124:8692439)
V/AlarmManager(  889): sending alarm {3c84d211 type 0 *walarm*:com.ultimarom.launchnavigation/anagog.pd.service.AlarmReceiver}
V/AlarmManager(  889): sending alarm {22378e9b type 0 *walarm*:com.outfit7.talkingtom2free/com.bee7.sdk.service.RewardingService}
V/AlarmManager(  889): sending alarm {3f08366 type 3 *alarm*:com.google.android.gms/.lockbox.LockboxAlarmReceiver}
V/AlarmManager(  889): done {22378e9b, *walarm*:com.outfit7.talkingtom2free/com.bee7.sdk.service.RewardingService} [33ms]
V/AlarmManager(  889): done {3c84d211, *walarm*:com.ultimarom.launchnavigation/anagog.pd.service.AlarmReceiver} [37ms]
V/AlarmManager(  889): done {3f08366, *alarm*:com.google.android.gms/.lockbox.LockboxAlarmReceiver} [47ms]
E/BAR     ( 6714):  change big -8.418284893035889
I/SFPerfTracer(  301):      triggers: (rate: 380:113624) (4514526 sw vsyncs) (632481 skipped) (93:4003943 vsyncs) (95:8692553)
I/MotoNetwCtrlr( 1167): onReceive: Received intent=Intent { act=android.net.wifi.RSSI_CHANGED flg=0x4000010 (has extras) } Action=android.net.wifi.RSSI_CHANGED
I/MotoNetwCtrlr.MotoWifiSignalCtrlr( 1167): handleBroadcast: Entered: Intent=Intent { act=android.net.wifi.RSSI_CHANGED flg=0x4000010 (has extras) } Action=android.net.wifi.RSSI_CHANGED
I/MotoNetwCtrlr.MotorolaWifiSignalController( 1167): isDirty: returns false
I/MotoNetwCtrlr.MotoWifiSignalCtrlr( 1167): handleBroadcast: Completed
I/MotoNetwCtrlr( 1167): onReceive: Completed intent=Intent { act=android.net.wifi.RSSI_CHANGED flg=0x4000010 (has extras) } Action=android.net.wifi.RSSI_CHANGED
I/SFPerfTracer(  301):      triggers: (rate: 380:113624) (4514526 sw vsyncs) (632481 skipped) (136:4004121 vsyncs) (138:8692735)
I/MotoNetwCtrlr( 1167): onReceive: Received intent=Intent { act=android.net.wifi.RSSI_CHANGED flg=0x4000010 (has extras) } Action=android.net.wifi.RSSI_CHANGED
I/MotoNetwCtrlr.MotoWifiSignalCtrlr( 1167): handleBroadcast: Entered: Intent=Intent { act=android.net.wifi.RSSI_CHANGED flg=0x4000010 (has extras) } Action=android.net.wifi.RSSI_CHANGED
I/MotoNetwCtrlr.MotorolaWifiSignalController( 1167): isDirty: returns false
I/MotoNetwCtrlr.MotoWifiSignalCtrlr( 1167): handleBroadcast: Completed
I/MotoNetwCtrlr( 1167): onReceive: Completed intent=Intent { act=android.net.wifi.RSSI_CHANGED flg=0x4000010 (has extras) } Action=android.net.wifi.RSSI_CHANGED
I/MotoNetwCtrlr.MotoNetwCtrlrImpl.MotorolaMobileSignalController( 2 ) ( 1167): MotorolaMobilePhoneStateListener.onSignalStrengthsChanged: Entered: signalStrength=SignalStrength: 13 0 -120 -160 -120 -1 -1 99 2147483647 2147483647 2147483647 2147483647 2147483647 gsm|lte 0 -108 -1 false 4 4 0 0 0 99 99 99 4 0 level=4
I/MotoNetwCtrlr.MotoNetwCtrlrImpl.MotorolaMobileSignalController( 2 ) ( 1167): isDirty: returns true
I/MotoNetwCtrlr.MotoNetwCtrlrImpl.MotorolaMobileSignalController( 2 ) ( 1167): notifyListeners: calling SB [0] setMobileDataIndicators (Motorola api): mobileUseMotoUI=true mobileEnabled=true mobileSimIconId=( none ) mobileSignalIconId=0x7f02048c=zz_moto_stat_sys_signal_4_of_4_fully_wide mobileRoamingIconId=( none ) mobileDataTypeIconId=( none ) mobileDataActivityIconId=( none ) mobileCarrierDescription="o2-de+|o2 - de" mobileSimDescription="" mobileSignalContentDescription="phone signal full strength" mobileRoamingDescription="" mobileDataTypeContentDescription="H" mobileDataActivityContentDescription="" mobileIsRoaming=false isDataTypeIconWide=true mobileIsBidiDirectionEnabled=false mobileSubId=2
I/MotoNetwCtrlr.MotoNetwCtrlrImpl.MotorolaMobileSignalController( 2 ) ( 1167): notifyListeners: calling SB [1] setMobileDataIndicators (Motorola api): mobileUseMotoUI=true mobileEnabled=true mobileSimIconId=( none ) mobileSignalIconId=0x7f02048c=zz_moto_stat_sys_signal_4_of_4_fully_wide mobileRoamingIconId=( none ) mobileDataTypeIconId=( none ) mobileDataActivityIconId=( none ) mobileCarrierDescription="o2-de+|o2 - de" mobileSimDescription="" mobileSignalContentDescription="phone signal full strength" mobileRoamingDescription="" mobileDataTypeContentDescription="H" mobileDataActivityContentDescription="" mobileIsRoaming=false isDataTypeIconWide=true mobileIsBidiDirectionEnabled=false mobileSubId=2
I/MotoNetwCtrlr.MotoNetwCtrlrImpl.MotorolaMobileSignalController( 2 ) ( 1167): notifyListeners: calling SB [2] setMobileDataIndicators (Motorola api): mobileUseMotoUI=true mobileEnabled=true mobileSimIconId=( none ) mobileSignalIconId=0x7f02048c=zz_moto_stat_sys_signal_4_of_4_fully_wide mobileRoamingIconId=( none ) mobileDataTypeIconId=( none ) mobileDataActivityIconId=( none ) mobileCarrierDescription="o2-de+|o2 - de" mobileSimDescription="" mobileSignalContentDescription="phone signal full strength" mobileRoamingDescription="" mobileDataTypeContentDescription="H" mobileDataActivityContentDescription="" mobileIsRoaming=false isDataTypeIconWide=true mobileIsBidiDirectionEnabled=false mobileSubId=2
I/MotoNetwCtrlr.MotoNetwCtrlrImpl.MotorolaMobileSignalController( 2 ) ( 1167): MotorolaMobilePhoneStateListener.onSignalStrengthsChanged: completed: level=4
E/WifiStateMachine(  889): WifiStateMachine CMD_START_SCAN source -2 txSuccessRate=0.00 rxSuccessRate=0.00 targetRoamBSSID=any RSSI=-38
E/WifiStateMachine(  889): startDelayedScan send -> 7620 milli 20000
E/WifiStateMachine(  889): WifiStateMachine CMD_START_SCAN with age=200038 interval=227812 maxinterval=300000
E/WifiStateMachine(  889): WifiStateMachine CMD_START_SCAN full=false
E/WifiStateMachine(  889): WifiStateMachine starting scan for "Connectify-me"WPA_PSK with 2442
D/MDMCTBK (  335): reply_len: 40 reply is = IFNAME=wlan0 <3>CTRL-EVENT-SCAN-STARTED 
D/MDMCTBK (  335): Event received = CTRL-EVENT-SCAN-STARTED 
E/WifiStateMachine(  889): [1,461,952,277,087 ms] noteScanstart no scan source uid -2
D/MDMCTBK (  335): reply_len: 40 reply is = IFNAME=wlan0 <3>CTRL-EVENT-SCAN-RESULTS 
D/MDMCTBK (  335): Event received = CTRL-EVENT-SCAN-RESULTS 
E/WifiStateMachine(  889): [1,461,952,277,115 ms] noteScanEnd no scan source onTime=0
E/WifiStateMachine(  889): wifi setScanResults statecom.android.server.wifi.WifiStateMachine$ConnectedState@2c3d41e9 sup_state=COMPLETED debouncing=false mConnectionRequests=1 selection=<none>
I/art     (  889): Explicit concurrent mark sweep GC freed 87693(4MB) AllocSpace objects, 4(64KB) LOS objects, 29% free, 37MB/53MB, paused 3.631ms total 242.270ms
I/MotoNetwCtrlr.MotoNetwCtrlrImpl.MotorolaMobileSignalController( 2 ) ( 1167): MotorolaMobilePhoneStateListener.onSignalStrengthsChanged: Entered: signalStrength=SignalStrength: 15 0 -120 -160 -120 -1 -1 99 2147483647 2147483647 2147483647 2147483647 2147483647 gsm|lte 0 -108 -1 false 4 4 0 0 0 99 99 99 4 0 level=4
I/MotoNetwCtrlr.MotoNetwCtrlrImpl.MotorolaMobileSignalController( 2 ) ( 1167): isDirty: returns true
I/MotoNetwCtrlr.MotoNetwCtrlrImpl.MotorolaMobileSignalController( 2 ) ( 1167): notifyListeners: calling SB [0] setMobileDataIndicators (Motorola api): mobileUseMotoUI=true mobileEnabled=true mobileSimIconId=( none ) mobileSignalIconId=0x7f02048c=zz_moto_stat_sys_signal_4_of_4_fully_wide mobileRoamingIconId=( none ) mobileDataTypeIconId=( none ) mobileDataActivityIconId=( none ) mobileCarrierDescription="o2-de+|o2 - de" mobileSimDescription="" mobileSignalContentDescription="phone signal full strength" mobileRoamingDescription="" mobileDataTypeContentDescription="H" mobileDataActivityContentDescription="" mobileIsRoaming=false isDataTypeIconWide=true mobileIsBidiDirectionEnabled=false mobileSubId=2
I/MotoNetwCtrlr.MotoNetwCtrlrImpl.MotorolaMobileSignalController( 2 ) ( 1167): notifyListeners: calling SB [1] setMobileDataIndicators (Motorola api): mobileUseMotoUI=true mobileEnabled=true mobileSimIconId=( none ) mobileSignalIconId=0x7f02048c=zz_moto_stat_sys_signal_4_of_4_fully_wide mobileRoamingIconId=( none ) mobileDataTypeIconId=( none ) mobileDataActivityIconId=( none ) mobileCarrierDescription="o2-de+|o2 - de" mobileSimDescription="" mobileSignalContentDescription="phone signal full strength" mobileRoamingDescription="" mobileDataTypeContentDescription="H" mobileDataActivityContentDescription="" mobileIsRoaming=false isDataTypeIconWide=true mobileIsBidiDirectionEnabled=false mobileSubId=2
I/MotoNetwCtrlr.MotoNetwCtrlrImpl.MotorolaMobileSignalController( 2 ) ( 1167): notifyListeners: calling SB [2] setMobileDataIndicators (Motorola api): mobileUseMotoUI=true mobileEnabled=true mobileSimIconId=( none ) mobileSignalIconId=0x7f02048c=zz_moto_stat_sys_signal_4_of_4_fully_wide mobileRoamingIconId=( none ) mobileDataTypeIconId=( none ) mobileDataActivityIconId=( none ) mobileCarrierDescription="o2-de+|o2 - de" mobileSimDescription="" mobileSignalContentDescription="phone signal full strength" mobileRoamingDescription="" mobileDataTypeContentDescription="H" mobileDataActivityContentDescription="" mobileIsRoaming=false isDataTypeIconWide=true mobileIsBidiDirectionEnabled=false mobileSubId=2
I/MotoNetwCtrlr.MotoNetwCtrlrImpl.MotorolaMobileSignalController( 2 ) ( 1167): MotorolaMobilePhoneStateListener.onSignalStrengthsChanged: completed: level=4
I/SFPerfTracer(  301):      triggers: (rate: 380:113624) (4514526 sw vsyncs) (632481 skipped) (142:4004324 vsyncs) (144:8692946)
I/MotoNetwCtrlr( 1167): onReceive: Received intent=Intent { act=android.net.wifi.RSSI_CHANGED flg=0x4000010 (has extras) } Action=android.net.wifi.RSSI_CHANGED
I/MotoNetwCtrlr.MotoWifiSignalCtrlr( 1167): handleBroadcast: Entered: Intent=Intent { act=android.net.wifi.RSSI_CHANGED flg=0x4000010 (has extras) } Action=android.net.wifi.RSSI_CHANGED
I/MotoNetwCtrlr.MotorolaWifiSignalController( 1167): isDirty: returns false
I/MotoNetwCtrlr.MotoWifiSignalCtrlr( 1167): handleBroadcast: Completed
I/MotoNetwCtrlr( 1167): onReceive: Completed intent=Intent { act=android.net.wifi.RSSI_CHANGED flg=0x4000010 (has extras) } Action=android.net.wifi.RSSI_CHANGED
I/MDMCTBK (  335): NetlinkHandler, power_supply subsys
I/MDMCTBK (  335): NetlinkHandler, usbChargerStateChanged
I/MDMCTBK (  335): checkDefaultInst, current pid is = 335
I/MDMCTBK (  335): checkDefaultInst, pid match
I/MDMCTBK (  335): MdmCutbackHndler,readFromFile = /sys/class/power_supply/usb/online
I/MDMCTBK (  335): MdmCutbackHndler,readFromFile = /sys/class/power_supply/pm8921-dc/online
D/HeadsetStateMachine(12129): Connected process message: 10, size: 1
I/SFPerfTracer(  301):      triggers: (rate: 380:113624) (4514526 sw vsyncs) (632481 skipped) (102:4004426 vsyncs) (104:8693050)
I/MotoNetwCtrlr( 1167): onReceive: Received intent=Intent { act=android.net.wifi.RSSI_CHANGED flg=0x4000010 (has extras) } Action=android.net.wifi.RSSI_CHANGED
I/MotoNetwCtrlr.MotoWifiSignalCtrlr( 1167): handleBroadcast: Entered: Intent=Intent { act=android.net.wifi.RSSI_CHANGED flg=0x4000010 (has extras) } Action=android.net.wifi.RSSI_CHANGED
I/MotoNetwCtrlr.MotorolaWifiSignalController( 1167): isDirty: returns false
I/MotoNetwCtrlr.MotoWifiSignalCtrlr( 1167): handleBroadcast: Completed
I/MotoNetwCtrlr( 1167): onReceive: Completed intent=Intent { act=android.net.wifi.RSSI_CHANGED flg=0x4000010 (has extras) } Action=android.net.wifi.RSSI_CHANGED
I/SFPerfTracer(  301):      triggers: (rate: 380:113624) (4514526 sw vsyncs) (632481 skipped) (78:4004587 vsyncs) (80:8693215)
I/MotoNetwCtrlr( 1167): onReceive: Received intent=Intent { act=android.net.wifi.RSSI_CHANGED flg=0x4000010 (has extras) } Action=android.net.wifi.RSSI_CHANGED
I/MotoNetwCtrlr.MotoWifiSignalCtrlr( 1167): handleBroadcast: Entered: Intent=Intent { act=android.net.wifi.RSSI_CHANGED flg=0x4000010 (has extras) } Action=android.net.wifi.RSSI_CHANGED
I/MotoNetwCtrlr.MotorolaWifiSignalController( 1167): isDirty: returns false
I/MotoNetwCtrlr.MotoWifiSignalCtrlr( 1167): handleBroadcast: Completed
I/MotoNetwCtrlr( 1167): onReceive: Completed intent=Intent { act=android.net.wifi.RSSI_CHANGED flg=0x4000010 (has extras) } Action=android.net.wifi.RSSI_CHANGED
I/SFPerfTracer(  301):      triggers: (rate: 380:113624) (4514526 sw vsyncs) (632481 skipped) (182:4004769 vsyncs) (184:8693399)
I/MotoNetwCtrlr.MotoWifiHndlr( 1167): handleMessage: Entered msg.what=1
I/MotoNetwCtrlr.MotorolaWifiSignalController( 1167): isDirty: returns true
I/MotoNetwCtrlr.MotorolaWifiSignalController( 1167): notifyListeners: calling SB [0] setWifiIndicators (Motorola api): UseMotoUI=true Vis=true SBSig=0x7f02014c=stat_sys_wifi_signal_4_fully SBAct=( none ) DescSig="Wifi signal full." DescAct="wifi in and out" NetName=""Connectify-me""
I/MotoNetwCtrlr.MotorolaWifiSignalController( 1167): notifyListeners: calling SB [1] setWifiIndicators (Motorola api): UseMotoUI=true Vis=true SBSig=0x7f02014c=stat_sys_wifi_signal_4_fully SBAct=( none ) DescSig="Wifi signal full." DescAct="wifi in and out" NetName=""Connectify-me""
I/MotoNetwCtrlr.MotorolaWifiSignalController( 1167): notifyListeners: calling SB [2] setWifiIndicators (Motorola api): UseMotoUI=true Vis=true SBSig=0x7f02014c=stat_sys_wifi_signal_4_fully SBAct=( none ) DescSig="Wifi signal full." DescAct="wifi in and out" NetName=""Connectify-me""
I/MotoNetwCtrlr.MotoWifiHndlr( 1167): handleMessage: Completed
I/MotoNetwCtrlr( 1167): onReceive: Received intent=Intent { act=android.net.wifi.RSSI_CHANGED flg=0x4000010 (has extras) } Action=android.net.wifi.RSSI_CHANGED
I/MotoNetwCtrlr.MotoWifiSignalCtrlr( 1167): handleBroadcast: Entered: Intent=Intent { act=android.net.wifi.RSSI_CHANGED flg=0x4000010 (has extras) } Action=android.net.wifi.RSSI_CHANGED
I/MotoNetwCtrlr.MotorolaWifiSignalController( 1167): isDirty: returns false
I/MotoNetwCtrlr.MotoWifiSignalCtrlr( 1167): handleBroadcast: Completed
I/MotoNetwCtrlr( 1167): onReceive: Completed intent=Intent { act=android.net.wifi.RSSI_CHANGED flg=0x4000010 (has extras) } Action=android.net.wifi.RSSI_CHANGED
I/SFPerfTracer(  301):      triggers: (rate: 380:113624) (4514526 sw vsyncs) (632481 skipped) (38:4004864 vsyncs) (40:8693500)
D/HeadsetPhoneState(12129): sendDeviceStateChanged. mService=1 mSignal=5 mRoam=0 mBatteryCharge=3
D/HeadsetStateMachine(12129): Connected process message: 11, size: 1
D/bt-btif (12129): BTHF: device_status_notification
D/bt-btif (12129): AG evt (hdl 0x0001): State 2, Event 0x0506
D/bt-btif (12129): bta_ag_hfp_result : res = 5
D/bt-btif (12129): AG evt (hdl 0x0001): State 2, Event 0x0506
D/bt-btif (12129): bta_ag_hfp_result : res = 5
D/bt-btif (12129): AG evt (hdl 0x0001): State 2, Event 0x0506
D/bt-btif (12129): bta_ag_hfp_result : res = 5
D/bt-btif (12129): AG evt (hdl 0x0001): State 2, Event 0x0506
D/bt-btif (12129): bta_ag_hfp_result : res = 5
I/MotoNetwCtrlr.MotoNetwCtrlrImpl.MotorolaMobileSignalController( 2 ) ( 1167): MotorolaMobilePhoneStateListener.onSignalStrengthsChanged: Entered: signalStrength=SignalStrength: 17 0 -120 -160 -120 -1 -1 99 2147483647 2147483647 2147483647 2147483647 2147483647 gsm|lte 0 -108 -1 false 4 4 0 0 0 99 99 99 4 0 level=4
I/MotoNetwCtrlr.MotoNetwCtrlrImpl.MotorolaMobileSignalController( 2 ) ( 1167): isDirty: returns true
I/MotoNetwCtrlr.MotoNetwCtrlrImpl.MotorolaMobileSignalController( 2 ) ( 1167): notifyListeners: calling SB [0] setMobileDataIndicators (Motorola api): mobileUseMotoUI=true mobileEnabled=true mobileSimIconId=( none ) mobileSignalIconId=0x7f02048c=zz_moto_stat_sys_signal_4_of_4_fully_wide mobileRoamingIconId=( none ) mobileDataTypeIconId=( none ) mobileDataActivityIconId=( none ) mobileCarrierDescription="o2-de+|o2 - de" mobileSimDescription="" mobileSignalContentDescription="phone signal full strength" mobileRoamingDescription="" mobileDataTypeContentDescription="H" mobileDataActivityContentDescription="" mobileIsRoaming=false isDataTypeIconWide=true mobileIsBidiDirectionEnabled=false mobileSubId=2
I/MotoNetwCtrlr.MotoNetwCtrlrImpl.MotorolaMobileSignalController( 2 ) ( 1167): notifyListeners: calling SB [1] setMobileDataIndicators (Motorola api): mobileUseMotoUI=true mobileEnabled=true mobileSimIconId=( none ) mobileSignalIconId=0x7f02048c=zz_moto_stat_sys_signal_4_of_4_fully_wide mobileRoamingIconId=( none ) mobileDataTypeIconId=( none ) mobileDataActivityIconId=( none ) mobileCarrierDescription="o2-de+|o2 - de" mobileSimDescription="" mobileSignalContentDescription="phone signal full strength" mobileRoamingDescription="" mobileDataTypeContentDescription="H" mobileDataActivityContentDescription="" mobileIsRoaming=false isDataTypeIconWide=true mobileIsBidiDirectionEnabled=false mobileSubId=2
I/MotoNetwCtrlr.MotoNetwCtrlrImpl.MotorolaMobileSignalController( 2 ) ( 1167): notifyListeners: calling SB [2] setMobileDataIndicators (Motorola api): mobileUseMotoUI=true mobileEnabled=true mobileSimIconId=( none ) mobileSignalIconId=0x7f02048c=zz_moto_stat_sys_signal_4_of_4_fully_wide mobileRoamingIconId=( none ) mobileDataTypeIconId=( none ) mobileDataActivityIconId=( none ) mobileCarrierDescription="o2-de+|o2 - de" mobileSimDescription="" mobileSignalContentDescription="phone signal full strength" mobileRoamingDescription="" mobileDataTypeContentDescription="H" mobileDataActivityContentDescription="" mobileIsRoaming=false isDataTypeIconWide=true mobileIsBidiDirectionEnabled=false mobileSubId=2
I/SFPerfTracer(  301):      triggers: (rate: 380:113624) (4514526 sw vsyncs) (632481 skipped) (121:4005002 vsyncs) (123:8693642)
I/MotoNetwCtrlr.MotoNetwCtrlrImpl.MotorolaMobileSignalController( 2 ) ( 1167): MotorolaMobilePhoneStateListener.onSignalStrengthsChanged: completed: level=4
I/MotoNetwCtrlr.MotoWifiHndlr( 1167): handleMessage: Entered msg.what=1
I/MotoNetwCtrlr.MotorolaWifiSignalController( 1167): isDirty: returns true
I/MotoNetwCtrlr.MotorolaWifiSignalController( 1167): notifyListeners: calling SB [0] setWifiIndicators (Motorola api): UseMotoUI=true Vis=true SBSig=0x7f02014c=stat_sys_wifi_signal_4_fully SBAct=( none ) DescSig="Wifi signal full." DescAct="wifi idle" NetName=""Connectify-me""
I/MotoNetwCtrlr.MotorolaWifiSignalController( 1167): notifyListeners: calling SB [1] setWifiIndicators (Motorola api): UseMotoUI=true Vis=true SBSig=0x7f02014c=stat_sys_wifi_signal_4_fully SBAct=( none ) DescSig="Wifi signal full." DescAct="wifi idle" NetName=""Connectify-me""
I/MotoNetwCtrlr.MotorolaWifiSignalController( 1167): notifyListeners: calling SB [2] setWifiIndicators (Motorola api): UseMotoUI=true Vis=true SBSig=0x7f02014c=stat_sys_wifi_signal_4_fully SBAct=( none ) DescSig="Wifi signal full." DescAct="wifi idle" NetName=""Connectify-me""
I/MotoNetwCtrlr.MotoWifiHndlr( 1167): handleMessage: Completed
I/MotoNetwCtrlr( 1167): onReceive: Received intent=Intent { act=android.net.wifi.RSSI_CHANGED flg=0x4000010 (has extras) } Action=android.net.wifi.RSSI_CHANGED
I/MotoNetwCtrlr.MotoWifiSignalCtrlr( 1167): handleBroadcast: Entered: Intent=Intent { act=android.net.wifi.RSSI_CHANGED flg=0x4000010 (has extras) } Action=android.net.wifi.RSSI_CHANGED
I/MotoNetwCtrlr.MotorolaWifiSignalController( 1167): isDirty: returns false
I/MotoNetwCtrlr.MotoWifiSignalCtrlr( 1167): handleBroadcast: Completed
I/MotoNetwCtrlr( 1167): onReceive: Completed intent=Intent { act=android.net.wifi.RSSI_CHANGED flg=0x4000010 (has extras) } Action=android.net.wifi.RSSI_CHANGED
I/MotoNetwCtrlr.MotoWifiHndlr( 1167): handleMessage: Entered msg.what=1
I/MotoNetwCtrlr.MotorolaWifiSignalController( 1167): isDirty: returns true
I/MotoNetwCtrlr.MotorolaWifiSignalController( 1167): notifyListeners: calling SB [0] setWifiIndicators (Motorola api): UseMotoUI=true Vis=true SBSig=0x7f02014c=stat_sys_wifi_signal_4_fully SBAct=( none ) DescSig="Wifi signal full." DescAct="wifi in and out" NetName=""Connectify-me""
I/MotoNetwCtrlr.MotorolaWifiSignalController( 1167): notifyListeners: calling SB [1] setWifiIndicators (Motorola api): UseMotoUI=true Vis=true SBSig=0x7f02014c=stat_sys_wifi_signal_4_fully SBAct=( none ) DescSig="Wifi signal full." DescAct="wifi in and out" NetName=""Connectify-me""
I/MotoNetwCtrlr.MotorolaWifiSignalController( 1167): notifyListeners: calling SB [2] setWifiIndicators (Motorola api): UseMotoUI=true Vis=true SBSig=0x7f02014c=stat_sys_wifi_signal_4_fully SBAct=( none ) DescSig="Wifi signal full." DescAct="wifi in and out" NetName=""Connectify-me""
I/MotoNetwCtrlr.MotoWifiHndlr( 1167): handleMessage: Completed
I/MotoNetwCtrlr.MotoWifiHndlr( 1167): handleMessage: Entered msg.what=1
I/MotoNetwCtrlr.MotorolaWifiSignalController( 1167): isDirty: returns true
I/MotoNetwCtrlr.MotorolaWifiSignalController( 1167): notifyListeners: calling SB [0] setWifiIndicators (Motorola api): UseMotoUI=true Vis=true SBSig=0x7f02014c=stat_sys_wifi_signal_4_fully SBAct=( none ) DescSig="Wifi signal full." DescAct="wifi idle" NetName=""Connectify-me""
I/MotoNetwCtrlr.MotorolaWifiSignalController( 1167): notifyListeners: calling SB [1] setWifiIndicators (Motorola api): UseMotoUI=true Vis=true SBSig=0x7f02014c=stat_sys_wifi_signal_4_fully SBAct=( none ) DescSig="Wifi signal full." DescAct="wifi idle" NetName=""Connectify-me""
I/MotoNetwCtrlr.MotorolaWifiSignalController( 1167): notifyListeners: calling SB [2] setWifiIndicators (Motorola api): UseMotoUI=true Vis=true SBSig=0x7f02014c=stat_sys_wifi_signal_4_fully SBAct=( none ) DescSig="Wifi signal full." DescAct="wifi idle" NetName=""Connectify-me""
I/MotoNetwCtrlr.MotoWifiHndlr( 1167): handleMessage: Completed
I/MotoNetwCtrlr( 1167): onReceive: Received intent=Intent { act=android.net.wifi.RSSI_CHANGED flg=0x4000010 (has extras) } Action=android.net.wifi.RSSI_CHANGED
I/MotoNetwCtrlr.MotoWifiSignalCtrlr( 1167): handleBroadcast: Entered: Intent=Intent { act=android.net.wifi.RSSI_CHANGED flg=0x4000010 (has extras) } Action=android.net.wifi.RSSI_CHANGED
I/MotoNetwCtrlr.MotorolaWifiSignalController( 1167): isDirty: returns false
I/MotoNetwCtrlr.MotoWifiSignalCtrlr( 1167): handleBroadcast: Completed
I/MotoNetwCtrlr( 1167): onReceive: Completed intent=Intent { act=android.net.wifi.RSSI_CHANGED flg=0x4000010 (has extras) } Action=android.net.wifi.RSSI_CHANGED
I/SFPerfTracer(  301):      triggers: (rate: 380:113624) (4514526 sw vsyncs) (632481 skipped) (142:4005205 vsyncs) (144:8693854)
I/MotoNetwCtrlr.MotoNetwCtrlrImpl.MotorolaMobileSignalController( 2 ) ( 1167): MotorolaMobilePhoneStateListener.onSignalStrengthsChanged: Entered: signalStrength=SignalStrength: 16 0 -120 -160 -120 -1 -1 99 2147483647 2147483647 2147483647 2147483647 2147483647 gsm|lte 0 -108 -1 false 4 4 0 0 0 99 99 99 4 0 level=4
I/MotoNetwCtrlr.MotoNetwCtrlrImpl.MotorolaMobileSignalController( 2 ) ( 1167): isDirty: returns true
I/MotoNetwCtrlr.MotoNetwCtrlrImpl.MotorolaMobileSignalController( 2 ) ( 1167): notifyListeners: calling SB [0] setMobileDataIndicators (Motorola api): mobileUseMotoUI=true mobileEnabled=true mobileSimIconId=( none ) mobileSignalIconId=0x7f02048c=zz_moto_stat_sys_signal_4_of_4_fully_wide mobileRoamingIconId=( none ) mobileDataTypeIconId=( none ) mobileDataActivityIconId=( none ) mobileCarrierDescription="o2-de+|o2 - de" mobileSimDescription="" mobileSignalContentDescription="phone signal full strength" mobileRoamingDescription="" mobileDataTypeContentDescription="H" mobileDataActivityContentDescription="" mobileIsRoaming=false isDataTypeIconWide=true mobileIsBidiDirectionEnabled=false mobileSubId=2
I/MotoNetwCtrlr.MotoNetwCtrlrImpl.MotorolaMobileSignalController( 2 ) ( 1167): notifyListeners: calling SB [1] setMobileDataIndicators (Motorola api): mobileUseMotoUI=true mobileEnabled=true mobileSimIconId=( none ) mobileSignalIconId=0x7f02048c=zz_moto_stat_sys_signal_4_of_4_fully_wide mobileRoamingIconId=( none ) mobileDataTypeIconId=( none ) mobileDataActivityIconId=( none ) mobileCarrierDescription="o2-de+|o2 - de" mobileSimDescription="" mobileSignalContentDescription="phone signal full strength" mobileRoamingDescription="" mobileDataTypeContentDescription="H" mobileDataActivityContentDescription="" mobileIsRoaming=false isDataTypeIconWide=true mobileIsBidiDirectionEnabled=false mobileSubId=2
I/MotoNetwCtrlr.MotoNetwCtrlrImpl.MotorolaMobileSignalController( 2 ) ( 1167): notifyListeners: calling SB [2] setMobileDataIndicators (Motorola api): mobileUseMotoUI=true mobileEnabled=true mobileSimIconId=( none ) mobileSignalIconId=0x7f02048c=zz_moto_stat_sys_signal_4_of_4_fully_wide mobileRoamingIconId=( none ) mobileDataTypeIconId=( none ) mobileDataActivityIconId=( none ) mobileCarrierDescription="o2-de+|o2 - de" mobileSimDescription="" mobileSignalContentDescription="phone signal full strength" mobileRoamingDescription="" mobileDataTypeContentDescription="H" mobileDataActivityContentDescription="" mobileIsRoaming=false isDataTypeIconWide=true mobileIsBidiDirectionEnabled=false mobileSubId=2
I/MotoNetwCtrlr.MotoNetwCtrlrImpl.MotorolaMobileSignalController( 2 ) ( 1167): MotorolaMobilePhoneStateListener.onSignalStrengthsChanged: completed: level=4
E/WifiStateMachine(  889): WifiStateMachine CMD_START_SCAN source -2 txSuccessRate=6.75 rxSuccessRate=6.75 targetRoamBSSID=any RSSI=-39
E/WifiStateMachine(  889): startDelayedScan send -> 7621 milli 20000
E/WifiStateMachine(  889): WifiStateMachine CMD_START_SCAN with age=220045 interval=227812 maxinterval=300000
E/WifiStateMachine(  889): WifiStateMachine CMD_START_SCAN full=false
E/WifiStateMachine(  889): WifiStateMachine starting scan for "Connectify-me"WPA_PSK with 2442
D/MDMCTBK (  335): reply_len: 40 reply is = IFNAME=wlan0 <3>CTRL-EVENT-SCAN-STARTED 
D/MDMCTBK (  335): Event received = CTRL-EVENT-SCAN-STARTED 
E/WifiStateMachine(  889): [1,461,952,297,096 ms] noteScanstart no scan source uid -2
I/SFPerfTracer(  301):      triggers: (rate: 380:113624) (4514526 sw vsyncs) (632481 skipped) (46:4005336 vsyncs) (48:8693989)
D/MDMCTBK (  335): reply_len: 40 reply is = IFNAME=wlan0 <3>CTRL-EVENT-BSS-REMOVED 1
D/MDMCTBK (  335): Event received = CTRL-EVENT-BSS-REMOVED 1
D/MDMCTBK (  335): reply_len: 40 reply is = IFNAME=wlan0 <3>CTRL-EVENT-SCAN-RESULTS 
D/MDMCTBK (  335): Event received = CTRL-EVENT-SCAN-RESULTS 
E/WifiStateMachine(  889): [1,461,952,297,127 ms] noteScanEnd no scan source onTime=0
E/WifiStateMachine(  889): wifi setScanResults statecom.android.server.wifi.WifiStateMachine$ConnectedState@2c3d41e9 sup_state=COMPLETED debouncing=false mConnectionRequests=1 selection=<none>
I/MotoNetwCtrlr( 1167): onReceive: Received intent=Intent { act=android.net.wifi.RSSI_CHANGED flg=0x4000010 (has extras) } Action=android.net.wifi.RSSI_CHANGED
I/MotoNetwCtrlr.MotoWifiSignalCtrlr( 1167): handleBroadcast: Entered: Intent=Intent { act=android.net.wifi.RSSI_CHANGED flg=0x4000010 (has extras) } Action=android.net.wifi.RSSI_CHANGED
I/MotoNetwCtrlr.MotorolaWifiSignalController( 1167): isDirty: returns false
I/MotoNetwCtrlr.MotoWifiSignalCtrlr( 1167): handleBroadcast: Completed
I/MotoNetwCtrlr( 1167): onReceive: Completed intent=Intent { act=android.net.wifi.RSSI_CHANGED flg=0x4000010 (has extras) } Action=android.net.wifi.RSSI_CHANGED
I/SFPerfTracer(  301):      triggers: (rate: 380:113624) (4514526 sw vsyncs) (632481 skipped) (58:4005462 vsyncs) (60:8694121)
I/MotoNetwCtrlr( 1167): onReceive: Received intent=Intent { act=android.net.wifi.RSSI_CHANGED flg=0x4000010 (has extras) } Action=android.net.wifi.RSSI_CHANGED
I/MotoNetwCtrlr.MotoWifiSignalCtrlr( 1167): handleBroadcast: Entered: Intent=Intent { act=android.net.wifi.RSSI_CHANGED flg=0x4000010 (has extras) } Action=android.net.wifi.RSSI_CHANGED
I/MotoNetwCtrlr.MotorolaWifiSignalController( 1167): isDirty: returns false
I/MotoNetwCtrlr.MotoWifiSignalCtrlr( 1167): handleBroadcast: Completed
I/MotoNetwCtrlr( 1167): onReceive: Completed intent=Intent { act=android.net.wifi.RSSI_CHANGED flg=0x4000010 (has extras) } Action=android.net.wifi.RSSI_CHANGED
I/SFPerfTracer(  301):      triggers: (rate: 380:113624) (4514526 sw vsyncs) (632481 skipped) (121:4005583 vsyncs) (123:8694244)
I/SFPerfTracer(  301):      triggers: (rate: 380:113624) (4514526 sw vsyncs) (632481 skipped) (120:4005703 vsyncs) (122:8694366)
I/MotoNetwCtrlr( 1167): onReceive: Received intent=Intent { act=android.net.wifi.RSSI_CHANGED flg=0x4000010 (has extras) } Action=android.net.wifi.RSSI_CHANGED
I/MotoNetwCtrlr.MotoWifiSignalCtrlr( 1167): handleBroadcast: Entered: Intent=Intent { act=android.net.wifi.RSSI_CHANGED flg=0x4000010 (has extras) } Action=android.net.wifi.RSSI_CHANGED
I/MotoNetwCtrlr.MotorolaWifiSignalController( 1167): isDirty: returns false
I/MotoNetwCtrlr.MotoWifiSignalCtrlr( 1167): handleBroadcast: Completed
I/MotoNetwCtrlr( 1167): onReceive: Completed intent=Intent { act=android.net.wifi.RSSI_CHANGED flg=0x4000010 (has extras) } Action=android.net.wifi.RSSI_CHANGED
I/SFPerfTracer(  301):      triggers: (rate: 380:113624) (4514526 sw vsyncs) (632481 skipped) (121:4005824 vsyncs) (123:8694489)
I/MotoNetwCtrlr( 1167): onReceive: Received intent=Intent { act=android.net.wifi.RSSI_CHANGED flg=0x4000010 (has extras) } Action=android.net.wifi.RSSI_CHANGED
I/MotoNetwCtrlr.MotoWifiSignalCtrlr( 1167): handleBroadcast: Entered: Intent=Intent { act=android.net.wifi.RSSI_CHANGED flg=0x4000010 (has extras) } Action=android.net.wifi.RSSI_CHANGED
I/MotoNetwCtrlr.MotorolaWifiSignalController( 1167): isDirty: returns false
I/MotoNetwCtrlr.MotoWifiSignalCtrlr( 1167): handleBroadcast: Completed
I/MotoNetwCtrlr( 1167): onReceive: Completed intent=Intent { act=android.net.wifi.RSSI_CHANGED flg=0x4000010 (has extras) } Action=android.net.wifi.RSSI_CHANGED
I/SFPerfTracer(  301):      triggers: (rate: 380:113624) (4514526 sw vsyncs) (632481 skipped) (16:4005927 vsyncs) (18:8694596)
W/ActivityManager(  889): getRunningAppProcesses: caller 10207 does not hold REAL_GET_TASKS; limiting output
I/SFPerfTracer(  301):      triggers: (rate: 380:113624) (4514526 sw vsyncs) (632481 skipped) (56:4006055 vsyncs) (58:8694730)
I/MotoNetwCtrlr( 1167): onReceive: Received intent=Intent { act=android.net.wifi.RSSI_CHANGED flg=0x4000010 (has extras) } Action=android.net.wifi.RSSI_CHANGED
I/MotoNetwCtrlr.MotoWifiSignalCtrlr( 1167): handleBroadcast: Entered: Intent=Intent { act=android.net.wifi.RSSI_CHANGED flg=0x4000010 (has extras) } Action=android.net.wifi.RSSI_CHANGED
I/MotoNetwCtrlr.MotorolaWifiSignalController( 1167): isDirty: returns false
I/MotoNetwCtrlr.MotoWifiSignalCtrlr( 1167): handleBroadcast: Completed
I/MotoNetwCtrlr( 1167): onReceive: Completed intent=Intent { act=android.net.wifi.RSSI_CHANGED flg=0x4000010 (has extras) } Action=android.net.wifi.RSSI_CHANGED
I/MotoNetwCtrlr( 1167): onReceive: Received intent=Intent { act=android.net.wifi.RSSI_CHANGED flg=0x4000010 (has extras) } Action=android.net.wifi.RSSI_CHANGED
I/MotoNetwCtrlr.MotoWifiSignalCtrlr( 1167): handleBroadcast: Entered: Intent=Intent { act=android.net.wifi.RSSI_CHANGED flg=0x4000010 (has extras) } Action=android.net.wifi.RSSI_CHANGED
I/MotoNetwCtrlr.MotorolaWifiSignalController( 1167): isDirty: returns false
I/MotoNetwCtrlr.MotoWifiSignalCtrlr( 1167): handleBroadcast: Completed
I/MotoNetwCtrlr( 1167): onReceive: Completed intent=Intent { act=android.net.wifi.RSSI_CHANGED flg=0x4000010 (has extras) } Action=android.net.wifi.RSSI_CHANGED
D/AndroidRuntime( 3012): >>>>>> START com.android.internal.os.RuntimeInit uid 2000 <<<<<<
D/AndroidRuntime( 3012): CheckJNI is OFF
E/cutils-trace( 3012): Error opening trace file: Permission denied (13)
D/AndroidRuntime( 3012): Calling main entry com.android.commands.pm.Pm
I/Finsky  (16654): [1] com.google.android.vending.verifier.PackageVerificationReceiver.onReceive(40): Verification requested, id = 53
I/Finsky  (16654): [1] com.google.android.vending.verifier.n.onPreExecute(442): Verification Requested for id=53 data=file:///data/local/tmp/com.androidclient.blulock.androidclient flags=114 fromVerificationActivity=false
I/SFPerfTracer(  301):      triggers: (rate: 380:113624) (4514526 sw vsyncs) (632481 skipped) (221:4006276 vsyncs) (223:8694953)
I/MotoNetwCtrlr.MotoWifiHndlr( 1167): handleMessage: Entered msg.what=1
I/MotoNetwCtrlr.MotorolaWifiSignalController( 1167): isDirty: returns true
I/MotoNetwCtrlr.MotorolaWifiSignalController( 1167): notifyListeners: calling SB [0] setWifiIndicators (Motorola api): UseMotoUI=true Vis=true SBSig=0x7f02014c=stat_sys_wifi_signal_4_fully SBAct=( none ) DescSig="Wifi signal full." DescAct="wifi out" NetName=""Connectify-me""
I/MotoNetwCtrlr.MotorolaWifiSignalController( 1167): notifyListeners: calling SB [1] setWifiIndicators (Motorola api): UseMotoUI=true Vis=true SBSig=0x7f02014c=stat_sys_wifi_signal_4_fully SBAct=( none ) DescSig="Wifi signal full." DescAct="wifi out" NetName=""Connectify-me""
I/MotoNetwCtrlr.MotorolaWifiSignalController( 1167): notifyListeners: calling SB [2] setWifiIndicators (Motorola api): UseMotoUI=true Vis=true SBSig=0x7f02014c=stat_sys_wifi_signal_4_fully SBAct=( none ) DescSig="Wifi signal full." DescAct="wifi out" NetName=""Connectify-me""
I/MotoNetwCtrlr.MotoWifiHndlr( 1167): handleMessage: Completed
I/Finsky  (16654): [1] com.google.android.vending.verifier.e.a_(2372): Verification id=53 response=0
I/Finsky  (16654): [1] com.google.android.vending.verifier.PackageVerificationReceiver.onReceive(40): Verification requested, id = 53
D/DefContainer(20980): Copying /data/local/tmp/com.androidclient.blulock.androidclient to base.apk
I/MotoNetwCtrlr.MotoWifiHndlr( 1167): handleMessage: Entered msg.what=1
I/MotoNetwCtrlr.MotorolaWifiSignalController( 1167): isDirty: returns true
I/MotoNetwCtrlr.MotorolaWifiSignalController( 1167): notifyListeners: calling SB [0] setWifiIndicators (Motorola api): UseMotoUI=true Vis=true SBSig=0x7f02014c=stat_sys_wifi_signal_4_fully SBAct=( none ) DescSig="Wifi signal full." DescAct="wifi in and out" NetName=""Connectify-me""
I/MotoNetwCtrlr.MotorolaWifiSignalController( 1167): notifyListeners: calling SB [1] setWifiIndicators (Motorola api): UseMotoUI=true Vis=true SBSig=0x7f02014c=stat_sys_wifi_signal_4_fully SBAct=( none ) DescSig="Wifi signal full." DescAct="wifi in and out" NetName=""Connectify-me""
I/MotoNetwCtrlr.MotorolaWifiSignalController( 1167): notifyListeners: calling SB [2] setWifiIndicators (Motorola api): UseMotoUI=true Vis=true SBSig=0x7f02014c=stat_sys_wifi_signal_4_fully SBAct=( none ) DescSig="Wifi signal full." DescAct="wifi in and out" NetName=""Connectify-me""
I/MotoNetwCtrlr.MotoWifiHndlr( 1167): handleMessage: Completed
I/SFPerfTracer(  301):      triggers: (rate: 380:113624) (4514526 sw vsyncs) (632481 skipped) (60:4006418 vsyncs) (62:8695099)
D/PackageManager(  889): Renaming /data/app/vmdl1034172932.tmp to /data/app/com.androidclient.blulock.androidclient-1
I/ActivityManager(  889): Force stopping com.androidclient.blulock.androidclient appid=10332 user=-1: uninstall pkg
I/ActivityManager(  889): Killing 483:com.androidclient.blulock.androidclient/u0a332 (adj 0): stop com.androidclient.blulock.androidclient
I/WindowState(  889): WIN DEATH: Window{77183fc u0 com.androidclient.blulock.androidclient/com.androidclient.blulock.androidclient.MainActivity}
V/WindowManager(  889): IKSWL-6868 finishPostLayoutPolicyLw: mHideKeyguard=false mDismissKeyguard=0
V/WindowManager(  889): IKSWL-6868 setKeyguardOccludedLw isOccluded=false wasOccluded=false showing=false
W/SurfaceFlinger(  301): couldn't log to binary event log: overflow.
I/PackageManager(  889): Package com.androidclient.blulock.androidclient codePath changed from /data/app/com.androidclient.blulock.androidclient-2 to /data/app/com.androidclient.blulock.androidclient-1; Retaining data and using new
I/PackageManager(  889): Running dexopt on: /data/app/com.androidclient.blulock.androidclient-1/base.apk pkg=com.androidclient.blulock.androidclient isa=arm vmSafeMode=false
E/cutils-trace( 3074): Error opening trace file: Permission denied (13)
I/dex2oat ( 3074): /system/bin/dex2oat --zip-fd=6 --zip-location=/data/app/com.androidclient.blulock.androidclient-1/base.apk --oat-fd=7 --oat-location=/data/dalvik-cache/arm/data@app@com.androidclient.blulock.androidclient-1@base.apk@classes.dex --instruction-set=arm --instruction-set-features=div --runtime-arg -Xms64m --runtime-arg -Xmx512m --swap-fd=12
W/ActivityManager(  889): Force removing ActivityRecord{3a455535 u0 com.androidclient.blulock.androidclient/.MainActivity t15370}: app died, no saved state
V/WindowManager(  889): IKSWL-6868 finishPostLayoutPolicyLw: mHideKeyguard=false mDismissKeyguard=0
V/WindowManager(  889): IKSWL-6868 setKeyguardOccludedLw isOccluded=false wasOccluded=false showing=false
V/WindowManager(  889): IKSWL-6868 finishPostLayoutPolicyLw: mHideKeyguard=false mDismissKeyguard=0
V/WindowManager(  889): IKSWL-6868 setKeyguardOccludedLw isOccluded=false wasOccluded=false showing=false
W/ActivityManager(  889): Spurious death for ProcessRecord{f902861 483:com.androidclient.blulock.androidclient/u0a332}, curProc for 483: null
I/MotoNetwCtrlr( 1167): onReceive: Received intent=Intent { act=android.net.wifi.RSSI_CHANGED flg=0x4000010 (has extras) } Action=android.net.wifi.RSSI_CHANGED
I/MotoNetwCtrlr.MotoWifiSignalCtrlr( 1167): handleBroadcast: Entered: Intent=Intent { act=android.net.wifi.RSSI_CHANGED flg=0x4000010 (has extras) } Action=android.net.wifi.RSSI_CHANGED
I/MotoNetwCtrlr.MotorolaWifiSignalController( 1167): isDirty: returns false
I/MotoNetwCtrlr.MotoWifiSignalCtrlr( 1167): handleBroadcast: Completed
I/MotoNetwCtrlr( 1167): onReceive: Completed intent=Intent { act=android.net.wifi.RSSI_CHANGED flg=0x4000010 (has extras) } Action=android.net.wifi.RSSI_CHANGED
V/WindowManager(  889): IKSWL-6868 finishPostLayoutPolicyLw: mHideKeyguard=false mDismissKeyguard=0
V/WindowManager(  889): IKSWL-6868 setKeyguardOccludedLw isOccluded=false wasOccluded=false showing=false
W/InputMethodManagerService(  889): Got RemoteException sending setActive(false) notification to pid 483 uid 10332
V/WindowManager(  889): IKSWL-6868 finishPostLayoutPolicyLw: mHideKeyguard=false mDismissKeyguard=0
