E/WifiStateMachine(  889): WifiStateMachine CMD_START_SCAN source -2 ...and ignore scans tx=62.19 rx=78.29
I/SFPerfTracer(  301):      triggers: (rate: 383:117253) (4799077 sw vsyncs) (683995 skipped) (0:4615976 vsyncs) (2:9621368)
V/AlarmManager(  889): sending alarm {3c84d211 type 0 *walarm*:com.ultimarom.launchnavigation/anagog.pd.service.AlarmReceiver}
V/AlarmManager(  889): sending alarm {22378e9b type 0 *walarm*:com.outfit7.talkingtom2free/com.bee7.sdk.service.RewardingService}
V/AlarmManager(  889): sending alarm {3f08366 type 3 *alarm*:com.google.android.gms/.lockbox.LockboxAlarmReceiver}
V/AlarmManager(  889): done {22378e9b, *walarm*:com.outfit7.talkingtom2free/com.bee7.sdk.service.RewardingService} [25ms]
V/AlarmManager(  889): done {3c84d211, *walarm*:com.ultimarom.launchnavigation/anagog.pd.service.AlarmReceiver} [29ms]
V/AlarmManager(  889): done {3f08366, *alarm*:com.google.android.gms/.lockbox.LockboxAlarmReceiver} [39ms]
I/chromium(27707): [INFO:CONSOLE(25)] "No Content-Security-Policy meta tag found. Please add one when using the cordova-plugin-whitelist plugin.", source: file:///android_asset/www/plugins/cordova-plugin-whitelist/whitelist.js (25)
I/MotoNetwCtrlr( 1167): onReceive: Received intent=Intent { act=android.net.wifi.RSSI_CHANGED flg=0x4000010 (has extras) } Action=android.net.wifi.RSSI_CHANGED
I/MotoNetwCtrlr.MotoWifiSignalCtrlr( 1167): handleBroadcast: Entered: Intent=Intent { act=android.net.wifi.RSSI_CHANGED flg=0x4000010 (has extras) } Action=android.net.wifi.RSSI_CHANGED
I/MotoNetwCtrlr.MotorolaWifiSignalController( 1167): isDirty: returns false
I/MotoNetwCtrlr.MotoWifiSignalCtrlr( 1167): handleBroadcast: Completed
I/MotoNetwCtrlr( 1167): onReceive: Completed intent=Intent { act=android.net.wifi.RSSI_CHANGED flg=0x4000010 (has extras) } Action=android.net.wifi.RSSI_CHANGED
I/SFPerfTracer(  301):      triggers: (rate: 10329:305326) (compose: 0:473) (post: 0:1939) (render: 0:2341) (0:2409671 frames) (1:2608416)
D/SFPerfTracer(  301):        layers: (3:9) (FocusedStackFrame (0xb6299000): 0:9959)* (DimLayer (0xb6206000): 0:140)* (DimLayer (0xb6208000): 0:26)* (com.android.noisefield.NoiseFieldWallpaper (0xb6279000): 0:331468)* (StatusBar (0xb6204000): 1:299103) (DimLayer (0xb632f000): 0:3866)* (DimLayer (0xb632d000): 0:1368)* (NavigationBar (0xb618c000): 0:379) (com.androidclient.blulock.androidclient/com.androidclient.blulock.androidclient.MainActivity (0xb622a000): 0:14) 
I/MotoNetwCtrlr( 1167): onReceive: Received intent=Intent { act=android.net.wifi.RSSI_CHANGED flg=0x4000010 (has extras) } Action=android.net.wifi.RSSI_CHANGED
I/MotoNetwCtrlr.MotoWifiSignalCtrlr( 1167): handleBroadcast: Entered: Intent=Intent { act=android.net.wifi.RSSI_CHANGED flg=0x4000010 (has extras) } Action=android.net.wifi.RSSI_CHANGED
I/MotoNetwCtrlr.MotorolaWifiSignalController( 1167): isDirty: returns false
I/MotoNetwCtrlr.MotoWifiSignalCtrlr( 1167): handleBroadcast: Completed
I/MotoNetwCtrlr( 1167): onReceive: Completed intent=Intent { act=android.net.wifi.RSSI_CHANGED flg=0x4000010 (has extras) } Action=android.net.wifi.RSSI_CHANGED
I/MotoNetwCtrlr( 1167): onReceive: Received intent=Intent { act=android.net.wifi.RSSI_CHANGED flg=0x4000010 (has extras) } Action=android.net.wifi.RSSI_CHANGED
I/MotoNetwCtrlr.MotoWifiSignalCtrlr( 1167): handleBroadcast: Entered: Intent=Intent { act=android.net.wifi.RSSI_CHANGED flg=0x4000010 (has extras) } Action=android.net.wifi.RSSI_CHANGED
I/MotoNetwCtrlr.MotorolaWifiSignalController( 1167): isDirty: returns false
I/MotoNetwCtrlr.MotoWifiSignalCtrlr( 1167): handleBroadcast: Completed
I/MotoNetwCtrlr( 1167): onReceive: Completed intent=Intent { act=android.net.wifi.RSSI_CHANGED flg=0x4000010 (has extras) } Action=android.net.wifi.RSSI_CHANGED
D/[RTMPExtractorWrapper].librtmp( 8011): RTMPSockBuf_Fill, recv returned -1. GetSockError(): 11 (Try again)
E/[RTMPExtractorWrapper].librtmp( 8011): RTMP_ReadPacket, failed to read RTMP packet header
I/SFPerfTracer(  301):      triggers: (rate: 383:117253) (4799077 sw vsyncs) (683995 skipped) (0:4615976 vsyncs) (2:9621469)
I/MotoNetwCtrlr( 1167): onReceive: Received intent=Intent { act=android.net.wifi.RSSI_CHANGED flg=0x4000010 (has extras) } Action=android.net.wifi.RSSI_CHANGED
I/MotoNetwCtrlr.MotoWifiSignalCtrlr( 1167): handleBroadcast: Entered: Intent=Intent { act=android.net.wifi.RSSI_CHANGED flg=0x4000010 (has extras) } Action=android.net.wifi.RSSI_CHANGED
I/MotoNetwCtrlr.MotorolaWifiSignalController( 1167): isDirty: returns false
I/MotoNetwCtrlr.MotoWifiSignalCtrlr( 1167): handleBroadcast: Completed
I/MotoNetwCtrlr( 1167): onReceive: Completed intent=Intent { act=android.net.wifi.RSSI_CHANGED flg=0x4000010 (has extras) } Action=android.net.wifi.RSSI_CHANGED
I/chromium(27707): [INFO:CONSOLE(25)] "No Content-Security-Policy meta tag found. Please add one when using the cordova-plugin-whitelist plugin.", source: file:///android_asset/www/plugins/cordova-plugin-whitelist/whitelist.js (25)
I/MotoNetwCtrlr( 1167): onReceive: Received intent=Intent { act=android.net.wifi.RSSI_CHANGED flg=0x4000010 (has extras) } Action=android.net.wifi.RSSI_CHANGED
I/MotoNetwCtrlr.MotoWifiSignalCtrlr( 1167): handleBroadcast: Entered: Intent=Intent { act=android.net.wifi.RSSI_CHANGED flg=0x4000010 (has extras) } Action=android.net.wifi.RSSI_CHANGED
I/MotoNetwCtrlr.MotorolaWifiSignalController( 1167): isDirty: returns false
I/MotoNetwCtrlr.MotoWifiSignalCtrlr( 1167): handleBroadcast: Completed
I/MotoNetwCtrlr( 1167): onReceive: Completed intent=Intent { act=android.net.wifi.RSSI_CHANGED flg=0x4000010 (has extras) } Action=android.net.wifi.RSSI_CHANGED
W/ActivityManager(  889): getRunningAppProcesses: caller 10207 does not hold REAL_GET_TASKS; limiting output
I/MotoNetwCtrlr( 1167): onReceive: Received intent=Intent { act=android.net.wifi.RSSI_CHANGED flg=0x4000010 (has extras) } Action=android.net.wifi.RSSI_CHANGED
I/MotoNetwCtrlr.MotoWifiSignalCtrlr( 1167): handleBroadcast: Entered: Intent=Intent { act=android.net.wifi.RSSI_CHANGED flg=0x4000010 (has extras) } Action=android.net.wifi.RSSI_CHANGED
I/MotoNetwCtrlr.MotorolaWifiSignalController( 1167): isDirty: returns false
I/MotoNetwCtrlr.MotoWifiSignalCtrlr( 1167): handleBroadcast: Completed
I/MotoNetwCtrlr( 1167): onReceive: Completed intent=Intent { act=android.net.wifi.RSSI_CHANGED flg=0x4000010 (has extras) } Action=android.net.wifi.RSSI_CHANGED
I/SFPerfTracer(  301):      triggers: (rate: 383:117253) (4799077 sw vsyncs) (683995 skipped) (0:4615976 vsyncs) (2:9621571)
E/WifiStateMachine(  889): WifiStateMachine CMD_START_SCAN source -2 txSuccessRate=81.47 rxSuccessRate=107.52 targetRoamBSSID=any RSSI=-41
E/WifiStateMachine(  889): startDelayedScan send -> 8320 milli 20000
E/WifiStateMachine(  889): WifiStateMachine CMD_START_SCAN with age=320074 interval=341718 maxinterval=300000
E/WifiStateMachine(  889): WifiStateMachine CMD_START_SCAN prevent full band scan due to pkt rate
E/WifiStateMachine(  889): WifiStateMachine CMD_START_SCAN source -2 ...and ignore scans tx=81.47 rx=107.52
I/MotoNetwCtrlr( 1167): onReceive: Received intent=Intent { act=android.net.wifi.RSSI_CHANGED flg=0x4000010 (has extras) } Action=android.net.wifi.RSSI_CHANGED
I/MotoNetwCtrlr.MotoWifiSignalCtrlr( 1167): handleBroadcast: Entered: Intent=Intent { act=android.net.wifi.RSSI_CHANGED flg=0x4000010 (has extras) } Action=android.net.wifi.RSSI_CHANGED
I/MotoNetwCtrlr.MotorolaWifiSignalController( 1167): isDirty: returns false
I/MotoNetwCtrlr.MotoWifiSignalCtrlr( 1167): handleBroadcast: Completed
I/MotoNetwCtrlr( 1167): onReceive: Completed intent=Intent { act=android.net.wifi.RSSI_CHANGED flg=0x4000010 (has extras) } Action=android.net.wifi.RSSI_CHANGED
I/art     (  889): Explicit concurrent mark sweep GC freed 111800(5MB) AllocSpace objects, 0(0B) LOS objects, 30% free, 35MB/51MB, paused 4.791ms total 198.260ms
I/chromium(27707): [INFO:CONSOLE(25)] "No Content-Security-Policy meta tag found. Please add one when using the cordova-plugin-whitelist plugin.", source: file:///android_asset/www/plugins/cordova-plugin-whitelist/whitelist.js (25)
I/MotoNetwCtrlr( 1167): onReceive: Received intent=Intent { act=android.net.wifi.RSSI_CHANGED flg=0x4000010 (has extras) } Action=android.net.wifi.RSSI_CHANGED
I/MotoNetwCtrlr.MotoWifiSignalCtrlr( 1167): handleBroadcast: Entered: Intent=Intent { act=android.net.wifi.RSSI_CHANGED flg=0x4000010 (has extras) } Action=android.net.wifi.RSSI_CHANGED
I/MotoNetwCtrlr.MotorolaWifiSignalController( 1167): isDirty: returns false
I/MotoNetwCtrlr.MotoWifiSignalCtrlr( 1167): handleBroadcast: Completed
I/MotoNetwCtrlr( 1167): onReceive: Completed intent=Intent { act=android.net.wifi.RSSI_CHANGED flg=0x4000010 (has extras) } Action=android.net.wifi.RSSI_CHANGED
I/SFPerfTracer(  301):      triggers: (rate: 10329:305326) (compose: 0:473) (post: 0:1939) (render: 0:2341) (0:2409671 frames) (1:2608516)
D/SFPerfTracer(  301):        layers: (3:9) (FocusedStackFrame (0xb6299000): 0:9959)* (DimLayer (0xb6206000): 0:140)* (DimLayer (0xb6208000): 0:26)* (com.android.noisefield.NoiseFieldWallpaper (0xb6279000): 0:331468)* (StatusBar (0xb6204000): 1:299203) (DimLayer (0xb632f000): 0:3866)* (DimLayer (0xb632d000): 0:1368)* (NavigationBar (0xb618c000): 0:379) (com.androidclient.blulock.androidclient/com.androidclient.blulock.androidclient.MainActivity (0xb622a000): 0:14) 
I/MotoNetwCtrlr( 1167): onReceive: Received intent=Intent { act=android.net.wifi.RSSI_CHANGED flg=0x4000010 (has extras) } Action=android.net.wifi.RSSI_CHANGED
I/MotoNetwCtrlr.MotoWifiSignalCtrlr( 1167): handleBroadcast: Entered: Intent=Intent { act=android.net.wifi.RSSI_CHANGED flg=0x4000010 (has extras) } Action=android.net.wifi.RSSI_CHANGED
I/MotoNetwCtrlr.MotorolaWifiSignalController( 1167): isDirty: returns false
I/MotoNetwCtrlr.MotoWifiSignalCtrlr( 1167): handleBroadcast: Completed
I/MotoNetwCtrlr( 1167): onReceive: Completed intent=Intent { act=android.net.wifi.RSSI_CHANGED flg=0x4000010 (has extras) } Action=android.net.wifi.RSSI_CHANGED
I/MotoNetwCtrlr( 1167): onReceive: Received intent=Intent { act=android.net.wifi.RSSI_CHANGED flg=0x4000010 (has extras) } Action=android.net.wifi.RSSI_CHANGED
I/MotoNetwCtrlr.MotoWifiSignalCtrlr( 1167): handleBroadcast: Entered: Intent=Intent { act=android.net.wifi.RSSI_CHANGED flg=0x4000010 (has extras) } Action=android.net.wifi.RSSI_CHANGED
I/MotoNetwCtrlr.MotorolaWifiSignalController( 1167): isDirty: returns false
I/MotoNetwCtrlr.MotoWifiSignalCtrlr( 1167): handleBroadcast: Completed
I/MotoNetwCtrlr( 1167): onReceive: Completed intent=Intent { act=android.net.wifi.RSSI_CHANGED flg=0x4000010 (has extras) } Action=android.net.wifi.RSSI_CHANGED
D/MDMCTBK (  335): reply_len: 40 reply is = IFNAME=wlan0 <3>CTRL-EVENT-BSS-REMOVED 1
D/MDMCTBK (  335): Event received = CTRL-EVENT-BSS-REMOVED 1
I/SFPerfTracer(  301):      triggers: (rate: 383:117253) (4799077 sw vsyncs) (683995 skipped) (0:4615976 vsyncs) (2:9621673)
V/AlarmManager(  889): sending alarm {3e9f7fe5 type 3 *alarm*:android.intent.action.TIME_TICK}
V/AlarmManager(  889): done {3e9f7fe5, *alarm*:android.intent.action.TIME_TICK} [91ms]
I/chromium(27707): [INFO:CONSOLE(25)] "No Content-Security-Policy meta tag found. Please add one when using the cordova-plugin-whitelist plugin.", source: file:///android_asset/www/plugins/cordova-plugin-whitelist/whitelist.js (25)
I/MotoNetwCtrlr( 1167): onReceive: Received intent=Intent { act=android.net.wifi.RSSI_CHANGED flg=0x4000010 (has extras) } Action=android.net.wifi.RSSI_CHANGED
I/MotoNetwCtrlr.MotoWifiSignalCtrlr( 1167): handleBroadcast: Entered: Intent=Intent { act=android.net.wifi.RSSI_CHANGED flg=0x4000010 (has extras) } Action=android.net.wifi.RSSI_CHANGED
I/MotoNetwCtrlr.MotorolaWifiSignalController( 1167): isDirty: returns false
I/MotoNetwCtrlr.MotoWifiSignalCtrlr( 1167): handleBroadcast: Completed
I/MotoNetwCtrlr( 1167): onReceive: Completed intent=Intent { act=android.net.wifi.RSSI_CHANGED flg=0x4000010 (has extras) } Action=android.net.wifi.RSSI_CHANGED
I/MotoNetwCtrlr( 1167): onReceive: Received intent=Intent { act=android.net.wifi.RSSI_CHANGED flg=0x4000010 (has extras) } Action=android.net.wifi.RSSI_CHANGED
I/MotoNetwCtrlr.MotoWifiSignalCtrlr( 1167): handleBroadcast: Entered: Intent=Intent { act=android.net.wifi.RSSI_CHANGED flg=0x4000010 (has extras) } Action=android.net.wifi.RSSI_CHANGED
I/MotoNetwCtrlr.MotorolaWifiSignalController( 1167): isDirty: returns false
I/MotoNetwCtrlr.MotoWifiSignalCtrlr( 1167): handleBroadcast: Completed
I/MotoNetwCtrlr( 1167): onReceive: Completed intent=Intent { act=android.net.wifi.RSSI_CHANGED flg=0x4000010 (has extras) } Action=android.net.wifi.RSSI_CHANGED
I/MotoNetwCtrlr( 1167): onReceive: Received intent=Intent { act=android.net.wifi.RSSI_CHANGED flg=0x4000010 (has extras) } Action=android.net.wifi.RSSI_CHANGED
I/MotoNetwCtrlr.MotoWifiSignalCtrlr( 1167): handleBroadcast: Entered: Intent=Intent { act=android.net.wifi.RSSI_CHANGED flg=0x4000010 (has extras) } Action=android.net.wifi.RSSI_CHANGED
I/MotoNetwCtrlr.MotorolaWifiSignalController( 1167): isDirty: returns false
I/MotoNetwCtrlr.MotoWifiSignalCtrlr( 1167): handleBroadcast: Completed
I/MotoNetwCtrlr( 1167): onReceive: Completed intent=Intent { act=android.net.wifi.RSSI_CHANGED flg=0x4000010 (has extras) } Action=android.net.wifi.RSSI_CHANGED
D/[RTMPExtractorWrapper].librtmp( 8011): RTMPSockBuf_Fill, recv returned -1. GetSockError(): 11 (Try again)
E/[RTMPExtractorWrapper].librtmp( 8011): RTMP_ReadPacket, failed to read RTMP packet header
I/SFPerfTracer(  301):      triggers: (rate: 383:117253) (4799077 sw vsyncs) (683995 skipped) (0:4615977 vsyncs) (2:9621774)
E/WifiStateMachine(  889): WifiStateMachine CMD_START_SCAN source -2 txSuccessRate=94.12 rxSuccessRate=121.14 targetRoamBSSID=any RSSI=-40
E/WifiStateMachine(  889): startDelayedScan send -> 8321 milli 20000
E/WifiStateMachine(  889): WifiStateMachine CMD_START_SCAN with age=340079 interval=341718 maxinterval=300000
E/WifiStateMachine(  889): WifiStateMachine CMD_START_SCAN prevent full band scan due to pkt rate
E/WifiStateMachine(  889): WifiStateMachine CMD_START_SCAN source -2 ...and ignore scans tx=94.12 rx=121.14
I/MotoNetwCtrlr( 1167): onReceive: Received intent=Intent { act=android.net.wifi.RSSI_CHANGED flg=0x4000010 (has extras) } Action=android.net.wifi.RSSI_CHANGED
I/MotoNetwCtrlr.MotoWifiSignalCtrlr( 1167): handleBroadcast: Entered: Intent=Intent { act=android.net.wifi.RSSI_CHANGED flg=0x4000010 (has extras) } Action=android.net.wifi.RSSI_CHANGED
I/MotoNetwCtrlr.MotorolaWifiSignalController( 1167): isDirty: returns false
I/MotoNetwCtrlr.MotoWifiSignalCtrlr( 1167): handleBroadcast: Completed
I/MotoNetwCtrlr( 1167): onReceive: Completed intent=Intent { act=android.net.wifi.RSSI_CHANGED flg=0x4000010 (has extras) } Action=android.net.wifi.RSSI_CHANGED
I/chromium(27707): [INFO:CONSOLE(25)] "No Content-Security-Policy meta tag found. Please add one when using the cordova-plugin-whitelist plugin.", source: file:///android_asset/www/plugins/cordova-plugin-whitelist/whitelist.js (25)
I/SFPerfTracer(  301):      triggers: (rate: 10329:305326) (compose: 0:473) (post: 0:1939) (render: 0:2341) (0:2409672 frames) (1:2608616)
D/SFPerfTracer(  301):        layers: (3:9) (FocusedStackFrame (0xb6299000): 0:9959)* (DimLayer (0xb6206000): 0:140)* (DimLayer (0xb6208000): 0:26)* (com.android.noisefield.NoiseFieldWallpaper (0xb6279000): 0:331468)* (StatusBar (0xb6204000): 1:299303) (DimLayer (0xb632f000): 0:3866)* (DimLayer (0xb632d000): 0:1368)* (NavigationBar (0xb618c000): 0:379) (com.androidclient.blulock.androidclient/com.androidclient.blulock.androidclient.MainActivity (0xb622a000): 0:14) 
I/MotoNetwCtrlr( 1167): onReceive: Received intent=Intent { act=android.net.wifi.RSSI_CHANGED flg=0x4000010 (has extras) } Action=android.net.wifi.RSSI_CHANGED
I/MotoNetwCtrlr.MotoWifiSignalCtrlr( 1167): handleBroadcast: Entered: Intent=Intent { act=android.net.wifi.RSSI_CHANGED flg=0x4000010 (has extras) } Action=android.net.wifi.RSSI_CHANGED
I/MotoNetwCtrlr.MotorolaWifiSignalController( 1167): isDirty: returns false
I/MotoNetwCtrlr.MotoWifiSignalCtrlr( 1167): handleBroadcast: Completed
I/MotoNetwCtrlr( 1167): onReceive: Completed intent=Intent { act=android.net.wifi.RSSI_CHANGED flg=0x4000010 (has extras) } Action=android.net.wifi.RSSI_CHANGED
I/MotoNetwCtrlr( 1167): onReceive: Received intent=Intent { act=android.net.wifi.RSSI_CHANGED flg=0x4000010 (has extras) } Action=android.net.wifi.RSSI_CHANGED
I/MotoNetwCtrlr.MotoWifiSignalCtrlr( 1167): handleBroadcast: Entered: Intent=Intent { act=android.net.wifi.RSSI_CHANGED flg=0x4000010 (has extras) } Action=android.net.wifi.RSSI_CHANGED
I/MotoNetwCtrlr.MotorolaWifiSignalController( 1167): isDirty: returns false
I/MotoNetwCtrlr.MotoWifiSignalCtrlr( 1167): handleBroadcast: Completed
I/MotoNetwCtrlr( 1167): onReceive: Completed intent=Intent { act=android.net.wifi.RSSI_CHANGED flg=0x4000010 (has extras) } Action=android.net.wifi.RSSI_CHANGED
I/SFPerfTracer(  301):      triggers: (rate: 383:117253) (4799077 sw vsyncs) (683995 skipped) (0:4615977 vsyncs) (2:9621875)
I/MotoNetwCtrlr( 1167): onReceive: Received intent=Intent { act=android.net.wifi.RSSI_CHANGED flg=0x4000010 (has extras) } Action=android.net.wifi.RSSI_CHANGED
I/MotoNetwCtrlr.MotoWifiSignalCtrlr( 1167): handleBroadcast: Entered: Intent=Intent { act=android.net.wifi.RSSI_CHANGED flg=0x4000010 (has extras) } Action=android.net.wifi.RSSI_CHANGED
I/MotoNetwCtrlr.MotorolaWifiSignalController( 1167): isDirty: returns false
I/MotoNetwCtrlr.MotoWifiSignalCtrlr( 1167): handleBroadcast: Completed
I/MotoNetwCtrlr( 1167): onReceive: Completed intent=Intent { act=android.net.wifi.RSSI_CHANGED flg=0x4000010 (has extras) } Action=android.net.wifi.RSSI_CHANGED
I/chromium(27707): [INFO:CONSOLE(25)] "No Content-Security-Policy meta tag found. Please add one when using the cordova-plugin-whitelist plugin.", source: file:///android_asset/www/plugins/cordova-plugin-whitelist/whitelist.js (25)
I/MDMCTBK (  335): NetlinkHandler, power_supply subsys
I/MDMCTBK (  335): NetlinkHandler, usbChargerStateChanged
I/MDMCTBK (  335): checkDefaultInst, current pid is = 335
I/MDMCTBK (  335): checkDefaultInst, pid match
I/MDMCTBK (  335): MdmCutbackHndler,readFromFile = /sys/class/power_supply/usb/online
I/MDMCTBK (  335): MdmCutbackHndler,readFromFile = /sys/class/power_supply/pm8921-dc/online
D/HeadsetStateMachine(12129): Connected process message: 10, size: 1
I/MotoNetwCtrlr( 1167): onReceive: Received intent=Intent { act=android.net.wifi.RSSI_CHANGED flg=0x4000010 (has extras) } Action=android.net.wifi.RSSI_CHANGED
I/MotoNetwCtrlr.MotoWifiSignalCtrlr( 1167): handleBroadcast: Entered: Intent=Intent { act=android.net.wifi.RSSI_CHANGED flg=0x4000010 (has extras) } Action=android.net.wifi.RSSI_CHANGED
I/MotoNetwCtrlr.MotorolaWifiSignalController( 1167): isDirty: returns false
I/MotoNetwCtrlr.MotoWifiSignalCtrlr( 1167): handleBroadcast: Completed
I/MotoNetwCtrlr( 1167): onReceive: Completed intent=Intent { act=android.net.wifi.RSSI_CHANGED flg=0x4000010 (has extras) } Action=android.net.wifi.RSSI_CHANGED
I/MotoNetwCtrlr( 1167): onReceive: Received intent=Intent { act=android.net.wifi.RSSI_CHANGED flg=0x4000010 (has extras) } Action=android.net.wifi.RSSI_CHANGED
I/MotoNetwCtrlr.MotoWifiSignalCtrlr( 1167): handleBroadcast: Entered: Intent=Intent { act=android.net.wifi.RSSI_CHANGED flg=0x4000010 (has extras) } Action=android.net.wifi.RSSI_CHANGED
I/MotoNetwCtrlr.MotorolaWifiSignalController( 1167): isDirty: returns false
I/MotoNetwCtrlr.MotoWifiSignalCtrlr( 1167): handleBroadcast: Completed
I/MotoNetwCtrlr( 1167): onReceive: Completed intent=Intent { act=android.net.wifi.RSSI_CHANGED flg=0x4000010 (has extras) } Action=android.net.wifi.RSSI_CHANGED
I/SFPerfTracer(  301):      triggers: (rate: 383:117253) (4799077 sw vsyncs) (683995 skipped) (0:4615979 vsyncs) (2:9621976)
I/MotoNetwCtrlr( 1167): onReceive: Received intent=Intent { act=android.net.wifi.RSSI_CHANGED flg=0x4000010 (has extras) } Action=android.net.wifi.RSSI_CHANGED
I/MotoNetwCtrlr.MotoWifiSignalCtrlr( 1167): handleBroadcast: Entered: Intent=Intent { act=android.net.wifi.RSSI_CHANGED flg=0x4000010 (has extras) } Action=android.net.wifi.RSSI_CHANGED
I/MotoNetwCtrlr.MotorolaWifiSignalController( 1167): isDirty: returns false
I/MotoNetwCtrlr.MotoWifiSignalCtrlr( 1167): handleBroadcast: Completed
I/MotoNetwCtrlr( 1167): onReceive: Completed intent=Intent { act=android.net.wifi.RSSI_CHANGED flg=0x4000010 (has extras) } Action=android.net.wifi.RSSI_CHANGED
E/WifiStateMachine(  889): WifiStateMachine CMD_START_SCAN source -2 txSuccessRate=72.50 rxSuccessRate=92.44 targetRoamBSSID=any RSSI=-41
E/WifiStateMachine(  889): startDelayedScan send -> 8322 milli 20000
E/WifiStateMachine(  889): WifiStateMachine CMD_START_SCAN with age=360082 interval=341718 maxinterval=300000
E/WifiStateMachine(  889): WifiStateMachine CMD_START_SCAN try full band scan age=360082 interval=341718 maxinterval=300000
E/WifiStateMachine(  889): WifiStateMachine CMD_START_SCAN prevent full band scan due to pkt rate
E/WifiStateMachine(  889): WifiStateMachine CMD_START_SCAN source -2 ...and ignore scans tx=72.50 rx=92.44
V/AlarmManager(  889): sending alarm {3c84d211 type 0 *walarm*:com.ultimarom.launchnavigation/anagog.pd.service.AlarmReceiver}
V/AlarmManager(  889): sending alarm {22378e9b type 0 *walarm*:com.outfit7.talkingtom2free/com.bee7.sdk.service.RewardingService}
V/AlarmManager(  889): sending alarm {3f08366 type 3 *alarm*:com.google.android.gms/.lockbox.LockboxAlarmReceiver}
V/AlarmManager(  889): done {22378e9b, *walarm*:com.outfit7.talkingtom2free/com.bee7.sdk.service.RewardingService} [17ms]
V/AlarmManager(  889): done {3c84d211, *walarm*:com.ultimarom.launchnavigation/anagog.pd.service.AlarmReceiver} [21ms]
V/AlarmManager(  889): done {3f08366, *alarm*:com.google.android.gms/.lockbox.LockboxAlarmReceiver} [30ms]
I/chromium(27707): [INFO:CONSOLE(25)] "No Content-Security-Policy meta tag found. Please add one when using the cordova-plugin-whitelist plugin.", source: file:///android_asset/www/plugins/cordova-plugin-whitelist/whitelist.js (25)
I/MotoNetwCtrlr( 1167): onReceive: Received intent=Intent { act=android.net.wifi.RSSI_CHANGED flg=0x4000010 (has extras) } Action=android.net.wifi.RSSI_CHANGED
I/MotoNetwCtrlr.MotoWifiSignalCtrlr( 1167): handleBroadcast: Entered: Intent=Intent { act=android.net.wifi.RSSI_CHANGED flg=0x4000010 (has extras) } Action=android.net.wifi.RSSI_CHANGED
I/MotoNetwCtrlr.MotorolaWifiSignalController( 1167): isDirty: returns false
I/MotoNetwCtrlr.MotoWifiSignalCtrlr( 1167): handleBroadcast: Completed
I/MotoNetwCtrlr( 1167): onReceive: Completed intent=Intent { act=android.net.wifi.RSSI_CHANGED flg=0x4000010 (has extras) } Action=android.net.wifi.RSSI_CHANGED
I/SFPerfTracer(  301):      triggers: (rate: 10329:305326) (compose: 0:473) (post: 0:1939) (render: 0:2341) (0:2409672 frames) (1:2608716)
D/SFPerfTracer(  301):        layers: (3:9) (FocusedStackFrame (0xb6299000): 0:9959)* (DimLayer (0xb6206000): 0:140)* (DimLayer (0xb6208000): 0:26)* (com.android.noisefield.NoiseFieldWallpaper (0xb6279000): 0:331468)* (StatusBar (0xb6204000): 1:299403) (DimLayer (0xb632f000): 0:3866)* (DimLayer (0xb632d000): 0:1368)* (NavigationBar (0xb618c000): 0:379) (com.androidclient.blulock.androidclient/com.androidclient.blulock.androidclient.MainActivity (0xb622a000): 0:14) 
I/MotoNetwCtrlr( 1167): onReceive: Received intent=Intent { act=android.net.wifi.RSSI_CHANGED flg=0x4000010 (has extras) } Action=android.net.wifi.RSSI_CHANGED
I/MotoNetwCtrlr.MotoWifiSignalCtrlr( 1167): handleBroadcast: Entered: Intent=Intent { act=android.net.wifi.RSSI_CHANGED flg=0x4000010 (has extras) } Action=android.net.wifi.RSSI_CHANGED
I/MotoNetwCtrlr.MotorolaWifiSignalController( 1167): isDirty: returns false
I/MotoNetwCtrlr.MotoWifiSignalCtrlr( 1167): handleBroadcast: Completed
I/MotoNetwCtrlr( 1167): onReceive: Completed intent=Intent { act=android.net.wifi.RSSI_CHANGED flg=0x4000010 (has extras) } Action=android.net.wifi.RSSI_CHANGED
D/AndroidRuntime(22699): >>>>>> START com.android.internal.os.RuntimeInit uid 2000 <<<<<<
D/AndroidRuntime(22699): CheckJNI is OFF
E/cutils-trace(22699): Error opening trace file: Permission denied (13)
D/AndroidRuntime(22699): Calling main entry com.android.commands.pm.Pm
I/Finsky  (32586): [1] com.google.android.vending.verifier.PackageVerificationReceiver.onReceive(40): Verification requested, id = 71
I/Finsky  (32586): [1] com.google.android.vending.verifier.n.onPreExecute(442): Verification Requested for id=71 data=file:///data/local/tmp/com.androidclient.blulock.androidclient flags=114 fromVerificationActivity=false
I/SFPerfTracer(  301):      triggers: (rate: 383:117253) (4799077 sw vsyncs) (683995 skipped) (0:4615980 vsyncs) (2:9622077)
I/MotoNetwCtrlr( 1167): onReceive: Received intent=Intent { act=android.net.wifi.RSSI_CHANGED flg=0x4000010 (has extras) } Action=android.net.wifi.RSSI_CHANGED
I/MotoNetwCtrlr.MotoWifiSignalCtrlr( 1167): handleBroadcast: Entered: Intent=Intent { act=android.net.wifi.RSSI_CHANGED flg=0x4000010 (has extras) } Action=android.net.wifi.RSSI_CHANGED
I/MotoNetwCtrlr.MotorolaWifiSignalController( 1167): isDirty: returns false
I/MotoNetwCtrlr.MotoWifiSignalCtrlr( 1167): handleBroadcast: Completed
I/MotoNetwCtrlr( 1167): onReceive: Completed intent=Intent { act=android.net.wifi.RSSI_CHANGED flg=0x4000010 (has extras) } Action=android.net.wifi.RSSI_CHANGED
D/[RTMPExtractorWrapper].librtmp( 8011): RTMPSockBuf_Fill, recv returned -1. GetSockError(): 11 (Try again)
E/[RTMPExtractorWrapper].librtmp( 8011): RTMP_ReadPacket, failed to read RTMP packet header
I/Finsky  (32586): [1] com.google.android.vending.verifier.e.a_(2372): Verification id=71 response=0
I/Finsky  (32586): [1] com.google.android.vending.verifier.PackageVerificationReceiver.onReceive(40): Verification requested, id = 71
D/DefContainer(11604): Copying /data/local/tmp/com.androidclient.blulock.androidclient to base.apk
I/art     (  889): Explicit concurrent mark sweep GC freed 104602(4MB) AllocSpace objects, 1(16KB) LOS objects, 30% free, 35MB/51MB, paused 9.674ms total 206.195ms
D/PackageManager(  889): Renaming /data/app/vmdl841533085.tmp to /data/app/com.androidclient.blulock.androidclient-2
I/ActivityManager(  889): Force stopping com.androidclient.blulock.androidclient appid=10332 user=-1: uninstall pkg
I/ActivityManager(  889): Killing 21651:com.androidclient.blulock.androidclient/u0a332 (adj 0): stop com.androidclient.blulock.androidclient
W/InputDispatcher(  889): channel '2f8df711 com.androidclient.blulock.androidclient/com.androidclient.blulock.androidclient.MainActivity (server)' ~ Consumer closed input channel or an error occurred.  events=0xd
E/InputDispatcher(  889): channel '2f8df711 com.androidclient.blulock.androidclient/com.androidclient.blulock.androidclient.MainActivity (server)' ~ Channel is unrecoverably broken and will be disposed!
I/WindowState(  889): WIN DEATH: Window{2f8df711 u0 com.androidclient.blulock.androidclient/com.androidclient.blulock.androidclient.MainActivity}
W/InputDispatcher(  889): Attempted to unregister already unregistered input channel '2f8df711 com.androidclient.blulock.androidclient/com.androidclient.blulock.androidclient.MainActivity (server)'
V/WindowManager(  889): IKSWL-6868 finishPostLayoutPolicyLw: mHideKeyguard=false mDismissKeyguard=0
V/WindowManager(  889): IKSWL-6868 setKeyguardOccludedLw isOccluded=false wasOccluded=false showing=false
W/SurfaceFlinger(  301): couldn't log to binary event log: overflow.
W/bt-l2cap(12129): L2CA_SetDesireRole() new:x0, disallow_switch:0
I/PackageManager(  889): Package com.androidclient.blulock.androidclient codePath changed from /data/app/com.androidclient.blulock.androidclient-1 to /data/app/com.androidclient.blulock.androidclient-2; Retaining data and using new
I/PackageManager(  889): Running dexopt on: /data/app/com.androidclient.blulock.androidclient-2/base.apk pkg=com.androidclient.blulock.androidclient isa=arm vmSafeMode=false
W/ActivityManager(  889): Force removing ActivityRecord{2765f6f9 u0 com.androidclient.blulock.androidclient/.MainActivity t15415}: app died, no saved state
V/WindowManager(  889): IKSWL-6868 finishPostLayoutPolicyLw: mHideKeyguard=false mDismissKeyguard=0
V/WindowManager(  889): IKSWL-6868 setKeyguardOccludedLw isOccluded=false wasOccluded=false showing=false
V/WindowManager(  889): IKSWL-6868 finishPostLayoutPolicyLw: mHideKeyguard=false mDismissKeyguard=0
V/WindowManager(  889): IKSWL-6868 setKeyguardOccludedLw isOccluded=false wasOccluded=false showing=false
W/ActivityManager(  889): Spurious death for ProcessRecord{1aa38f75 21651:com.androidclient.blulock.androidclient/u0a332}, curProc for 21651: null
V/WindowManager(  889): IKSWL-6868 finishPostLayoutPolicyLw: mHideKeyguard=false mDismissKeyguard=0
V/WindowManager(  889): IKSWL-6868 setKeyguardOccludedLw isOccluded=false wasOccluded=false showing=false
E/cutils-trace(22773): Error opening trace file: Permission denied (13)
I/dex2oat (22773): /system/bin/dex2oat --zip-fd=6 --zip-location=/data/app/com.androidclient.blulock.androidclient-2/base.apk --oat-fd=7 --oat-location=/data/dalvik-cache/arm/data@app@com.androidclient.blulock.androidclient-2@base.apk@classes.dex --instruction-set=arm --instruction-set-features=div --runtime-arg -Xms64m --runtime-arg -Xmx512m --swap-fd=12
W/bt-rfcomm(12129): rfc_port_closed
W/bt-btif (12129): bta_jv_rfc_port_to_cb(port_handle:0x1e):jv handle:0x0 not FOUND
E/bt-btif (12129): bta_jv_port_mgmt_cl_cback, p_cb:0x0, p_cb->p_cback:0x0, p_pcb
V/WindowManager(  889): IKSWL-6868 finishPostLayoutPolicyLw: mHideKeyguard=false mDismissKeyguard=0
V/WindowManager(  889): IKSWL-6868 setKeyguardOccludedLw isOccluded=false wasOccluded=false showing=false
W/InputMethodManagerService(  889): Got RemoteException sending setActive(false) notification to pid 21651 uid 10332
V/WindowManager(  889): IKSWL-6868 finishPostLayoutPolicyLw: mHideKeyguard=false mDismissKeyguard=0
V/WindowManager(  889): IKSWL-6868 setKeyguardOccludedLw isOccluded=false wasOccluded=false showing=false
V/WindowManager(  889): IKSWL-6868 finishPostLayoutPolicyLw: mHideKeyguard=false mDismissKeyguard=0
V/WindowManager(  889): IKSWL-6868 setKeyguardOccludedLw isOccluded=false wasOccluded=false showing=false
V/WindowManager(  889): IKSWL-6868 finishPostLayoutPolicyLw: mHideKeyguard=false mDismissKeyguard=0
V/WindowManager(  889): IKSWL-6868 setKeyguardOccludedLw isOccluded=false wasOccluded=false showing=false
V/WindowManager(  889): IKSWL-6868 finishPostLayoutPolicyLw: mHideKeyguard=false mDismissKeyguard=0
V/WindowManager(  889): IKSWL-6868 setKeyguardOccludedLw isOccluded=false wasOccluded=false showing=false
V/WindowManager(  889): IKSWL-6868 finishPostLayoutPolicyLw: mHideKeyguard=false mDismissKeyguard=0
V/WindowManager(  889): IKSWL-6868 setKeyguardOccludedLw isOccluded=false wasOccluded=false showing=false
I/dex2oat (22773): Decided to run without swap.
V/WindowManager(  889): IKSWL-6868 finishPostLayoutPolicyLw: mHideKeyguard=false mDismissKeyguard=0
V/WindowManager(  889): IKSWL-6868 setKeyguardOccludedLw isOccluded=false wasOccluded=false showing=false
V/WindowManager(  889): IKSWL-6868 finishPostLayoutPolicyLw: mHideKeyguard=false mDismissKeyguard=0
V/WindowManager(  889): IKSWL-6868 setKeyguardOccludedLw isOccluded=false wasOccluded=false showing=false
V/WindowManager(  889): IKSWL-6868 finishPostLayoutPolicyLw: mHideKeyguard=false mDismissKeyguard=0
V/WindowManager(  889): IKSWL-6868 setKeyguardOccludedLw isOccluded=false wasOccluded=false showing=false
W/dex2oat (22773): Before Android 4.1, method int android.support.v7.widget.ListViewCompat.lookForSelectablePosition(int, boolean) would have incorrectly overridden the package-private method in android.widget.ListView
V/WindowManager(  889): IKSWL-6868 finishPostLayoutPolicyLw: mHideKeyguard=false mDismissKeyguard=0
V/WindowManager(  889): IKSWL-6868 setKeyguardOccludedLw isOccluded=false wasOccluded=false showing=false
I/SFPerfTracer(  301):      triggers: (rate: 10329:305329) (compose: 0:474) (post: 0:1939) (render: 0:2342) (22:2409699 frames) (23:2608782)
D/SFPerfTracer(  301):        layers: (4:10) (FocusedStackFrame (0xb6299000): 0:9960)* (DimLayer (0xb6206000): 0:140)* (DimLayer (0xb6208000): 0:26)* (com.android.noisefield.NoiseFieldWallpaper (0xb6279000): 11:331479) (StatusBar (0xb6204000): 20:299459) (DimLayer (0xb632f000): 0:3866)* (DimLayer (0xb632d000): 0:1368)* (NavigationBar (0xb618c000): 13:392) (com.androidclient.blulock.androidclient/com.androidclient.blulock.androidclient.MainActivity (0xb622a000): 0:14)- (com.android.launcher/com.android.launcher2.Launcher (0xb622a000): 1:7) 
I/MotoNetwCtrlr( 1167): onReceive: Received intent=Intent { act=android.net.wifi.RSSI_CHANGED flg=0x4000010 (has extras) } Action=android.net.wifi.RSSI_CHANGED
I/MotoNetwCtrlr.MotoWifiSignalCtrlr( 1167): handleBroadcast: Entered: Intent=Intent { act=android.net.wifi.RSSI_CHANGED flg=0x4000010 (has extras) } Action=android.net.wifi.RSSI_CHANGED
I/MotoNetwCtrlr.MotorolaWifiSignalController( 1167): isDirty: returns false
I/MotoNetwCtrlr.MotoWifiSignalCtrlr( 1167): handleBroadcast: Completed
I/MotoNetwCtrlr( 1167): onReceive: Completed intent=Intent { act=android.net.wifi.RSSI_CHANGED flg=0x4000010 (has extras) } Action=android.net.wifi.RSSI_CHANGED
I/chromium(27707): [INFO:CONSOLE(25)] "No Content-Security-Policy meta tag found. Please add one when using the cordova-plugin-whitelist plugin.", source: file:///android_asset/www/plugins/cordova-plugin-whitelist/whitelist.js (25)
I/dex2oat (22773): dex2oat took 3.829s (threads: 2) arena alloc=59KB java alloc=3MB native alloc=6MB free=9MB
I/ActivityManager(  889): Force stopping com.androidclient.blulock.androidclient appid=10332 user=-1: update pkg
W/PackageManager(  889): Code path for pkg : com.androidclient.blulock.androidclient changing from /data/app/com.androidclient.blulock.androidclient-1 to /data/app/com.androidclient.blulock.androidclient-2
W/PackageManager(  889): Resource path for pkg : com.androidclient.blulock.androidclient changing from /data/app/com.androidclient.blulock.androidclient-1 to /data/app/com.androidclient.blulock.androidclient-2
I/ActivityManager(  889): Force stopping com.androidclient.blulock.androidclient appid=10332 user=0: pkg removed
I/art     ( 3449): Explicit concurrent mark sweep GC freed 6838(494KB) AllocSpace objects, 17(272KB) LOS objects, 40% free, 7MB/13MB, paused 1.464ms total 33.297ms
I/art     (32586): Explicit concurrent mark sweep GC freed 52582(2MB) AllocSpace objects, 35(909KB) LOS objects, 25% free, 11MB/15MB, paused 763us total 80.726ms
W/Settings(  889): Setting install_non_market_apps has moved from android.provider.Settings.Global to android.provider.Settings.Secure, returning read-only value.
D/JobSchedulerService(  889): Receieved: android.intent.action.PACKAGE_REMOVED
D/BackupManagerService(  889): Received broadcast Intent { act=android.intent.action.PACKAGE_REMOVED dat=package:com.androidclient.blulock.androidclient flg=0x4000010 (has extras) }
I/InputReader(  889): Reconfiguring input devices.  changes=0x00000010
I/InputReader(  889): Reconfiguring input devices.  changes=0x00000010
I/InputReader(  889): Reconfiguring input devices.  changes=0x00000010
I/art     ( 1167): Explicit concurrent mark sweep GC freed 76583(4MB) AllocSpace objects, 0(0B) LOS objects, 40% free, 20MB/34MB, paused 10.560ms total 139.050ms
I/ActivityManager(  889): Start proc 22786:com.qihoo.security:ui/u0a207 for service com.qihoo.security/.service.LoadingPermissionDataService
I/art     (  347): Explicit concurrent mark sweep GC freed 707(30KB) AllocSpace objects, 0(0B) LOS objects, 40% free, 7MB/12MB, paused 244us total 13.459ms
I/art     (  347): Explicit concurrent mark sweep GC freed 7(240B) AllocSpace objects, 0(0B) LOS objects, 39% free, 7MB/12MB, paused 824us total 12.818ms
I/art     (  347): Explicit concurrent mark sweep GC freed 5(160B) AllocSpace objects, 0(0B) LOS objects, 39% free, 7MB/12MB, paused 244us total 11.902ms
D/RegisteredServicesCache( 1384): Intent action: android.intent.action.PACKAGE_REMOVED
D/RegisteredServicesCache( 1384): Ignoring package intent due to package being replaced.
I/art     (14002): Explicit concurrent mark sweep GC freed 53671(3MB) AllocSpace objects, 17(502KB) LOS objects, 24% free, 24MB/32MB, paused 1.617ms total 367.587ms
I/MotoNetwCtrlr( 1167): onReceive: Received intent=Intent { act=android.net.wifi.RSSI_CHANGED flg=0x4000010 (has extras) } Action=android.net.wifi.RSSI_CHANGED
I/MotoNetwCtrlr.MotoWifiSignalCtrlr( 1167): handleBroadcast: Entered: Intent=Intent { act=android.net.wifi.RSSI_CHANGED flg=0x4000010 (has extras) } Action=android.net.wifi.RSSI_CHANGED
I/MotoNetwCtrlr.MotorolaWifiSignalController( 1167): isDirty: returns false
I/MotoNetwCtrlr.MotoWifiSignalCtrlr( 1167): handleBroadcast: Completed
I/MotoNetwCtrlr( 1167): onReceive: Completed intent=Intent { act=android.net.wifi.RSSI_CHANGED flg=0x4000010 (has extras) } Action=android.net.wifi.RSSI_CHANGED
I/art     ( 1384): Background sticky concurrent mark sweep GC freed 61450(4MB) AllocSpace objects, 0(0B) LOS objects, 30% free, 9MB/13MB, paused 6.958ms total 72.485ms
D/RegisteredServicesCache( 1384): Intent action: android.intent.action.PACKAGE_ADDED
D/RegisteredServicesCache( 1384): Ignoring package intent due to package being replaced.
D/RegisteredServicesCache( 1384): Intent action: android.intent.action.PACKAGE_REPLACED
D/RegisteredServicesCache( 1384): Adding service: ComponentInfo{com.google.android.gms/com.google.android.gms.tapandpay.hce.service.TpHceService} AIDs: [325041592E5359532E4444463031, A0000000041010, A0000000042203, A0000000031010, A0000000980840, A0000000032010, A0000000032020, A0000003241010, A00000002501, A000000025011001, A000000025010801, A000000025, A0000000250000]
D/CardEmulationManager( 1384): Current default: ComponentInfo{com.google.android.gms/com.google.android.gms.tapandpay.hce.service.TpHceService}
D/CardEmulationManager( 1384): Default payment service still ok.
D/RegisteredAidCache( 1384): onServicesUpdated
D/RegisteredAidCache( 1384): generateServiceMap component: ComponentInfo{com.google.android.gms/com.google.android.gms.tapandpay.hce.service.TpHceService}
D/RegisteredAidCache( 1384): generateAidCacheLocked: starting with aid 325041592E5359532E4444463031
D/RegisteredAidCache( 1384): Exact AID, resolving.
D/RegisteredAidCache( 1384): resolveAidLocked: DECISION: routing to payment default default ApduService: ComponentInfo{com.google.android.gms/com.google.android.gms.tapandpay.hce.service.TpHceService}, description: Android Pay, Static AID Groups: Category: payment, AIDs:325041592E5359532E4444463031, A0000000041010, A0000000042203, A0000000031010, A0000000980840, A0000000032010, A0000000032020, A0000003241010, A00000002501, A000000025011001, A000000025010801, A000000025, A0000000250000, , Dynamic AID Groups: 
D/RegisteredAidCache( 1384): AIDs: [325041592E5359532E4444463031] were resolved.
D/RegisteredAidCache( 1384): generateAidCacheLocked: starting with aid A0000000031010
D/RegisteredAidCache( 1384): Exact AID, resolving.
D/RegisteredAidCache( 1384): resolveAidLocked: DECISION: routing to payment default default ApduService: ComponentInfo{com.google.android.gms/com.google.android.gms.tapandpay.hce.service.TpHceService}, description: Android Pay, Static AID Groups: Category: payment, AIDs:325041592E5359532E4444463031, A0000000041010, A0000000042203, A0000000031010, A0000000980840, A0000000032010, A0000000032020, A0000003241010, A00000002501, A000000025011001, A000000025010801, A000000025, A0000000250000, , Dynamic AID Groups: 
D/RegisteredAidCache( 1384): AIDs: [A0000000031010] were resolved.
D/RegisteredAidCache( 1384): generateAidCacheLocked: starting with aid A0000000032010
D/RegisteredAidCache( 1384): Exact AID, resolving.
D/RegisteredAidCache( 1384): resolveAidLocked: DECISION: routing to payment default default ApduService: ComponentInfo{com.google.android.gms/com.google.android.gms.tapandpay.hce.service.TpHceService}, description: Android Pay, Static AID Groups: Category: payment, AIDs:325041592E5359532E4444463031, A0000000041010, A0000000042203, A0000000031010, A0000000980840, A0000000032010, A0000000032020, A0000003241010, A00000002501, A000000025011001, A000000025010801, A000000025, A0000000250000, , Dynamic AID Groups: 
D/RegisteredAidCache( 1384): AIDs: [A0000000032010] were resolved.
D/RegisteredAidCache( 1384): generateAidCacheLocked: starting with aid A0000000032020
D/RegisteredAidCache( 1384): Exact AID, resolving.
D/RegisteredAidCache( 1384): resolveAidLocked: DECISION: routing to payment default default ApduService: ComponentInfo{com.google.android.gms/com.google.android.gms.tapandpay.hce.service.TpHceService}, description: Android Pay, Static AID Groups: Category: payment, AIDs:325041592E5359532E4444463031, A0000000041010, A0000000042203, A0000000031010, A0000000980840, A0000000032010, A0000000032020, A0000003241010, A00000002501, A000000025011001, A000000025010801, A000000025, A0000000250000, , Dynamic AID Groups: 
D/RegisteredAidCache( 1384): AIDs: [A0000000032020] were resolved.
D/RegisteredAidCache( 1384): generateAidCacheLocked: starting with aid A0000000041010
D/RegisteredAidCache( 1384): Exact AID, resolving.
D/RegisteredAidCache( 1384): resolveAidLocked: DECISION: routing to payment default default ApduService: ComponentInfo{com.google.android.gms/com.google.android.gms.tapandpay.hce.service.TpHceService}, description: Android Pay, Static AID Groups: Category: payment, AIDs:325041592E5359532E4444463031, A0000000041010, A0000000042203, A0000000031010, A0000000980840, A0000000032010, A0000000032020, A0000003241010, A00000002501, A000000025011001, A000000025010801, A000000025, A0000000250000, , Dynamic AID Groups: 
D/RegisteredAidCache( 1384): AIDs: [A0000000041010] were resolved.
D/RegisteredAidCache( 1384): generateAidCacheLocked: starting with aid A0000000042203
D/RegisteredAidCache( 1384): Exact AID, resolving.
D/RegisteredAidCache( 1384): resolveAidLocked: DECISION: routing to payment default default ApduService: ComponentInfo{com.google.android.gms/com.google.android.gms.tapandpay.hce.service.TpHceService}, description: Android Pay, Static AID Groups: Category: payment, AIDs:325041592E5359532E4444463031, A0000000041010, A0000000042203, A0000000031010, A0000000980840, A0000000032010, A0000000032020, A0000003241010, A00000002501, A000000025011001, A000000025010801, A000000025, A0000000250000, , Dynamic AID Groups: 
D/RegisteredAidCache( 1384): AIDs: [A0000000042203] were resolved.
D/RegisteredAidCache( 1384): generateAidCacheLocked: starting with aid A000000025
D/RegisteredAidCache( 1384): Exact AID, resolving.
D/RegisteredAidCache( 1384): resolveAidLocked: DECISION: routing to payment default default ApduService: ComponentInfo{com.google.android.gms/com.google.android.gms.tapandpay.hce.service.TpHceService}, description: Android Pay, Static AID Groups: Category: payment, AIDs:325041592E5359532E4444463031, A0000000041010, A0000000042203, A0000000031010, A0000000980840, A0000000032010, A0000000032020, A0000003241010, A00000002501, A000000025011001, A000000025010801, A000000025, A0000000250000, , Dynamic AID Groups: 
D/RegisteredAidCache( 1384): AIDs: [A000000025] were resolved.
D/RegisteredAidCache( 1384): generateAidCacheLocked: starting with aid A0000000250000
D/RegisteredAidCache( 1384): Exact AID, resolving.
D/RegisteredAidCache( 1384): resolveAidLocked: DECISION: routing to payment default default ApduService: ComponentInfo{com.google.android.gms/com.google.android.gms.tapandpay.hce.service.TpHceService}, description: Android Pay, Static AID Groups: Category: payment, AIDs:325041592E5359532E4444463031, A0000000041010, A0000000042203, A0000000031010, A0000000980840, A0000000032010, A0000000032020, A0000003241010, A00000002501, A000000025011001, A000000025010801, A000000025, A0000000250000, , Dynamic AID Groups: 
D/RegisteredAidCache( 1384): AIDs: [A0000000250000] were resolved.
D/RegisteredAidCache( 1384): generateAidCacheLocked: starting with aid A00000002501
D/RegisteredAidCache( 1384): Exact AID, resolving.
D/RegisteredAidCache( 1384): resolveAidLocked: DECISION: routing to payment default default ApduService: ComponentInfo{com.google.android.gms/com.google.android.gms.tapandpay.hce.service.TpHceService}, description: Android Pay, Static AID Groups: Category: payment, AIDs:325041592E5359532E4444463031, A0000000041010, A0000000042203, A0000000031010, A0000000980840, A0000000032010, A0000000032020, A0000003241010, A00000002501, A000000025011001, A000000025010801, A000000025, A0000000250000, , Dynamic AID Groups: 
D/RegisteredAidCache( 1384): AIDs: [A00000002501] were resolved.
D/RegisteredAidCache( 1384): generateAidCacheLocked: starting with aid A000000025010801
D/RegisteredAidCache( 1384): Exact AID, resolving.
D/RegisteredAidCache( 1384): resolveAidLocked: DECISION: routing to payment default default ApduService: ComponentInfo{com.google.android.gms/com.google.android.gms.tapandpay.hce.service.TpHceService}, description: Android Pay, Static AID Groups: Category: payment, AIDs:325041592E5359532E4444463031, A0000000041010, A0000000042203, A0000000031010, A0000000980840, A0000000032010, A0000000032020, A0000003241010, A00000002501, A000000025011001, A000000025010801, A000000025, A0000000250000, , Dynamic AID Groups: 
D/RegisteredAidCache( 1384): AIDs: [A000000025010801] were resolved.
D/RegisteredAidCache( 1384): generateAidCacheLocked: starting with aid A000000025011001
D/RegisteredAidCache( 1384): Exact AID, resolving.
D/RegisteredAidCache( 1384): resolveAidLocked: DECISION: routing to payment default default ApduService: ComponentInfo{com.google.android.gms/com.google.android.gms.tapandpay.hce.service.TpHceService}, description: Android Pay, Static AID Groups: Category: payment, AIDs:325041592E5359532E4444463031, A0000000041010, A0000000042203, A0000000031010, A0000000980840, A0000000032010, A0000000032020, A0000003241010, A00000002501, A000000025011001, A000000025010801, A000000025, A0000000250000, , Dynamic AID Groups: 
D/RegisteredAidCache( 1384): AIDs: [A000000025011001] were resolved.
D/RegisteredAidCache( 1384): generateAidCacheLocked: starting with aid A0000000980840
D/RegisteredAidCache( 1384): Exact AID, resolving.
D/RegisteredAidCache( 1384): resolveAidLocked: DECISION: routing to payment default default ApduService: ComponentInfo{com.google.android.gms/com.google.android.gms.tapandpay.hce.service.TpHceService}, description: Android Pay, Static AID Groups: Category: payment, AIDs:325041592E5359532E4444463031, A0000000041010, A0000000042203, A0000000031010, A0000000980840, A0000000032010, A0000000032020, A0000003241010, A00000002501, A000000025011001, A000000025010801, A000000025, A0000000250000, , Dynamic AID Groups: 
D/RegisteredAidCache( 1384): AIDs: [A0000000980840] were resolved.
D/RegisteredAidCache( 1384): generateAidCacheLocked: starting with aid A0000003241010
D/RegisteredAidCache( 1384): Exact AID, resolving.
D/RegisteredAidCache( 1384): resolveAidLocked: DECISION: routing to payment default default ApduService: ComponentInfo{com.google.android.gms/com.google.android.gms.tapandpay.hce.service.TpHceService}, description: Android Pay, Static AID Groups: Category: payment, AIDs:325041592E5359532E4444463031, A0000000041010, A0000000042203, A0000000031010, A0000000980840, A0000000032010, A0000000032020, A0000003241010, A00000002501, A000000025011001, A000000025010801, A000000025, A0000000250000, , Dynamic AID Groups: 
D/RegisteredAidCache( 1384): AIDs: [A0000003241010] were resolved.
D/RegisteredAidCache( 1384): Not updating routing table because NFC is off.
D/RegisteredServicesCache( 1384): ApduService: ComponentInfo{com.google.android.gms/com.google.android.gms.tapandpay.hce.service.TpHceService}, description: Android Pay, Static AID Groups: Category: payment, AIDs:325041592E5359532E4444463031, A0000000041010, A0000000042203, A0000000031010, A0000000980840, A0000000032010, A0000000032020, A0000003241010, A00000002501, A000000025011001, A000000025010801, A000000025, A0000000250000, , Dynamic AID Groups: 
I/SFPerfTracer(  301):      triggers: (rate: 383:117255) (4799077 sw vsyncs) (684013 skipped) (0:4616012 vsyncs) (2:9622179)
I/art     (24780): Background sticky concurrent mark sweep GC freed 57523(5MB) AllocSpace objects, 136(2MB) LOS objects, 23% free, 20MB/26MB, paused 4.242ms total 227.834ms
W/ContextImpl(14666): Calling a method in the system process without a qualified user: android.app.ContextImpl.startService:1831 android.content.ContextWrapper.startService:516 android.content.ContextWrapper.startService:516 com.android.keychain.KeyChainBroadcastReceiver.onReceive:12 android.app.ActivityThread.handleReceiver:2639 
D/PkgBroadcastIntentOp(  543): Received broadcast action=android.intent.action.PACKAGE_REMOVED and uri=com.androidclient.blulock.androidclient
D/WearableController(  543): Received broadcast action=android.intent.action.PACKAGE_REMOVED and uri=com.androidclient.blulock.androidclient
I/MultiDex(22786): VM with version 2.1.0 has multidex support
I/MultiDex(22786): install
I/MultiDex(22786): VM has multidex support, MultiDex support library is disabled.
E/NetworkScheduler.SchedulerReceiver(28921): Invalid parameter app
E/NetworkScheduler.SchedulerReceiver(28921): Invalid package name : Perhaps you didn't include a PendingIntent in the extras?
D/gH_CompatibleDatabase(  543): Open SQLiteDatabase: /data/data/com.google.android.gms/databases/metrics.db, release reference: 1
D/gH_CompatibleDatabase(  543): Acquire reference of SQLiteDatabase: /data/data/com.google.android.gms/databases/metrics.db: 2
D/gH_MetricsDatabase(  543): 0 metrics were deleted when clearing package com.androidclient.blulock.androidclient.
D/gH_CompatibleDatabase(  543): Release reference of SQLiteDatabase: /data/data/com.google.android.gms/databases/metrics.db: 1
