I/Process (13562): Sending signal. PID: 13562 SIG: 9
V/Herrevad(23194): NQAS connected
I/ActivityManager(  889): Process com.qihoo.security:ui (pid 13562) has died
W/GCoreFlp(28921): No location to return for getLastLocation()
I/Icing   (23194): Indexing done 374D8E40EF23AB8DFEDCA5285061892C234F7D04
I/ConfigService(28921): onCreate
I/CCEUtils( 1610): device type: MOTO
I/ActivityManager(  889): Start proc 14039:com.google.android.apps.cloudprint/u0a62 for broadcast com.google.android.apps.cloudprint/.printdialog.receivers.UpgradeBroadcastReceiver
I/ActivityManager(  889): Start proc 14056:com.alphonso.pulse/u0a124 for broadcast com.alphonso.pulse/com.linkedin.pulse.notification.PulseGcmBroadcastReceiver
W/bt-btif (12129): dm_pm_timer expires
W/bt-btif (12129): dm_pm_timer expires 0
W/bt-btif (12129): proc dm_pm_timer expires
I/MotoNetwCtrlr( 1167): onReceive: Received intent=Intent { act=android.net.wifi.RSSI_CHANGED flg=0x4000010 (has extras) } Action=android.net.wifi.RSSI_CHANGED
I/MotoNetwCtrlr.MotoWifiSignalCtrlr( 1167): handleBroadcast: Entered: Intent=Intent { act=android.net.wifi.RSSI_CHANGED flg=0x4000010 (has extras) } Action=android.net.wifi.RSSI_CHANGED
I/MotoNetwCtrlr.MotorolaWifiSignalController( 1167): isDirty: returns false
I/MotoNetwCtrlr.MotoWifiSignalCtrlr( 1167): handleBroadcast: Completed
I/MotoNetwCtrlr( 1167): onReceive: Completed intent=Intent { act=android.net.wifi.RSSI_CHANGED flg=0x4000010 (has extras) } Action=android.net.wifi.RSSI_CHANGED
W/nalizableReferenceQueue(14056): Could not load Finalizer in its own class loader. Loading Finalizer in the current class loader instead. As a result, you will not be able to garbage collect this class loader. To support reclaiming this class loader, either resolve the underlying issue, or move Google Collections to your system class path.
W/nalizableReferenceQueue(14056): java.io.FileNotFoundException: com/google/inject/internal/util/$Finalizer.class
W/nalizableReferenceQueue(14056): 	at com.google.inject.internal.util.$FinalizableReferenceQueue$DecoupledLoader.getBaseUrl(FinalizableReferenceQueue.java:269)
W/nalizableReferenceQueue(14056): 	at com.google.inject.internal.util.$FinalizableReferenceQueue$DecoupledLoader.loadFinalizer(FinalizableReferenceQueue.java:253)
W/nalizableReferenceQueue(14056): 	at com.google.inject.internal.util.$FinalizableReferenceQueue.loadFinalizer(FinalizableReferenceQueue.java:175)
W/nalizableReferenceQueue(14056): 	at com.google.inject.internal.util.$FinalizableReferenceQueue.<clinit>(FinalizableReferenceQueue.java:100)
W/nalizableReferenceQueue(14056): 	at com.google.inject.internal.util.$MapMaker$QueueHolder.<clinit>(MapMaker.java:787)
W/nalizableReferenceQueue(14056): 	at com.google.inject.internal.util.$MapMaker$WeakEntry.<init>(MapMaker.java:946)
W/nalizableReferenceQueue(14056): 	at com.google.inject.internal.util.$MapMaker$Strength$1.newEntry(MapMaker.java:312)
W/nalizableReferenceQueue(14056): 	at com.google.inject.internal.util.$MapMaker$StrategyImpl.newEntry(MapMaker.java:498)
W/nalizableReferenceQueue(14056): 	at com.google.inject.internal.util.$MapMaker$StrategyImpl.newEntry(MapMaker.java:419)
W/nalizableReferenceQueue(14056): 	at com.google.inject.internal.util.$CustomConcurrentHashMap$ComputingImpl.get(CustomConcurrentHashMap.java:2029)
W/nalizableReferenceQueue(14056): 	at com.google.inject.internal.Annotations$AnnotationChecker.hasAnnotations(Annotations.java:116)
W/nalizableReferenceQueue(14056): 	at com.google.inject.internal.Annotations.isBindingAnnotation(Annotations.java:180)
W/nalizableReferenceQueue(14056): 	at com.google.inject.Key.ensureIsBindingAnnotation(Key.java:366)
W/nalizableReferenceQueue(14056): 	at com.google.inject.Key.strategyFor(Key.java:338)
W/nalizableReferenceQueue(14056): 	at com.google.inject.Key.get(Key.java:272)
W/nalizableReferenceQueue(14056): 	at com.google.inject.internal.AbstractBindingBuilder.annotatedWithInternal(AbstractBindingBuilder.java:82)
W/nalizableReferenceQueue(14056): 	at com.google.inject.internal.ConstantBindingBuilderImpl.annotatedWith(ConstantBindingBuilderImpl.java:49)
W/nalizableReferenceQueue(14056): 	at roboguice.config.DefaultRoboModule.configure(DefaultRoboModule.java:117)
W/nalizableReferenceQueue(14056): 	at com.google.inject.AbstractModule.configure(AbstractModule.java:59)
W/nalizableReferenceQueue(14056): 	at com.google.inject.spi.Elements$RecordingBinder.install(Elements.java:223)
W/nalizableReferenceQueue(14056): 	at com.google.inject.spi.Elements.getElements(Elements.java:101)
W/nalizableReferenceQueue(14056): 	at com.google.inject.spi.Elements.getElements(Elements.java:78)
W/nalizableReferenceQueue(14056): 	at roboguice.RoboGuice.setBaseApplicationInjector(RoboGuice.java:83)
W/nalizableReferenceQueue(14056): 	at roboguice.RoboGuice.setBaseApplicationInjector(RoboGuice.java:139)
W/nalizableReferenceQueue(14056): 	at roboguice.RoboGuice.getBaseApplicationInjector(RoboGuice.java:59)
W/nalizableReferenceQueue(14056): 	at roboguice.RoboGuice.getInjector(RoboGuice.java:149)
W/nalizableReferenceQueue(14056): 	at com.alphonso.pulse.PulseApplication.getSwitchboardProvider(PulseApplication.java:333)
W/nalizableReferenceQueue(14056): 	at com.alphonso.pulse.PulseApplication.onCreate(PulseApplication.java:213)
W/nalizableReferenceQueue(14056): 	at android.app.Instrumentation.callApplicationOnCreate(Instrumentation.java:1035)
W/nalizableReferenceQueue(14056): 	at android.app.ActivityThread.handleBindApplication(ActivityThread.java:4638)
W/nalizableReferenceQueue(14056): 	at android.app.ActivityThread.access$1500(ActivityThread.java:155)
W/nalizableReferenceQueue(14056): 	at android.app.ActivityThread$H.handleMessage(ActivityThread.java:1378)
W/nalizableReferenceQueue(14056): 	at android.os.Handler.dispatchMessage(Handler.java:102)
W/nalizableReferenceQueue(14056): 	at android.os.Looper.loop(Looper.java:135)
W/nalizableReferenceQueue(14056): 	at android.app.ActivityThread.main(ActivityThread.java:5343)
W/nalizableReferenceQueue(14056): 	at java.lang.reflect.Method.invoke(Native Method)
W/nalizableReferenceQueue(14056): 	at java.lang.reflect.Method.invoke(Method.java:372)
W/nalizableReferenceQueue(14056): 	at com.android.internal.os.ZygoteInit$MethodAndArgsCaller.run(ZygoteInit.java:905)
W/nalizableReferenceQueue(14056): 	at com.android.internal.os.ZygoteInit.main(ZygoteInit.java:700)
I/LI_AUTH_LIB(14056): selectedNetworkType = HTTP_CLIENT
I/RequestQueue(14056): Init Network Client
I/RequestQueue(14056): Network dispatcher has started
D//Ln.java:218(14056): main Configuring Logging, minimum log level is INFO
D/RUM     (14056): liteURL being used is https://www.linkedin.com/lite/rum-track
I/LI_AUTH_LIB(14056): selectedNetworkType = HTTP_CLIENT
I/RequestQueue(14056): Init Network Client
I/RequestQueue(14056): Network dispatcher has started
D/PackageUtils(13864): Package com.androidclient.blulock.androidclient is signed with 45:35:a9:91:06:a8:b6:ba:d0:e7:8b:4f:16:7d:55:c5:69:74:6d:e4:f7:fe:4b:98:6c:09:d5:b6:b8:d7:16:d4
V/AlarmManager(  889): done {3c84d211, *walarm*:com.ultimarom.launchnavigation/anagog.pd.service.AlarmReceiver} [2863ms]
V/AlarmManager(  889): done {edc37e1, *walarm*:android.net.ConnectivityService.action.PKT_CNT_SAMPLE_INTERVAL_ELAPSED} [2865ms]
I/ActivityManager(  889): Killing 12556:com.outfit7.talkingtom2free/u0a17 (adj 15): empty #22
E/BAR     ( 6714):  change big 10.426412582397461
I/MotoNetwCtrlr.MotoNetwCtrlrImpl.MotorolaMobileSignalController( 2 ) ( 1167): MotorolaMobilePhoneStateListener.onSignalStrengthsChanged: Entered: signalStrength=SignalStrength: 16 0 -120 -160 -120 -1 -1 99 2147483647 2147483647 2147483647 2147483647 2147483647 gsm|lte 0 -108 -1 false 4 4 0 0 0 99 99 99 4 0 level=4
I/MotoNetwCtrlr.MotoNetwCtrlrImpl.MotorolaMobileSignalController( 2 ) ( 1167): isDirty: returns true
I/MotoNetwCtrlr.MotoNetwCtrlrImpl.MotorolaMobileSignalController( 2 ) ( 1167): notifyListeners: calling SB [0] setMobileDataIndicators (Motorola api): mobileUseMotoUI=true mobileEnabled=true mobileSimIconId=( none ) mobileSignalIconId=0x7f02048c=zz_moto_stat_sys_signal_4_of_4_fully_wide mobileRoamingIconId=( none ) mobileDataTypeIconId=( none ) mobileDataActivityIconId=( none ) mobileCarrierDescription="o2-de+|o2 - de" mobileSimDescription="" mobileSignalContentDescription="phone signal full strength" mobileRoamingDescription="" mobileDataTypeContentDescription="H" mobileDataActivityContentDescription="" mobileIsRoaming=false isDataTypeIconWide=true mobileIsBidiDirectionEnabled=false mobileSubId=2
I/SFPerfTracer(  301):      triggers: (rate: 380:113508) (4499732 sw vsyncs) (630344 skipped) (110:3949604 vsyncs) (112:8621724)
I/MotoNetwCtrlr.MotoNetwCtrlrImpl.MotorolaMobileSignalController( 2 ) ( 1167): notifyListeners: calling SB [1] setMobileDataIndicators (Motorola api): mobileUseMotoUI=true mobileEnabled=true mobileSimIconId=( none ) mobileSignalIconId=0x7f02048c=zz_moto_stat_sys_signal_4_of_4_fully_wide mobileRoamingIconId=( none ) mobileDataTypeIconId=( none ) mobileDataActivityIconId=( none ) mobileCarrierDescription="o2-de+|o2 - de" mobileSimDescription="" mobileSignalContentDescription="phone signal full strength" mobileRoamingDescription="" mobileDataTypeContentDescription="H" mobileDataActivityContentDescription="" mobileIsRoaming=false isDataTypeIconWide=true mobileIsBidiDirectionEnabled=false mobileSubId=2
I/MotoNetwCtrlr.MotoNetwCtrlrImpl.MotorolaMobileSignalController( 2 ) ( 1167): notifyListeners: calling SB [2] setMobileDataIndicators (Motorola api): mobileUseMotoUI=true mobileEnabled=true mobileSimIconId=( none ) mobileSignalIconId=0x7f02048c=zz_moto_stat_sys_signal_4_of_4_fully_wide mobileRoamingIconId=( none ) mobileDataTypeIconId=( none ) mobileDataActivityIconId=( none ) mobileCarrierDescription="o2-de+|o2 - de" mobileSimDescription="" mobileSignalContentDescription="phone signal full strength" mobileRoamingDescription="" mobileDataTypeContentDescription="H" mobileDataActivityContentDescription="" mobileIsRoaming=false isDataTypeIconWide=true mobileIsBidiDirectionEnabled=false mobileSubId=2
I/MotoNetwCtrlr.MotoNetwCtrlrImpl.MotorolaMobileSignalController( 2 ) ( 1167): MotorolaMobilePhoneStateListener.onSignalStrengthsChanged: completed: level=4
I/MDMCTBK (  335): NetlinkHandler, power_supply subsys
I/MDMCTBK (  335): NetlinkHandler, usbChargerStateChanged
I/MDMCTBK (  335): checkDefaultInst, current pid is = 335
I/MDMCTBK (  335): checkDefaultInst, pid match
I/MDMCTBK (  335): MdmCutbackHndler,readFromFile = /sys/class/power_supply/usb/online
I/MDMCTBK (  335): MdmCutbackHndler,readFromFile = /sys/class/power_supply/pm8921-dc/online
D/HeadsetStateMachine(12129): Connected process message: 10, size: 1
I/ActivityManager(  889): Killing 12574:com.android.settings/1000 (adj 15): empty #22
I/MotoNetwCtrlr( 1167): onReceive: Received intent=Intent { act=android.net.wifi.RSSI_CHANGED flg=0x4000010 (has extras) } Action=android.net.wifi.RSSI_CHANGED
I/MotoNetwCtrlr.MotoWifiSignalCtrlr( 1167): handleBroadcast: Entered: Intent=Intent { act=android.net.wifi.RSSI_CHANGED flg=0x4000010 (has extras) } Action=android.net.wifi.RSSI_CHANGED
I/MotoNetwCtrlr.MotorolaWifiSignalController( 1167): isDirty: returns false
I/MotoNetwCtrlr.MotoWifiSignalCtrlr( 1167): handleBroadcast: Completed
I/MotoNetwCtrlr( 1167): onReceive: Completed intent=Intent { act=android.net.wifi.RSSI_CHANGED flg=0x4000010 (has extras) } Action=android.net.wifi.RSSI_CHANGED
I/MotoNetwCtrlr.MotoNetwCtrlrImpl.MotorolaMobileSignalController( 2 ) ( 1167): MotorolaMobilePhoneStateListener.onSignalStrengthsChanged: Entered: signalStrength=SignalStrength: 17 0 -120 -160 -120 -1 -1 99 2147483647 2147483647 2147483647 2147483647 2147483647 gsm|lte 0 -108 -1 false 4 4 0 0 0 99 99 99 4 0 level=4
I/MotoNetwCtrlr.MotoNetwCtrlrImpl.MotorolaMobileSignalController( 2 ) ( 1167): isDirty: returns true
I/MotoNetwCtrlr.MotoNetwCtrlrImpl.MotorolaMobileSignalController( 2 ) ( 1167): notifyListeners: calling SB [0] setMobileDataIndicators (Motorola api): mobileUseMotoUI=true mobileEnabled=true mobileSimIconId=( none ) mobileSignalIconId=0x7f02048c=zz_moto_stat_sys_signal_4_of_4_fully_wide mobileRoamingIconId=( none ) mobileDataTypeIconId=( none ) mobileDataActivityIconId=( none ) mobileCarrierDescription="o2-de+|o2 - de" mobileSimDescription="" mobileSignalContentDescription="phone signal full strength" mobileRoamingDescription="" mobileDataTypeContentDescription="H" mobileDataActivityContentDescription="" mobileIsRoaming=false isDataTypeIconWide=true mobileIsBidiDirectionEnabled=false mobileSubId=2
I/MotoNetwCtrlr.MotoNetwCtrlrImpl.MotorolaMobileSignalController( 2 ) ( 1167): notifyListeners: calling SB [1] setMobileDataIndicators (Motorola api): mobileUseMotoUI=true mobileEnabled=true mobileSimIconId=( none ) mobileSignalIconId=0x7f02048c=zz_moto_stat_sys_signal_4_of_4_fully_wide mobileRoamingIconId=( none ) mobileDataTypeIconId=( none ) mobileDataActivityIconId=( none ) mobileCarrierDescription="o2-de+|o2 - de" mobileSimDescription="" mobileSignalContentDescription="phone signal full strength" mobileRoamingDescription="" mobileDataTypeContentDescription="H" mobileDataActivityContentDescription="" mobileIsRoaming=false isDataTypeIconWide=true mobileIsBidiDirectionEnabled=false mobileSubId=2
I/MotoNetwCtrlr.MotoNetwCtrlrImpl.MotorolaMobileSignalController( 2 ) ( 1167): notifyListeners: calling SB [2] setMobileDataIndicators (Motorola api): mobileUseMotoUI=true mobileEnabled=true mobileSimIconId=( none ) mobileSignalIconId=0x7f02048c=zz_moto_stat_sys_signal_4_of_4_fully_wide mobileRoamingIconId=( none ) mobileDataTypeIconId=( none ) mobileDataActivityIconId=( none ) mobileCarrierDescription="o2-de+|o2 - de" mobileSimDescription="" mobileSignalContentDescription="phone signal full strength" mobileRoamingDescription="" mobileDataTypeContentDescription="H" mobileDataActivityContentDescription="" mobileIsRoaming=false isDataTypeIconWide=true mobileIsBidiDirectionEnabled=false mobileSubId=2
I/MotoNetwCtrlr.MotoNetwCtrlrImpl.MotorolaMobileSignalController( 2 ) ( 1167): MotorolaMobilePhoneStateListener.onSignalStrengthsChanged: completed: level=4
I/SFPerfTracer(  301):      triggers: (rate: 380:113508) (4499732 sw vsyncs) (630344 skipped) (85:3949751 vsyncs) (87:8621876)
I/ConfigService(28921): onDestroy
I/MotoNetwCtrlr( 1167): onReceive: Received intent=Intent { act=android.net.wifi.RSSI_CHANGED flg=0x4000010 (has extras) } Action=android.net.wifi.RSSI_CHANGED
I/MotoNetwCtrlr.MotoWifiSignalCtrlr( 1167): handleBroadcast: Entered: Intent=Intent { act=android.net.wifi.RSSI_CHANGED flg=0x4000010 (has extras) } Action=android.net.wifi.RSSI_CHANGED
I/MotoNetwCtrlr.MotorolaWifiSignalController( 1167): isDirty: returns false
I/MotoNetwCtrlr.MotoWifiSignalCtrlr( 1167): handleBroadcast: Completed
I/MotoNetwCtrlr( 1167): onReceive: Completed intent=Intent { act=android.net.wifi.RSSI_CHANGED flg=0x4000010 (has extras) } Action=android.net.wifi.RSSI_CHANGED
E/global frequency(12166): no tags to log
D/Checkin (12166): publish the event [tag = MOT_CHECKIN event name = LOG]
E/BSUtils (12166): Error checking isMultiSimEnabled, Exception:java.lang.ClassNotFoundException: android.telephony.MSimTelephonyManager
I/SFPerfTracer(  301):      triggers: (rate: 380:113508) (4499732 sw vsyncs) (630344 skipped) (187:3949938 vsyncs) (189:8622065)
D/RegisteredServicesCache( 1384): Intent action: android.intent.action.PACKAGE_CHANGED
I/ActivityManager(  889): Start proc 14235:com.google.android.talk/u0a75 for broadcast com.google.android.talk/com.google.android.apps.hangouts.phone.PackageReplacedReceiver
W/ActivityManager(  889): Permission Denial: Accessing service ComponentInfo{com.google.android.music/com.google.android.music.dial.DialMediaRouteProviderService} from pid=12710, uid=10134 that is not exported from uid 10083
I/InputReader(  889): Reconfiguring input devices.  changes=0x00000010
W/ActivityManager(  889): Permission Denial: Accessing service ComponentInfo{com.google.android.music/com.google.android.music.dial.DialMediaRouteProviderService} from pid=12954, uid=10113 that is not exported from uid 10083
D/RegisteredServicesCache( 1384): Adding service: ComponentInfo{com.google.android.gms/com.google.android.gms.tapandpay.hce.service.TpHceService} AIDs: [325041592E5359532E4444463031, A0000000041010, A0000000042203, A0000000031010, A0000000980840, A0000000032010, A0000000032020, A0000003241010, A00000002501, A000000025011001, A000000025010801, A000000025, A0000000250000]
D/CardEmulationManager( 1384): Current default: ComponentInfo{com.google.android.gms/com.google.android.gms.tapandpay.hce.service.TpHceService}
D/CardEmulationManager( 1384): Default payment service still ok.
D/RegisteredAidCache( 1384): onServicesUpdated
D/RegisteredAidCache( 1384): generateServiceMap component: ComponentInfo{com.google.android.gms/com.google.android.gms.tapandpay.hce.service.TpHceService}
D/RegisteredAidCache( 1384): generateAidCacheLocked: starting with aid 325041592E5359532E4444463031
D/RegisteredAidCache( 1384): Exact AID, resolving.
D/RegisteredAidCache( 1384): resolveAidLocked: DECISION: routing to payment default default ApduService: ComponentInfo{com.google.android.gms/com.google.android.gms.tapandpay.hce.service.TpHceService}, description: Android Pay, Static AID Groups: Category: payment, AIDs:325041592E5359532E4444463031, A0000000041010, A0000000042203, A0000000031010, A0000000980840, A0000000032010, A0000000032020, A0000003241010, A00000002501, A000000025011001, A000000025010801, A000000025, A0000000250000, , Dynamic AID Groups: 
D/RegisteredAidCache( 1384): AIDs: [325041592E5359532E4444463031] were resolved.
D/RegisteredAidCache( 1384): generateAidCacheLocked: starting with aid A0000000031010
D/RegisteredAidCache( 1384): Exact AID, resolving.
D/RegisteredAidCache( 1384): resolveAidLocked: DECISION: routing to payment default default ApduService: ComponentInfo{com.google.android.gms/com.google.android.gms.tapandpay.hce.service.TpHceService}, description: Android Pay, Static AID Groups: Category: payment, AIDs:325041592E5359532E4444463031, A0000000041010, A0000000042203, A0000000031010, A0000000980840, A0000000032010, A0000000032020, A0000003241010, A00000002501, A000000025011001, A000000025010801, A000000025, A0000000250000, , Dynamic AID Groups: 
D/RegisteredAidCache( 1384): AIDs: [A0000000031010] were resolved.
D/RegisteredAidCache( 1384): generateAidCacheLocked: starting with aid A0000000032010
D/RegisteredAidCache( 1384): Exact AID, resolving.
D/RegisteredAidCache( 1384): resolveAidLocked: DECISION: routing to payment default default ApduService: ComponentInfo{com.google.android.gms/com.google.android.gms.tapandpay.hce.service.TpHceService}, description: Android Pay, Static AID Groups: Category: payment, AIDs:325041592E5359532E4444463031, A0000000041010, A0000000042203, A0000000031010, A0000000980840, A0000000032010, A0000000032020, A0000003241010, A00000002501, A000000025011001, A000000025010801, A000000025, A0000000250000, , Dynamic AID Groups: 
D/RegisteredAidCache( 1384): AIDs: [A0000000032010] were resolved.
D/RegisteredAidCache( 1384): generateAidCacheLocked: starting with aid A0000000032020
D/RegisteredAidCache( 1384): Exact AID, resolving.
D/RegisteredAidCache( 1384): resolveAidLocked: DECISION: routing to payment default default ApduService: ComponentInfo{com.google.android.gms/com.google.android.gms.tapandpay.hce.service.TpHceService}, description: Android Pay, Static AID Groups: Category: payment, AIDs:325041592E5359532E4444463031, A0000000041010, A0000000042203, A0000000031010, A0000000980840, A0000000032010, A0000000032020, A0000003241010, A00000002501, A000000025011001, A000000025010801, A000000025, A0000000250000, , Dynamic AID Groups: 
D/RegisteredAidCache( 1384): AIDs: [A0000000032020] were resolved.
D/RegisteredAidCache( 1384): generateAidCacheLocked: starting with aid A0000000041010
D/RegisteredAidCache( 1384): Exact AID, resolving.
D/RegisteredAidCache( 1384): resolveAidLocked: DECISION: routing to payment default default ApduService: ComponentInfo{com.google.android.gms/com.google.android.gms.tapandpay.hce.service.TpHceService}, description: Android Pay, Static AID Groups: Category: payment, AIDs:325041592E5359532E4444463031, A0000000041010, A0000000042203, A0000000031010, A0000000980840, A0000000032010, A0000000032020, A0000003241010, A00000002501, A000000025011001, A000000025010801, A000000025, A0000000250000, , Dynamic AID Groups: 
D/RegisteredAidCache( 1384): AIDs: [A0000000041010] were resolved.
D/RegisteredAidCache( 1384): generateAidCacheLocked: starting with aid A0000000042203
D/RegisteredAidCache( 1384): Exact AID, resolving.
D/RegisteredAidCache( 1384): resolveAidLocked: DECISION: routing to payment default default ApduService: ComponentInfo{com.google.android.gms/com.google.android.gms.tapandpay.hce.service.TpHceService}, description: Android Pay, Static AID Groups: Category: payment, AIDs:325041592E5359532E4444463031, A0000000041010, A0000000042203, A0000000031010, A0000000980840, A0000000032010, A0000000032020, A0000003241010, A00000002501, A000000025011001, A000000025010801, A000000025, A0000000250000, , Dynamic AID Groups: 
D/RegisteredAidCache( 1384): AIDs: [A0000000042203] were resolved.
D/RegisteredAidCache( 1384): generateAidCacheLocked: starting with aid A000000025
D/RegisteredAidCache( 1384): Exact AID, resolving.
D/RegisteredAidCache( 1384): resolveAidLocked: DECISION: routing to payment default default ApduService: ComponentInfo{com.google.android.gms/com.google.android.gms.tapandpay.hce.service.TpHceService}, description: Android Pay, Static AID Groups: Category: payment, AIDs:325041592E5359532E4444463031, A0000000041010, A0000000042203, A0000000031010, A0000000980840, A0000000032010, A0000000032020, A0000003241010, A00000002501, A000000025011001, A000000025010801, A000000025, A0000000250000, , Dynamic AID Groups: 
D/RegisteredAidCache( 1384): AIDs: [A000000025] were resolved.
D/RegisteredAidCache( 1384): generateAidCacheLocked: starting with aid A0000000250000
D/RegisteredAidCache( 1384): Exact AID, resolving.
D/RegisteredAidCache( 1384): resolveAidLocked: DECISION: routing to payment default default ApduService: ComponentInfo{com.google.android.gms/com.google.android.gms.tapandpay.hce.service.TpHceService}, description: Android Pay, Static AID Groups: Category: payment, AIDs:325041592E5359532E4444463031, A0000000041010, A0000000042203, A0000000031010, A0000000980840, A0000000032010, A0000000032020, A0000003241010, A00000002501, A000000025011001, A000000025010801, A000000025, A0000000250000, , Dynamic AID Groups: 
D/RegisteredAidCache( 1384): AIDs: [A0000000250000] were resolved.
D/RegisteredAidCache( 1384): generateAidCacheLocked: starting with aid A00000002501
D/RegisteredAidCache( 1384): Exact AID, resolving.
D/RegisteredAidCache( 1384): resolveAidLocked: DECISION: routing to payment default default ApduService: ComponentInfo{com.google.android.gms/com.google.android.gms.tapandpay.hce.service.TpHceService}, description: Android Pay, Static AID Groups: Category: payment, AIDs:325041592E5359532E4444463031, A0000000041010, A0000000042203, A0000000031010, A0000000980840, A0000000032010, A0000000032020, A0000003241010, A00000002501, A000000025011001, A000000025010801, A000000025, A0000000250000, , Dynamic AID Groups: 
D/RegisteredAidCache( 1384): AIDs: [A00000002501] were resolved.
D/RegisteredAidCache( 1384): generateAidCacheLocked: starting with aid A000000025010801
D/RegisteredAidCache( 1384): Exact AID, resolving.
D/RegisteredAidCache( 1384): resolveAidLocked: DECISION: routing to payment default default ApduService: ComponentInfo{com.google.android.gms/com.google.android.gms.tapandpay.hce.service.TpHceService}, description: Android Pay, Static AID Groups: Category: payment, AIDs:325041592E5359532E4444463031, A0000000041010, A0000000042203, A0000000031010, A0000000980840, A0000000032010, A0000000032020, A0000003241010, A00000002501, A000000025011001, A000000025010801, A000000025, A0000000250000, , Dynamic AID Groups: 
D/RegisteredAidCache( 1384): AIDs: [A000000025010801] were resolved.
D/RegisteredAidCache( 1384): generateAidCacheLocked: starting with aid A000000025011001
D/RegisteredAidCache( 1384): Exact AID, resolving.
D/RegisteredAidCache( 1384): resolveAidLocked: DECISION: routing to payment default default ApduService: ComponentInfo{com.google.android.gms/com.google.android.gms.tapandpay.hce.service.TpHceService}, description: Android Pay, Static AID Groups: Category: payment, AIDs:325041592E5359532E4444463031, A0000000041010, A0000000042203, A0000000031010, A0000000980840, A0000000032010, A0000000032020, A0000003241010, A00000002501, A000000025011001, A000000025010801, A000000025, A0000000250000, , Dynamic AID Groups: 
D/RegisteredAidCache( 1384): AIDs: [A000000025011001] were resolved.
D/RegisteredAidCache( 1384): generateAidCacheLocked: starting with aid A0000000980840
D/RegisteredAidCache( 1384): Exact AID, resolving.
D/RegisteredAidCache( 1384): resolveAidLocked: DECISION: routing to payment default default ApduService: ComponentInfo{com.google.android.gms/com.google.android.gms.tapandpay.hce.service.TpHceService}, description: Android Pay, Static AID Groups: Category: payment, AIDs:325041592E5359532E4444463031, A0000000041010, A0000000042203, A0000000031010, A0000000980840, A0000000032010, A0000000032020, A0000003241010, A00000002501, A000000025011001, A000000025010801, A000000025, A0000000250000, , Dynamic AID Groups: 
D/RegisteredAidCache( 1384): AIDs: [A0000000980840] were resolved.
D/RegisteredAidCache( 1384): generateAidCacheLocked: starting with aid A0000003241010
D/RegisteredAidCache( 1384): Exact AID, resolving.
D/RegisteredAidCache( 1384): resolveAidLocked: DECISION: routing to payment default default ApduService: ComponentInfo{com.google.android.gms/com.google.android.gms.tapandpay.hce.service.TpHceService}, description: Android Pay, Static AID Groups: Category: payment, AIDs:325041592E5359532E4444463031, A0000000041010, A0000000042203, A0000000031010, A0000000980840, A0000000032010, A0000000032020, A0000003241010, A00000002501, A000000025011001, A000000025010801, A000000025, A0000000250000, , Dynamic AID Groups: 
D/RegisteredAidCache( 1384): AIDs: [A0000003241010] were resolved.
D/RegisteredAidCache( 1384): Not updating routing table because NFC is off.
D/RegisteredServicesCache( 1384): ApduService: ComponentInfo{com.google.android.gms/com.google.android.gms.tapandpay.hce.service.TpHceService}, description: Android Pay, Static AID Groups: Category: payment, AIDs:325041592E5359532E4444463031, A0000000041010, A0000000042203, A0000000031010, A0000000980840, A0000000032010, A0000000032020, A0000003241010, A00000002501, A000000025011001, A000000025010801, A000000025, A0000000250000, , Dynamic AID Groups: 
I/art     ( 1355): Explicit concurrent mark sweep GC freed 31153(2MB) AllocSpace objects, 3(48KB) LOS objects, 40% free, 8MB/13MB, paused 4.578ms total 128.124ms
E/BSUtils (12166): Error checking isMultiSimEnabled, Exception:java.lang.ClassNotFoundException: android.telephony.MSimTelephonyManager
I/BSUtils (12166): failed to get sys.build.version.checksum. Setting swChkSum to default: FFFF
E/BSUtils (12166): Error checking isMultiSimEnabled, Exception:java.lang.ClassNotFoundException: android.telephony.MSimTelephonyManager
I/BSUtils ( 5226): failed to get sys.build.version.checksum. Setting swChkSum to default: FFFF
E/BSUtils (12166): Error checking isMultiSimEnabled, Exception:java.lang.ClassNotFoundException: android.telephony.MSimTelephonyManager
I/BSUtils (12166): failed to get sys.build.version.checksum. Setting swChkSum to default: FFFF
I/BSUtils (12166): failed to get sys.build.version.checksum. Setting swChkSum to default: FFFF
I/global frequency(12166): BcsDSCheckin.logProperties: root status from persist.qe isqe 0/0
D/Checkin (12166): publish the event [tag = MOT_CHECKIN event name = LOG]
E/global frequency(12166): BcsDSCheckin.logProperties: BL State from property is null or empty
D/Checkin (12166): publish the event [tag = MOT_CHECKIN event name = LOG]
D/Checkin (12166): publish the event [tag = DEV_ATTRIBS event name = SW]
D/Checkin (12166): publish the event [tag = MOT_CCE_STATS event name = DataUsage]
I/global frequency(12166): BcsDSCheckin.events found events 41
D/Checkin (12166): publish the event [tag = MOT_CHECKIN event name = LOG]
I/global frequency(12166): BcsDSDropBox.events found events 4
D/Checkin (12166): publish the event [tag = MOT_CHECKIN event name = LOG]
W/ResourcesManager(14235): Asset path '/system/framework/com.google.android.media.effects.jar' does not exist or contains no resources.
I/BSUtils (12166): failed to get sys.build.version.checksum. Setting swChkSum to default: FFFF
I/MMApiWSBase(12166): doRequest(): url: https://argo.svcmot.com:443/v1/cs/checkin.pb/306454683991019520?appId=6R1TANEX3ZMQ6EU1UH43P34C8B868KTE
D/Checkin (12166): publish the event [tag = MOT_CCE event name = LOG]
W/ResourcesManager(  889): Asset path '/system/framework/com.google.widevine.software.drm.jar' does not exist or contains no resources.
I/MotoNetwCtrlr( 1167): onReceive: Received intent=Intent { act=android.net.wifi.RSSI_CHANGED flg=0x4000010 (has extras) } Action=android.net.wifi.RSSI_CHANGED
I/MotoNetwCtrlr.MotoWifiSignalCtrlr( 1167): handleBroadcast: Entered: Intent=Intent { act=android.net.wifi.RSSI_CHANGED flg=0x4000010 (has extras) } Action=android.net.wifi.RSSI_CHANGED
I/MotoNetwCtrlr.MotorolaWifiSignalController( 1167): isDirty: returns false
I/MotoNetwCtrlr.MotoWifiSignalCtrlr( 1167): handleBroadcast: Completed
I/MotoNetwCtrlr( 1167): onReceive: Completed intent=Intent { act=android.net.wifi.RSSI_CHANGED flg=0x4000010 (has extras) } Action=android.net.wifi.RSSI_CHANGED
I/art     (  889): Explicit concurrent mark sweep GC freed 20980(1021KB) AllocSpace objects, 2(592KB) LOS objects, 30% free, 36MB/52MB, paused 6.073ms total 189.012ms
W/ActivityManager(  889): getRunningAppProcesses: caller 10075 does not hold REAL_GET_TASKS; limiting output
I/Babel_telephony(14235): TeleModule.onApplicationCreate
I/Babel_SMS(14235): MmsConfig: mnc/mcc: 262/7
I/Babel_SMS(14235): MmsConfig.loadMmsSettings
I/Babel_SMS(14235): MmsConfig.loadDeviceMmsSettings from API: mUserAgent=MOT-XT1052/Mms-5.0.2, mUaProfUrl=http://uaprof.motorola.com/phoneconfig/motoxt1052/Profile/motoxt1052.rdf
I/Babel_SMS(14235): MmsConfig.loadFromDatabase
E/SQLiteLog(14235): (1) no such table: mmsconfig
I/Babel_SMS(14235): MmsConfig: no mmsconfig table android.database.sqlite.SQLiteException: no such table: mmsconfig (code 1): , while compiling: SELECT key, value, type FROM mmsconfig WHERE numeric=?
I/Babel_SMS(14235): MmsConfig.loadFromResources
E/Babel_SMS(14235): canonicalizeMccMnc: invalid mccmnc nullnull
W/Babel_SMS(14235): MmsConfig: invalid key=userAgent or type=string
W/Babel_SMS(14235): MmsConfig: invalid key=uaProfUrl or type=string
I/Babel_SMS(14235): MmsConfig.loadMmsSettings: mUserAgent=MOT-XT1052/Mms-5.0.2, mUaProfUrl=http://uaprof.motorola.com/phoneconfig/motoxt1052/Profile/motoxt1052.rdf
D/BackupManagerService(  889): Received broadcast Intent { act=android.intent.action.PACKAGE_CHANGED dat=package:com.google.android.gms flg=0x4000010 (has extras) }
I/BackupManagerService(  889): Unbinding ComponentInfo{com.google.android.gms/com.google.android.gms.backup.BackupTransportService}
I/BackupManagerService(  889): Binding to transport host ComponentInfo{com.google.android.gms/com.google.android.gms.backup.BackupTransportService}
I/SFPerfTracer(  301):      triggers: (rate: 380:113508) (4499732 sw vsyncs) (630344 skipped) (48:3950073 vsyncs) (50:8622209)
V/BackupManagerService(  889): Connected to transport ComponentInfo{com.google.android.gms/com.google.android.gms.backup.BackupTransportService}
V/BackupManagerService(  889): Registering transport com.google.android.gms/.backup.BackupTransportService::com.google.android.gms/.backup.BackupTransportService = com.android.internal.backup.IBackupTransport$Stub$Proxy@19251989
V/stateside(13771): Scheduling command [com.yahoo.android.yconfig.a.u@e10aef0] on target control state [HANDLING_FETCH_RESULT]
I/stateside(13771): Machine was transitioned from control state [FETCHING] to [HANDLING_FETCH_RESULT]
V/stateside(13771): Scheduling command [com.yahoo.android.yconfig.a.u@e10aef0] on target control state [DONE]
I/stateside(13771): Machine was transitioned from control state [HANDLING_FETCH_RESULT] to [DONE]
I/Babel_Crash(14235): Startup - clean
I/MotoNetwCtrlr.MotoNetwCtrlrImpl.MotorolaMobileSignalController( 2 ) ( 1167): MotorolaMobilePhoneStateListener.onSignalStrengthsChanged: Entered: signalStrength=SignalStrength: 15 0 -120 -160 -120 -1 -1 99 2147483647 2147483647 2147483647 2147483647 2147483647 gsm|lte 0 -108 -1 false 4 4 0 0 0 99 99 99 4 0 level=4
I/MotoNetwCtrlr.MotoNetwCtrlrImpl.MotorolaMobileSignalController( 2 ) ( 1167): isDirty: returns true
I/MotoNetwCtrlr.MotoNetwCtrlrImpl.MotorolaMobileSignalController( 2 ) ( 1167): notifyListeners: calling SB [0] setMobileDataIndicators (Motorola api): mobileUseMotoUI=true mobileEnabled=true mobileSimIconId=( none ) mobileSignalIconId=0x7f02048c=zz_moto_stat_sys_signal_4_of_4_fully_wide mobileRoamingIconId=( none ) mobileDataTypeIconId=( none ) mobileDataActivityIconId=( none ) mobileCarrierDescription="o2-de+|o2 - de" mobileSimDescription="" mobileSignalContentDescription="phone signal full strength" mobileRoamingDescription="" mobileDataTypeContentDescription="H" mobileDataActivityContentDescription="" mobileIsRoaming=false isDataTypeIconWide=true mobileIsBidiDirectionEnabled=false mobileSubId=2
D/HeadsetPhoneState(12129): sendDeviceStateChanged. mService=1 mSignal=4 mRoam=0 mBatteryCharge=3
D/HeadsetStateMachine(12129): Connected process message: 11, size: 1
I/MotoNetwCtrlr.MotoNetwCtrlrImpl.MotorolaMobileSignalController( 2 ) ( 1167): notifyListeners: calling SB [1] setMobileDataIndicators (Motorola api): mobileUseMotoUI=true mobileEnabled=true mobileSimIconId=( none ) mobileSignalIconId=0x7f02048c=zz_moto_stat_sys_signal_4_of_4_fully_wide mobileRoamingIconId=( none ) mobileDataTypeIconId=( none ) mobileDataActivityIconId=( none ) mobileCarrierDescription="o2-de+|o2 - de" mobileSimDescription="" mobileSignalContentDescription="phone signal full strength" mobileRoamingDescription="" mobileDataTypeContentDescription="H" mobileDataActivityContentDescription="" mobileIsRoaming=false isDataTypeIconWide=true mobileIsBidiDirectionEnabled=false mobileSubId=2
I/MotoNetwCtrlr.MotoNetwCtrlrImpl.MotorolaMobileSignalController( 2 ) ( 1167): notifyListeners: calling SB [2] setMobileDataIndicators (Motorola api): mobileUseMotoUI=true mobileEnabled=true mobileSimIconId=( none ) mobileSignalIconId=0x7f02048c=zz_moto_stat_sys_signal_4_of_4_fully_wide mobileRoamingIconId=( none ) mobileDataTypeIconId=( none ) mobileDataActivityIconId=( none ) mobileCarrierDescription="o2-de+|o2 - de" mobileSimDescription="" mobileSignalContentDescription="phone signal full strength" mobileRoamingDescription="" mobileDataTypeContentDescription="H" mobileDataActivityContentDescription="" mobileIsRoaming=false isDataTypeIconWide=true mobileIsBidiDirectionEnabled=false mobileSubId=2
I/MotoNetwCtrlr.MotoNetwCtrlrImpl.MotorolaMobileSignalController( 2 ) ( 1167): MotorolaMobilePhoneStateListener.onSignalStrengthsChanged: completed: level=4
D/bt-btif (12129): BTHF: device_status_notification
D/bt-btif (12129): AG evt (hdl 0x0001): State 2, Event 0x0506
D/bt-btif (12129): bta_ag_hfp_result : res = 5
D/bt-btif (12129): AG evt (hdl 0x0001): State 2, Event 0x0506
D/bt-btif (12129): bta_ag_hfp_result : res = 5
D/bt-btif (12129): AG evt (hdl 0x0001): State 2, Event 0x0506
D/bt-btif (12129): bta_ag_hfp_result : res = 5
D/bt-btif (12129): AG evt (hdl 0x0001): State 2, Event 0x0506
D/bt-btif (12129): bta_ag_hfp_result : res = 5
I/MDMCTBK (  335): NetlinkHandler, power_supply subsys
I/MDMCTBK (  335): NetlinkHandler, usbChargerStateChanged
I/MDMCTBK (  335): checkDefaultInst, current pid is = 335
I/MDMCTBK (  335): checkDefaultInst, pid match
I/MDMCTBK (  335): MdmCutbackHndler,readFromFile = /sys/class/power_supply/usb/online
I/MDMCTBK (  335): MdmCutbackHndler,readFromFile = /sys/class/power_supply/pm8921-dc/online
D/HeadsetStateMachine(12129): Connected process message: 10, size: 1
I/MDMCTBK (  335): NetlinkHandler, power_supply subsys
I/MDMCTBK (  335): NetlinkHandler, usbChargerStateChanged
I/MDMCTBK (  335): checkDefaultInst, current pid is = 335
I/MDMCTBK (  335): checkDefaultInst, pid match
I/MDMCTBK (  335): MdmCutbackHndler,readFromFile = /sys/class/power_supply/usb/online
I/MDMCTBK (  335): MdmCutbackHndler,readFromFile = /sys/class/power_supply/pm8921-dc/online
D/HeadsetStateMachine(12129): Connected process message: 10, size: 1
D/PkgBroadcastIntentOp(23194): Received broadcast action=android.intent.action.PACKAGE_CHANGED and uri=com.google.android.gms
I/PkgBroadcastIntentOp(23194): Null package name or gms related package.  Ignoreing.
D/WearableController(23194): Received broadcast action=android.intent.action.PACKAGE_CHANGED and uri=com.google.android.gms
D/Babel   (14235): onCreate: Shutdown runnable posted in onCreate with a delay of 5000 ms.
I/Icing   (23194): updateResources: need to parse f{com.google.android.gms}
W/ResourcesManager(14235): Asset path '/system/framework/com.android.media.remotedisplay.jar' does not exist or contains no resources.
W/ResourcesManager(14235): Asset path '/system/framework/com.android.location.provider.jar' does not exist or contains no resources.
I/UpdateIcingCorporaServi(12789): Updating corpora: APPS=com.google.android.gms, CONTACTS=MAYBE
I/GCoreNlp(28921): !shouldConfirmNlp, ensuring user opted into NLP
I/UpdateIcingCorporaServi(12789): UpdateCorporaTask done [took 150 ms] updated apps [took 147 ms] 
W/art     (14235): Suspending all threads took: 6.073ms
V/JNIHelp (14235): Registering com/google/android/gms/org/conscrypt/NativeCrypto's 254 native methods...
E/WifiStateMachine(  889): WifiStateMachine CMD_START_SCAN source -2 txSuccessRate=72.12 rxSuccessRate=88.30 targetRoamBSSID=any RSSI=-46
E/WifiStateMachine(  889): startDelayedScan send -> 7566 milli 20000
E/WifiStateMachine(  889): WifiStateMachine CMD_START_SCAN with age=2251058 interval=20000 maxinterval=300000
E/WifiStateMachine(  889): WifiStateMachine CMD_START_SCAN try full band scan age=2251058 interval=20000 maxinterval=300000
E/WifiStateMachine(  889): WifiStateMachine CMD_START_SCAN prevent full band scan due to pkt rate
E/WifiStateMachine(  889): WifiStateMachine CMD_START_SCAN source -2 ...and ignore scans tx=72.12 rx=88.30
V/GLSActivity(28921): AuthDelegateWrapperCreated with selected intent: Intent { cmp=com.google.android.gms/.auth.DefaultAuthDelegateService }
V/GLSActivity(28921): AuthDelegateWrapperCreated with selected intent: Intent { cmp=com.google.android.gms/.auth.DefaultAuthDelegateService }
W/ResourcesManager( 1448): Asset path '/system/framework/com.google.android.maps.jar' does not exist or contains no resources.
I/ProviderInstaller(14235): Installed default security provider GmsCore_OpenSSL
D/Babel   (14235): Idle: Shutdown runnable posted in release with a delay of 5000 ms.
W/asset   ( 1448): Asset path /system/framework/com.motorola.gallery is neither a directory nor file (type=1).
W/ResourcesManager( 1448): Asset path '/system/framework/com.motorola.gallery' does not exist or contains no resources.
W/ResourcesManager( 1448): Asset path '/system/framework/com.google.android.media.effects.jar' does not exist or contains no resources.
W/ResourcesManager( 1448): Asset path '/system/framework/com.motorola.frameworks.core.addon.jar' does not exist or contains no resources.
W/ResourcesManager( 1448): Asset path '/system/framework/com.google.android.maps.jar' does not exist or contains no resources.
W/ResourcesManager( 1448): Asset path '/system/framework/com.google.android.maps.jar' does not exist or contains no resources.
I/MotoNetwCtrlr( 1167): onReceive: Received intent=Intent { act=android.net.wifi.RSSI_CHANGED flg=0x4000010 (has extras) } Action=android.net.wifi.RSSI_CHANGED
I/MotoNetwCtrlr.MotoWifiSignalCtrlr( 1167): handleBroadcast: Entered: Intent=Intent { act=android.net.wifi.RSSI_CHANGED flg=0x4000010 (has extras) } Action=android.net.wifi.RSSI_CHANGED
I/MotoNetwCtrlr.MotorolaWifiSignalController( 1167): isDirty: returns false
I/MotoNetwCtrlr.MotoWifiSignalCtrlr( 1167): handleBroadcast: Completed
I/MotoNetwCtrlr( 1167): onReceive: Completed intent=Intent { act=android.net.wifi.RSSI_CHANGED flg=0x4000010 (has extras) } Action=android.net.wifi.RSSI_CHANGED
W/ResourcesManager( 1448): Asset path '/system/framework/com.google.android.maps.jar' does not exist or contains no resources.
I/Launcher( 1448): Deferring update until onResume
I/Icing   (23194): Indexing EF04E88B0A2338EA37038D77B419C1843D305D96 from com.google.android.gms
I/Icing   (23194): Indexing done EF04E88B0A2338EA37038D77B419C1843D305D96
I/CCE     (12166): AppWSProxy - handleResponse(): error=None errorText= statusCode=200 reqId=
D/Checkin (12166): publish the event [tag = MOT_CCE event name = LOG]
I/SFPerfTracer(  301):      triggers: (rate: 380:113508) (4499732 sw vsyncs) (630344 skipped) (148:3950289 vsyncs) (150:8622439)
I/global frequency(12166): BcsCore.status() called with error code=ERROR_OK
D/Checkin (12166): publish the event [tag = MOT_CHECKIN event name = LOG]
D/CheckinProvider(  889): 41 events delete 0 left
I/global frequency(12166): BcsDSCheckin.events found events 0
D/Checkin (12166): publish the event [tag = MOT_CHECKIN event name = LOG]
I/global frequency(12166): BcsDSDropBox.events found events 0
D/Checkin (12166): publish the event [tag = MOT_CHECKIN event name = LOG]
I/BSUtils (12166): failed to get sys.build.version.checksum. Setting swChkSum to default: FFFF
I/BSUtils (12166): failed to get sys.build.version.checksum. Setting swChkSum to default: FFFF
I/global frequency(12166): BcsTimer.onReceive checkin completed (0:ERROR_OK)
D/Checkin (12166): publish the event [tag = MOT_CHECKIN event name = LOG]
V/AlarmManager(  889): sending alarm {3c06734d type 0 *walarm*:com.android.vending/com.google.android.finsky.services.ContentSyncService}
V/AlarmManager(  889): done {3c06734d, *walarm*:com.android.vending/com.google.android.finsky.services.ContentSyncService} [7ms]
I/Finsky  (16654): [65089] com.google.android.finsky.c.e.run(1151): Replicating app states via AMAS.
I/ActivityManager(  889): Start proc 14386:com.google.android.youtube/u0a107 for service com.google.android.youtube/com.google.android.libraries.youtube.common.gcore.gcoreclient.gcm.impl.GcmTaskServiceDelegator
I/MotAcct.Authenticator(12166): account is authenticated
W/DataUsage(12166): invalid counter update blocked: 'err' by 0
D/Checkin (12166): publish the event [tag = MOT_CCE event name = LOG]
I/art     ( 1355): Explicit concurrent mark sweep GC freed 3600(142KB) AllocSpace objects, 0(0B) LOS objects, 39% free, 8MB/13MB, paused 1.251ms total 51.732ms
I/MotoNetwCtrlr.MotoNetwCtrlrImpl.MotorolaMobileSignalController( 2 ) ( 1167): MotorolaMobilePhoneStateListener.onSignalStrengthsChanged: Entered: signalStrength=SignalStrength: 14 0 -120 -160 -120 -1 -1 99 2147483647 2147483647 2147483647 2147483647 2147483647 gsm|lte 0 -108 -1 false 4 4 0 0 0 99 99 99 4 0 level=4
I/MotoNetwCtrlr.MotoNetwCtrlrImpl.MotorolaMobileSignalController( 2 ) ( 1167): isDirty: returns true
I/MotoNetwCtrlr.MotoNetwCtrlrImpl.MotorolaMobileSignalController( 2 ) ( 1167): notifyListeners: calling SB [0] setMobileDataIndicators (Motorola api): mobileUseMotoUI=true mobileEnabled=true mobileSimIconId=( none ) mobileSignalIconId=0x7f02048c=zz_moto_stat_sys_signal_4_of_4_fully_wide mobileRoamingIconId=( none ) mobileDataTypeIconId=( none ) mobileDataActivityIconId=( none ) mobileCarrierDescription="o2-de+|o2 - de" mobileSimDescription="" mobileSignalContentDescription="phone signal full strength" mobileRoamingDescription="" mobileDataTypeContentDescription="H" mobileDataActivityContentDescription="" mobileIsRoaming=false isDataTypeIconWide=true mobileIsBidiDirectionEnabled=false mobileSubId=2
I/MotoNetwCtrlr.MotoNetwCtrlrImpl.MotorolaMobileSignalController( 2 ) ( 1167): notifyListeners: calling SB [1] setMobileDataIndicators (Motorola api): mobileUseMotoUI=true mobileEnabled=true mobileSimIconId=( none ) mobileSignalIconId=0x7f02048c=zz_moto_stat_sys_signal_4_of_4_fully_wide mobileRoamingIconId=( none ) mobileDataTypeIconId=( none ) mobileDataActivityIconId=( none ) mobileCarrierDescription="o2-de+|o2 - de" mobileSimDescription="" mobileSignalContentDescription="phone signal full strength" mobileRoamingDescription="" mobileDataTypeContentDescription="H" mobileDataActivityContentDescription="" mobileIsRoaming=false isDataTypeIconWide=true mobileIsBidiDirectionEnabled=false mobileSubId=2
I/MotoNetwCtrlr.MotoNetwCtrlrImpl.MotorolaMobileSignalController( 2 ) ( 1167): notifyListeners: calling SB [2] setMobileDataIndicators (Motorola api): mobileUseMotoUI=true mobileEnabled=true mobileSimIconId=( none ) mobileSignalIconId=0x7f02048c=zz_moto_stat_sys_signal_4_of_4_fully_wide mobileRoamingIconId=( none ) mobileDataTypeIconId=( none ) mobileDataActivityIconId=( none ) mobileCarrierDescription="o2-de+|o2 - de" mobileSimDescription="" mobileSignalContentDescription="phone signal full strength" mobileRoamingDescription="" mobileDataTypeContentDescription="H" mobileDataActivityContentDescription="" mobileIsRoaming=false isDataTypeIconWide=true mobileIsBidiDirectionEnabled=false mobileSubId=2
I/MotoNetwCtrlr.MotoNetwCtrlrImpl.MotorolaMobileSignalController( 2 ) ( 1167): MotorolaMobilePhoneStateListener.onSignalStrengthsChanged: completed: level=4
I/art     (12166): Explicit concurrent mark sweep GC freed 24152(1568KB) AllocSpace objects, 11(199KB) LOS objects, 40% free, 11MB/18MB, paused 1.220ms total 157.057ms
W/ActivityManager(  889): getRunningAppProcesses: caller 10107 does not hold REAL_GET_TASKS; limiting output
W/ActivityManager(  889): getRunningAppProcesses: caller 10107 does not hold REAL_GET_TASKS; limiting output
W/ResourcesManager(14386): Asset path '/system/framework/com.android.media.remotedisplay.jar' does not exist or contains no resources.
W/ResourcesManager(14386): Asset path '/system/framework/com.android.location.provider.jar' does not exist or contains no resources.
W/CursorWindow(28921): Window is full: requested allocation 196 bytes, free space 44 bytes, window size 2097152 bytes
V/JNIHelp (14386): Registering com/google/android/gms/org/conscrypt/NativeCrypto's 254 native methods...
I/ProviderInstaller(14386): Installed default security provider GmsCore_OpenSSL
I/art     (  889): Explicit concurrent mark sweep GC freed 26310(1237KB) AllocSpace objects, 0(0B) LOS objects, 30% free, 37MB/53MB, paused 10.956ms total 270.837ms
I/MotoNetwCtrlr( 1167): onReceive: Received intent=Intent { act=android.net.wifi.RSSI_CHANGED flg=0x4000010 (has extras) } Action=android.net.wifi.RSSI_CHANGED
I/MotoNetwCtrlr.MotoWifiSignalCtrlr( 1167): handleBroadcast: Entered: Intent=Intent { act=android.net.wifi.RSSI_CHANGED flg=0x4000010 (has extras) } Action=android.net.wifi.RSSI_CHANGED
I/MotoNetwCtrlr.MotorolaWifiSignalController( 1167): isDirty: returns false
I/MotoNetwCtrlr.MotoWifiSignalCtrlr( 1167): handleBroadcast: Completed
I/MotoNetwCtrlr( 1167): onReceive: Completed intent=Intent { act=android.net.wifi.RSSI_CHANGED flg=0x4000010 (has extras) } Action=android.net.wifi.RSSI_CHANGED
I/UserAuthService(12166): service started
I/MMApiProvisionService(12166): createDeviceIdOrLogin update_device
D/Checkin (12166): publish the event [tag = MOT_CCE event name = LOG]
V/WindowManager(  889): IKSWL-6868 finishPostLayoutPolicyLw: mHideKeyguard=false mDismissKeyguard=0
V/WindowManager(  889): IKSWL-6868 setKeyguardOccludedLw isOccluded=false wasOccluded=false showing=false
V/WindowManager(  889): IKSWL-6868 finishPostLayoutPolicyLw: mHideKeyguard=false mDismissKeyguard=0
V/WindowManager(  889): IKSWL-6868 setKeyguardOccludedLw isOccluded=false wasOccluded=false showing=false
V/WindowManager(  889): IKSWL-6868 finishPostLayoutPolicyLw: mHideKeyguard=false mDismissKeyguard=0
V/WindowManager(  889): IKSWL-6868 setKeyguardOccludedLw isOccluded=false wasOccluded=false showing=false
I/art     ( 1355): Explicit concurrent mark sweep GC freed 3455(137KB) AllocSpace objects, 0(0B) LOS objects, 40% free, 8MB/13MB, paused 3.570ms total 34.426ms
D/3CDM.Service(12166): com.motorola.blur.service.blur.Actions.SERVICES_STARTED
D/3CDM.Service(12166): Device Admin setting: blur.service.littlesister.reportLevel2
D/3CDM.Service(12166): Device Admin setting: blur.service.littlesister.gpsFixWaitTime
D/3CDM.Service(12166): Device Admin setting: com.motorola.blur.adminfeed.device_admin_always_allowed
D/3CDM.Service(12166): Device Admin setting: com.motorola.ccc.devicemanagement.motocare.url
D/3CDM.Service(12166): Device Admin setting: blur.service.mother.sendPersonalInfo
D/3CDM.Service(12166): Device Admin setting: blur.service.cred.locationToken
D/3CDM.Service(12166): Device Admin setting: com.motorola.ccc.devicemanagement.capabilities
D/3CDM.Service(12166): Device Admin setting: com.motorola.ccc.cce.email.marketing.optin.default
D/3CDM.Service(12166): request3CSettings() from CCE
D/ libc   (  330):   31 retrying_select timeout
D/libc    (  330): dns server used:192.168.55.1
D/3CDM.Service(12166): registering for AdminFeed
E/SQLiteLog(12166): (284) automatic index on registration(APP_SECRET)
I/CE-UpdateModelService(12921): checkForUpdate in: 86400000 ms
D/CWCheckin( 5226): Checkin StartupReceiver: com.motorola.blur.service.blur.Actions.SERVICES_STARTED received.
W/BroadcastQueue(  889): Permission Denial: broadcasting Intent { act=com.motorola.cce.Actions.CCE_SEND_SETTINGS flg=0x10 (has extras) } from com.motorola.ccc.checkin (pid=12166, uid=10000) is not exported from uid 10047 due to receiver com.motorola.targetnotif/com.motorola.blur.service.blur.SharedSettingsReceiver
