--------- beginning of crash
E/AndroidRuntime( 3709): FATAL EXCEPTION: main
E/AndroidRuntime( 3709): Process: com.androidclient.blulock.androidclient, PID: 3709
E/AndroidRuntime( 3709): java.lang.RuntimeException: Unable to start activity ComponentInfo{com.androidclient.blulock.androidclient/com.androidclient.blulock.androidclient.MainActivity}: java.lang.NullPointerException: Attempt to invoke virtual method 'android.bluetooth.BluetoothSocket android.bluetooth.BluetoothDevice.createRfcommSocketToServiceRecord(java.util.UUID)' on a null object reference
E/AndroidRuntime( 3709): 	at android.app.ActivityThread.performLaunchActivity(ActivityThread.java:2339)
E/AndroidRuntime( 3709): 	at android.app.ActivityThread.handleLaunchActivity(ActivityThread.java:2413)
E/AndroidRuntime( 3709): 	at android.app.ActivityThread.access$800(ActivityThread.java:155)
E/AndroidRuntime( 3709): 	at android.app.ActivityThread$H.handleMessage(ActivityThread.java:1317)
E/AndroidRuntime( 3709): 	at android.os.Handler.dispatchMessage(Handler.java:102)
E/AndroidRuntime( 3709): 	at android.os.Looper.loop(Looper.java:135)
E/AndroidRuntime( 3709): 	at android.app.ActivityThread.main(ActivityThread.java:5343)
E/AndroidRuntime( 3709): 	at java.lang.reflect.Method.invoke(Native Method)
E/AndroidRuntime( 3709): 	at java.lang.reflect.Method.invoke(Method.java:372)
E/AndroidRuntime( 3709): 	at com.android.internal.os.ZygoteInit$MethodAndArgsCaller.run(ZygoteInit.java:905)
E/AndroidRuntime( 3709): 	at com.android.internal.os.ZygoteInit.main(ZygoteInit.java:700)
E/AndroidRuntime( 3709): Caused by: java.lang.NullPointerException: Attempt to invoke virtual method 'android.bluetooth.BluetoothSocket android.bluetooth.BluetoothDevice.createRfcommSocketToServiceRecord(java.util.UUID)' on a null object reference
E/AndroidRuntime( 3709): 	at com.androidclient.blulock.androidclient.MainActivity$ConnectThread.<init>(MainActivity.java:107)
E/AndroidRuntime( 3709): 	at com.androidclient.blulock.androidclient.MainActivity$ConnectThread.<init>(MainActivity.java:99)
E/AndroidRuntime( 3709): 	at com.androidclient.blulock.androidclient.MainActivity.launchConnectThread(MainActivity.java:96)
E/AndroidRuntime( 3709): 	at com.androidclient.blulock.androidclient.MainActivity.onCreate(MainActivity.java:58)
E/AndroidRuntime( 3709): 	at android.app.Activity.performCreate(Activity.java:6010)
E/AndroidRuntime( 3709): 	at android.app.Instrumentation.callActivityOnCreate(Instrumentation.java:1129)
E/AndroidRuntime( 3709): 	at android.app.ActivityThread.performLaunchActivity(ActivityThread.java:2292)
E/AndroidRuntime( 3709): 	... 10 more
E/AndroidRuntime(15301): FATAL EXCEPTION: main
E/AndroidRuntime(15301): Process: com.androidclient.blulock.androidclient, PID: 15301
E/AndroidRuntime(15301): java.lang.IllegalStateException: Could not execute method for android:onClick
E/AndroidRuntime(15301): 	at android.support.v7.app.AppCompatViewInflater$DeclaredOnClickListener.onClick(AppCompatViewInflater.java:275)
E/AndroidRuntime(15301): 	at android.view.View.performClick(View.java:4785)
E/AndroidRuntime(15301): 	at android.view.View$PerformClick.run(View.java:19884)
E/AndroidRuntime(15301): 	at android.os.Handler.handleCallback(Handler.java:739)
E/AndroidRuntime(15301): 	at android.os.Handler.dispatchMessage(Handler.java:95)
E/AndroidRuntime(15301): 	at android.os.Looper.loop(Looper.java:135)
E/AndroidRuntime(15301): 	at android.app.ActivityThread.main(ActivityThread.java:5343)
E/AndroidRuntime(15301): 	at java.lang.reflect.Method.invoke(Native Method)
E/AndroidRuntime(15301): 	at java.lang.reflect.Method.invoke(Method.java:372)
E/AndroidRuntime(15301): 	at com.android.internal.os.ZygoteInit$MethodAndArgsCaller.run(ZygoteInit.java:905)
E/AndroidRuntime(15301): 	at com.android.internal.os.ZygoteInit.main(ZygoteInit.java:700)
E/AndroidRuntime(15301): Caused by: java.lang.reflect.InvocationTargetException
E/AndroidRuntime(15301): 	at java.lang.reflect.Method.invoke(Native Method)
E/AndroidRuntime(15301): 	at java.lang.reflect.Method.invoke(Method.java:372)
E/AndroidRuntime(15301): 	at android.support.v7.app.AppCompatViewInflater$DeclaredOnClickListener.onClick(AppCompatViewInflater.java:270)
E/AndroidRuntime(15301): 	... 10 more
E/AndroidRuntime(15301): Caused by: java.lang.NullPointerException: Attempt to invoke virtual method 'java.io.InputStream android.bluetooth.BluetoothSocket.getInputStream()' on a null object reference
E/AndroidRuntime(15301): 	at com.androidclient.blulock.androidclient.MainActivity$ConnectedThreads.<init>(MainActivity.java:175)
E/AndroidRuntime(15301): 	at com.androidclient.blulock.androidclient.MainActivity$ConnectedThreads.<init>(MainActivity.java:164)
E/AndroidRuntime(15301): 	at com.androidclient.blulock.androidclient.MainActivity.sendMessage(MainActivity.java:161)
E/AndroidRuntime(15301): 	at com.androidclient.blulock.androidclient.MainActivity.sendBluetoothMessage(MainActivity.java:216)
E/AndroidRuntime(15301): 	... 13 more
F/libc    (29830): Fatal signal 11 (SIGSEGV), code 1, fault addr 0xdfe15f2a in tid 29955 (Picasso-refQueu)
--------- beginning of system
V/AlarmManager(  889): done {173b7b0f, *alarm*:com.motorola.motocare.trigger.AlarmTrigger.HourlyAlarmTrigger} [241ms]
W/ProcessCpuTracker(  889): Skipping unknown process pid 8863
I/SFPerfTracer(  301):      triggers: (rate: 383:117172) (4799077 sw vsyncs) (683377 skipped) (0:4612733 vsyncs) (2:9606890)
I/SFPerfTracer(  301):      triggers: (rate: 383:117172) (4799077 sw vsyncs) (683377 skipped) (0:4612733 vsyncs) (2:9606992)
I/SFPerfTracer(  301):      triggers: (rate: 10322:305165) (compose: 0:473) (post: 0:1929) (render: 0:2332) (0:2408725 frames) (1:2602129)
D/SFPerfTracer(  301):        layers: (3:9) (FocusedStackFrame (0xb6299000): 0:9938)* (DimLayer (0xb6206000): 0:140)* (DimLayer (0xb6208000): 0:26)* (com.android.noisefield.NoiseFieldWallpaper (0xb6279000): 0:331138)* (StatusBar (0xb6204000): 1:293546) (DimLayer (0xb632f000): 0:3866)* (DimLayer (0xb632d000): 0:1360)* (NavigationBar (0xb618c000): 0:133) (com.androidclient.blulock.androidclient/com.androidclient.blulock.androidclient.MainActivity (0xb622a000): 0:31) 
V/AlarmManager(  889): sending alarm {384134a9 type 2 *walarm*:com.google.android.gms.gcm.HEARTBEAT_ALARM}
V/AlarmManager(  889): done {384134a9, *walarm*:com.google.android.gms.gcm.HEARTBEAT_ALARM} [22ms]
D/ConnectivityService(  889): reportBadNetwork(NetworkAgentInfo [WIFI () - 284]) by 10023
D/ConnectivityService(  889): setProvNotificationVisibleIntent: E visible=false networkType=0 extraInfo=null
D/ConnectivityService(  889): Validated NetworkAgentInfo [WIFI () - 284]
I/SFPerfTracer(  301):      triggers: (rate: 383:117172) (4799077 sw vsyncs) (683377 skipped) (0:4612733 vsyncs) (2:9607094)
V/AlarmManager(  889): sending alarm {1b8a696 type 2 *walarm*:com.google.android.intent.action.GCM_RECONNECT}
V/AlarmManager(  889): done {1b8a696, *walarm*:com.google.android.intent.action.GCM_RECONNECT} [6ms]
I/ActivityManager(  889): START u0 {act=com.android.systemui.recents.SHOW_RECENTS flg=0x10804000 cmp=com.android.systemui/.recents.RecentsActivity} from uid 10028 on display 0
V/WindowManager(  889): IKSWL-6868 finishPostLayoutPolicyLw: mHideKeyguard=false mDismissKeyguard=0
V/WindowManager(  889): IKSWL-6868 setKeyguardOccludedLw isOccluded=false wasOccluded=false showing=false
V/WindowManager(  889): IKSWL-6868 finishPostLayoutPolicyLw: mHideKeyguard=false mDismissKeyguard=0
V/WindowManager(  889): IKSWL-6868 setKeyguardOccludedLw isOccluded=false wasOccluded=false showing=false
V/WindowManager(  889): IKSWL-6868 finishPostLayoutPolicyLw: mHideKeyguard=false mDismissKeyguard=0
V/WindowManager(  889): IKSWL-6868 setKeyguardOccludedLw isOccluded=false wasOccluded=false showing=false
V/WindowManager(  889): IKSWL-6868 finishPostLayoutPolicyLw: mHideKeyguard=false mDismissKeyguard=0
V/WindowManager(  889): IKSWL-6868 setKeyguardOccludedLw isOccluded=false wasOccluded=false showing=false
V/WindowManager(  889): IKSWL-6868 finishPostLayoutPolicyLw: mHideKeyguard=false mDismissKeyguard=0
V/WindowManager(  889): IKSWL-6868 setKeyguardOccludedLw isOccluded=false wasOccluded=false showing=false
V/WindowManager(  889): IKSWL-6868 finishPostLayoutPolicyLw: mHideKeyguard=false mDismissKeyguard=0
V/WindowManager(  889): IKSWL-6868 setKeyguardOccludedLw isOccluded=false wasOccluded=false showing=false
V/WindowManager(  889): IKSWL-6868 finishPostLayoutPolicyLw: mHideKeyguard=false mDismissKeyguard=0
V/WindowManager(  889): IKSWL-6868 setKeyguardOccludedLw isOccluded=false wasOccluded=false showing=false
V/WindowManager(  889): IKSWL-6868 finishPostLayoutPolicyLw: mHideKeyguard=false mDismissKeyguard=0
V/WindowManager(  889): IKSWL-6868 setKeyguardOccludedLw isOccluded=false wasOccluded=false showing=false
W/InputMethodManagerService(  889): Starting input on non-focused client com.android.internal.view.IInputMethodClient$Stub$Proxy@2b259312 (uid=10332 pid=32500)
I/LaunchCheckinHandler(  889): Displayed com.android.systemui/.recents.RecentsActivity,wp,wa,207
V/WindowManager(  889): IKSWL-6868 finishPostLayoutPolicyLw: mHideKeyguard=false mDismissKeyguard=0
V/WindowManager(  889): IKSWL-6868 setKeyguardOccludedLw isOccluded=false wasOccluded=false showing=false
V/WindowManager(  889): IKSWL-6868 finishPostLayoutPolicyLw: mHideKeyguard=false mDismissKeyguard=0
V/WindowManager(  889): IKSWL-6868 setKeyguardOccludedLw isOccluded=false wasOccluded=false showing=false
I/SFPerfTracer(  301):      triggers: (rate: 10322:305165) (compose: 0:473) (post: 0:1931) (render: 0:2334) (13:2408755 frames) (14:2602231)
D/SFPerfTracer(  301):        layers: (5:11) (FocusedStackFrame (0xb6299000): 0:9940)* (DimLayer (0xb6206000): 0:140)* (DimLayer (0xb6208000): 0:26)* (com.android.noisefield.NoiseFieldWallpaper (0xb6279000): 5:331144) (StatusBar (0xb6204000): 1:293615) (DimLayer (0xb632f000): 0:3866)* (DimLayer (0xb632d000): 0:1360)* (NavigationBar (0xb618c000): 14:169) (com.androidclient.blulock.androidclient/com.androidclient.blulock.androidclient.MainActivity (0xb622a000): 14:47) (com.android.systemui/com.android.systemui.recents.RecentsActivity (0xb623f000): 0:7) (thumbnail anim (0xb6277000): 14:15)* 
V/WindowManager(  889): IKSWL-6868 finishPostLayoutPolicyLw: mHideKeyguard=false mDismissKeyguard=0
V/WindowManager(  889): IKSWL-6868 setKeyguardOccludedLw isOccluded=false wasOccluded=false showing=false
V/WindowManager(  889): IKSWL-6868 finishPostLayoutPolicyLw: mHideKeyguard=false mDismissKeyguard=0
V/WindowManager(  889): IKSWL-6868 setKeyguardOccludedLw isOccluded=false wasOccluded=false showing=false
V/WindowManager(  889): IKSWL-6868 finishPostLayoutPolicyLw: mHideKeyguard=false mDismissKeyguard=0
V/WindowManager(  889): IKSWL-6868 setKeyguardOccludedLw isOccluded=false wasOccluded=false showing=false
I/ActivityManager(  889): Killing 32500:com.androidclient.blulock.androidclient/u0a332 (adj 9): remove task
I/WindowState(  889): WIN DEATH: Window{24ee1ab6 u0 com.androidclient.blulock.androidclient/com.androidclient.blulock.androidclient.MainActivity}
V/WindowManager(  889): IKSWL-6868 finishPostLayoutPolicyLw: mHideKeyguard=false mDismissKeyguard=0
V/WindowManager(  889): IKSWL-6868 setKeyguardOccludedLw isOccluded=false wasOccluded=false showing=false
I/SFPerfTracer(  301):      triggers: (rate: 10322:305167) (compose: 0:473) (post: 0:1936) (render: 0:2337) (27:2408788 frames) (28:2602267)
D/SFPerfTracer(  301):        layers: (4:11) (FocusedStackFrame (0xb6299000): 0:9940)* (DimLayer (0xb6206000): 0:140)* (DimLayer (0xb6208000): 0:26)* (com.android.noisefield.NoiseFieldWallpaper (0xb6279000): 11:331158) (StatusBar (0xb6204000): 2:293618) (DimLayer (0xb632f000): 0:3866)* (DimLayer (0xb632d000): 0:1360)* (NavigationBar (0xb618c000): 0:170) (com.androidclient.blulock.androidclient/com.androidclient.blulock.androidclient.MainActivity (0xb622a000): 0:55)- (com.android.systemui/com.android.systemui.recents.RecentsActivity (0xb623f000): 25:32) (thumbnail anim (0xb6277000): 0:22)- 
D/TaskPersister(  889): removeObsoleteFile: deleting file=15411_task.xml
D/TaskPersister(  889): removeObsoleteFile: deleting file=15411_task_thumbnail.png
I/SFPerfTracer(  301):       trigger: frame rate (-27.671%)	(43.397 fps)	(23.043 ms) 	(4 drops)	(19 frames)
I/SFPerfTracer(  301):      triggers: (rate: 10323:305174) (compose: 0:473) (post: 0:1936) (render: 0:2337) (19:2408810 frames) (20:2602291)
D/SFPerfTracer(  301):        layers: (4:9) (FocusedStackFrame (0xb6299000): 0:9940)* (DimLayer (0xb6206000): 0:140)* (DimLayer (0xb6208000): 0:26)* (com.android.noisefield.NoiseFieldWallpaper (0xb6279000): 10:331171) (StatusBar (0xb6204000): 4:293622) (DimLayer (0xb632f000): 0:3866)* (DimLayer (0xb632d000): 0:1360)* (NavigationBar (0xb618c000): 0:170) (com.android.systemui/com.android.systemui.recents.RecentsActivity (0xb623f000): 14:47) 
I/ActivityManager(  889): START u0 {act=android.intent.action.MAIN cat=[android.intent.category.HOME] flg=0x10200000 cmp=com.android.launcher/com.android.launcher2.Launcher} from uid 10028 on display 0
V/WindowManager(  889): IKSWL-6868 finishPostLayoutPolicyLw: mHideKeyguard=false mDismissKeyguard=0
V/WindowManager(  889): IKSWL-6868 setKeyguardOccludedLw isOccluded=false wasOccluded=false showing=false
V/WindowManager(  889): IKSWL-6868 finishPostLayoutPolicyLw: mHideKeyguard=false mDismissKeyguard=0
V/WindowManager(  889): IKSWL-6868 setKeyguardOccludedLw isOccluded=false wasOccluded=false showing=false
V/WindowManager(  889): IKSWL-6868 finishPostLayoutPolicyLw: mHideKeyguard=false mDismissKeyguard=0
V/WindowManager(  889): IKSWL-6868 setKeyguardOccludedLw isOccluded=false wasOccluded=false showing=false
V/WindowManager(  889): IKSWL-6868 finishPostLayoutPolicyLw: mHideKeyguard=false mDismissKeyguard=0
V/WindowManager(  889): IKSWL-6868 setKeyguardOccludedLw isOccluded=false wasOccluded=false showing=false
V/WindowManager(  889): IKSWL-6868 finishPostLayoutPolicyLw: mHideKeyguard=false mDismissKeyguard=0
V/WindowManager(  889): IKSWL-6868 setKeyguardOccludedLw isOccluded=false wasOccluded=false showing=false
V/WindowManager(  889): IKSWL-6868 finishPostLayoutPolicyLw: mHideKeyguard=false mDismissKeyguard=0
V/WindowManager(  889): IKSWL-6868 setKeyguardOccludedLw isOccluded=false wasOccluded=false showing=false
V/AlarmManager(  889): sending alarm {6387726 type 2 *walarm*:com.motorola.slpc.ALARM_MODALITY}
V/AlarmManager(  889): done {6387726, *walarm*:com.motorola.slpc.ALARM_MODALITY} [2ms]
V/WindowManager(  889): IKSWL-6868 finishPostLayoutPolicyLw: mHideKeyguard=false mDismissKeyguard=0
V/WindowManager(  889): IKSWL-6868 setKeyguardOccludedLw isOccluded=false wasOccluded=false showing=false
V/WindowManager(  889): IKSWL-6868 finishPostLayoutPolicyLw: mHideKeyguard=false mDismissKeyguard=0
V/WindowManager(  889): IKSWL-6868 setKeyguardOccludedLw isOccluded=false wasOccluded=false showing=false
V/WindowManager(  889): IKSWL-6868 finishPostLayoutPolicyLw: mHideKeyguard=false mDismissKeyguard=0
V/WindowManager(  889): IKSWL-6868 setKeyguardOccludedLw isOccluded=false wasOccluded=false showing=false
V/WindowManager(  889): IKSWL-6868 finishPostLayoutPolicyLw: mHideKeyguard=false mDismissKeyguard=0
V/WindowManager(  889): IKSWL-6868 setKeyguardOccludedLw isOccluded=false wasOccluded=false showing=false
V/WindowManager(  889): IKSWL-6868 finishPostLayoutPolicyLw: mHideKeyguard=false mDismissKeyguard=0
V/WindowManager(  889): IKSWL-6868 setKeyguardOccludedLw isOccluded=false wasOccluded=false showing=false
I/LaunchCheckinHandler(  889): Displayed com.android.launcher/com.android.launcher2.Launcher,wp,wa,515
V/WindowManager(  889): IKSWL-6868 finishPostLayoutPolicyLw: mHideKeyguard=false mDismissKeyguard=0
V/WindowManager(  889): IKSWL-6868 setKeyguardOccludedLw isOccluded=false wasOccluded=false showing=false
V/WindowManager(  889): IKSWL-6868 finishPostLayoutPolicyLw: mHideKeyguard=false mDismissKeyguard=0
V/WindowManager(  889): IKSWL-6868 setKeyguardOccludedLw isOccluded=false wasOccluded=false showing=false
V/WindowManager(  889): IKSWL-6868 finishPostLayoutPolicyLw: mHideKeyguard=false mDismissKeyguard=0
V/WindowManager(  889): IKSWL-6868 setKeyguardOccludedLw isOccluded=false wasOccluded=false showing=false
V/WindowManager(  889): IKSWL-6868 finishPostLayoutPolicyLw: mHideKeyguard=false mDismissKeyguard=0
V/WindowManager(  889): IKSWL-6868 setKeyguardOccludedLw isOccluded=false wasOccluded=false showing=false
V/WindowManager(  889): IKSWL-6868 finishPostLayoutPolicyLw: mHideKeyguard=false mDismissKeyguard=0
V/WindowManager(  889): IKSWL-6868 setKeyguardOccludedLw isOccluded=false wasOccluded=false showing=false
I/SFPerfTracer(  301):      triggers: (rate: 10323:305189) (compose: 0:473) (post: 0:1936) (render: 0:2337) (53:2408941 frames) (54:2602432)
D/SFPerfTracer(  301):        layers: (4:10) (FocusedStackFrame (0xb6299000): 0:9940)* (DimLayer (0xb6206000): 0:140)* (DimLayer (0xb6208000): 0:26)* (com.android.noisefield.NoiseFieldWallpaper (0xb6279000): 23:331233) (StatusBar (0xb6204000): 8:293650) (DimLayer (0xb632f000): 0:3866)* (DimLayer (0xb632d000): 0:1360)* (NavigationBar (0xb618c000): 4:207) (com.android.systemui/com.android.systemui.recents.RecentsActivity (0xb623f000): 0:87)- (com.android.launcher/com.android.launcher2.Launcher (0xb622a000): 42:67) 
I/SFPerfTracer(  301):       trigger: frame rate (-65.479%)	(20.712 fps)	(48.280 ms) 	(23 drops)	(21 frames)
I/SFPerfTracer(  301):      triggers: (rate: 10324:305212) (compose: 0:473) (post: 0:1936) (render: 0:2337) (21:2408962 frames) (22:2602454)
D/SFPerfTracer(  301):        layers: (4:9) (FocusedStackFrame (0xb6299000): 0:9940)* (DimLayer (0xb6206000): 0:140)* (DimLayer (0xb6208000): 0:26)* (com.android.noisefield.NoiseFieldWallpaper (0xb6279000): 22:331255) (StatusBar (0xb6204000): 6:293656) (DimLayer (0xb632f000): 0:3866)* (DimLayer (0xb632d000): 0:1360)* (NavigationBar (0xb618c000): 0:207) (com.android.launcher/com.android.launcher2.Launcher (0xb622a000): 0:67) 
I/SFPerfTracer(  301):       trigger: frame rate (-62.723%)	(22.366 fps)	(44.710 ms) 	(11 drops)	(12 frames)
I/SFPerfTracer(  301):      triggers: (rate: 10325:305229) (compose: 0:473) (post: 0:1936) (render: 0:2337) (12:2408980 frames) (13:2602474)
D/SFPerfTracer(  301):        layers: (4:9) (FocusedStackFrame (0xb6299000): 0:9940)* (DimLayer (0xb6206000): 0:140)* (DimLayer (0xb6208000): 0:26)* (com.android.noisefield.NoiseFieldWallpaper (0xb6279000): 12:331274) (StatusBar (0xb6204000): 3:293661) (DimLayer (0xb632f000): 0:3866)* (DimLayer (0xb632d000): 0:1360)* (NavigationBar (0xb618c000): 0:207) (com.android.launcher/com.android.launcher2.Launcher (0xb622a000): 0:67) 
I/SFPerfTracer(  301):       trigger: frame rate (-56.833%)	(25.900 fps)	(38.610 ms) 	(15 drops)	(24 frames)
I/SFPerfTracer(  301):      triggers: (rate: 10326:305244) (compose: 0:473) (post: 0:1936) (render: 0:2337) (24:2409004 frames) (25:2602499)
D/SFPerfTracer(  301):        layers: (4:9) (FocusedStackFrame (0xb6299000): 0:9940)* (DimLayer (0xb6206000): 0:140)* (DimLayer (0xb6208000): 0:26)* (com.android.noisefield.NoiseFieldWallpaper (0xb6279000): 20:331294) (StatusBar (0xb6204000): 5:293666) (DimLayer (0xb632f000): 0:3866)* (DimLayer (0xb632d000): 0:1360)* (NavigationBar (0xb618c000): 0:207) (com.android.launcher/com.android.launcher2.Launcher (0xb622a000): 0:67) 
I/SFPerfTracer(  301):       trigger: frame rate (-55.550%)	(26.670 fps)	(37.495 ms) 	(9 drops)	(13 frames)
I/SFPerfTracer(  301):      triggers: (rate: 10327:305254) (compose: 0:473) (post: 0:1936) (render: 0:2337) (13:2409020 frames) (14:2602517)
D/SFPerfTracer(  301):        layers: (4:9) (FocusedStackFrame (0xb6299000): 0:9940)* (DimLayer (0xb6206000): 0:140)* (DimLayer (0xb6208000): 0:26)* (com.android.noisefield.NoiseFieldWallpaper (0xb6279000): 11:331308) (StatusBar (0xb6204000): 3:293670) (DimLayer (0xb632f000): 0:3866)* (DimLayer (0xb632d000): 0:1360)* (NavigationBar (0xb618c000): 0:207) (com.android.launcher/com.android.launcher2.Launcher (0xb622a000): 0:67) 
V/WindowManager(  889): IKSWL-6868 finishPostLayoutPolicyLw: mHideKeyguard=false mDismissKeyguard=0
V/WindowManager(  889): IKSWL-6868 setKeyguardOccludedLw isOccluded=false wasOccluded=false showing=false
V/WindowManager(  889): IKSWL-6868 finishPostLayoutPolicyLw: mHideKeyguard=false mDismissKeyguard=0
V/WindowManager(  889): IKSWL-6868 setKeyguardOccludedLw isOccluded=false wasOccluded=false showing=false
V/WindowManager(  889): IKSWL-6868 finishPostLayoutPolicyLw: mHideKeyguard=false mDismissKeyguard=0
V/WindowManager(  889): IKSWL-6868 setKeyguardOccludedLw isOccluded=false wasOccluded=false showing=false
V/WindowManager(  889): IKSWL-6868 finishPostLayoutPolicyLw: mHideKeyguard=false mDismissKeyguard=0
V/WindowManager(  889): IKSWL-6868 setKeyguardOccludedLw isOccluded=false wasOccluded=false showing=false
V/WindowManager(  889): IKSWL-6868 finishPostLayoutPolicyLw: mHideKeyguard=false mDismissKeyguard=0
V/WindowManager(  889): IKSWL-6868 setKeyguardOccludedLw isOccluded=false wasOccluded=false showing=false
I/SFPerfTracer(  301):       trigger: frame rate (-29.667%)	(42.200 fps)	(23.697 ms) 	(11 drops)	(42 frames)
I/SFPerfTracer(  301):      triggers: (rate: 10328:305265) (compose: 0:473) (post: 0:1937) (render: 0:2338) (42:2409062 frames) (43:2602560)
D/SFPerfTracer(  301):        layers: (4:9) (FocusedStackFrame (0xb6299000): 0:9940)* (DimLayer (0xb6206000): 0:140)* (DimLayer (0xb6208000): 0:26)* (com.android.noisefield.NoiseFieldWallpaper (0xb6279000): 21:331329) (StatusBar (0xb6204000): 24:293694) (DimLayer (0xb632f000): 0:3866)* (DimLayer (0xb632d000): 0:1360)* (NavigationBar (0xb618c000): 13:220) (com.android.launcher/com.android.launcher2.Launcher (0xb622a000): 28:95) 
I/SFPerfTracer(  301):      triggers: (rate: 383:117238) (4799077 sw vsyncs) (683757 skipped) (484:4613218 vsyncs) (486:9607625)
I/ActivityManager(  889): START u0 {act=android.intent.action.MAIN cat=[android.intent.category.LAUNCHER] flg=0x10200000 cmp=com.androidclient.blulock.androidclient/.MainActivity (has extras)} from uid 10030 on display 0
V/WindowManager(  889): IKSWL-6868 finishPostLayoutPolicyLw: mHideKeyguard=false mDismissKeyguard=0
V/WindowManager(  889): IKSWL-6868 setKeyguardOccludedLw isOccluded=false wasOccluded=false showing=false
V/WindowManager(  889): addAppToken: AppWindowToken{645ce5e token=Token{10605b99 ActivityRecord{16223ce0 u0 com.androidclient.blulock.androidclient/.MainActivity t15412}}} to stack=1 task=15412 at 0
V/WindowManager(  889): Adding window Window{2368e4d1 u0 Starting com.androidclient.blulock.androidclient} at 9 of 16 (after Window{2d0de20b u0 com.livescore/com.livescore.soccer.activity.SoccerHomeController})
V/WindowManager(  889): IKSWL-6868 finishPostLayoutPolicyLw: mHideKeyguard=false mDismissKeyguard=0
V/WindowManager(  889): IKSWL-6868 setKeyguardOccludedLw isOccluded=false wasOccluded=false showing=false
I/ActivityManager(  889): Start proc 9367:com.androidclient.blulock.androidclient/u0a332 for activity com.androidclient.blulock.androidclient/.MainActivity
V/WindowManager(  889): IKSWL-6868 finishPostLayoutPolicyLw: mHideKeyguard=false mDismissKeyguard=0
V/WindowManager(  889): IKSWL-6868 setKeyguardOccludedLw isOccluded=false wasOccluded=false showing=false
V/WindowManager(  889): IKSWL-6868 finishPostLayoutPolicyLw: mHideKeyguard=false mDismissKeyguard=0
V/WindowManager(  889): IKSWL-6868 setKeyguardOccludedLw isOccluded=false wasOccluded=false showing=false
V/WindowManager(  889): IKSWL-6868 finishPostLayoutPolicyLw: mHideKeyguard=false mDismissKeyguard=0
V/WindowManager(  889): IKSWL-6868 setKeyguardOccludedLw isOccluded=false wasOccluded=false showing=false
V/WindowManager(  889): IKSWL-6868 finishPostLayoutPolicyLw: mHideKeyguard=false mDismissKeyguard=0
V/WindowManager(  889): IKSWL-6868 setKeyguardOccludedLw isOccluded=false wasOccluded=false showing=false
V/WindowManager(  889): IKSWL-6868 finishPostLayoutPolicyLw: mHideKeyguard=false mDismissKeyguard=0
V/WindowManager(  889): IKSWL-6868 setKeyguardOccludedLw isOccluded=false wasOccluded=false showing=false
V/WindowManager(  889): IKSWL-6868 finishPostLayoutPolicyLw: mHideKeyguard=false mDismissKeyguard=0
V/WindowManager(  889): IKSWL-6868 setKeyguardOccludedLw isOccluded=false wasOccluded=false showing=false
V/WindowManager(  889): IKSWL-6868 finishPostLayoutPolicyLw: mHideKeyguard=false mDismissKeyguard=0
V/WindowManager(  889): IKSWL-6868 setKeyguardOccludedLw isOccluded=false wasOccluded=false showing=false
V/WindowManager(  889): IKSWL-6868 finishPostLayoutPolicyLw: mHideKeyguard=false mDismissKeyguard=0
V/WindowManager(  889): IKSWL-6868 setKeyguardOccludedLw isOccluded=false wasOccluded=false showing=false
V/WindowManager(  889): IKSWL-6868 finishPostLayoutPolicyLw: mHideKeyguard=false mDismissKeyguard=0
V/WindowManager(  889): IKSWL-6868 setKeyguardOccludedLw isOccluded=false wasOccluded=false showing=false
V/WindowManager(  889): IKSWL-6868 finishPostLayoutPolicyLw: mHideKeyguard=false mDismissKeyguard=0
V/WindowManager(  889): IKSWL-6868 setKeyguardOccludedLw isOccluded=false wasOccluded=false showing=false
V/WindowManager(  889): IKSWL-6868 finishPostLayoutPolicyLw: mHideKeyguard=false mDismissKeyguard=0
V/WindowManager(  889): IKSWL-6868 setKeyguardOccludedLw isOccluded=false wasOccluded=false showing=false
V/WindowManager(  889): IKSWL-6868 finishPostLayoutPolicyLw: mHideKeyguard=false mDismissKeyguard=0
V/WindowManager(  889): IKSWL-6868 setKeyguardOccludedLw isOccluded=false wasOccluded=false showing=false
W/ActivityManager(  889): getRunningAppProcesses: caller 10207 does not hold REAL_GET_TASKS; limiting output
V/WindowManager(  889): Adding window Window{1c2e9e10 u0 com.androidclient.blulock.androidclient/com.androidclient.blulock.androidclient.MainActivity} at 9 of 17 (before Window{2368e4d1 u0 Starting com.androidclient.blulock.androidclient})
V/WindowManager(  889): IKSWL-6868 finishPostLayoutPolicyLw: mHideKeyguard=false mDismissKeyguard=0
V/WindowManager(  889): IKSWL-6868 setKeyguardOccludedLw isOccluded=false wasOccluded=false showing=false
V/WindowManager(  889): IKSWL-6868 finishPostLayoutPolicyLw: mHideKeyguard=false mDismissKeyguard=0
V/WindowManager(  889): IKSWL-6868 setKeyguardOccludedLw isOccluded=false wasOccluded=false showing=false
V/WindowManager(  889): IKSWL-6868 finishPostLayoutPolicyLw: mHideKeyguard=false mDismissKeyguard=0
V/WindowManager(  889): IKSWL-6868 setKeyguardOccludedLw isOccluded=false wasOccluded=false showing=false
V/WindowManager(  889): IKSWL-6868 finishPostLayoutPolicyLw: mHideKeyguard=false mDismissKeyguard=0
V/WindowManager(  889): IKSWL-6868 setKeyguardOccludedLw isOccluded=false wasOccluded=false showing=false
I/LaunchCheckinHandler(  889): Displayed com.androidclient.blulock.androidclient/.MainActivity,cp,ca,1506
V/WindowManager(  889): IKSWL-6868 finishPostLayoutPolicyLw: mHideKeyguard=false mDismissKeyguard=0
V/WindowManager(  889): IKSWL-6868 setKeyguardOccludedLw isOccluded=false wasOccluded=false showing=false
V/WindowManager(  889): IKSWL-6868 finishPostLayoutPolicyLw: mHideKeyguard=false mDismissKeyguard=0
V/WindowManager(  889): IKSWL-6868 setKeyguardOccludedLw isOccluded=false wasOccluded=false showing=false
V/WindowManager(  889): IKSWL-6868 finishPostLayoutPolicyLw: mHideKeyguard=false mDismissKeyguard=0
V/WindowManager(  889): IKSWL-6868 setKeyguardOccludedLw isOccluded=false wasOccluded=false showing=false
V/WindowManager(  889): IKSWL-6868 finishPostLayoutPolicyLw: mHideKeyguard=false mDismissKeyguard=0
V/WindowManager(  889): IKSWL-6868 setKeyguardOccludedLw isOccluded=false wasOccluded=false showing=false
I/SFPerfTracer(  301):      triggers: (rate: 10328:305266) (compose: 0:473) (post: 0:1937) (render: 0:2338) (0:2409133 frames) (1:2602660)
D/SFPerfTracer(  301):        layers: (3:11) (FocusedStackFrame (0xb6299000): 0:9943)* (DimLayer (0xb6206000): 0:140)* (DimLayer (0xb6208000): 0:26)* (com.android.noisefield.NoiseFieldWallpaper (0xb6279000): 0:331339)* (StatusBar (0xb6204000): 1:293733) (DimLayer (0xb632f000): 0:3866)* (DimLayer (0xb632d000): 0:1360)* (NavigationBar (0xb618c000): 0:231) (com.android.launcher/com.android.launcher2.Launcher (0xb622a000): 0:140)- (Starting com.androidclient.blulock.androidclient (0xb6277000): 0:31)- (com.androidclient.blulock.androidclient/com.androidclient.blulock.androidclient.MainActivity (0xb622a000): 0:6) 
I/SFPerfTracer(  301):      triggers: (rate: 383:117238) (4799077 sw vsyncs) (683770 skipped) (21:4613294 vsyncs) (23:9607743)
V/AlarmManager(  889): sending alarm {3e9f7fe5 type 3 *alarm*:android.intent.action.TIME_TICK}
V/AlarmManager(  889): done {3e9f7fe5, *alarm*:android.intent.action.TIME_TICK} [57ms]
W/ProcessCpuTracker(  889): Skipping unknown process pid 9585
I/SFPerfTracer(  301):      triggers: (rate: 383:117238) (4799077 sw vsyncs) (683770 skipped) (0:4613296 vsyncs) (2:9607845)
W/ProcessCpuTracker(  889): Skipping unknown process pid 9658
W/ProcessCpuTracker(  889): Skipping unknown process pid 9663
V/AlarmManager(  889): sending alarm {153e00a type 2 *walarm*:com.nimbuzz.keep_alive}
V/AlarmManager(  889): sending alarm {22378e9b type 0 *walarm*:com.outfit7.talkingtom2free/com.bee7.sdk.service.RewardingService}
V/AlarmManager(  889): sending alarm {3c84d211 type 0 *walarm*:com.ultimarom.launchnavigation/anagog.pd.service.AlarmReceiver}
V/AlarmManager(  889): sending alarm {3f08366 type 3 *alarm*:com.google.android.gms/.lockbox.LockboxAlarmReceiver}
V/AlarmManager(  889): done {22378e9b, *walarm*:com.outfit7.talkingtom2free/com.bee7.sdk.service.RewardingService} [31ms]
V/AlarmManager(  889): done {153e00a, *walarm*:com.nimbuzz.keep_alive} [34ms]
V/AlarmManager(  889): done {3c84d211, *walarm*:com.ultimarom.launchnavigation/anagog.pd.service.AlarmReceiver} [41ms]
V/AlarmManager(  889): done {3f08366, *alarm*:com.google.android.gms/.lockbox.LockboxAlarmReceiver} [50ms]
I/SFPerfTracer(  301):      triggers: (rate: 10328:305266) (compose: 0:473) (post: 0:1937) (render: 0:2338) (0:2409159 frames) (1:2602760)
D/SFPerfTracer(  301):        layers: (3:9) (FocusedStackFrame (0xb6299000): 0:9943)* (DimLayer (0xb6206000): 0:140)* (DimLayer (0xb6208000): 0:26)* (com.android.noisefield.NoiseFieldWallpaper (0xb6279000): 0:331339)* (StatusBar (0xb6204000): 1:293809) (DimLayer (0xb632f000): 0:3866)* (DimLayer (0xb632d000): 0:1360)* (NavigationBar (0xb618c000): 0:231) (com.androidclient.blulock.androidclient/com.androidclient.blulock.androidclient.MainActivity (0xb622a000): 0:32) 
E/NotificationService(  889): Not posting notification with icon==0: Notification(pri=0 contentView=null vibrate=null sound=null defaults=0x0 flags=0x0 color=0x00000000 vis=PRIVATE)
E/NotificationService(  889): WARNING: In a future release this will crash the app: com.nimbuzz
E/NotificationService(  889): Not posting notification with icon==0: Notification(pri=0 contentView=null vibrate=null sound=null defaults=0x0 flags=0x0 color=0x00000000 vis=PRIVATE)
E/NotificationService(  889): WARNING: In a future release this will crash the app: com.nimbuzz
I/SFPerfTracer(  301):      triggers: (rate: 383:117238) (4799077 sw vsyncs) (683770 skipped) (0:4613311 vsyncs) (2:9607947)
I/SFPerfTracer(  301):      triggers: (rate: 383:117238) (4799077 sw vsyncs) (683770 skipped) (0:4613311 vsyncs) (2:9608048)
I/ProcessStatsService(  889): Prepared write state in 22ms
I/ProcessStatsService(  889): Pruning old procstats: /data/system/procstats/state-2016-04-28-20-10-10.bin
I/SFPerfTracer(  301):      triggers: (rate: 10328:305267) (compose: 0:473) (post: 0:1937) (render: 0:2338) (0:2409161 frames) (1:2602860)
D/SFPerfTracer(  301):        layers: (3:9) (FocusedStackFrame (0xb6299000): 0:9943)* (DimLayer (0xb6206000): 0:140)* (DimLayer (0xb6208000): 0:26)* (com.android.noisefield.NoiseFieldWallpaper (0xb6279000): 0:331339)* (StatusBar (0xb6204000): 1:293909) (DimLayer (0xb632f000): 0:3866)* (DimLayer (0xb632d000): 0:1360)* (NavigationBar (0xb618c000): 0:231) (com.androidclient.blulock.androidclient/com.androidclient.blulock.androidclient.MainActivity (0xb622a000): 0:32) 
I/SFPerfTracer(  301):      triggers: (rate: 383:117238) (4799077 sw vsyncs) (683770 skipped) (0:4613311 vsyncs) (2:9608149)
I/SFPerfTracer(  301):      triggers: (rate: 383:117238) (4799077 sw vsyncs) (683770 skipped) (0:4613311 vsyncs) (2:9608251)
I/SFPerfTracer(  301):      triggers: (rate: 10328:305267) (compose: 0:473) (post: 0:1938) (render: 0:2338) (0:2409163 frames) (1:2602960)
D/SFPerfTracer(  301):        layers: (3:9) (FocusedStackFrame (0xb6299000): 0:9943)* (DimLayer (0xb6206000): 0:140)* (DimLayer (0xb6208000): 0:26)* (com.android.noisefield.NoiseFieldWallpaper (0xb6279000): 0:331339)* (StatusBar (0xb6204000): 1:294009) (DimLayer (0xb632f000): 0:3866)* (DimLayer (0xb632d000): 0:1360)* (NavigationBar (0xb618c000): 0:231) (com.androidclient.blulock.androidclient/com.androidclient.blulock.androidclient.MainActivity (0xb622a000): 0:32) 
I/SFPerfTracer(  301):      triggers: (rate: 383:117238) (4799077 sw vsyncs) (683770 skipped) (0:4613311 vsyncs) (2:9608353)
W/ActivityManager(  889): getRunningAppProcesses: caller 10331 does not hold REAL_GET_TASKS; limiting output
W/ActivityManager(  889): getRunningAppProcesses: caller 10207 does not hold REAL_GET_TASKS; limiting output
V/AlarmManager(  889): sending alarm {3e9f7fe5 type 3 *alarm*:android.intent.action.TIME_TICK}
V/AlarmManager(  889): done {3e9f7fe5, *alarm*:android.intent.action.TIME_TICK} [56ms]
V/AlarmManager(  889): sending alarm {2f047ae7 type 3 *alarm*:com.google.android.apps.gsa.sidekick.shared.b.a.UPDATE_CALENDAR_ACTION}
V/AlarmManager(  889): done {2f047ae7, *alarm*:com.google.android.apps.gsa.sidekick.shared.b.a.UPDATE_CALENDAR_ACTION} [24ms]
I/ActivityManager(  889): Start proc 10548:com.android.providers.calendar/u0a9 for content provider com.android.providers.calendar/.CalendarProvider2
W/ResourcesManager(10548): Asset path '/system/framework/android.test.runner.jar' does not exist or contains no resources.
I/ActivityManager(  889): Start proc 10589:com.motorola.moto:context_engine/u0a208 for broadcast com.motorola.moto/com.motorola.context.publisher.calendar.CalendarReceiver
I/ActivityManager(  889): Start proc 10604:com.motorola.moto/u0a208 for service com.motorola.moto/com.motorola.assist.engine.AssistService
I/ActivityManager(  889): Start proc 10624:com.google.android.calendar/u0a70 for broadcast com.google.android.calendar/com.android.calendar.alerts.AlertReceiver
I/SFPerfTracer(  301):      triggers: (rate: 383:117238) (4799077 sw vsyncs) (683770 skipped) (0:4613311 vsyncs) (2:9608455)
I/SFPerfTracer(  301):      triggers: (rate: 10328:305269) (compose: 0:473) (post: 0:1938) (render: 0:2338) (0:2409164 frames) (1:2603060)
D/SFPerfTracer(  301):        layers: (3:9) (FocusedStackFrame (0xb6299000): 0:9943)* (DimLayer (0xb6206000): 0:140)* (DimLayer (0xb6208000): 0:26)* (com.android.noisefield.NoiseFieldWallpaper (0xb6279000): 0:331339)* (StatusBar (0xb6204000): 1:294109) (DimLayer (0xb632f000): 0:3866)* (DimLayer (0xb632d000): 0:1360)* (NavigationBar (0xb618c000): 0:231) (com.androidclient.blulock.androidclient/com.androidclient.blulock.androidclient.MainActivity (0xb622a000): 0:32) 
V/AlarmManager(  889): sending alarm {22378e9b type 0 *walarm*:com.outfit7.talkingtom2free/com.bee7.sdk.service.RewardingService}
V/AlarmManager(  889): sending alarm {3c84d211 type 0 *walarm*:com.ultimarom.launchnavigation/anagog.pd.service.AlarmReceiver}
V/AlarmManager(  889): sending alarm {3f08366 type 3 *alarm*:com.google.android.gms/.lockbox.LockboxAlarmReceiver}
V/AlarmManager(  889): done {22378e9b, *walarm*:com.outfit7.talkingtom2free/com.bee7.sdk.service.RewardingService} [32ms]
V/AlarmManager(  889): done {3c84d211, *walarm*:com.ultimarom.launchnavigation/anagog.pd.service.AlarmReceiver} [36ms]
V/AlarmManager(  889): done {3f08366, *alarm*:com.google.android.gms/.lockbox.LockboxAlarmReceiver} [46ms]
I/SFPerfTracer(  301):      triggers: (rate: 383:117238) (4799077 sw vsyncs) (683770 skipped) (0:4613311 vsyncs) (2:9608557)
I/SFPerfTracer(  301):      triggers: (rate: 383:117238) (4799077 sw vsyncs) (683770 skipped) (0:4613311 vsyncs) (2:9608658)
I/SFPerfTracer(  301):      triggers: (rate: 10328:305270) (compose: 0:473) (post: 0:1938) (render: 0:2338) (0:2409168 frames) (1:2603160)
D/SFPerfTracer(  301):        layers: (3:9) (FocusedStackFrame (0xb6299000): 0:9943)* (DimLayer (0xb6206000): 0:140)* (DimLayer (0xb6208000): 0:26)* (com.android.noisefield.NoiseFieldWallpaper (0xb6279000): 0:331339)* (StatusBar (0xb6204000): 1:294209) (DimLayer (0xb632f000): 0:3866)* (DimLayer (0xb632d000): 0:1360)* (NavigationBar (0xb618c000): 0:231) (com.androidclient.blulock.androidclient/com.androidclient.blulock.androidclient.MainActivity (0xb622a000): 0:32) 
I/SFPerfTracer(  301):      triggers: (rate: 383:117238) (4799077 sw vsyncs) (683770 skipped) (0:4613312 vsyncs) (2:9608760)
I/SFPerfTracer(  301):      triggers: (rate: 383:117238) (4799077 sw vsyncs) (683770 skipped) (0:4613314 vsyncs) (2:9608861)
I/SFPerfTracer(  301):      triggers: (rate: 10328:305272) (compose: 0:473) (post: 0:1938) (render: 0:2338) (0:2409172 frames) (1:2603260)
D/SFPerfTracer(  301):        layers: (3:9) (FocusedStackFrame (0xb6299000): 0:9943)* (DimLayer (0xb6206000): 0:140)* (DimLayer (0xb6208000): 0:26)* (com.android.noisefield.NoiseFieldWallpaper (0xb6279000): 0:331339)* (StatusBar (0xb6204000): 1:294309) (DimLayer (0xb632f000): 0:3866)* (DimLayer (0xb632d000): 0:1360)* (NavigationBar (0xb618c000): 0:231) (com.androidclient.blulock.androidclient/com.androidclient.blulock.androidclient.MainActivity (0xb622a000): 0:32) 
I/SFPerfTracer(  301):      triggers: (rate: 383:117238) (4799077 sw vsyncs) (683770 skipped) (223:4613537 vsyncs) (225:9609173)
V/AlarmManager(  889): sending alarm {3e9f7fe5 type 3 *alarm*:android.intent.action.TIME_TICK}
V/AlarmManager(  889): done {3e9f7fe5, *alarm*:android.intent.action.TIME_TICK} [41ms]
W/ActivityManager(  889): getRunningAppProcesses: caller 10207 does not hold REAL_GET_TASKS; limiting output
I/ActivityManager(  889): Start proc 11604:com.android.defcontainer/u0a14 for service com.android.defcontainer/.DefaultContainerService
D/PackageManager(  889): /data/app/vmdl2065988248.tmp already staged; skipping copy
W/PackageParser(  889): Problem in package /data/app/vmdl2065988248.tmp/base.apk:
W/PackageParser(  889): Unknown element under <activity>: category at /data/app/vmdl2065988248.tmp/base.apk Binary XML file line #1064
W/PackageParser(  889): Unknown element under <manifest>: uses-permission-sdk-23 at /data/app/vmdl2065988248.tmp/base.apk Binary XML file line #1692
W/PackageParser(  889): Unknown element under <manifest>: uses-permission-sdk-23 at /data/app/vmdl2065988248.tmp/base.apk Binary XML file line #1693
W/PackageParser(  889): Unknown element under <manifest>: uses-permission-sdk-23 at /data/app/vmdl2065988248.tmp/base.apk Binary XML file line #1694
D/PackageManager(  889): Renaming /data/app/vmdl2065988248.tmp to /data/app/com.google.android.apps.photos-2
I/ActivityManager(  889): Force stopping com.google.android.apps.photos appid=10001 user=-1: uninstall pkg
I/PackageManager(  889): Package com.google.android.apps.photos codePath changed from /data/app/com.google.android.apps.photos-1 to /data/app/com.google.android.apps.photos-2; Retaining data and using new
V/AlarmManager(  889): sending alarm {22378e9b type 0 *walarm*:com.outfit7.talkingtom2free/com.bee7.sdk.service.RewardingService}
V/AlarmManager(  889): sending alarm {3c84d211 type 0 *walarm*:com.ultimarom.launchnavigation/anagog.pd.service.AlarmReceiver}
V/AlarmManager(  889): sending alarm {3f08366 type 3 *alarm*:com.google.android.gms/.lockbox.LockboxAlarmReceiver}
V/AlarmManager(  889): done {22378e9b, *walarm*:com.outfit7.talkingtom2free/com.bee7.sdk.service.RewardingService} [11ms]
V/AlarmManager(  889): done {3c84d211, *walarm*:com.ultimarom.launchnavigation/anagog.pd.service.AlarmReceiver} [12ms]
V/AlarmManager(  889): done {3f08366, *alarm*:com.google.android.gms/.lockbox.LockboxAlarmReceiver} [17ms]
I/SFPerfTracer(  301):      triggers: (rate: 383:117238) (4799077 sw vsyncs) (683770 skipped) (0:4613537 vsyncs) (1:9609274)
I/SFPerfTracer(  301):      triggers: (rate: 383:117238) (4799077 sw vsyncs) (683770 skipped) (0:4613537 vsyncs) (1:9609375)
I/ActivityManager(  889): Force stopping com.google.android.apps.photos appid=10001 user=-1: update pkg
W/PackageManager(  889): Code path for pkg : com.google.android.apps.photos changing from /data/app/com.google.android.apps.photos-1 to /data/app/com.google.android.apps.photos-2
W/PackageManager(  889): Resource path for pkg : com.google.android.apps.photos changing from /data/app/com.google.android.apps.photos-1 to /data/app/com.google.android.apps.photos-2
W/PackageManager(  889): Unknown permission com.google.android.gallery3d.permission.PICASA_STORE in package com.google.android.apps.photos
I/ActivityManager(  889): Force stopping com.google.android.apps.photos appid=10001 user=0: pkg removed
D/JobSchedulerService(  889): Receieved: android.intent.action.PACKAGE_REMOVED
D/BackupManagerService(  889): Received broadcast Intent { act=android.intent.action.PACKAGE_REMOVED dat=package:com.google.android.apps.photos flg=0x4000010 (has extras) }
I/ActivityManager(  889): Start proc 12052:com.qihoo.security:ui/u0a207 for service com.qihoo.security/.service.LoadingPermissionDataService
I/ActivityManager(  889): Start proc 12073:com.android.keychain/1000 for broadcast com.android.keychain/.KeyChainBroadcastReceiver
W/ContextImpl(12073): Calling a method in the system process without a qualified user: android.app.ContextImpl.startService:1831 android.content.ContextWrapper.startService:516 android.content.ContextWrapper.startService:516 com.android.keychain.KeyChainBroadcastReceiver.onReceive:12 android.app.ActivityThread.handleReceiver:2639 
I/ActivityManager(  889): Start proc 12119:jp.co.omronsoft.iwnnime.ml/u0a226 for broadcast jp.co.omronsoft.iwnnime.ml/.UninstallReceiver
W/ResourcesManager(  889): Asset path '/system/framework/com.google.android.maps.jar' does not exist or contains no resources.
W/ActivityManager(  889): getRunningAppProcesses: caller 10207 does not hold REAL_GET_TASKS; limiting output
I/ActivityManager(  889): Killing 25465:com.nimbuzz:AniwaysService/u0a192 (adj 15): empty #22
D/ConnectivityService(  889): ConnectivityService NetworkRequestInfo binderDied(NetworkRequest [ id=1440, legacyType=-1, [ Capabilities: INTERNET&NOT_RESTRICTED&TRUSTED&NOT_VPN] ], android.os.BinderProxy@12a058bd)
D/ConnectivityService(  889): releasing NetworkRequest NetworkRequest [ id=1440, legacyType=-1, [ Capabilities: INTERNET&NOT_RESTRICTED&TRUSTED&NOT_VPN] ]
D/WifiService(  889): Client connection lost with reason: 4
E/ConnectivityService(  889): RemoteException caught trying to send a callback msg for NetworkRequest [ id=1440, legacyType=-1, [ Capabilities: INTERNET&NOT_RESTRICTED&TRUSTED&NOT_VPN] ]
E/libprocessgroup(  889): failed to kill 1 processes for processgroup 25465
W/ResourcesManager(  889): Asset path '/system/framework/com.google.widevine.software.drm.jar' does not exist or contains no resources.
I/ActivityManager(  889): Process com.qihoo.security:apk_scan (pid 32678) has died
W/InputMethodInfo(  889): Duplicated subtype definition found: , voice
I/ActivityManager(  889): Start proc 12216:com.quickoffice.android/u0a96 for broadcast com.quickoffice.android/com.qo.android.quickoffice.QOBroadcastReceiver
V/AlarmManager(  889): sending alarm {6387726 type 2 *walarm*:com.motorola.slpc.ALARM_MODALITY}
W/ActivityManager(  889): No permission grants found for com.quickoffice.android
I/ActivityManager(  889): Start proc 12251:com.yahoo.mobile.client.android.mail/u0a160 for broadcast com.yahoo.mobile.client.android.mail/com.yahoo.smartcomms.client.session.PackageRemovedReceiver
D/BackupManagerService(  889): Received broadcast Intent { act=android.intent.action.PACKAGE_ADDED dat=package:com.google.android.apps.photos flg=0x4000010 (has extras) }
W/BackupManagerService(  889): Removing schedule queue dupe of com.google.android.apps.photos
W/ActivityManager(  889): getRunningAppProcesses: caller 10160 does not hold REAL_GET_TASKS; limiting output
I/ActivityManager(  889): Start proc 12353:com.google.android.partnersetup/u0a26 for broadcast com.google.android.partnersetup/.RlzPingBroadcastReceiver
W/ResourcesManager( 1448): Asset path '/system/framework/com.motorola.android.encryption.jar' does not exist or contains no resources.
I/ActivityManager(  889): Killing 29289:com.spotify.music/u0a134 (adj 15): empty #22
W/ResourcesManager( 1448): Asset path '/system/framework/com.google.android.maps.jar' does not exist or contains no resources.
I/openssl (25116): Crypto mode not selected, openssl will run on its regular mode.
I/openssl (25116): Crypto mode 0 already enabled
W/ResourcesManager( 1448): Asset path '/system/framework/com.google.android.media.effects.jar' does not exist or contains no resources.
W/ResourcesManager( 1448): Asset path '/system/framework/com.motorola.gallery' does not exist or contains no resources.
W/ResourcesManager( 1448): Asset path '/system/framework/com.google.android.media.effects.jar' does not exist or contains no resources.
W/ResourcesManager( 1448): Asset path '/system/framework/com.motorola.frameworks.core.addon.jar' does not exist or contains no resources.
W/ResourcesManager( 1448): Asset path '/system/framework/com.google.android.maps.jar' does not exist or contains no resources.
W/ResourcesManager( 1448): Asset path '/system/framework/com.google.android.maps.jar' does not exist or contains no resources.
I/ActivityManager(  889): Start proc 12415:com.google.android.apps.photos/u0a1 for service com.google.android.apps.photos/.backup.core.PhotosBackupGcoreGcmTaskService
I/ActivityManager(  889): Start proc 12439:com.google.android.apps.magazines/u0a116 for broadcast com.google.android.apps.magazines/com.google.apps.dots.android.app.receiver.FirstInstallNotificationReceiver
W/ResourcesManager( 1448): Asset path '/system/framework/com.google.android.maps.jar' does not exist or contains no resources.
W/ActivityManager(  889): getRunningAppProcesses: caller 10116 does not hold REAL_GET_TASKS; limiting output
W/ActivityManager(  889): getRunningAppProcesses: caller 10116 does not hold REAL_GET_TASKS; limiting output
W/ActivityManager(  889): getRunningAppProcesses: caller 10116 does not hold REAL_GET_TASKS; limiting output
W/ActivityManager(  889): getRunningAppProcesses: caller 10116 does not hold REAL_GET_TASKS; limiting output
I/ActivityManager(  889): Killing 32411:com.alphonso.pulse/u0a124 (adj 15): empty #22
I/ActivityManager(  889): Start proc 12535:com.google.android.apps.cloudprint/u0a62 for broadcast com.google.android.apps.cloudprint/.printdialog.receivers.UpgradeBroadcastReceiver
W/ActivityManager(  889): getRunningAppProcesses: caller 10207 does not hold REAL_GET_TASKS; limiting output
I/ActivityManager(  889): Process com.qihoo.security:ui (pid 12052) has died
I/ActivityManager(  889): Start proc 12551:com.alphonso.pulse/u0a124 for broadcast com.alphonso.pulse/com.linkedin.pulse.notification.PulseGcmBroadcastReceiver
I/ActivityManager(  889): Start proc 12602:com.google.android.apps.photos:CameraShortcut/u0a1 for service com.google.android.apps.photos/.camerashortcut.CameraShortcutServiceImpl
I/ActivityManager(  889): Killing 2245:com.google.android.gms:car/u0a23 (adj 15): empty #22
V/AlarmManager(  889): done {6387726, *walarm*:com.motorola.slpc.ALARM_MODALITY} [9177ms]
I/SFPerfTracer(  301):      triggers: (rate: 10328:305272) (compose: 0:473) (post: 0:1938) (render: 0:2338) (0:2409173 frames) (1:2603360)
D/SFPerfTracer(  301):        layers: (3:9) (FocusedStackFrame (0xb6299000): 0:9943)* (DimLayer (0xb6206000): 0:140)* (DimLayer (0xb6208000): 0:26)* (com.android.noisefield.NoiseFieldWallpaper (0xb6279000): 0:331339)* (StatusBar (0xb6204000): 1:294408) (DimLayer (0xb632f000): 0:3866)* (DimLayer (0xb632d000): 0:1360)* (NavigationBar (0xb618c000): 0:231) (com.androidclient.blulock.androidclient/com.androidclient.blulock.androidclient.MainActivity (0xb622a000): 0:32) 
I/ActivityManager(  889): Killing 5554:com.android.deskclock/u0a16 (adj 15): empty #22
I/SFPerfTracer(  301):      triggers: (rate: 383:117238) (4799077 sw vsyncs) (683770 skipped) (0:4613537 vsyncs) (2:9609477)
D/ConnectivityService(  889): listenForNetwork for NetworkRequest [ id=1446, legacyType=-1, [ Capabilities: INTERNET&NOT_RESTRICTED&TRUSTED&NOT_VPN] ]
D/ConnectivityService(  889): handleRegisterNetworkRequest checking NetworkAgentInfo [WIFI () - 284]
D/ConnectivityService(  889): apparently satisfied.  currentScore=60
I/ActivityManager(  889): Killing 3190:com.expensemanager:remote/u0a324 (adj 15): empty #22
I/ActivityManager(  889): Killing 32563:com.google.android.talk/u0a75 (adj 15): empty #22
I/ActivityManager(  889): Start proc 12731:com.google.android.talk/u0a75 for broadcast com.google.android.talk/com.google.android.apps.hangouts.phone.PackageReplacedReceiver
W/ResourcesManager(12731): Asset path '/system/framework/com.google.android.media.effects.jar' does not exist or contains no resources.
W/ResourcesManager(  889): Asset path '/system/framework/com.google.android.maps.jar' does not exist or contains no resources.
W/ActivityManager(  889): getRunningAppProcesses: caller 10075 does not hold REAL_GET_TASKS; limiting output
W/ResourcesManager(  889): Asset path '/system/framework/com.google.widevine.software.drm.jar' does not exist or contains no resources.
D/BackupManagerService(  889): Received broadcast Intent { act=android.intent.action.PACKAGE_CHANGED dat=package:com.google.android.gms flg=0x4000010 (has extras) }
I/BackupManagerService(  889): Unbinding ComponentInfo{com.google.android.gms/com.google.android.gms.backup.BackupTransportService}
