I/SFPerfTracer(  301):      triggers: (rate: 383:117253) (4799077 sw vsyncs) (683995 skipped) (0:4615263 vsyncs) (2:9616546)
I/SFPerfTracer(  301):      triggers: (rate: 10329:305317) (compose: 0:473) (post: 0:1939) (render: 0:2341) (0:2409641 frames) (1:2606516)
D/SFPerfTracer(  301):        layers: (3:9) (FocusedStackFrame (0xb6299000): 0:9959)* (DimLayer (0xb6206000): 0:140)* (DimLayer (0xb6208000): 0:26)* (com.android.noisefield.NoiseFieldWallpaper (0xb6279000): 0:331468)* (StatusBar (0xb6204000): 1:297205) (DimLayer (0xb632f000): 0:3866)* (DimLayer (0xb632d000): 0:1368)* (NavigationBar (0xb618c000): 0:379) (com.androidclient.blulock.androidclient/com.androidclient.blulock.androidclient.MainActivity (0xb622a000): 0:14) 
V/AlarmManager(  889): sending alarm {3e9f7fe5 type 3 *alarm*:android.intent.action.TIME_TICK}
V/AlarmManager(  889): done {3e9f7fe5, *alarm*:android.intent.action.TIME_TICK} [72ms]
I/SFPerfTracer(  301):      triggers: (rate: 383:117253) (4799077 sw vsyncs) (683995 skipped) (0:4615263 vsyncs) (2:9616647)
I/SFPerfTracer(  301):      triggers: (rate: 383:117253) (4799077 sw vsyncs) (683995 skipped) (0:4615266 vsyncs) (2:9616748)
V/AlarmManager(  889): sending alarm {3c84d211 type 0 *walarm*:com.ultimarom.launchnavigation/anagog.pd.service.AlarmReceiver}
V/AlarmManager(  889): sending alarm {153e00a type 2 *walarm*:com.nimbuzz.keep_alive}
V/AlarmManager(  889): sending alarm {3f08366 type 3 *alarm*:com.google.android.gms/.lockbox.LockboxAlarmReceiver}
V/AlarmManager(  889): done {3c84d211, *walarm*:com.ultimarom.launchnavigation/anagog.pd.service.AlarmReceiver} [29ms]
V/AlarmManager(  889): done {153e00a, *walarm*:com.nimbuzz.keep_alive} [72ms]
V/AlarmManager(  889): done {3f08366, *alarm*:com.google.android.gms/.lockbox.LockboxAlarmReceiver} [82ms]
V/AlarmManager(  889): sending alarm {3cbee075 type 2 *walarm*:android.content.syncmanager.SYNC_ALARM}
V/AlarmManager(  889): done {3cbee075, *walarm*:android.content.syncmanager.SYNC_ALARM} [3ms]
I/SFPerfTracer(  301):      triggers: (rate: 10329:305317) (compose: 0:473) (post: 0:1939) (render: 0:2341) (0:2409641 frames) (1:2606616)
D/SFPerfTracer(  301):        layers: (3:9) (FocusedStackFrame (0xb6299000): 0:9959)* (DimLayer (0xb6206000): 0:140)* (DimLayer (0xb6208000): 0:26)* (com.android.noisefield.NoiseFieldWallpaper (0xb6279000): 0:331468)* (StatusBar (0xb6204000): 1:297305) (DimLayer (0xb632f000): 0:3866)* (DimLayer (0xb632d000): 0:1368)* (NavigationBar (0xb618c000): 0:379) (com.androidclient.blulock.androidclient/com.androidclient.blulock.androidclient.MainActivity (0xb622a000): 0:14) 
I/SFPerfTracer(  301):      triggers: (rate: 383:117253) (4799077 sw vsyncs) (683995 skipped) (0:4615267 vsyncs) (2:9616850)
W/ActivityManager(  889): getRunningAppProcesses: caller 10207 does not hold REAL_GET_TASKS; limiting output
I/SFPerfTracer(  301):      triggers: (rate: 383:117253) (4799077 sw vsyncs) (683995 skipped) (0:4615267 vsyncs) (2:9616951)
I/SFPerfTracer(  301):      triggers: (rate: 10329:305318) (compose: 0:473) (post: 0:1939) (render: 0:2341) (0:2409643 frames) (1:2606716)
D/SFPerfTracer(  301):        layers: (3:9) (FocusedStackFrame (0xb6299000): 0:9959)* (DimLayer (0xb6206000): 0:140)* (DimLayer (0xb6208000): 0:26)* (com.android.noisefield.NoiseFieldWallpaper (0xb6279000): 0:331468)* (StatusBar (0xb6204000): 1:297405) (DimLayer (0xb632f000): 0:3866)* (DimLayer (0xb632d000): 0:1368)* (NavigationBar (0xb618c000): 0:379) (com.androidclient.blulock.androidclient/com.androidclient.blulock.androidclient.MainActivity (0xb622a000): 0:14) 
I/SFPerfTracer(  301):      triggers: (rate: 383:117253) (4799077 sw vsyncs) (683995 skipped) (0:4615267 vsyncs) (2:9617053)
D/ConnectivityService(  889): releasing NetworkRequest NetworkRequest [ id=1447, legacyType=-1, [ Capabilities: NOT_RESTRICTED&TRUSTED&NOT_VPN] ]
I/SFPerfTracer(  301):      triggers: (rate: 383:117253) (4799077 sw vsyncs) (683995 skipped) (0:4615267 vsyncs) (2:9617154)
I/SFPerfTracer(  301):      triggers: (rate: 10329:305318) (compose: 0:473) (post: 0:1939) (render: 0:2341) (0:2409644 frames) (1:2606816)
D/SFPerfTracer(  301):        layers: (3:9) (FocusedStackFrame (0xb6299000): 0:9959)* (DimLayer (0xb6206000): 0:140)* (DimLayer (0xb6208000): 0:26)* (com.android.noisefield.NoiseFieldWallpaper (0xb6279000): 0:331468)* (StatusBar (0xb6204000): 1:297505) (DimLayer (0xb632f000): 0:3866)* (DimLayer (0xb632d000): 0:1368)* (NavigationBar (0xb618c000): 0:379) (com.androidclient.blulock.androidclient/com.androidclient.blulock.androidclient.MainActivity (0xb622a000): 0:14) 
V/AlarmManager(  889): sending alarm {20202d95 type 2 *walarm*:com.whatsapp.messaging.MessageService.LOGOUT_ACTION}
V/AlarmManager(  889): done {20202d95, *walarm*:com.whatsapp.messaging.MessageService.LOGOUT_ACTION} [24ms]
V/AlarmManager(  889): sending alarm {3e9f7fe5 type 3 *alarm*:android.intent.action.TIME_TICK}
V/AlarmManager(  889): done {3e9f7fe5, *alarm*:android.intent.action.TIME_TICK} [76ms]
I/SFPerfTracer(  301):      triggers: (rate: 383:117253) (4799077 sw vsyncs) (683995 skipped) (0:4615267 vsyncs) (2:9617256)
I/SFPerfTracer(  301):      triggers: (rate: 383:117253) (4799077 sw vsyncs) (683995 skipped) (0:4615270 vsyncs) (2:9617357)
I/SFPerfTracer(  301):      triggers: (rate: 10329:305319) (compose: 0:473) (post: 0:1939) (render: 0:2341) (0:2409646 frames) (1:2606916)
D/SFPerfTracer(  301):        layers: (3:9) (FocusedStackFrame (0xb6299000): 0:9959)* (DimLayer (0xb6206000): 0:140)* (DimLayer (0xb6208000): 0:26)* (com.android.noisefield.NoiseFieldWallpaper (0xb6279000): 0:331468)* (StatusBar (0xb6204000): 1:297605) (DimLayer (0xb632f000): 0:3866)* (DimLayer (0xb632d000): 0:1368)* (NavigationBar (0xb618c000): 0:379) (com.androidclient.blulock.androidclient/com.androidclient.blulock.androidclient.MainActivity (0xb622a000): 0:14) 
V/AlarmManager(  889): sending alarm {22378e9b type 0 *walarm*:com.outfit7.talkingtom2free/com.bee7.sdk.service.RewardingService}
V/AlarmManager(  889): sending alarm {3c84d211 type 0 *walarm*:com.ultimarom.launchnavigation/anagog.pd.service.AlarmReceiver}
V/AlarmManager(  889): sending alarm {4a0b38f type 3 *alarm*:com.expensemanager/.ExpenseSyncService}
V/AlarmManager(  889): sending alarm {3f08366 type 3 *alarm*:com.google.android.gms/.lockbox.LockboxAlarmReceiver}
V/AlarmManager(  889): done {22378e9b, *walarm*:com.outfit7.talkingtom2free/com.bee7.sdk.service.RewardingService} [42ms]
V/AlarmManager(  889): done {4a0b38f, *alarm*:com.expensemanager/.ExpenseSyncService} [47ms]
V/AlarmManager(  889): done {3c84d211, *walarm*:com.ultimarom.launchnavigation/anagog.pd.service.AlarmReceiver} [51ms]
V/AlarmManager(  889): done {3f08366, *alarm*:com.google.android.gms/.lockbox.LockboxAlarmReceiver} [64ms]
W/AlarmManager(  889): Suspiciously short interval 30000 millis; expanding to 60 seconds
I/SFPerfTracer(  301):      triggers: (rate: 383:117253) (4799077 sw vsyncs) (683995 skipped) (0:4615270 vsyncs) (2:9617459)
V/AlarmManager(  889): sending alarm {2d301286 type 2 *walarm*:com.android.server.task.controllers.BatteryController.ACTION_CHARGING_STABLE}
V/AlarmManager(  889): done {2d301286, *walarm*:com.android.server.task.controllers.BatteryController.ACTION_CHARGING_STABLE} [17ms]
W/ActivityManager(  889): getRunningAppProcesses: caller 10207 does not hold REAL_GET_TASKS; limiting output
I/SFPerfTracer(  301):      triggers: (rate: 10329:305320) (compose: 0:473) (post: 0:1939) (render: 0:2341) (0:2409648 frames) (1:2607016)
D/SFPerfTracer(  301):        layers: (3:9) (FocusedStackFrame (0xb6299000): 0:9959)* (DimLayer (0xb6206000): 0:140)* (DimLayer (0xb6208000): 0:26)* (com.android.noisefield.NoiseFieldWallpaper (0xb6279000): 0:331468)* (StatusBar (0xb6204000): 1:297705) (DimLayer (0xb632f000): 0:3866)* (DimLayer (0xb632d000): 0:1368)* (NavigationBar (0xb618c000): 0:379) (com.androidclient.blulock.androidclient/com.androidclient.blulock.androidclient.MainActivity (0xb622a000): 0:14) 
I/SFPerfTracer(  301):      triggers: (rate: 383:117253) (4799077 sw vsyncs) (683995 skipped) (228:4615498 vsyncs) (230:9617775)
I/SFPerfTracer(  301):      triggers: (rate: 383:117253) (4799077 sw vsyncs) (683995 skipped) (0:4615498 vsyncs) (2:9617877)
V/AlarmManager(  889): sending alarm {22378e9b type 0 *walarm*:com.outfit7.talkingtom2free/com.bee7.sdk.service.RewardingService}
V/AlarmManager(  889): sending alarm {3c84d211 type 0 *walarm*:com.ultimarom.launchnavigation/anagog.pd.service.AlarmReceiver}
V/AlarmManager(  889): done {22378e9b, *walarm*:com.outfit7.talkingtom2free/com.bee7.sdk.service.RewardingService} [34ms]
V/AlarmManager(  889): done {3c84d211, *walarm*:com.ultimarom.launchnavigation/anagog.pd.service.AlarmReceiver} [38ms]
I/SFPerfTracer(  301):      triggers: (rate: 10329:305320) (compose: 0:473) (post: 0:1939) (render: 0:2341) (0:2409648 frames) (1:2607116)
D/SFPerfTracer(  301):        layers: (3:9) (FocusedStackFrame (0xb6299000): 0:9959)* (DimLayer (0xb6206000): 0:140)* (DimLayer (0xb6208000): 0:26)* (com.android.noisefield.NoiseFieldWallpaper (0xb6279000): 0:331468)* (StatusBar (0xb6204000): 1:297805) (DimLayer (0xb632f000): 0:3866)* (DimLayer (0xb632d000): 0:1368)* (NavigationBar (0xb618c000): 0:379) (com.androidclient.blulock.androidclient/com.androidclient.blulock.androidclient.MainActivity (0xb622a000): 0:14) 
I/SFPerfTracer(  301):      triggers: (rate: 383:117253) (4799077 sw vsyncs) (683995 skipped) (0:4615498 vsyncs) (2:9617979)
V/AlarmManager(  889): sending alarm {3e9f7fe5 type 3 *alarm*:android.intent.action.TIME_TICK}
V/AlarmManager(  889): done {3e9f7fe5, *alarm*:android.intent.action.TIME_TICK} [73ms]
I/SFPerfTracer(  301):      triggers: (rate: 383:117253) (4799077 sw vsyncs) (683995 skipped) (0:4615499 vsyncs) (2:9618080)
D/PackageManager(  889): /data/app/vmdl1777757411.tmp already staged; skipping copy
V/AlarmManager(  889): sending alarm {3f08366 type 3 *alarm*:com.google.android.gms/.lockbox.LockboxAlarmReceiver}
V/AlarmManager(  889): done {3f08366, *alarm*:com.google.android.gms/.lockbox.LockboxAlarmReceiver} [22ms]
I/SFPerfTracer(  301):      triggers: (rate: 383:117253) (4799077 sw vsyncs) (683995 skipped) (231:4615730 vsyncs) (233:9618407)
D/PackageManager(  889): Renaming /data/app/vmdl1777757411.tmp to /data/app/com.facebook.orca-2
I/ActivityManager(  889): Force stopping com.facebook.orca appid=10321 user=-1: uninstall pkg
I/ActivityManager(  889): Killing 23527:com.facebook.orca/u0a321 (adj 8): stop com.facebook.orca
W/ActivityManager(  889): Scheduling restart of crashed service com.facebook.orca/com.facebook.messaging.newphoto.NewPhotoIntentService in 1000ms
W/ActivityManager(  889): Scheduling restart of crashed service com.facebook.orca/com.facebook.mqttlite.MqttService in 1000ms
I/ActivityManager(  889):   Force stopping service ServiceRecord{3f946f68 u0 com.facebook.orca/com.facebook.mqttlite.MqttService}
W/ActivityManager(  889): Spurious death for ProcessRecord{e0a4840 23527:com.facebook.orca/u0a321}, curProc for 23527: null
I/PackageManager(  889): Package com.facebook.orca codePath changed from /data/app/com.facebook.orca-1 to /data/app/com.facebook.orca-2; Retaining data and using new
W/PackageManager(  889): Package com.facebook.orca desires unavailable shared library com.amazon.device.messaging; ignoring!
W/ActivityManager(  889): getRunningAppProcesses: caller 10207 does not hold REAL_GET_TASKS; limiting output
I/SFPerfTracer(  301):      triggers: (rate: 383:117253) (4799077 sw vsyncs) (683995 skipped) (0:4615730 vsyncs) (1:9618508)
V/AlarmManager(  889): sending alarm {22378e9b type 0 *walarm*:com.outfit7.talkingtom2free/com.bee7.sdk.service.RewardingService}
V/AlarmManager(  889): sending alarm {225dc143 type 0 *walarm*:com.google.android.gms/.checkin.EventLogService$Receiver}
V/AlarmManager(  889): sending alarm {3c84d211 type 0 *walarm*:com.ultimarom.launchnavigation/anagog.pd.service.AlarmReceiver}
V/AlarmManager(  889): sending alarm {408fc8 type 0 *walarm*:com.viber.voip.action.KEEP_ALIVE_RECEIVE}
V/AlarmManager(  889): done {22378e9b, *walarm*:com.outfit7.talkingtom2free/com.bee7.sdk.service.RewardingService} [9ms]
V/AlarmManager(  889): done {225dc143, *walarm*:com.google.android.gms/.checkin.EventLogService$Receiver} [27ms]
V/AlarmManager(  889): done {3c84d211, *walarm*:com.ultimarom.launchnavigation/anagog.pd.service.AlarmReceiver} [30ms]
V/AlarmManager(  889): done {408fc8, *walarm*:com.viber.voip.action.KEEP_ALIVE_RECEIVE} [71ms]
V/AlarmManager(  889): sending alarm {3e9f7fe5 type 3 *alarm*:android.intent.action.TIME_TICK}
V/AlarmManager(  889): done {3e9f7fe5, *alarm*:android.intent.action.TIME_TICK} [38ms]
I/SFPerfTracer(  301):      triggers: (rate: 383:117253) (4799077 sw vsyncs) (683995 skipped) (0:4615730 vsyncs) (1:9618609)
V/AlarmManager(  889): sending alarm {3cbee075 type 2 *walarm*:android.content.syncmanager.SYNC_ALARM}
V/AlarmManager(  889): done {3cbee075, *walarm*:android.content.syncmanager.SYNC_ALARM} [17ms]
I/SFPerfTracer(  301):      triggers: (rate: 10329:305320) (compose: 0:473) (post: 0:1939) (render: 0:2341) (0:2409649 frames) (1:2607216)
D/SFPerfTracer(  301):        layers: (3:9) (FocusedStackFrame (0xb6299000): 0:9959)* (DimLayer (0xb6206000): 0:140)* (DimLayer (0xb6208000): 0:26)* (com.android.noisefield.NoiseFieldWallpaper (0xb6279000): 0:331468)* (StatusBar (0xb6204000): 1:297905) (DimLayer (0xb632f000): 0:3866)* (DimLayer (0xb632d000): 0:1368)* (NavigationBar (0xb618c000): 0:379) (com.androidclient.blulock.androidclient/com.androidclient.blulock.androidclient.MainActivity (0xb622a000): 0:14) 
I/SFPerfTracer(  301):      triggers: (rate: 383:117253) (4799077 sw vsyncs) (683995 skipped) (0:4615730 vsyncs) (1:9618710)
V/AlarmManager(  889): sending alarm {22378e9b type 0 *walarm*:com.outfit7.talkingtom2free/com.bee7.sdk.service.RewardingService}
V/AlarmManager(  889): sending alarm {3f08366 type 3 *alarm*:com.google.android.gms/.lockbox.LockboxAlarmReceiver}
V/AlarmManager(  889): done {22378e9b, *walarm*:com.outfit7.talkingtom2free/com.bee7.sdk.service.RewardingService} [4ms]
V/AlarmManager(  889): done {3f08366, *alarm*:com.google.android.gms/.lockbox.LockboxAlarmReceiver} [43ms]
W/ActivityManager(  889): getRunningAppProcesses: caller 10207 does not hold REAL_GET_TASKS; limiting output
I/ActivityManager(  889): Force stopping com.facebook.orca appid=10321 user=-1: update pkg
W/PackageManager(  889): Code path for pkg : com.facebook.orca changing from /data/app/com.facebook.orca-1 to /data/app/com.facebook.orca-2
W/PackageManager(  889): Resource path for pkg : com.facebook.orca changing from /data/app/com.facebook.orca-1 to /data/app/com.facebook.orca-2
W/PackageManager(  889): Unknown permission android.permission.REQUEST_INSTALL_PACKAGES in package com.facebook.orca
W/PackageManager(  889): Not granting permission android.permission.BATTERY_STATS to package com.facebook.orca (protectionLevel=50 flags=0x183e44)
W/PackageManager(  889): Unknown permission com.sec.android.provider.badge.permission.READ in package com.facebook.orca
W/PackageManager(  889): Unknown permission com.sec.android.provider.badge.permission.WRITE in package com.facebook.orca
W/PackageManager(  889): Unknown permission com.htc.launcher.permission.READ_SETTINGS in package com.facebook.orca
W/PackageManager(  889): Unknown permission com.htc.launcher.permission.UPDATE_SHORTCUT in package com.facebook.orca
W/PackageManager(  889): Unknown permission com.sonyericsson.home.permission.BROADCAST_BADGE in package com.facebook.orca
W/PackageManager(  889): Unknown permission com.facebook.home.permission.WRITE_BADGES in package com.facebook.orca
W/PackageManager(  889): Unknown permission com.nokia.pushnotifications.permission.RECEIVE in package com.facebook.orca
W/PackageManager(  889): Unknown permission com.amazon.device.messaging.permission.RECEIVE in package com.facebook.orca
I/ActivityManager(  889): Force stopping com.facebook.orca appid=10321 user=0: pkg removed
D/JobSchedulerService(  889): Receieved: android.intent.action.PACKAGE_REMOVED
D/BackupManagerService(  889): Received broadcast Intent { act=android.intent.action.PACKAGE_REMOVED dat=package:com.facebook.orca flg=0x4000010 (has extras) }
I/ActivityManager(  889): Start proc 22079:com.qihoo.security:ui/u0a207 for service com.qihoo.security/.service.LoadingPermissionDataService
W/ResourcesManager( 1429): Asset path '/system/framework/com.google.android.media.effects.jar' does not exist or contains no resources.
W/ContextImpl(14666): Calling a method in the system process without a qualified user: android.app.ContextImpl.startService:1831 android.content.ContextWrapper.startService:516 android.content.ContextWrapper.startService:516 com.android.keychain.KeyChainBroadcastReceiver.onReceive:12 android.app.ActivityThread.handleReceiver:2639 
W/ActivityManager(  889): getRunningAppProcesses: caller 10207 does not hold REAL_GET_TASKS; limiting output
W/ResourcesManager(  889): Asset path '/system/framework/com.google.android.maps.jar' does not exist or contains no resources.
I/ActivityManager(  889): Process com.qihoo.security:apk_scan (pid 21591) has died
I/ActivityManager(  889): Start proc 22174:com.facebook.orca/u0a321 for service com.facebook.orca/com.facebook.analytics2.logger.GooglePlayUploadService
W/ResourcesManager(22174): Asset path '/system/framework/com.google.android.maps.jar' does not exist or contains no resources.
W/InputMethodInfo(  889): Duplicated subtype definition found: , voice
W/ResourcesManager(  889): Asset path '/system/framework/com.google.widevine.software.drm.jar' does not exist or contains no resources.
I/SFPerfTracer(  301):      triggers: (rate: 383:117253) (4799077 sw vsyncs) (683995 skipped) (0:4615730 vsyncs) (1:9618811)
W/ResourcesManager(  889): Asset path '/system/framework/com.google.android.maps.jar' does not exist or contains no resources.
D/BackupManagerService(  889): Received broadcast Intent { act=android.intent.action.PACKAGE_ADDED dat=package:com.facebook.orca flg=0x4000010 (has extras) }
W/BackupManagerService(  889): Removing schedule queue dupe of com.facebook.orca
W/ActivityManager(  889): getRunningAppProcesses: caller 10321 does not hold REAL_GET_TASKS; limiting output
I/ActivityManager(  889): Killing 21207:com.android.deskclock/u0a16 (adj 15): empty #22
W/ActivityManager(  889): getRunningAppProcesses: caller 10321 does not hold REAL_GET_TASKS; limiting output
W/ResourcesManager(22174): Asset path '/system/framework/com.google.android.media.effects.jar' does not exist or contains no resources.
I/openssl (25116): Crypto mode not selected, openssl will run on its regular mode.
I/openssl (25116): Crypto mode 0 already enabled
W/ActivityManager(  889): getRunningAppProcesses: caller 10207 does not hold REAL_GET_TASKS; limiting output
I/ActivityManager(  889): Process com.qihoo.security:ui (pid 22079) has died
W/ResourcesManager(12731): Asset path '/system/framework/com.android.media.remotedisplay.jar' does not exist or contains no resources.
W/ResourcesManager(12731): Asset path '/system/framework/com.android.location.provider.jar' does not exist or contains no resources.
W/ResourcesManager(  889): Asset path '/system/framework/com.google.android.maps.jar' does not exist or contains no resources.
W/ResourcesManager(  889): Asset path '/system/framework/com.google.widevine.software.drm.jar' does not exist or contains no resources.
W/BroadcastQueue(  889): Permission Denial: broadcasting Intent { act=android.net.conn.CONNECTIVITY_CHANGE flg=0x4000010 (has extras) } from null (pid=-1, uid=-1) requires com.facebook.permission.prod.FB_APP_COMMUNICATION due to registered receiver BroadcastFilter{3a51dcb2 u0 ReceiverList{1cfd1ebd 22174 com.facebook.orca/10321/u0 remote:34214614}}
W/BroadcastQueue(  889): Permission Denial: broadcasting Intent { act=android.net.conn.INET_CONDITION_ACTION flg=0x4000010 (has extras) } from null (pid=-1, uid=-1) requires com.facebook.permission.prod.FB_APP_COMMUNICATION due to registered receiver BroadcastFilter{3a51dcb2 u0 ReceiverList{1cfd1ebd 22174 com.facebook.orca/10321/u0 remote:34214614}}
W/BroadcastQueue(  889): Permission Denial: broadcasting Intent { act=android.net.conn.CONNECTIVITY_CHANGE flg=0x4000010 (has extras) } from null (pid=-1, uid=-1) requires com.facebook.permission.prod.FB_APP_COMMUNICATION due to registered receiver BroadcastFilter{39032dc8 u0 ReceiverList{2b474e6b 22174 com.facebook.orca/10321/u0 remote:29e8cfba}}
D/BackupManagerService(  889): Received broadcast Intent { act=android.intent.action.PACKAGE_CHANGED dat=package:com.google.android.gms flg=0x4000010 (has extras) }
I/BackupManagerService(  889): Unbinding ComponentInfo{com.google.android.gms/com.google.android.gms.backup.BackupTransportService}
I/BackupManagerService(  889): Binding to transport host ComponentInfo{com.google.android.gms/com.google.android.gms.backup.BackupTransportService}
V/BackupManagerService(  889): Connected to transport ComponentInfo{com.google.android.gms/com.google.android.gms.backup.BackupTransportService}
V/BackupManagerService(  889): Registering transport com.google.android.gms/.backup.BackupTransportService::com.google.android.gms/.backup.BackupTransportService = com.android.internal.backup.IBackupTransport$Stub$Proxy@38ae7c6c
V/AlarmManager(  889): sending alarm {3c84d211 type 0 *walarm*:com.ultimarom.launchnavigation/anagog.pd.service.AlarmReceiver}
V/AlarmManager(  889): sending alarm {103e3d48 type 2 *walarm*:com.facebook.rti.mqtt.e.f.ACTION_INEXACT_ALARM.MqttLite.com.facebook.orca}
V/AlarmManager(  889): sending alarm {44201ef type 0 *walarm*:com.android.vending/com.google.android.finsky.services.ContentSyncService}
V/AlarmManager(  889): done {44201ef, *walarm*:com.android.vending/com.google.android.finsky.services.ContentSyncService} [8ms]
V/AlarmManager(  889): done {3c84d211, *walarm*:com.ultimarom.launchnavigation/anagog.pd.service.AlarmReceiver} [10ms]
V/AlarmManager(  889): done {103e3d48, *walarm*:com.facebook.rti.mqtt.e.f.ACTION_INEXACT_ALARM.MqttLite.com.facebook.orca} [14ms]
I/SFPerfTracer(  301):      triggers: (rate: 383:117253) (4799077 sw vsyncs) (683995 skipped) (0:4615730 vsyncs) (2:9618913)
V/AlarmManager(  889): sending alarm {24662d7d type 3 *alarm*:android.content.jobscheduler.JOB_DELAY_EXPIRED}
V/AlarmManager(  889): done {24662d7d, *alarm*:android.content.jobscheduler.JOB_DELAY_EXPIRED} [9ms]
V/AlarmManager(  889): sending alarm {3e9f7fe5 type 3 *alarm*:android.intent.action.TIME_TICK}
V/AlarmManager(  889): done {3e9f7fe5, *alarm*:android.intent.action.TIME_TICK} [81ms]
I/ActivityManager(  889): Waited long enough for: ServiceRecord{225d2dad u0 com.android.providers.downloads/.DownloadService}
I/SFPerfTracer(  301):      triggers: (rate: 10329:305320) (compose: 0:473) (post: 0:1939) (render: 0:2341) (0:2409651 frames) (1:2607316)
D/SFPerfTracer(  301):        layers: (3:9) (FocusedStackFrame (0xb6299000): 0:9959)* (DimLayer (0xb6206000): 0:140)* (DimLayer (0xb6208000): 0:26)* (com.android.noisefield.NoiseFieldWallpaper (0xb6279000): 0:331468)* (StatusBar (0xb6204000): 1:298003) (DimLayer (0xb632f000): 0:3866)* (DimLayer (0xb632d000): 0:1368)* (NavigationBar (0xb618c000): 0:379) (com.androidclient.blulock.androidclient/com.androidclient.blulock.androidclient.MainActivity (0xb622a000): 0:14) 
I/SFPerfTracer(  301):      triggers: (rate: 383:117253) (4799077 sw vsyncs) (683995 skipped) (0:4615730 vsyncs) (2:9619015)
I/ActivityManager(  889): Waited long enough for: ServiceRecord{24e1d15d u0 com.facebook.orca/com.facebook.messaging.newphoto.NewPhotoIntentService}
I/SFPerfTracer(  301):      triggers: (rate: 383:117253) (4799077 sw vsyncs) (683995 skipped) (231:4615962 vsyncs) (233:9619339)
I/SFPerfTracer(  301):      triggers: (rate: 10329:305323) (compose: 0:473) (post: 0:1939) (render: 0:2341) (0:2409655 frames) (1:2607416)
D/SFPerfTracer(  301):        layers: (3:9) (FocusedStackFrame (0xb6299000): 0:9959)* (DimLayer (0xb6206000): 0:140)* (DimLayer (0xb6208000): 0:26)* (com.android.noisefield.NoiseFieldWallpaper (0xb6279000): 0:331468)* (StatusBar (0xb6204000): 1:298103) (DimLayer (0xb632f000): 0:3866)* (DimLayer (0xb632d000): 0:1368)* (NavigationBar (0xb618c000): 0:379) (com.androidclient.blulock.androidclient/com.androidclient.blulock.androidclient.MainActivity (0xb622a000): 0:14) 
I/SFPerfTracer(  301):      triggers: (rate: 383:117253) (4799077 sw vsyncs) (683995 skipped) (0:4615962 vsyncs) (2:9619441)
--------- beginning of main
I/MotoNetwCtrlr.MotoWifiSignalCtrlr( 1167): handleBroadcast: Completed
I/MotoNetwCtrlr( 1167): onReceive: Completed intent=Intent { act=android.net.wifi.RSSI_CHANGED flg=0x4000010 (has extras) } Action=android.net.wifi.RSSI_CHANGED
I/SFPerfTracer(  301):      triggers: (rate: 383:117253) (4799077 sw vsyncs) (683995 skipped) (0:4615962 vsyncs) (2:9619542)
D/[RTMPExtractorWrapper].librtmp( 8011): RTMPSockBuf_Fill, recv returned -1. GetSockError(): 11 (Try again)
E/[RTMPExtractorWrapper].librtmp( 8011): RTMP_ReadPacket, failed to read RTMP packet header
W/ActivityManager(  889): getRunningAppProcesses: caller 10207 does not hold REAL_GET_TASKS; limiting output
I/MotoNetwCtrlr( 1167): onReceive: Received intent=Intent { act=android.net.wifi.RSSI_CHANGED flg=0x4000010 (has extras) } Action=android.net.wifi.RSSI_CHANGED
I/MotoNetwCtrlr.MotoWifiSignalCtrlr( 1167): handleBroadcast: Entered: Intent=Intent { act=android.net.wifi.RSSI_CHANGED flg=0x4000010 (has extras) } Action=android.net.wifi.RSSI_CHANGED
I/MotoNetwCtrlr.MotorolaWifiSignalController( 1167): isDirty: returns false
I/MotoNetwCtrlr.MotoWifiSignalCtrlr( 1167): handleBroadcast: Completed
I/MotoNetwCtrlr( 1167): onReceive: Completed intent=Intent { act=android.net.wifi.RSSI_CHANGED flg=0x4000010 (has extras) } Action=android.net.wifi.RSSI_CHANGED
I/chromium(27707): [INFO:CONSOLE(25)] "No Content-Security-Policy meta tag found. Please add one when using the cordova-plugin-whitelist plugin.", source: file:///android_asset/www/plugins/cordova-plugin-whitelist/whitelist.js (25)
I/SFPerfTracer(  301):      triggers: (rate: 10329:305323) (compose: 0:473) (post: 0:1939) (render: 0:2341) (0:2409657 frames) (1:2607516)
D/SFPerfTracer(  301):        layers: (3:9) (FocusedStackFrame (0xb6299000): 0:9959)* (DimLayer (0xb6206000): 0:140)* (DimLayer (0xb6208000): 0:26)* (com.android.noisefield.NoiseFieldWallpaper (0xb6279000): 0:331468)* (StatusBar (0xb6204000): 1:298203) (DimLayer (0xb632f000): 0:3866)* (DimLayer (0xb632d000): 0:1368)* (NavigationBar (0xb618c000): 0:379) (com.androidclient.blulock.androidclient/com.androidclient.blulock.androidclient.MainActivity (0xb622a000): 0:14) 
I/MotoNetwCtrlr( 1167): onReceive: Received intent=Intent { act=android.net.wifi.RSSI_CHANGED flg=0x4000010 (has extras) } Action=android.net.wifi.RSSI_CHANGED
I/MotoNetwCtrlr.MotoWifiSignalCtrlr( 1167): handleBroadcast: Entered: Intent=Intent { act=android.net.wifi.RSSI_CHANGED flg=0x4000010 (has extras) } Action=android.net.wifi.RSSI_CHANGED
I/MotoNetwCtrlr.MotorolaWifiSignalController( 1167): isDirty: returns false
I/MotoNetwCtrlr.MotoWifiSignalCtrlr( 1167): handleBroadcast: Completed
I/MotoNetwCtrlr( 1167): onReceive: Completed intent=Intent { act=android.net.wifi.RSSI_CHANGED flg=0x4000010 (has extras) } Action=android.net.wifi.RSSI_CHANGED
V/AlarmManager(  889): sending alarm {22378e9b type 0 *walarm*:com.outfit7.talkingtom2free/com.bee7.sdk.service.RewardingService}
V/AlarmManager(  889): sending alarm {153e00a type 2 *walarm*:com.nimbuzz.keep_alive}
V/AlarmManager(  889): sending alarm {3c84d211 type 0 *walarm*:com.ultimarom.launchnavigation/anagog.pd.service.AlarmReceiver}
V/AlarmManager(  889): sending alarm {3f08366 type 3 *alarm*:com.google.android.gms/.lockbox.LockboxAlarmReceiver}
V/AlarmManager(  889): done {22378e9b, *walarm*:com.outfit7.talkingtom2free/com.bee7.sdk.service.RewardingService} [36ms]
V/AlarmManager(  889): done {153e00a, *walarm*:com.nimbuzz.keep_alive} [61ms]
V/AlarmManager(  889): done {3c84d211, *walarm*:com.ultimarom.launchnavigation/anagog.pd.service.AlarmReceiver} [67ms]
V/AlarmManager(  889): done {3f08366, *alarm*:com.google.android.gms/.lockbox.LockboxAlarmReceiver} [76ms]
W/AlarmManager(  889): Suspiciously short interval 30000 millis; expanding to 60 seconds
I/MotoNetwCtrlr( 1167): onReceive: Received intent=Intent { act=android.net.wifi.RSSI_CHANGED flg=0x4000010 (has extras) } Action=android.net.wifi.RSSI_CHANGED
I/MotoNetwCtrlr.MotoWifiSignalCtrlr( 1167): handleBroadcast: Entered: Intent=Intent { act=android.net.wifi.RSSI_CHANGED flg=0x4000010 (has extras) } Action=android.net.wifi.RSSI_CHANGED
I/MotoNetwCtrlr.MotorolaWifiSignalController( 1167): isDirty: returns false
I/MotoNetwCtrlr.MotoWifiSignalCtrlr( 1167): handleBroadcast: Completed
I/MotoNetwCtrlr( 1167): onReceive: Completed intent=Intent { act=android.net.wifi.RSSI_CHANGED flg=0x4000010 (has extras) } Action=android.net.wifi.RSSI_CHANGED
E/BAR     ( 6714):  change big -33.44590425491333
I/SFPerfTracer(  301):      triggers: (rate: 383:117253) (4799077 sw vsyncs) (683995 skipped) (0:4615963 vsyncs) (2:9619643)
I/MotoNetwCtrlr( 1167): onReceive: Received intent=Intent { act=android.net.wifi.RSSI_CHANGED flg=0x4000010 (has extras) } Action=android.net.wifi.RSSI_CHANGED
I/MotoNetwCtrlr.MotoWifiSignalCtrlr( 1167): handleBroadcast: Entered: Intent=Intent { act=android.net.wifi.RSSI_CHANGED flg=0x4000010 (has extras) } Action=android.net.wifi.RSSI_CHANGED
I/MotoNetwCtrlr.MotorolaWifiSignalController( 1167): isDirty: returns false
I/MotoNetwCtrlr.MotoWifiSignalCtrlr( 1167): handleBroadcast: Completed
I/MotoNetwCtrlr( 1167): onReceive: Completed intent=Intent { act=android.net.wifi.RSSI_CHANGED flg=0x4000010 (has extras) } Action=android.net.wifi.RSSI_CHANGED
W/srh     (21778): A connection to https://inbox.google.com/ was leaked. Did you forget to close a response body?
W/srh     (21778): A connection to https://inbox.google.com/ was leaked. Did you forget to close a response body?
E/WifiStateMachine(  889): WifiStateMachine CMD_START_SCAN source -2 txSuccessRate=12.61 rxSuccessRate=12.56 targetRoamBSSID=any RSSI=-39
E/WifiStateMachine(  889): startDelayedScan send -> 8311 milli 20000
E/WifiStateMachine(  889): WifiStateMachine CMD_START_SCAN with age=140039 interval=341718 maxinterval=300000
E/WifiStateMachine(  889): WifiStateMachine CMD_START_SCAN prevent full band scan due to pkt rate
E/WifiStateMachine(  889): WifiStateMachine CMD_START_SCAN full=false
E/WifiStateMachine(  889): WifiStateMachine starting scan for "Connectify-me"WPA_PSK with 2432
D/MDMCTBK (  335): reply_len: 40 reply is = IFNAME=wlan0 <3>CTRL-EVENT-SCAN-STARTED 
D/MDMCTBK (  335): Event received = CTRL-EVENT-SCAN-STARTED 
E/WifiStateMachine(  889): [1,462,015,249,879 ms] noteScanstart no scan source uid -2
D/MDMCTBK (  335): reply_len: 40 reply is = IFNAME=wlan0 <3>CTRL-EVENT-BSS-REMOVED 1
D/MDMCTBK (  335): Event received = CTRL-EVENT-BSS-REMOVED 1
D/MDMCTBK (  335): reply_len: 40 reply is = IFNAME=wlan0 <3>CTRL-EVENT-SCAN-RESULTS 
D/MDMCTBK (  335): Event received = CTRL-EVENT-SCAN-RESULTS 
E/WifiStateMachine(  889): [1,462,015,249,935 ms] noteScanEnd no scan source onTime=0
E/WifiStateMachine(  889): wifi setScanResults statecom.android.server.wifi.WifiStateMachine$ConnectedState@2c3d41e9 sup_state=COMPLETED debouncing=false mConnectionRequests=1 selection=<none>
I/chromium(27707): [INFO:CONSOLE(25)] "No Content-Security-Policy meta tag found. Please add one when using the cordova-plugin-whitelist plugin.", source: file:///android_asset/www/plugins/cordova-plugin-whitelist/whitelist.js (25)
I/MotoNetwCtrlr( 1167): onReceive: Received intent=Intent { act=android.net.wifi.RSSI_CHANGED flg=0x4000010 (has extras) } Action=android.net.wifi.RSSI_CHANGED
I/MotoNetwCtrlr.MotoWifiSignalCtrlr( 1167): handleBroadcast: Entered: Intent=Intent { act=android.net.wifi.RSSI_CHANGED flg=0x4000010 (has extras) } Action=android.net.wifi.RSSI_CHANGED
I/MotoNetwCtrlr.MotorolaWifiSignalController( 1167): isDirty: returns false
I/MotoNetwCtrlr.MotoWifiSignalCtrlr( 1167): handleBroadcast: Completed
I/MotoNetwCtrlr( 1167): onReceive: Completed intent=Intent { act=android.net.wifi.RSSI_CHANGED flg=0x4000010 (has extras) } Action=android.net.wifi.RSSI_CHANGED
E/LocSvc_ApiV02(  889): W/virtual loc_api_adapter_err LocApiV02::setXtraData(char*, int):1061]: failed status = eLOC_CLIENT_SUCCESS, inject_pos_ind.status = eQMI_LOC_GENERAL_FAILURE_V02, part num = 59, ind.partNum = 0
I/MotoNetwCtrlr( 1167): onReceive: Received intent=Intent { act=android.net.wifi.RSSI_CHANGED flg=0x4000010 (has extras) } Action=android.net.wifi.RSSI_CHANGED
I/MotoNetwCtrlr.MotoWifiSignalCtrlr( 1167): handleBroadcast: Entered: Intent=Intent { act=android.net.wifi.RSSI_CHANGED flg=0x4000010 (has extras) } Action=android.net.wifi.RSSI_CHANGED
I/MotoNetwCtrlr.MotorolaWifiSignalController( 1167): isDirty: returns false
I/MotoNetwCtrlr.MotoWifiSignalCtrlr( 1167): handleBroadcast: Completed
I/MotoNetwCtrlr( 1167): onReceive: Completed intent=Intent { act=android.net.wifi.RSSI_CHANGED flg=0x4000010 (has extras) } Action=android.net.wifi.RSSI_CHANGED
I/MotoNetwCtrlr.MotoWifiHndlr( 1167): handleMessage: Entered msg.what=1
I/MotoNetwCtrlr.MotorolaWifiSignalController( 1167): isDirty: returns true
I/MotoNetwCtrlr.MotorolaWifiSignalController( 1167): notifyListeners: calling SB [0] setWifiIndicators (Motorola api): UseMotoUI=true Vis=true SBSig=0x7f02014c=stat_sys_wifi_signal_4_fully SBAct=( none ) DescSig="Wifi signal full." DescAct="wifi idle" NetName=""Connectify-me""
I/MotoNetwCtrlr.MotorolaWifiSignalController( 1167): notifyListeners: calling SB [1] setWifiIndicators (Motorola api): UseMotoUI=true Vis=true SBSig=0x7f02014c=stat_sys_wifi_signal_4_fully SBAct=( none ) DescSig="Wifi signal full." DescAct="wifi idle" NetName=""Connectify-me""
I/MotoNetwCtrlr.MotorolaWifiSignalController( 1167): notifyListeners: calling SB [2] setWifiIndicators (Motorola api): UseMotoUI=true Vis=true SBSig=0x7f02014c=stat_sys_wifi_signal_4_fully SBAct=( none ) DescSig="Wifi signal full." DescAct="wifi idle" NetName=""Connectify-me""
I/MotoNetwCtrlr.MotoWifiHndlr( 1167): handleMessage: Completed
I/MotoNetwCtrlr.MotoWifiHndlr( 1167): handleMessage: Entered msg.what=1
I/MotoNetwCtrlr.MotorolaWifiSignalController( 1167): isDirty: returns true
I/MotoNetwCtrlr.MotorolaWifiSignalController( 1167): notifyListeners: calling SB [0] setWifiIndicators (Motorola api): UseMotoUI=true Vis=true SBSig=0x7f02014c=stat_sys_wifi_signal_4_fully SBAct=( none ) DescSig="Wifi signal full." DescAct="wifi in and out" NetName=""Connectify-me""
I/MotoNetwCtrlr.MotorolaWifiSignalController( 1167): notifyListeners: calling SB [1] setWifiIndicators (Motorola api): UseMotoUI=true Vis=true SBSig=0x7f02014c=stat_sys_wifi_signal_4_fully SBAct=( none ) DescSig="Wifi signal full." DescAct="wifi in and out" NetName=""Connectify-me""
I/MotoNetwCtrlr.MotorolaWifiSignalController( 1167): notifyListeners: calling SB [2] setWifiIndicators (Motorola api): UseMotoUI=true Vis=true SBSig=0x7f02014c=stat_sys_wifi_signal_4_fully SBAct=( none ) DescSig="Wifi signal full." DescAct="wifi in and out" NetName=""Connectify-me""
I/MotoNetwCtrlr.MotoWifiHndlr( 1167): handleMessage: Completed
I/SFPerfTracer(  301):      triggers: (rate: 383:117253) (4799077 sw vsyncs) (683995 skipped) (0:4615963 vsyncs) (2:9619745)
I/MotoNetwCtrlr( 1167): onReceive: Received intent=Intent { act=android.net.wifi.RSSI_CHANGED flg=0x4000010 (has extras) } Action=android.net.wifi.RSSI_CHANGED
I/MotoNetwCtrlr.MotoWifiSignalCtrlr( 1167): handleBroadcast: Entered: Intent=Intent { act=android.net.wifi.RSSI_CHANGED flg=0x4000010 (has extras) } Action=android.net.wifi.RSSI_CHANGED
I/MotoNetwCtrlr.MotorolaWifiSignalController( 1167): isDirty: returns false
I/MotoNetwCtrlr.MotoWifiSignalCtrlr( 1167): handleBroadcast: Completed
I/MotoNetwCtrlr( 1167): onReceive: Completed intent=Intent { act=android.net.wifi.RSSI_CHANGED flg=0x4000010 (has extras) } Action=android.net.wifi.RSSI_CHANGED
I/MotoNetwCtrlr.MotoWifiHndlr( 1167): handleMessage: Entered msg.what=1
I/MotoNetwCtrlr.MotorolaWifiSignalController( 1167): isDirty: returns true
I/MotoNetwCtrlr.MotorolaWifiSignalController( 1167): notifyListeners: calling SB [0] setWifiIndicators (Motorola api): UseMotoUI=true Vis=true SBSig=0x7f02014c=stat_sys_wifi_signal_4_fully SBAct=( none ) DescSig="Wifi signal full." DescAct="wifi idle" NetName=""Connectify-me""
I/MotoNetwCtrlr.MotorolaWifiSignalController( 1167): notifyListeners: calling SB [1] setWifiIndicators (Motorola api): UseMotoUI=true Vis=true SBSig=0x7f02014c=stat_sys_wifi_signal_4_fully SBAct=( none ) DescSig="Wifi signal full." DescAct="wifi idle" NetName=""Connectify-me""
I/MotoNetwCtrlr.MotorolaWifiSignalController( 1167): notifyListeners: calling SB [2] setWifiIndicators (Motorola api): UseMotoUI=true Vis=true SBSig=0x7f02014c=stat_sys_wifi_signal_4_fully SBAct=( none ) DescSig="Wifi signal full." DescAct="wifi idle" NetName=""Connectify-me""
I/MotoNetwCtrlr.MotoWifiHndlr( 1167): handleMessage: Completed
I/MotoNetwCtrlr.MotoWifiHndlr( 1167): handleMessage: Entered msg.what=1
I/MotoNetwCtrlr.MotorolaWifiSignalController( 1167): isDirty: returns true
I/MotoNetwCtrlr.MotorolaWifiSignalController( 1167): notifyListeners: calling SB [0] setWifiIndicators (Motorola api): UseMotoUI=true Vis=true SBSig=0x7f02014c=stat_sys_wifi_signal_4_fully SBAct=( none ) DescSig="Wifi signal full." DescAct="wifi in and out" NetName=""Connectify-me""
I/MotoNetwCtrlr.MotorolaWifiSignalController( 1167): notifyListeners: calling SB [1] setWifiIndicators (Motorola api): UseMotoUI=true Vis=true SBSig=0x7f02014c=stat_sys_wifi_signal_4_fully SBAct=( none ) DescSig="Wifi signal full." DescAct="wifi in and out" NetName=""Connectify-me""
I/MotoNetwCtrlr.MotorolaWifiSignalController( 1167): notifyListeners: calling SB [2] setWifiIndicators (Motorola api): UseMotoUI=true Vis=true SBSig=0x7f02014c=stat_sys_wifi_signal_4_fully SBAct=( none ) DescSig="Wifi signal full." DescAct="wifi in and out" NetName=""Connectify-me""
I/MotoNetwCtrlr.MotoWifiHndlr( 1167): handleMessage: Completed
V/AlarmManager(  889): sending alarm {3e9f7fe5 type 3 *alarm*:android.intent.action.TIME_TICK}
V/AlarmManager(  889): done {3e9f7fe5, *alarm*:android.intent.action.TIME_TICK} [82ms]
I/MotoNetwCtrlr.MotoWifiHndlr( 1167): handleMessage: Entered msg.what=1
I/MotoNetwCtrlr.MotorolaWifiSignalController( 1167): isDirty: returns true
I/MotoNetwCtrlr.MotorolaWifiSignalController( 1167): notifyListeners: calling SB [0] setWifiIndicators (Motorola api): UseMotoUI=true Vis=true SBSig=0x7f02014c=stat_sys_wifi_signal_4_fully SBAct=( none ) DescSig="Wifi signal full." DescAct="wifi idle" NetName=""Connectify-me""
I/MotoNetwCtrlr.MotorolaWifiSignalController( 1167): notifyListeners: calling SB [1] setWifiIndicators (Motorola api): UseMotoUI=true Vis=true SBSig=0x7f02014c=stat_sys_wifi_signal_4_fully SBAct=( none ) DescSig="Wifi signal full." DescAct="wifi idle" NetName=""Connectify-me""
I/MotoNetwCtrlr.MotorolaWifiSignalController( 1167): notifyListeners: calling SB [2] setWifiIndicators (Motorola api): UseMotoUI=true Vis=true SBSig=0x7f02014c=stat_sys_wifi_signal_4_fully SBAct=( none ) DescSig="Wifi signal full." DescAct="wifi idle" NetName=""Connectify-me""
I/MotoNetwCtrlr.MotoWifiHndlr( 1167): handleMessage: Completed
I/MotoNetwCtrlr( 1167): onReceive: Received intent=Intent { act=android.net.wifi.RSSI_CHANGED flg=0x4000010 (has extras) } Action=android.net.wifi.RSSI_CHANGED
I/MotoNetwCtrlr.MotoWifiSignalCtrlr( 1167): handleBroadcast: Entered: Intent=Intent { act=android.net.wifi.RSSI_CHANGED flg=0x4000010 (has extras) } Action=android.net.wifi.RSSI_CHANGED
I/MotoNetwCtrlr.MotorolaWifiSignalController( 1167): isDirty: returns false
I/MotoNetwCtrlr.MotoWifiSignalCtrlr( 1167): handleBroadcast: Completed
I/MotoNetwCtrlr( 1167): onReceive: Completed intent=Intent { act=android.net.wifi.RSSI_CHANGED flg=0x4000010 (has extras) } Action=android.net.wifi.RSSI_CHANGED
I/MotoNetwCtrlr.MotoWifiHndlr( 1167): handleMessage: Entered msg.what=1
I/MotoNetwCtrlr.MotorolaWifiSignalController( 1167): isDirty: returns true
I/MotoNetwCtrlr.MotorolaWifiSignalController( 1167): notifyListeners: calling SB [0] setWifiIndicators (Motorola api): UseMotoUI=true Vis=true SBSig=0x7f02014c=stat_sys_wifi_signal_4_fully SBAct=( none ) DescSig="Wifi signal full." DescAct="wifi in and out" NetName=""Connectify-me""
I/MotoNetwCtrlr.MotorolaWifiSignalController( 1167): notifyListeners: calling SB [1] setWifiIndicators (Motorola api): UseMotoUI=true Vis=true SBSig=0x7f02014c=stat_sys_wifi_signal_4_fully SBAct=( none ) DescSig="Wifi signal full." DescAct="wifi in and out" NetName=""Connectify-me""
I/MotoNetwCtrlr.MotorolaWifiSignalController( 1167): notifyListeners: calling SB [2] setWifiIndicators (Motorola api): UseMotoUI=true Vis=true SBSig=0x7f02014c=stat_sys_wifi_signal_4_fully SBAct=( none ) DescSig="Wifi signal full." DescAct="wifi in and out" NetName=""Connectify-me""
I/MotoNetwCtrlr.MotoWifiHndlr( 1167): handleMessage: Completed
I/chromium(27707): [INFO:CONSOLE(25)] "No Content-Security-Policy meta tag found. Please add one when using the cordova-plugin-whitelist plugin.", source: file:///android_asset/www/plugins/cordova-plugin-whitelist/whitelist.js (25)
I/SFPerfTracer(  301):      triggers: (rate: 10329:305324) (compose: 0:473) (post: 0:1939) (render: 0:2341) (0:2409659 frames) (1:2607616)
D/SFPerfTracer(  301):        layers: (3:9) (FocusedStackFrame (0xb6299000): 0:9959)* (DimLayer (0xb6206000): 0:140)* (DimLayer (0xb6208000): 0:26)* (com.android.noisefield.NoiseFieldWallpaper (0xb6279000): 0:331468)* (StatusBar (0xb6204000): 1:298303) (DimLayer (0xb632f000): 0:3866)* (DimLayer (0xb632d000): 0:1368)* (NavigationBar (0xb618c000): 0:379) (com.androidclient.blulock.androidclient/com.androidclient.blulock.androidclient.MainActivity (0xb622a000): 0:14) 
I/MotoNetwCtrlr( 1167): onReceive: Received intent=Intent { act=android.net.wifi.RSSI_CHANGED flg=0x4000010 (has extras) } Action=android.net.wifi.RSSI_CHANGED
I/MotoNetwCtrlr.MotoWifiSignalCtrlr( 1167): handleBroadcast: Entered: Intent=Intent { act=android.net.wifi.RSSI_CHANGED flg=0x4000010 (has extras) } Action=android.net.wifi.RSSI_CHANGED
I/MotoNetwCtrlr.MotorolaWifiSignalController( 1167): isDirty: returns false
I/MotoNetwCtrlr.MotoWifiSignalCtrlr( 1167): handleBroadcast: Completed
I/MotoNetwCtrlr( 1167): onReceive: Completed intent=Intent { act=android.net.wifi.RSSI_CHANGED flg=0x4000010 (has extras) } Action=android.net.wifi.RSSI_CHANGED
I/SFPerfTracer(  301):      triggers: (rate: 383:117253) (4799077 sw vsyncs) (683995 skipped) (0:4615964 vsyncs) (2:9619846)
I/MotoNetwCtrlr( 1167): onReceive: Received intent=Intent { act=android.net.wifi.RSSI_CHANGED flg=0x4000010 (has extras) } Action=android.net.wifi.RSSI_CHANGED
I/MotoNetwCtrlr.MotoWifiSignalCtrlr( 1167): handleBroadcast: Entered: Intent=Intent { act=android.net.wifi.RSSI_CHANGED flg=0x4000010 (has extras) } Action=android.net.wifi.RSSI_CHANGED
I/MotoNetwCtrlr.MotorolaWifiSignalController( 1167): isDirty: returns false
I/MotoNetwCtrlr.MotoWifiSignalCtrlr( 1167): handleBroadcast: Completed
I/MotoNetwCtrlr( 1167): onReceive: Completed intent=Intent { act=android.net.wifi.RSSI_CHANGED flg=0x4000010 (has extras) } Action=android.net.wifi.RSSI_CHANGED
D/[RTMPExtractorWrapper].librtmp( 8011): RTMPSockBuf_Fill, recv returned -1. GetSockError(): 11 (Try again)
E/[RTMPExtractorWrapper].librtmp( 8011): RTMP_ReadPacket, failed to read RTMP packet header
I/art     (  889): Explicit concurrent mark sweep GC freed 104193(5MB) AllocSpace objects, 1(58KB) LOS objects, 30% free, 36MB/52MB, paused 5.341ms total 216.419ms
E/WifiStateMachine(  889): WifiStateMachine CMD_START_SCAN source -2 txSuccessRate=43.15 rxSuccessRate=52.62 targetRoamBSSID=any RSSI=-39
E/WifiStateMachine(  889): startDelayedScan send -> 8312 milli 20000
E/WifiStateMachine(  889): WifiStateMachine CMD_START_SCAN with age=160045 interval=341718 maxinterval=300000
E/WifiStateMachine(  889): WifiStateMachine CMD_START_SCAN prevent full band scan due to pkt rate
E/WifiStateMachine(  889): WifiStateMachine CMD_START_SCAN source -2 ...and ignore scans tx=43.15 rx=52.62
I/MotoNetwCtrlr( 1167): onReceive: Received intent=Intent { act=android.net.wifi.RSSI_CHANGED flg=0x4000010 (has extras) } Action=android.net.wifi.RSSI_CHANGED
I/MotoNetwCtrlr.MotoWifiSignalCtrlr( 1167): handleBroadcast: Entered: Intent=Intent { act=android.net.wifi.RSSI_CHANGED flg=0x4000010 (has extras) } Action=android.net.wifi.RSSI_CHANGED
I/MotoNetwCtrlr.MotorolaWifiSignalController( 1167): isDirty: returns false
I/MotoNetwCtrlr.MotoWifiSignalCtrlr( 1167): handleBroadcast: Completed
I/MotoNetwCtrlr( 1167): onReceive: Completed intent=Intent { act=android.net.wifi.RSSI_CHANGED flg=0x4000010 (has extras) } Action=android.net.wifi.RSSI_CHANGED
I/chromium(27707): [INFO:CONSOLE(25)] "No Content-Security-Policy meta tag found. Please add one when using the cordova-plugin-whitelist plugin.", source: file:///android_asset/www/plugins/cordova-plugin-whitelist/whitelist.js (25)
I/MotoNetwCtrlr( 1167): onReceive: Received intent=Intent { act=android.net.wifi.RSSI_CHANGED flg=0x4000010 (has extras) } Action=android.net.wifi.RSSI_CHANGED
I/MotoNetwCtrlr.MotoWifiSignalCtrlr( 1167): handleBroadcast: Entered: Intent=Intent { act=android.net.wifi.RSSI_CHANGED flg=0x4000010 (has extras) } Action=android.net.wifi.RSSI_CHANGED
I/MotoNetwCtrlr.MotorolaWifiSignalController( 1167): isDirty: returns false
I/MotoNetwCtrlr.MotoWifiSignalCtrlr( 1167): handleBroadcast: Completed
I/MotoNetwCtrlr( 1167): onReceive: Completed intent=Intent { act=android.net.wifi.RSSI_CHANGED flg=0x4000010 (has extras) } Action=android.net.wifi.RSSI_CHANGED
I/MotoNetwCtrlr.MotoNetwCtrlrImpl.MotorolaMobileSignalController( 2 ) ( 1167): MotorolaMobilePhoneStateListener.onSignalStrengthsChanged: Entered: signalStrength=SignalStrength: 11 0 -120 -160 -120 -1 -1 99 2147483647 2147483647 2147483647 2147483647 2147483647 gsm|lte 0 -108 -1 false 3 3 0 0 0 99 99 99 4 0 level=3
I/MotoNetwCtrlr.MotoNetwCtrlrImpl.MotorolaMobileSignalController( 2 ) ( 1167): isDirty: returns true
I/MotoNetwCtrlr.MotoNetwCtrlrImpl.MotorolaMobileSignalController( 2 ) ( 1167): notifyListeners: calling SB [0] setMobileDataIndicators (Motorola api): mobileUseMotoUI=true mobileEnabled=true mobileSimIconId=( none ) mobileSignalIconId=0x7f020474=zz_moto_stat_sys_signal_3_of_4_fully_wide mobileRoamingIconId=( none ) mobileDataTypeIconId=( none ) mobileDataActivityIconId=( none ) mobileCarrierDescription="o2 - de" mobileSimDescription="" mobileSignalContentDescription="phone signal three bars" mobileRoamingDescription="" mobileDataTypeContentDescription="3 G" mobileDataActivityContentDescription="" mobileIsRoaming=false isDataTypeIconWide=true mobileIsBidiDirectionEnabled=false mobileSubId=2
I/MotoNetwCtrlr.MotoNetwCtrlrImpl.MotorolaMobileSignalController( 2 ) ( 1167): notifyListeners: calling SB [1] setMobileDataIndicators (Motorola api): mobileUseMotoUI=true mobileEnabled=true mobileSimIconId=( none ) mobileSignalIconId=0x7f020474=zz_moto_stat_sys_signal_3_of_4_fully_wide mobileRoamingIconId=( none ) mobileDataTypeIconId=( none ) mobileDataActivityIconId=( none ) mobileCarrierDescription="o2 - de" mobileSimDescription="" mobileSignalContentDescription="phone signal three bars" mobileRoamingDescription="" mobileDataTypeContentDescription="3 G" mobileDataActivityContentDescription="" mobileIsRoaming=false isDataTypeIconWide=true mobileIsBidiDirectionEnabled=false mobileSubId=2
I/MotoNetwCtrlr.MotoNetwCtrlrImpl.MotorolaMobileSignalController( 2 ) ( 1167): notifyListeners: calling SB [2] setMobileDataIndicators (Motorola api): mobileUseMotoUI=true mobileEnabled=true mobileSimIconId=( none ) mobileSignalIconId=0x7f020474=zz_moto_stat_sys_signal_3_of_4_fully_wide mobileRoamingIconId=( none ) mobileDataTypeIconId=( none ) mobileDataActivityIconId=( none ) mobileCarrierDescription="o2 - de" mobileSimDescription="" mobileSignalContentDescription="phone signal three bars" mobileRoamingDescription="" mobileDataTypeContentDescription="3 G" mobileDataActivityContentDescription="" mobileIsRoaming=false isDataTypeIconWide=true mobileIsBidiDirectionEnabled=false mobileSubId=2
I/MotoNetwCtrlr.MotoNetwCtrlrImpl.MotorolaMobileSignalController( 2 ) ( 1167): MotorolaMobilePhoneStateListener.onSignalStrengthsChanged: completed: level=3
V/AlarmManager(  889): sending alarm {3c84d211 type 0 *walarm*:com.ultimarom.launchnavigation/anagog.pd.service.AlarmReceiver}
V/AlarmManager(  889): done {3c84d211, *walarm*:com.ultimarom.launchnavigation/anagog.pd.service.AlarmReceiver} [20ms]
I/MotoNetwCtrlr( 1167): onReceive: Received intent=Intent { act=android.net.wifi.RSSI_CHANGED flg=0x4000010 (has extras) } Action=android.net.wifi.RSSI_CHANGED
I/MotoNetwCtrlr.MotoWifiSignalCtrlr( 1167): handleBroadcast: Entered: Intent=Intent { act=android.net.wifi.RSSI_CHANGED flg=0x4000010 (has extras) } Action=android.net.wifi.RSSI_CHANGED
I/MotoNetwCtrlr.MotorolaWifiSignalController( 1167): isDirty: returns false
I/MotoNetwCtrlr.MotoWifiSignalCtrlr( 1167): handleBroadcast: Completed
I/MotoNetwCtrlr( 1167): onReceive: Completed intent=Intent { act=android.net.wifi.RSSI_CHANGED flg=0x4000010 (has extras) } Action=android.net.wifi.RSSI_CHANGED
E/BAR     ( 6714):  change big 6.745725154876709
I/SFPerfTracer(  301):      triggers: (rate: 383:117253) (4799077 sw vsyncs) (683995 skipped) (0:4615965 vsyncs) (2:9619948)
I/MotoNetwCtrlr( 1167): onReceive: Received intent=Intent { act=android.net.wifi.RSSI_CHANGED flg=0x4000010 (has extras) } Action=android.net.wifi.RSSI_CHANGED
I/MotoNetwCtrlr.MotoWifiSignalCtrlr( 1167): handleBroadcast: Entered: Intent=Intent { act=android.net.wifi.RSSI_CHANGED flg=0x4000010 (has extras) } Action=android.net.wifi.RSSI_CHANGED
I/MotoNetwCtrlr.MotorolaWifiSignalController( 1167): isDirty: returns false
I/MotoNetwCtrlr.MotoWifiSignalCtrlr( 1167): handleBroadcast: Completed
