--------- beginning of crash
E/AndroidRuntime(27799): FATAL EXCEPTION: main
E/AndroidRuntime(27799): Process: com.livescore, PID: 27799
E/AndroidRuntime(27799): java.lang.NullPointerException: Attempt to invoke virtual method 'java.util.List com.livescore.j.a.getMenu()' on a null object reference
E/AndroidRuntime(27799): 	at com.livescore.soccer.activity.SoccerCountryController.a(SoccerCountryController.java:438)
E/AndroidRuntime(27799): 	at com.livescore.soccer.activity.SoccerCountryController.b(SoccerCountryController.java:64)
E/AndroidRuntime(27799): 	at com.livescore.soccer.activity.s.onNetworkCallComplete(SoccerCountryController.java:555)
E/AndroidRuntime(27799): 	at com.livescore.k.d.onPostExecute(CountryCallTask.java:52)
E/AndroidRuntime(27799): 	at com.livescore.k.d.onPostExecute(CountryCallTask.java:11)
E/AndroidRuntime(27799): 	at android.os.AsyncTask.finish(AsyncTask.java:636)
E/AndroidRuntime(27799): 	at android.os.AsyncTask.access$500(AsyncTask.java:177)
E/AndroidRuntime(27799): 	at android.os.AsyncTask$InternalHandler.handleMessage(AsyncTask.java:653)
E/AndroidRuntime(27799): 	at android.os.Handler.dispatchMessage(Handler.java:102)
E/AndroidRuntime(27799): 	at android.os.Looper.loop(Looper.java:135)
E/AndroidRuntime(27799): 	at android.app.ActivityThread.main(ActivityThread.java:5343)
E/AndroidRuntime(27799): 	at java.lang.reflect.Method.invoke(Native Method)
E/AndroidRuntime(27799): 	at java.lang.reflect.Method.invoke(Method.java:372)
E/AndroidRuntime(27799): 	at com.android.internal.os.ZygoteInit$MethodAndArgsCaller.run(ZygoteInit.java:905)
E/AndroidRuntime(27799): 	at com.android.internal.os.ZygoteInit.main(ZygoteInit.java:700)
F/libc    ( 2123): Fatal signal 11 (SIGSEGV), code 1, fault addr 0xfffffab4 in tid 28407 (Thread-21298)
I/DEBUG   (  331): *** *** *** *** *** *** *** *** *** *** *** *** *** *** *** ***
I/DEBUG   (  331): Build fingerprint: 'motorola/ghost_retasia/ghost:5.1/LPA23.12-15.5/3:user/release-keys'
I/DEBUG   (  331): Revision: 'p300'
I/DEBUG   (  331): ABI: 'arm'
I/DEBUG   (  331): pid: 2123, tid: 28407, name: Thread-21298  >>> com.google.android.gms.persistent <<<
I/DEBUG   (  331): signal 11 (SIGSEGV), code 1 (SEGV_MAPERR), fault addr 0xfffffab4
I/DEBUG   (  331):     r0 fffffa9c  r1 9a2fb770  r2 00080100  r3 00080100
I/DEBUG   (  331):     r4 9bfe4800  r5 00000000  r6 9bfe4800  r7 6ff79128
I/DEBUG   (  331):     r8 00000000  r9 00073d24  sl 74304a60  fp 13f83c90
I/DEBUG   (  331):     ip b457b801  sp 9a2fb73c  lr b457b815  pc b4786d42  cpsr 60070030
I/DEBUG   (  331): 
I/DEBUG   (  331): backtrace:
I/DEBUG   (  331):     #00 pc 00292d42  /system/lib/libart.so (art::GoToRunnable(art::Thread*)+49)
E/AndroidRuntime( 4538): FATAL EXCEPTION: Timer-775
E/AndroidRuntime( 4538): Process: piuk.blockchain.android, PID: 4538
E/AndroidRuntime( 4538): java.lang.IllegalStateException: Timer was canceled
E/AndroidRuntime( 4538): 	at java.util.Timer.scheduleImpl(Timer.java:558)
E/AndroidRuntime( 4538): 	at java.util.Timer.scheduleAtFixedRate(Timer.java:525)
E/AndroidRuntime( 4538): 	at info.blockchain.wallet.service.WebSocketHandler.startPingTimer(WebSocketHandler.java:129)
E/AndroidRuntime( 4538): 	at info.blockchain.wallet.service.WebSocketHandler.start(WebSocketHandler.java:119)
E/AndroidRuntime( 4538): 	at info.blockchain.wallet.service.WebSocketHandler$1.run(WebSocketHandler.java:138)
E/AndroidRuntime( 4538): 	at java.util.Timer$TimerImpl.run(Timer.java:284)
E/AndroidRuntime(14666): FATAL EXCEPTION: Timer-4408
E/AndroidRuntime(14666): Process: piuk.blockchain.android, PID: 14666
E/AndroidRuntime(14666): java.lang.IllegalStateException: Timer was canceled
E/AndroidRuntime(14666): 	at java.util.Timer.scheduleImpl(Timer.java:558)
E/AndroidRuntime(14666): 	at java.util.Timer.scheduleAtFixedRate(Timer.java:525)
E/AndroidRuntime(14666): 	at info.blockchain.wallet.service.WebSocketHandler.startPingTimer(WebSocketHandler.java:129)
E/AndroidRuntime(14666): 	at info.blockchain.wallet.service.WebSocketHandler.start(WebSocketHandler.java:119)
E/AndroidRuntime(14666): 	at info.blockchain.wallet.service.WebSocketHandler$1.run(WebSocketHandler.java:138)
E/AndroidRuntime(14666): 	at java.util.Timer$TimerImpl.run(Timer.java:284)
--------- beginning of system
V/WindowManager(  889): IKSWL-6868 setKeyguardOccludedLw isOccluded=false wasOccluded=false showing=false
V/WindowManager(  889): IKSWL-6868 finishPostLayoutPolicyLw: mHideKeyguard=false mDismissKeyguard=0
V/WindowManager(  889): IKSWL-6868 setKeyguardOccludedLw isOccluded=false wasOccluded=false showing=false
V/WindowManager(  889): IKSWL-6868 finishPostLayoutPolicyLw: mHideKeyguard=false mDismissKeyguard=0
V/WindowManager(  889): IKSWL-6868 setKeyguardOccludedLw isOccluded=false wasOccluded=false showing=false
V/AlarmManager(  889): sending alarm {6387726 type 2 *walarm*:com.motorola.slpc.ALARM_MODALITY}
V/AlarmManager(  889): done {6387726, *walarm*:com.motorola.slpc.ALARM_MODALITY} [11ms]
V/WindowManager(  889): IKSWL-6868 finishPostLayoutPolicyLw: mHideKeyguard=false mDismissKeyguard=0
V/WindowManager(  889): IKSWL-6868 setKeyguardOccludedLw isOccluded=false wasOccluded=false showing=false
V/WindowManager(  889): IKSWL-6868 finishPostLayoutPolicyLw: mHideKeyguard=false mDismissKeyguard=0
V/WindowManager(  889): IKSWL-6868 setKeyguardOccludedLw isOccluded=false wasOccluded=false showing=false
I/SFPerfTracer(  301):      triggers: (rate: 8231:233364) (compose: 0:451) (post: 0:1806) (render: 0:2193) (1:2235294 frames) (2:2415215)
D/SFPerfTracer(  301):        layers: (3:10) (FocusedStackFrame (0xb6299000): 0:9381)* (DimLayer (0xb6206000): 0:20)* (DimLayer (0xb6208000): 0:22)* (com.android.noisefield.NoiseFieldWallpaper (0xb6279000): 1:304984)* (StatusBar (0xb6204000): 2:271316) (DimLayer (0xb632f000): 0:3764)* (DimLayer (0xb632d000): 0:1258)* (NavigationBar (0xb622a000): 0:98) (com.android.launcher/com.android.launcher2.Launcher (0xb618c000): 0:263)* (Starting com.androidclient.blulock.androidclient (0xb6202000): 2:20) 
I/SFPerfTracer(  301):      triggers: (rate: 380:113515) (4499732 sw vsyncs) (630428 skipped) (113:3951020 vsyncs) (115:8623201)
D/TaskPersister(  889): removeObsoleteFile: deleting file=15364_task.xml
D/TaskPersister(  889): removeObsoleteFile: deleting file=15364_task_thumbnail.png
I/SFPerfTracer(  301):      triggers: (rate: 380:113515) (4499732 sw vsyncs) (630428 skipped) (263:3951285 vsyncs) (265:8623470)
V/WindowManager(  889): Adding window Window{1dd0b000 u0 com.androidclient.blulock.androidclient/com.androidclient.blulock.androidclient.MainActivity} at 7 of 15 (before Window{2daa32e7 u0 Starting com.androidclient.blulock.androidclient})
V/WindowManager(  889): IKSWL-6868 finishPostLayoutPolicyLw: mHideKeyguard=false mDismissKeyguard=0
V/WindowManager(  889): IKSWL-6868 setKeyguardOccludedLw isOccluded=false wasOccluded=false showing=false
V/WindowManager(  889): IKSWL-6868 finishPostLayoutPolicyLw: mHideKeyguard=false mDismissKeyguard=0
V/WindowManager(  889): IKSWL-6868 setKeyguardOccludedLw isOccluded=false wasOccluded=false showing=false
V/WindowManager(  889): IKSWL-6868 finishPostLayoutPolicyLw: mHideKeyguard=false mDismissKeyguard=0
V/WindowManager(  889): IKSWL-6868 setKeyguardOccludedLw isOccluded=false wasOccluded=false showing=false
V/WindowManager(  889): IKSWL-6868 finishPostLayoutPolicyLw: mHideKeyguard=false mDismissKeyguard=0
V/WindowManager(  889): IKSWL-6868 setKeyguardOccludedLw isOccluded=false wasOccluded=false showing=false
I/LaunchCheckinHandler(  889): Displayed com.androidclient.blulock.androidclient/.MainActivity,wp,ca,6510
V/WindowManager(  889): IKSWL-6868 finishPostLayoutPolicyLw: mHideKeyguard=false mDismissKeyguard=0
V/WindowManager(  889): IKSWL-6868 setKeyguardOccludedLw isOccluded=false wasOccluded=false showing=false
V/WindowManager(  889): IKSWL-6868 finishPostLayoutPolicyLw: mHideKeyguard=false mDismissKeyguard=0
V/WindowManager(  889): IKSWL-6868 setKeyguardOccludedLw isOccluded=false wasOccluded=false showing=false
V/WindowManager(  889): IKSWL-6868 finishPostLayoutPolicyLw: mHideKeyguard=false mDismissKeyguard=0
V/WindowManager(  889): IKSWL-6868 setKeyguardOccludedLw isOccluded=false wasOccluded=false showing=false
V/WindowManager(  889): IKSWL-6868 finishPostLayoutPolicyLw: mHideKeyguard=false mDismissKeyguard=0
V/WindowManager(  889): IKSWL-6868 setKeyguardOccludedLw isOccluded=false wasOccluded=false showing=false
I/SFPerfTracer(  301):      triggers: (rate: 380:113515) (4499732 sw vsyncs) (630428 skipped) (235:3951596 vsyncs) (237:8623786)
I/SFPerfTracer(  301):      triggers: (rate: 380:113515) (4499732 sw vsyncs) (630428 skipped) (118:3951762 vsyncs) (120:8623958)
I/SFPerfTracer(  301):      triggers: (rate: 380:113515) (4499732 sw vsyncs) (630428 skipped) (108:3951880 vsyncs) (110:8624080)
I/SFPerfTracer(  301):      triggers: (rate: 380:113515) (4499732 sw vsyncs) (630428 skipped) (69:3951980 vsyncs) (71:8624185)
I/SFPerfTracer(  301):      triggers: (rate: 380:113515) (4499732 sw vsyncs) (630428 skipped) (168:3952233 vsyncs) (170:8624444)
I/SFPerfTracer(  301):      triggers: (rate: 380:113515) (4499732 sw vsyncs) (630428 skipped) (45:3952353 vsyncs) (47:8624573)
V/AlarmManager(  889): sending alarm {3e9f7fe5 type 3 *alarm*:android.intent.action.TIME_TICK}
V/AlarmManager(  889): done {3e9f7fe5, *alarm*:android.intent.action.TIME_TICK} [53ms]
W/ActivityManager(  889): getRunningAppProcesses: caller 10207 does not hold REAL_GET_TASKS; limiting output
I/SFPerfTracer(  301):      triggers: (rate: 380:113515) (4499732 sw vsyncs) (630428 skipped) (78:3952469 vsyncs) (80:8624693)
I/SFPerfTracer(  301):      triggers: (rate: 380:113515) (4499732 sw vsyncs) (630428 skipped) (107:3952664 vsyncs) (109:8624899)
I/SFPerfTracer(  301):      triggers: (rate: 380:113515) (4499732 sw vsyncs) (630428 skipped) (134:3952798 vsyncs) (136:8625035)
I/SFPerfTracer(  301):      triggers: (rate: 380:113515) (4499732 sw vsyncs) (630428 skipped) (151:3952949 vsyncs) (153:8625188)
I/SFPerfTracer(  301):      triggers: (rate: 380:113515) (4499732 sw vsyncs) (630428 skipped) (148:3953097 vsyncs) (150:8625338)
I/SFPerfTracer(  301):      triggers: (rate: 380:113515) (4499732 sw vsyncs) (630428 skipped) (79:3953241 vsyncs) (81:8625486)
I/SFPerfTracer(  301):      triggers: (rate: 380:113515) (4499732 sw vsyncs) (630428 skipped) (148:3953393 vsyncs) (150:8625642)
I/SFPerfTracer(  301):      triggers: (rate: 380:113515) (4499732 sw vsyncs) (630428 skipped) (67:3953516 vsyncs) (69:8625770)
I/SFPerfTracer(  301):      triggers: (rate: 380:113515) (4499732 sw vsyncs) (630428 skipped) (85:3953622 vsyncs) (87:8625882)
I/SFPerfTracer(  301):      triggers: (rate: 380:113515) (4499732 sw vsyncs) (630428 skipped) (121:3953750 vsyncs) (123:8626014)
I/SFPerfTracer(  301):      triggers: (rate: 380:113515) (4499732 sw vsyncs) (630428 skipped) (229:3953979 vsyncs) (231:8626247)
I/SFPerfTracer(  301):      triggers: (rate: 380:113515) (4499732 sw vsyncs) (630428 skipped) (34:3954081 vsyncs) (36:8626355)
V/AlarmManager(  889): sending alarm {3c84d211 type 0 *walarm*:com.ultimarom.launchnavigation/anagog.pd.service.AlarmReceiver}
I/ActivityManager(  889): Start proc 15581:com.expensemanager:remote/u0a324 for service com.expensemanager/.ExpenseAlertsService
V/AlarmManager(  889): sending alarm {909c2ee type 2 *walarm*:com.expensemanager/.ExpenseAlertsService}
V/AlarmManager(  889): sending alarm {4a0b38f type 3 *alarm*:com.expensemanager/.ExpenseSyncService}
V/AlarmManager(  889): sending alarm {22378e9b type 0 *walarm*:com.outfit7.talkingtom2free/com.bee7.sdk.service.RewardingService}
V/AlarmManager(  889): sending alarm {3f08366 type 3 *alarm*:com.google.android.gms/.lockbox.LockboxAlarmReceiver}
V/AlarmManager(  889): done {909c2ee, *walarm*:com.expensemanager/.ExpenseAlertsService} [61ms]
V/AlarmManager(  889): done {4a0b38f, *alarm*:com.expensemanager/.ExpenseSyncService} [62ms]
V/AlarmManager(  889): done {22378e9b, *walarm*:com.outfit7.talkingtom2free/com.bee7.sdk.service.RewardingService} [62ms]
V/AlarmManager(  889): done {3c84d211, *walarm*:com.ultimarom.launchnavigation/anagog.pd.service.AlarmReceiver} [114ms]
V/AlarmManager(  889): done {3f08366, *alarm*:com.google.android.gms/.lockbox.LockboxAlarmReceiver} [121ms]
I/SFPerfTracer(  301):      triggers: (rate: 380:113515) (4499732 sw vsyncs) (630428 skipped) (132:3954213 vsyncs) (134:8626489)
I/SFPerfTracer(  301):      triggers: (rate: 380:113515) (4499732 sw vsyncs) (630428 skipped) (29:3954325 vsyncs) (31:8626605)
I/SFPerfTracer(  301):      triggers: (rate: 380:113515) (4499732 sw vsyncs) (630428 skipped) (136:3954461 vsyncs) (138:8626743)
I/SFPerfTracer(  301):      triggers: (rate: 380:113515) (4499732 sw vsyncs) (630428 skipped) (368:3954869 vsyncs) (370:8627155)
I/SFPerfTracer(  301):      triggers: (rate: 380:113515) (4499732 sw vsyncs) (630428 skipped) (201:3955070 vsyncs) (203:8627358)
I/SFPerfTracer(  301):      triggers: (rate: 380:113515) (4499732 sw vsyncs) (630428 skipped) (162:3955232 vsyncs) (164:8627522)
I/SFPerfTracer(  301):      triggers: (rate: 380:113515) (4499732 sw vsyncs) (630428 skipped) (56:3955369 vsyncs) (58:8627663)
I/SFPerfTracer(  301):      triggers: (rate: 380:113515) (4499732 sw vsyncs) (630428 skipped) (121:3955551 vsyncs) (123:8627849)
I/SFPerfTracer(  301):      triggers: (rate: 380:113515) (4499732 sw vsyncs) (630428 skipped) (84:3955669 vsyncs) (86:8627971)
V/AlarmManager(  889): sending alarm {3e9f7fe5 type 3 *alarm*:android.intent.action.TIME_TICK}
I/SFPerfTracer(  301):      triggers: (rate: 380:113515) (4499732 sw vsyncs) (630428 skipped) (153:3955916 vsyncs) (155:8628222)
V/AlarmManager(  889): done {3e9f7fe5, *alarm*:android.intent.action.TIME_TICK} [66ms]
W/ActivityManager(  889): getRunningAppProcesses: caller 10207 does not hold REAL_GET_TASKS; limiting output
I/SFPerfTracer(  301):      triggers: (rate: 380:113515) (4499732 sw vsyncs) (630428 skipped) (210:3956147 vsyncs) (212:8628458)
I/SFPerfTracer(  301):      triggers: (rate: 380:113515) (4499732 sw vsyncs) (630428 skipped) (31:3956252 vsyncs) (33:8628578)
I/SFPerfTracer(  301):      triggers: (rate: 380:113515) (4499732 sw vsyncs) (630428 skipped) (121:3956463 vsyncs) (123:8628793)
I/SFPerfTracer(  301):      triggers: (rate: 380:113515) (4499732 sw vsyncs) (630428 skipped) (118:3956581 vsyncs) (120:8628914)
I/SFPerfTracer(  301):      triggers: (rate: 380:113515) (4499732 sw vsyncs) (630428 skipped) (165:3956815 vsyncs) (167:8629152)
I/SFPerfTracer(  301):      triggers: (rate: 380:113515) (4499732 sw vsyncs) (630428 skipped) (142:3956957 vsyncs) (144:8629296)
I/SFPerfTracer(  301):      triggers: (rate: 380:113515) (4499732 sw vsyncs) (630428 skipped) (170:3957136 vsyncs) (172:8629479)
I/SFPerfTracer(  301):      triggers: (rate: 380:113515) (4499732 sw vsyncs) (630428 skipped) (141:3957315 vsyncs) (143:8629662)
I/SFPerfTracer(  301):      triggers: (rate: 380:113515) (4499732 sw vsyncs) (630428 skipped) (183:3957498 vsyncs) (185:8629847)
V/AlarmManager(  889): sending alarm {53536cf type 2 *walarm*:ALARM_WAKEUP551056996}
V/AlarmManager(  889): done {53536cf, *walarm*:ALARM_WAKEUP551056996} [14ms]
I/SFPerfTracer(  301):      triggers: (rate: 380:113515) (4499732 sw vsyncs) (630428 skipped) (181:3957679 vsyncs) (183:8630030)
V/AlarmManager(  889): sending alarm {39de57d4 type 3 *alarm*:com.android.server.action.NETWORK_STATS_POLL}
V/AlarmManager(  889): sending alarm {2d301286 type 2 *walarm*:com.android.server.task.controllers.BatteryController.ACTION_CHARGING_STABLE}
V/AlarmManager(  889): sending alarm {632f6fa type 2 *walarm*:com.whatsapp.messaging.MessageService.CLIENT_PINGER_ACTION}
V/AlarmManager(  889): sending alarm {2175985c type 0 *walarm*:com.google.android.libraries.social.sync.impl.SyncAlarmListner.ACTION_SYNC_ALARM1}
V/AlarmManager(  889): sending alarm {22378e9b type 0 *walarm*:com.outfit7.talkingtom2free/com.bee7.sdk.service.RewardingService}
V/AlarmManager(  889): done {22378e9b, *walarm*:com.outfit7.talkingtom2free/com.bee7.sdk.service.RewardingService} [21ms]
V/AlarmManager(  889): done {39de57d4, *alarm*:com.android.server.action.NETWORK_STATS_POLL} [147ms]
V/AlarmManager(  889): done {2d301286, *walarm*:com.android.server.task.controllers.BatteryController.ACTION_CHARGING_STABLE} [149ms]
V/AlarmManager(  889): done {632f6fa, *walarm*:com.whatsapp.messaging.MessageService.CLIENT_PINGER_ACTION} [165ms]
V/AlarmManager(  889): done {2175985c, *walarm*:com.google.android.libraries.social.sync.impl.SyncAlarmListner.ACTION_SYNC_ALARM1} [244ms]
V/AlarmManager(  889): sending alarm {3f08366 type 3 *alarm*:com.google.android.gms/.lockbox.LockboxAlarmReceiver}
V/AlarmManager(  889): done {3f08366, *alarm*:com.google.android.gms/.lockbox.LockboxAlarmReceiver} [5ms]
D/ConnectivityService(  889): listenForNetwork for NetworkRequest [ id=1389, legacyType=-1, [ Capabilities: INTERNET&NOT_RESTRICTED&TRUSTED&NOT_VPN] ]
D/ConnectivityService(  889): handleRegisterNetworkRequest checking NetworkAgentInfo [WIFI () - 283]
D/ConnectivityService(  889): apparently satisfied.  currentScore=60
I/SFPerfTracer(  301):      triggers: (rate: 380:113515) (4499732 sw vsyncs) (630428 skipped) (144:3957823 vsyncs) (146:8630177)
I/PowerManagerService(  889): Going to sleep due to screen timeout (uid 1000)...
I/WindowManager(  889): Screen turned off...
I/DisplayManagerService(  889): Display device changed: DisplayDeviceInfo{"Built-in Screen": uniqueId="local:0", 720 x 1280, 60.0 fps, supportedRefreshRates [60.0], density 320, 315.31 x 315.65 dpi, appVsyncOff 0, presDeadline 17666667, touch INTERNAL, rotation 0, type BUILT_IN, state OFF, FLAG_DEFAULT_DISPLAY, FLAG_ROTATES_WITH_CONTENT, FLAG_SECURE, FLAG_SUPPORTS_PROTECTED_BUFFERS}
V/ActivityManager(  889): Display changed displayId=0
V/WindowManager(  889): mAppsToBeHidden add Token{302a94ef ActivityRecord{26b2cdce u0 com.androidclient.blulock.androidclient/.MainActivity t15365}}
V/WindowManager(  889): IKSWL-6868 finishPostLayoutPolicyLw: mHideKeyguard=false mDismissKeyguard=0
V/WindowManager(  889): IKSWL-6868 setKeyguardOccludedLw isOccluded=false wasOccluded=false showing=false
I/SFPerfTracer(  301):      triggers: (rate: 380:113515) (4499732 sw vsyncs) (630428 skipped) (116:3957939 vsyncs) (118:8630295)
V/WindowManager(  889): mAppsToBeHidden add Token{302a94ef ActivityRecord{26b2cdce u0 com.androidclient.blulock.androidclient/.MainActivity t15365}}
V/WindowManager(  889): IKSWL-6868 finishPostLayoutPolicyLw: mHideKeyguard=false mDismissKeyguard=0
V/WindowManager(  889): IKSWL-6868 setKeyguardOccludedLw isOccluded=false wasOccluded=false showing=false
I/PowerManagerService(  889): Sleeping (uid 1000)...
I/WindowManager(  889): Going to sleep...
V/WindowManager(  889): mAppsToBeHidden add Token{302a94ef ActivityRecord{26b2cdce u0 com.androidclient.blulock.androidclient/.MainActivity t15365}}
V/WindowManager(  889): IKSWL-6868 finishPostLayoutPolicyLw: mHideKeyguard=false mDismissKeyguard=0
V/WindowManager(  889): IKSWL-6868 setKeyguardOccludedLw isOccluded=false wasOccluded=false showing=false
W/AlarmManager(  889): Suspiciously short interval 30000 millis; expanding to 60 seconds
W/ActivityManager(  889): getRunningAppProcesses: caller 10207 does not hold REAL_GET_TASKS; limiting output
V/AlarmManager(  889): sending alarm {32fb7e33 type 0 *walarm*:com.facebook.analytics.service.a.ACTION_ALARM}
V/AlarmManager(  889): sending alarm {23fa75f0 type 2 *walarm*:com.android.internal.policy.impl.PhoneWindowManager.DELAYED_KEYGUARD}
V/AlarmManager(  889): done {32fb7e33, *walarm*:com.facebook.analytics.service.a.ACTION_ALARM} [19ms]
V/AlarmManager(  889): done {23fa75f0, *walarm*:com.android.internal.policy.impl.PhoneWindowManager.DELAYED_KEYGUARD} [128ms]
D/StatusBarKeyguardViewManager( 1167): showKeyguard, but hide Bouncer
V/WindowManager(  889): mAppsToBeHidden add Token{302a94ef ActivityRecord{26b2cdce u0 com.androidclient.blulock.androidclient/.MainActivity t15365}}
V/WindowManager(  889): IKSWL-6868 finishPostLayoutPolicyLw: mHideKeyguard=false mDismissKeyguard=0
V/WindowManager(  889): IKSWL-6868 setKeyguardOccludedLw isOccluded=false wasOccluded=false showing=true
V/WindowManager(  889): mAppsToBeHidden add Token{302a94ef ActivityRecord{26b2cdce u0 com.androidclient.blulock.androidclient/.MainActivity t15365}}
V/WindowManager(  889): IKSWL-6868 finishPostLayoutPolicyLw: mHideKeyguard=false mDismissKeyguard=0
V/WindowManager(  889): IKSWL-6868 setKeyguardOccludedLw isOccluded=false wasOccluded=false showing=true
V/WindowManager(  889): mAppsToBeHidden add Token{302a94ef ActivityRecord{26b2cdce u0 com.androidclient.blulock.androidclient/.MainActivity t15365}}
V/WindowManager(  889): IKSWL-6868 finishPostLayoutPolicyLw: mHideKeyguard=false mDismissKeyguard=0
V/WindowManager(  889): IKSWL-6868 setKeyguardOccludedLw isOccluded=false wasOccluded=false showing=true
V/WindowManager(  889): mAppsToBeHidden add Token{302a94ef ActivityRecord{26b2cdce u0 com.androidclient.blulock.androidclient/.MainActivity t15365}}
V/WindowManager(  889): IKSWL-6868 finishPostLayoutPolicyLw: mHideKeyguard=false mDismissKeyguard=0
V/WindowManager(  889): IKSWL-6868 setKeyguardOccludedLw isOccluded=false wasOccluded=false showing=true
V/WindowManager(  889): mAppsToBeHidden add Token{302a94ef ActivityRecord{26b2cdce u0 com.androidclient.blulock.androidclient/.MainActivity t15365}}
V/WindowManager(  889): IKSWL-6868 finishPostLayoutPolicyLw: mHideKeyguard=false mDismissKeyguard=0
V/WindowManager(  889): IKSWL-6868 setKeyguardOccludedLw isOccluded=false wasOccluded=false showing=true
V/WindowManager(  889): mAppsToBeHidden add Token{302a94ef ActivityRecord{26b2cdce u0 com.androidclient.blulock.androidclient/.MainActivity t15365}}
V/WindowManager(  889): IKSWL-6868 finishPostLayoutPolicyLw: mHideKeyguard=false mDismissKeyguard=0
V/WindowManager(  889): IKSWL-6868 setKeyguardOccludedLw isOccluded=false wasOccluded=false showing=true
V/WindowManager(  889): mAppsToBeHidden add Token{302a94ef ActivityRecord{26b2cdce u0 com.androidclient.blulock.androidclient/.MainActivity t15365}}
V/WindowManager(  889): IKSWL-6868 finishPostLayoutPolicyLw: mHideKeyguard=false mDismissKeyguard=0
V/WindowManager(  889): IKSWL-6868 setKeyguardOccludedLw isOccluded=false wasOccluded=false showing=true
V/WindowManager(  889): mAppsToBeHidden add Token{302a94ef ActivityRecord{26b2cdce u0 com.androidclient.blulock.androidclient/.MainActivity t15365}}
V/WindowManager(  889): IKSWL-6868 finishPostLayoutPolicyLw: mHideKeyguard=false mDismissKeyguard=0
V/WindowManager(  889): IKSWL-6868 setKeyguardOccludedLw isOccluded=false wasOccluded=false showing=true
V/AlarmManager(  889): sending alarm {29225a09 type 2 *walarm*:com.facebook.common.executors.dy.ACTION_ALARM.com.facebook.orca.Mqtt_Wakeup}
V/AlarmManager(  889): done {29225a09, *walarm*:com.facebook.common.executors.dy.ACTION_ALARM.com.facebook.orca.Mqtt_Wakeup} [13ms]
V/AlarmManager(  889): sending alarm {2cc745d8 type 2 *walarm*:com.facebook.common.executors.WakingExecutorService.ACTION_ALARM.com.facebook.katana.Mqtt_Wakeup}
V/AlarmManager(  889): done {2cc745d8, *walarm*:com.facebook.common.executors.WakingExecutorService.ACTION_ALARM.com.facebook.katana.Mqtt_Wakeup} [5ms]
V/AlarmManager(  889): sending alarm {3e9f7fe5 type 3 *alarm*:android.intent.action.TIME_TICK}
V/AlarmManager(  889): sending alarm {38801cd9 type 2 *walarm*:com.google.android.googlequicksearchbox/com.google.android.apps.gsa.sidekick.main.TrafficIntentService}
V/AlarmManager(  889): done {38801cd9, *walarm*:com.google.android.googlequicksearchbox/com.google.android.apps.gsa.sidekick.main.TrafficIntentService} [38ms]
V/AlarmManager(  889): sending alarm {3cbee075 type 2 *walarm*:android.content.syncmanager.SYNC_ALARM}
V/AlarmManager(  889): done {3cbee075, *walarm*:android.content.syncmanager.SYNC_ALARM} [9ms]
V/AlarmManager(  889): done {3e9f7fe5, *alarm*:android.intent.action.TIME_TICK} [221ms]
I/ActivityManager(  889): Start proc 17158:com.android.providers.calendar/u0a9 for content provider com.android.providers.calendar/.CalendarProvider2
W/ResourcesManager(17158): Asset path '/system/framework/android.test.runner.jar' does not exist or contains no resources.
I/ActivityManager(  889): Start proc 17194:com.google.android.calendar/u0a70 for broadcast com.google.android.calendar/com.android.calendar.alerts.AlertReceiver
I/ActivityManager(  889): Killing 12646:com.skype.raider/u0a120 (adj 15): empty #22
D/WifiService(  889): Client connection lost with reason: 4
V/AlarmManager(  889): sending alarm {3e68d9bc type 2 *walarm*:com.google.android.intent.action.SEND_IDLE}
V/AlarmManager(  889): done {3e68d9bc, *walarm*:com.google.android.intent.action.SEND_IDLE} [21ms]
D/ConnectivityService(  889): reportBadNetwork(NetworkAgentInfo [WIFI () - 283]) by 10023
D/ConnectivityService(  889): setProvNotificationVisibleIntent: E visible=false networkType=0 extraInfo=null
D/ConnectivityService(  889): Validated NetworkAgentInfo [WIFI () - 283]
I/ActivityManager(  889): Killing 13319:com.android.deskclock/u0a16 (adj 15): empty #22
V/AlarmManager(  889): sending alarm {1b8a696 type 2 *walarm*:com.google.android.intent.action.GCM_RECONNECT}
V/AlarmManager(  889): done {1b8a696, *walarm*:com.google.android.intent.action.GCM_RECONNECT} [26ms]
V/AlarmManager(  889): sending alarm {b8dce95 type 2 *walarm*:com.nimbuzz.keep_alive}
V/AlarmManager(  889): sending alarm {3c84d211 type 0 *walarm*:com.ultimarom.launchnavigation/anagog.pd.service.AlarmReceiver}
V/AlarmManager(  889): sending alarm {22378e9b type 0 *walarm*:com.outfit7.talkingtom2free/com.bee7.sdk.service.RewardingService}
V/AlarmManager(  889): sending alarm {3f08366 type 3 *alarm*:com.google.android.gms/.lockbox.LockboxAlarmReceiver}
V/AlarmManager(  889): done {22378e9b, *walarm*:com.outfit7.talkingtom2free/com.bee7.sdk.service.RewardingService} [31ms]
V/AlarmManager(  889): done {b8dce95, *walarm*:com.nimbuzz.keep_alive} [107ms]
V/AlarmManager(  889): done {3c84d211, *walarm*:com.ultimarom.launchnavigation/anagog.pd.service.AlarmReceiver} [113ms]
V/AlarmManager(  889): done {3f08366, *alarm*:com.google.android.gms/.lockbox.LockboxAlarmReceiver} [120ms]
W/ProcessCpuTracker(  889): Skipping unknown process pid 17729
V/AlarmManager(  889): sending alarm {3e9f7fe5 type 3 *alarm*:android.intent.action.TIME_TICK}
V/AlarmManager(  889): sending alarm {22378e9b type 0 *walarm*:com.outfit7.talkingtom2free/com.bee7.sdk.service.RewardingService}
V/AlarmManager(  889): sending alarm {3c84d211 type 0 *walarm*:com.ultimarom.launchnavigation/anagog.pd.service.AlarmReceiver}
V/AlarmManager(  889): sending alarm {3f08366 type 3 *alarm*:com.google.android.gms/.lockbox.LockboxAlarmReceiver}
V/AlarmManager(  889): done {22378e9b, *walarm*:com.outfit7.talkingtom2free/com.bee7.sdk.service.RewardingService} [36ms]
V/AlarmManager(  889): done {3c84d211, *walarm*:com.ultimarom.launchnavigation/anagog.pd.service.AlarmReceiver} [51ms]
V/AlarmManager(  889): done {3f08366, *alarm*:com.google.android.gms/.lockbox.LockboxAlarmReceiver} [65ms]
V/AlarmManager(  889): done {3e9f7fe5, *alarm*:android.intent.action.TIME_TICK} [213ms]
I/ActivityManager(  889): Start proc 18594:com.viewdle.frservice/u0a35 for service com.motorola.MotGallery2/com.viewdle.frservice.FRService
W/ResourcesManager(18594): Asset path '/system/framework/com.motorola.gallery' does not exist or contains no resources.
W/ResourcesManager(18594): Asset path '/system/framework/com.google.android.media.effects.jar' does not exist or contains no resources.
W/ResourcesManager(18594): Asset path '/system/framework/com.motorola.frameworks.core.addon.jar' does not exist or contains no resources.
I/ActivityManager(  889): Killing 11706:com.android.defcontainer/u0a14 (adj 15): empty #22
W/ActivityManager(  889): getRunningAppProcesses: caller 10107 does not hold REAL_GET_TASKS; limiting output
V/AlarmManager(  889): sending alarm {3e9f7fe5 type 3 *alarm*:android.intent.action.TIME_TICK}
V/AlarmManager(  889): sending alarm {22378e9b type 0 *walarm*:com.outfit7.talkingtom2free/com.bee7.sdk.service.RewardingService}
V/AlarmManager(  889): sending alarm {3c84d211 type 0 *walarm*:com.ultimarom.launchnavigation/anagog.pd.service.AlarmReceiver}
V/AlarmManager(  889): sending alarm {3f08366 type 3 *alarm*:com.google.android.gms/.lockbox.LockboxAlarmReceiver}
V/AlarmManager(  889): done {22378e9b, *walarm*:com.outfit7.talkingtom2free/com.bee7.sdk.service.RewardingService} [28ms]
V/AlarmManager(  889): done {3c84d211, *walarm*:com.ultimarom.launchnavigation/anagog.pd.service.AlarmReceiver} [61ms]
V/AlarmManager(  889): done {3f08366, *alarm*:com.google.android.gms/.lockbox.LockboxAlarmReceiver} [71ms]
W/AlarmManager(  889): Suspiciously short interval 30000 millis; expanding to 60 seconds
V/AlarmManager(  889): done {3e9f7fe5, *alarm*:android.intent.action.TIME_TICK} [364ms]
W/ActivityManager(  889): getRunningAppProcesses: caller 10107 does not hold REAL_GET_TASKS; limiting output
W/ActivityManager(  889): getRunningAppProcesses: caller 10107 does not hold REAL_GET_TASKS; limiting output
V/AlarmManager(  889): sending alarm {3e9f7fe5 type 3 *alarm*:android.intent.action.TIME_TICK}
V/AlarmManager(  889): sending alarm {3c84d211 type 0 *walarm*:com.ultimarom.launchnavigation/anagog.pd.service.AlarmReceiver}
V/AlarmManager(  889): sending alarm {3f08366 type 3 *alarm*:com.google.android.gms/.lockbox.LockboxAlarmReceiver}
V/AlarmManager(  889): done {3c84d211, *walarm*:com.ultimarom.launchnavigation/anagog.pd.service.AlarmReceiver} [33ms]
V/AlarmManager(  889): done {3f08366, *alarm*:com.google.android.gms/.lockbox.LockboxAlarmReceiver} [45ms]
V/AlarmManager(  889): done {3e9f7fe5, *alarm*:android.intent.action.TIME_TICK} [154ms]
W/ActivityManager(  889): getRunningAppProcesses: caller 10107 does not hold REAL_GET_TASKS; limiting output
W/ProcessCpuTracker(  889): Skipping unknown process pid 20362
W/ProcessCpuTracker(  889): Skipping unknown process pid 20365
W/ContextImpl(  889): Calling a method in the system process without a qualified user: android.app.ContextImpl.sendOrderedBroadcast:1509 com.android.internal.policy.impl.PhoneWindowManager.notifyPowerPress:5240 com.android.internal.policy.impl.PhoneWindowManager.interceptKeyBeforeQueueing:5479 com.android.internal.policy.impl.PhoneWindowManagerWithPartialDisplay.interceptKeyBeforeQueueing:35 com.android.server.wm.InputMonitor.interceptKeyBeforeQueueing:370 
I/PowerManagerService(  889): Waking up from sleep (uid 1000)...
I/WindowManager(  889): Waking up...
I/WindowManager(  889): Screen turning on...
V/WindowManager(  889): mAppsToBeHidden add Token{302a94ef ActivityRecord{26b2cdce u0 com.androidclient.blulock.androidclient/.MainActivity t15365}}
V/WindowManager(  889): IKSWL-6868 finishPostLayoutPolicyLw: mHideKeyguard=false mDismissKeyguard=0
V/WindowManager(  889): IKSWL-6868 setKeyguardOccludedLw isOccluded=false wasOccluded=false showing=true
I/DisplayManagerService(  889): Display device changed: DisplayDeviceInfo{"Built-in Screen": uniqueId="local:0", 720 x 1280, 60.0 fps, supportedRefreshRates [60.0], density 320, 315.31 x 315.65 dpi, appVsyncOff 0, presDeadline 17666667, touch INTERNAL, rotation 0, type BUILT_IN, state ON, FLAG_DEFAULT_DISPLAY, FLAG_ROTATES_WITH_CONTENT, FLAG_SECURE, FLAG_SUPPORTS_PROTECTED_BUFFERS}
V/ActivityManager(  889): Display changed displayId=0
V/WindowManager(  889): mAppsToBeHidden add Token{302a94ef ActivityRecord{26b2cdce u0 com.androidclient.blulock.androidclient/.MainActivity t15365}}
V/WindowManager(  889): IKSWL-6868 finishPostLayoutPolicyLw: mHideKeyguard=false mDismissKeyguard=0
V/WindowManager(  889): IKSWL-6868 setKeyguardOccludedLw isOccluded=false wasOccluded=false showing=true
V/WindowManager(  889): mAppsToBeHidden add Token{302a94ef ActivityRecord{26b2cdce u0 com.androidclient.blulock.androidclient/.MainActivity t15365}}
V/WindowManager(  889): IKSWL-6868 finishPostLayoutPolicyLw: mHideKeyguard=false mDismissKeyguard=0
V/WindowManager(  889): IKSWL-6868 setKeyguardOccludedLw isOccluded=false wasOccluded=false showing=true
D/WindowManager(  889): mKeyguardDelegate.ShowListener.onShown.
W/WindowManager(  889): Setting mKeyguardDrawComplete
D/WindowManager(  889): finishScreenTurningOn: mAwake=true, mScreenOnEarly=true, mScreenOnFully=false, mKeyguardDrawComplete=true, mWindowManagerDrawComplete=false
I/SFPerfTracer(  301):      triggers: (rate: 380:113515) (4514449 sw vsyncs) (630429 skipped) (0:3957974 vsyncs) (14716:8645049)
V/WindowManager(  889): mAppsToBeHidden add Token{302a94ef ActivityRecord{26b2cdce u0 com.androidclient.blulock.androidclient/.MainActivity t15365}}
V/WindowManager(  889): IKSWL-6868 finishPostLayoutPolicyLw: mHideKeyguard=false mDismissKeyguard=0
V/WindowManager(  889): IKSWL-6868 setKeyguardOccludedLw isOccluded=false wasOccluded=false showing=true
V/WindowManager(  889): mAppsToBeHidden add Token{302a94ef ActivityRecord{26b2cdce u0 com.androidclient.blulock.androidclient/.MainActivity t15365}}
V/WindowManager(  889): IKSWL-6868 finishPostLayoutPolicyLw: mHideKeyguard=false mDismissKeyguard=0
V/WindowManager(  889): IKSWL-6868 setKeyguardOccludedLw isOccluded=false wasOccluded=false showing=true
I/WindowManager(  889): All windows ready for display!
W/WindowManager(  889): Setting mWindowManagerDrawComplete
D/WindowManager(  889): finishScreenTurningOn: mAwake=true, mScreenOnEarly=true, mScreenOnFully=false, mKeyguardDrawComplete=true, mWindowManagerDrawComplete=true
I/WindowManager(  889): Finished screen turning on...
V/WindowManager(  889): IKSWL-6868 finishPostLayoutPolicyLw: mHideKeyguard=false mDismissKeyguard=0
V/WindowManager(  889): IKSWL-6868 setKeyguardOccludedLw isOccluded=false wasOccluded=false showing=true
W/AlarmManager(  889): Suspiciously short interval 30000 millis; expanding to 60 seconds
W/ActivityManager(  889): getRunningAppProcesses: caller 10207 does not hold REAL_GET_TASKS; limiting output
W/ActivityManager(  889): getRunningAppProcesses: caller 10207 does not hold REAL_GET_TASKS; limiting output
I/SFPerfTracer(  301):       trigger: frame rate (-58.633%)	(24.820 fps)	(40.290 ms) 	(9 drops)	(11 frames)
I/SFPerfTracer(  301):      triggers: (rate: 8232:233375) (compose: 0:451) (post: 0:1808) (render: 0:2195) (11:2235342 frames) (12:2415298)
D/SFPerfTracer(  301):        layers: (2:11) (FocusedStackFrame (0xb6299000): 1:9387)* (DimLayer (0xb6206000): 0:20)* (DimLayer (0xb6208000): 0:22)* (com.android.noisefield.NoiseFieldWallpaper (0xb6279000): 10:304999) (StatusBar (0xb6204000): 3:271344) (DimLayer (0xb632f000): 0:3764)* (DimLayer (0xb632d000): 0:1258)* (NavigationBar (0xb622a000): 0:98)- (Starting com.androidclient.blulock.androidclient (0xb6202000): 0:32)- (com.androidclient.blulock.androidclient/com.androidclient.blulock.androidclient.MainActivity (0xb618c000): 1:11)* (ColorFade (0xb6202000): 0:27)- 
V/WindowManager(  889): IKSWL-6868 finishPostLayoutPolicyLw: mHideKeyguard=false mDismissKeyguard=0
V/WindowManager(  889): IKSWL-6868 setKeyguardOccludedLw isOccluded=false wasOccluded=false showing=true
V/WindowManager(  889): IKSWL-6868 finishPostLayoutPolicyLw: mHideKeyguard=false mDismissKeyguard=0
V/WindowManager(  889): IKSWL-6868 setKeyguardOccludedLw isOccluded=false wasOccluded=false showing=true
V/WindowManager(  889): IKSWL-6868 finishPostLayoutPolicyLw: mHideKeyguard=false mDismissKeyguard=0
V/WindowManager(  889): IKSWL-6868 setKeyguardOccludedLw isOccluded=false wasOccluded=false showing=true
V/WindowManager(  889): IKSWL-6868 finishPostLayoutPolicyLw: mHideKeyguard=false mDismissKeyguard=0
V/WindowManager(  889): IKSWL-6868 setKeyguardOccludedLw isOccluded=false wasOccluded=false showing=true
V/WindowManager(  889): IKSWL-6868 finishPostLayoutPolicyLw: mHideKeyguard=false mDismissKeyguard=0
V/WindowManager(  889): IKSWL-6868 setKeyguardOccludedLw isOccluded=false wasOccluded=false showing=true
V/WindowManager(  889): IKSWL-6868 finishPostLayoutPolicyLw: mHideKeyguard=false mDismissKeyguard=0
V/WindowManager(  889): IKSWL-6868 setKeyguardOccludedLw isOccluded=false wasOccluded=false showing=true
D/WindowManager(  889): PWM.startKeyguardExitAnimation
V/WindowManager(  889): IKSWL-6868 finishPostLayoutPolicyLw: mHideKeyguard=false mDismissKeyguard=0
V/WindowManager(  889): IKSWL-6868 setKeyguardOccludedLw isOccluded=false wasOccluded=false showing=true
I/SFPerfTracer(  301):      triggers: (rate: 8232:233382) (compose: 0:451) (post: 0:1809) (render: 0:2195) (14:2235387 frames) (15:2415359)
V/WindowManager(  889): IKSWL-6868 finishPostLayoutPolicyLw: mHideKeyguard=false mDismissKeyguard=0
V/WindowManager(  889): IKSWL-6868 setKeyguardOccludedLw isOccluded=false wasOccluded=false showing=false
D/SFPerfTracer(  301):        layers: (3:9) (FocusedStackFrame (0xb6299000): 0:9387)* (DimLayer (0xb6206000): 0:20)* (DimLayer (0xb6208000): 0:22)* (com.android.noisefield.NoiseFieldWallpaper (0xb6279000): 7:305023) (StatusBar (0xb6204000): 13:271393) (DimLayer (0xb632f000): 0:3764)* (DimLayer (0xb632d000): 0:1258)* (com.androidclient.blulock.androidclient/com.androidclient.blulock.androidclient.MainActivity (0xb618c000): 0:11)* (NavigationBar (0xb6202000): 0:12) 
V/WindowManager(  889): IKSWL-6868 finishPostLayoutPolicyLw: mHideKeyguard=false mDismissKeyguard=0
V/WindowManager(  889): IKSWL-6868 setKeyguardOccludedLw isOccluded=false wasOccluded=false showing=false
V/WindowManager(  889): IKSWL-6868 finishPostLayoutPolicyLw: mHideKeyguard=false mDismissKeyguard=0
V/WindowManager(  889): IKSWL-6868 setKeyguardOccludedLw isOccluded=false wasOccluded=false showing=false
V/WindowManager(  889): IKSWL-6868 finishPostLayoutPolicyLw: mHideKeyguard=false mDismissKeyguard=0
V/WindowManager(  889): IKSWL-6868 setKeyguardOccludedLw isOccluded=false wasOccluded=false showing=false
V/WindowManager(  889): IKSWL-6868 finishPostLayoutPolicyLw: mHideKeyguard=false mDismissKeyguard=0
V/WindowManager(  889): IKSWL-6868 setKeyguardOccludedLw isOccluded=false wasOccluded=false showing=false
V/WindowManager(  889): IKSWL-6868 finishPostLayoutPolicyLw: mHideKeyguard=false mDismissKeyguard=0
V/WindowManager(  889): IKSWL-6868 setKeyguardOccludedLw isOccluded=false wasOccluded=false showing=false
V/WindowManager(  889): IKSWL-6868 finishPostLayoutPolicyLw: mHideKeyguard=false mDismissKeyguard=0
V/WindowManager(  889): IKSWL-6868 setKeyguardOccludedLw isOccluded=false wasOccluded=false showing=false
W/InputMethodManagerService(  889): Window already focused, ignoring focus gain of: com.android.internal.view.IInputMethodClient$Stub$Proxy@3a868c09 attribute=android.view.inputmethod.EditorInfo@1ea8e0e, token = android.os.BinderProxy@15d1683
W/ActivityManager(  889): getRunningAppProcesses: caller 10207 does not hold REAL_GET_TASKS; limiting output
I/ActivityManager(  889): Start proc 20660:org.edx.mobile/u0a186 for broadcast org.edx.mobile/.module.notification.EdxParseBroadcastReceiver
V/WindowManager(  889): IKSWL-6868 finishPostLayoutPolicyLw: mHideKeyguard=false mDismissKeyguard=0
V/WindowManager(  889): IKSWL-6868 setKeyguardOccludedLw isOccluded=false wasOccluded=false showing=false
V/WindowManager(  889): IKSWL-6868 finishPostLayoutPolicyLw: mHideKeyguard=false mDismissKeyguard=0
V/WindowManager(  889): IKSWL-6868 setKeyguardOccludedLw isOccluded=false wasOccluded=false showing=false
V/WindowManager(  889): IKSWL-6868 finishPostLayoutPolicyLw: mHideKeyguard=false mDismissKeyguard=0
V/WindowManager(  889): IKSWL-6868 setKeyguardOccludedLw isOccluded=false wasOccluded=false showing=false
V/WindowManager(  889): IKSWL-6868 finishPostLayoutPolicyLw: mHideKeyguard=false mDismissKeyguard=0
V/WindowManager(  889): IKSWL-6868 setKeyguardOccludedLw isOccluded=false wasOccluded=false showing=false
V/WindowManager(  889): IKSWL-6868 finishPostLayoutPolicyLw: mHideKeyguard=false mDismissKeyguard=0
V/WindowManager(  889): IKSWL-6868 setKeyguardOccludedLw isOccluded=false wasOccluded=false showing=false
W/ActivityManager(  889): getRunningAppProcesses: caller 10186 does not hold REAL_GET_TASKS; limiting output
I/ActivityManager(  889): START u0 {act=android.intent.action.MAIN cat=[android.intent.category.HOME] flg=0x10200000 cmp=com.android.launcher/com.android.launcher2.Launcher} from uid 1000 on display 0
V/WindowManager(  889): IKSWL-6868 finishPostLayoutPolicyLw: mHideKeyguard=false mDismissKeyguard=0
V/WindowManager(  889): IKSWL-6868 setKeyguardOccludedLw isOccluded=false wasOccluded=false showing=false
V/WindowManager(  889): IKSWL-6868 finishPostLayoutPolicyLw: mHideKeyguard=false mDismissKeyguard=0
V/WindowManager(  889): IKSWL-6868 setKeyguardOccludedLw isOccluded=false wasOccluded=false showing=false
V/WindowManager(  889): IKSWL-6868 finishPostLayoutPolicyLw: mHideKeyguard=false mDismissKeyguard=0
V/WindowManager(  889): IKSWL-6868 setKeyguardOccludedLw isOccluded=false wasOccluded=false showing=false
V/WindowManager(  889): IKSWL-6868 finishPostLayoutPolicyLw: mHideKeyguard=false mDismissKeyguard=0
V/WindowManager(  889): IKSWL-6868 setKeyguardOccludedLw isOccluded=false wasOccluded=false showing=false
V/WindowManager(  889): IKSWL-6868 finishPostLayoutPolicyLw: mHideKeyguard=false mDismissKeyguard=0
V/WindowManager(  889): IKSWL-6868 setKeyguardOccludedLw isOccluded=false wasOccluded=false showing=false
V/WindowManager(  889): IKSWL-6868 finishPostLayoutPolicyLw: mHideKeyguard=false mDismissKeyguard=0
V/WindowManager(  889): IKSWL-6868 setKeyguardOccludedLw isOccluded=false wasOccluded=false showing=false
V/WindowManager(  889): IKSWL-6868 finishPostLayoutPolicyLw: mHideKeyguard=false mDismissKeyguard=0
V/WindowManager(  889): IKSWL-6868 setKeyguardOccludedLw isOccluded=false wasOccluded=false showing=false
V/AlarmManager(  889): sending alarm {6387726 type 2 *walarm*:com.motorola.slpc.ALARM_MODALITY}
V/WindowManager(  889): IKSWL-6868 finishPostLayoutPolicyLw: mHideKeyguard=false mDismissKeyguard=0
V/WindowManager(  889): IKSWL-6868 setKeyguardOccludedLw isOccluded=false wasOccluded=false showing=false
V/WindowManager(  889): IKSWL-6868 finishPostLayoutPolicyLw: mHideKeyguard=false mDismissKeyguard=0
V/WindowManager(  889): IKSWL-6868 setKeyguardOccludedLw isOccluded=false wasOccluded=false showing=false
V/WindowManager(  889): IKSWL-6868 finishPostLayoutPolicyLw: mHideKeyguard=false mDismissKeyguard=0
V/WindowManager(  889): IKSWL-6868 setKeyguardOccludedLw isOccluded=false wasOccluded=false showing=false
I/LaunchCheckinHandler(  889): Displayed com.android.launcher/com.android.launcher2.Launcher,wp,wa,347
V/WindowManager(  889): IKSWL-6868 finishPostLayoutPolicyLw: mHideKeyguard=false mDismissKeyguard=0
V/WindowManager(  889): IKSWL-6868 setKeyguardOccludedLw isOccluded=false wasOccluded=false showing=false
V/WindowManager(  889): IKSWL-6868 finishPostLayoutPolicyLw: mHideKeyguard=false mDismissKeyguard=0
V/WindowManager(  889): IKSWL-6868 setKeyguardOccludedLw isOccluded=false wasOccluded=false showing=false
I/SFPerfTracer(  301):      triggers: (rate: 8232:233385) (compose: 0:451) (post: 0:1809) (render: 0:2196) (10:2235440 frames) (11:2415423)
D/SFPerfTracer(  301):        layers: (3:10) (FocusedStackFrame (0xb6299000): 0:9391)* (DimLayer (0xb6206000): 0:20)* (DimLayer (0xb6208000): 0:22)* (com.android.noisefield.NoiseFieldWallpaper (0xb6279000): 1:305044)* (StatusBar (0xb6204000): 0:271420) (DimLayer (0xb632f000): 0:3764)* (DimLayer (0xb632d000): 0:1260)* (com.androidclient.blulock.androidclient/com.androidclient.blulock.androidclient.MainActivity (0xb618c000): 0:33) (NavigationBar (0xb6202000): 10:45) (com.android.launcher/com.android.launcher2.Launcher (0xb6277000): 10:10)* 
V/WindowManager(  889): IKSWL-6868 finishPostLayoutPolicyLw: mHideKeyguard=false mDismissKeyguard=0
V/WindowManager(  889): IKSWL-6868 setKeyguardOccludedLw isOccluded=false wasOccluded=false showing=false
I/ActivityManager(  889): Start proc 20734:com.motorola.nfcauthenticator/u0a39 for broadcast com.motorola.nfcauthenticator/.NfcRingReceiver
I/ActivityManager(  889): Killing 13580:com.android.keychain/1000 (adj 15): empty #22
V/WindowManager(  889): IKSWL-6868 finishPostLayoutPolicyLw: mHideKeyguard=false mDismissKeyguard=0
V/WindowManager(  889): IKSWL-6868 setKeyguardOccludedLw isOccluded=false wasOccluded=false showing=false
V/WindowManager(  889): IKSWL-6868 finishPostLayoutPolicyLw: mHideKeyguard=false mDismissKeyguard=0
V/WindowManager(  889): IKSWL-6868 setKeyguardOccludedLw isOccluded=false wasOccluded=false showing=false
V/WindowManager(  889): IKSWL-6868 finishPostLayoutPolicyLw: mHideKeyguard=false mDismissKeyguard=0
V/WindowManager(  889): IKSWL-6868 setKeyguardOccludedLw isOccluded=false wasOccluded=false showing=false
W/ResourcesManager(20734): Asset path '/system/framework/com.motorola.motosignature.jar' does not exist or contains no resources.
I/ActivityManager(  889): Start proc 20756:com.microsoft.amp.apps.bingfinance/u0a15 for broadcast com.microsoft.amp.apps.bingfinance/.widgets.services.Stock2x2Widget
I/ActivityManager(  889): Killing 13611:jp.co.omronsoft.iwnnime.ml/u0a226 (adj 15): empty #22
V/WindowManager(  889): IKSWL-6868 finishPostLayoutPolicyLw: mHideKeyguard=false mDismissKeyguard=0
V/WindowManager(  889): IKSWL-6868 setKeyguardOccludedLw isOccluded=false wasOccluded=false showing=false
V/WindowManager(  889): IKSWL-6868 finishPostLayoutPolicyLw: mHideKeyguard=false mDismissKeyguard=0
V/WindowManager(  889): IKSWL-6868 setKeyguardOccludedLw isOccluded=false wasOccluded=false showing=false
I/ActivityManager(  889): START u0 {act=com.android.systemui.recents.SHOW_RECENTS flg=0x10804000 cmp=com.android.systemui/.recents.RecentsActivity} from uid 10028 on display 0
V/WindowManager(  889): IKSWL-6868 finishPostLayoutPolicyLw: mHideKeyguard=false mDismissKeyguard=0
V/WindowManager(  889): IKSWL-6868 setKeyguardOccludedLw isOccluded=false wasOccluded=false showing=false
V/WindowManager(  889): IKSWL-6868 finishPostLayoutPolicyLw: mHideKeyguard=false mDismissKeyguard=0
V/WindowManager(  889): IKSWL-6868 setKeyguardOccludedLw isOccluded=false wasOccluded=false showing=false
V/WindowManager(  889): IKSWL-6868 finishPostLayoutPolicyLw: mHideKeyguard=false mDismissKeyguard=0
V/WindowManager(  889): IKSWL-6868 setKeyguardOccludedLw isOccluded=false wasOccluded=false showing=false
V/WindowManager(  889): IKSWL-6868 finishPostLayoutPolicyLw: mHideKeyguard=false mDismissKeyguard=0
V/WindowManager(  889): IKSWL-6868 setKeyguardOccludedLw isOccluded=false wasOccluded=false showing=false
V/WindowManager(  889): IKSWL-6868 finishPostLayoutPolicyLw: mHideKeyguard=false mDismissKeyguard=0
V/WindowManager(  889): IKSWL-6868 setKeyguardOccludedLw isOccluded=false wasOccluded=false showing=false
V/WindowManager(  889): IKSWL-6868 finishPostLayoutPolicyLw: mHideKeyguard=false mDismissKeyguard=0
V/WindowManager(  889): IKSWL-6868 setKeyguardOccludedLw isOccluded=false wasOccluded=false showing=false
V/WindowManager(  889): IKSWL-6868 finishPostLayoutPolicyLw: mHideKeyguard=false mDismissKeyguard=0
V/WindowManager(  889): IKSWL-6868 setKeyguardOccludedLw isOccluded=false wasOccluded=false showing=false
V/WindowManager(  889): IKSWL-6868 finishPostLayoutPolicyLw: mHideKeyguard=false mDismissKeyguard=0
V/WindowManager(  889): IKSWL-6868 setKeyguardOccludedLw isOccluded=false wasOccluded=false showing=false
V/WindowManager(  889): IKSWL-6868 finishPostLayoutPolicyLw: mHideKeyguard=false mDismissKeyguard=0
V/WindowManager(  889): IKSWL-6868 setKeyguardOccludedLw isOccluded=false wasOccluded=false showing=false
I/LaunchCheckinHandler(  889): Displayed com.android.systemui/.recents.RecentsActivity,wp,wa,211
V/WindowManager(  889): IKSWL-6868 finishPostLayoutPolicyLw: mHideKeyguard=false mDismissKeyguard=0
V/WindowManager(  889): IKSWL-6868 setKeyguardOccludedLw isOccluded=false wasOccluded=false showing=false
V/WindowManager(  889): IKSWL-6868 finishPostLayoutPolicyLw: mHideKeyguard=false mDismissKeyguard=0
V/WindowManager(  889): IKSWL-6868 setKeyguardOccludedLw isOccluded=false wasOccluded=false showing=false
V/WindowManager(  889): IKSWL-6868 finishPostLayoutPolicyLw: mHideKeyguard=false mDismissKeyguard=0
V/WindowManager(  889): IKSWL-6868 setKeyguardOccludedLw isOccluded=false wasOccluded=false showing=false
V/WindowManager(  889): IKSWL-6868 finishPostLayoutPolicyLw: mHideKeyguard=false mDismissKeyguard=0
V/WindowManager(  889): IKSWL-6868 setKeyguardOccludedLw isOccluded=false wasOccluded=false showing=false
V/WindowManager(  889): IKSWL-6868 finishPostLayoutPolicyLw: mHideKeyguard=false mDismissKeyguard=0
V/WindowManager(  889): IKSWL-6868 setKeyguardOccludedLw isOccluded=false wasOccluded=false showing=false
I/ActivityManager(  889): Killing 13645:com.qihoo.security:apk_scan/u0a207 (adj 15): empty #22
W/ActivityManager(  889): Scheduling restart of crashed service com.qihoo.security/.clearengine.sdk.ApkScanService in 1000ms
I/ActivityManager(  889): Killing 13771:com.yahoo.mobile.client.android.mail/u0a160 (adj 15): empty #22
I/ActivityManager(  889): Killing 13687:com.androidclient.blulock.androidclient/u0a329 (adj 9): remove task
I/WindowState(  889): WIN DEATH: Window{1dd0b000 u0 com.androidclient.blulock.androidclient/com.androidclient.blulock.androidclient.MainActivity}
V/WindowManager(  889): IKSWL-6868 finishPostLayoutPolicyLw: mHideKeyguard=false mDismissKeyguard=0
V/WindowManager(  889): IKSWL-6868 setKeyguardOccludedLw isOccluded=false wasOccluded=false showing=false
I/SFPerfTracer(  301):       trigger: frame rate (-40.239%)	(35.856 fps)	(27.889 ms) 	(4 drops)	(14 frames)
I/SFPerfTracer(  301):      triggers: (rate: 8233:233389) (compose: 0:451) (post: 0:1809) (render: 0:2196) (14:2235536 frames) (15:2415532)
