V/AlarmManager(  889): sending alarm {22378e9b type 0 *walarm*:com.outfit7.talkingtom2free/com.bee7.sdk.service.RewardingService}
V/AlarmManager(  889): sending alarm {3c84d211 type 0 *walarm*:com.ultimarom.launchnavigation/anagog.pd.service.AlarmReceiver}
V/AlarmManager(  889): sending alarm {3f08366 type 3 *alarm*:com.google.android.gms/.lockbox.LockboxAlarmReceiver}
V/AlarmManager(  889): done {22378e9b, *walarm*:com.outfit7.talkingtom2free/com.bee7.sdk.service.RewardingService} [32ms]
V/AlarmManager(  889): done {3c84d211, *walarm*:com.ultimarom.launchnavigation/anagog.pd.service.AlarmReceiver} [43ms]
V/AlarmManager(  889): done {3f08366, *alarm*:com.google.android.gms/.lockbox.LockboxAlarmReceiver} [53ms]
I/SFPerfTracer(  301):      triggers: (rate: 380:113545) (4514526 sw vsyncs) (631645 skipped) (217:3979910 vsyncs) (219:8667731)
I/SFPerfTracer(  301):      triggers: (rate: 380:113545) (4514526 sw vsyncs) (631645 skipped) (55:3980021 vsyncs) (57:8667850)
I/SFPerfTracer(  301):      triggers: (rate: 380:113545) (4514526 sw vsyncs) (631645 skipped) (262:3980283 vsyncs) (264:8668114)
I/SFPerfTracer(  301):      triggers: (rate: 380:113545) (4514526 sw vsyncs) (631645 skipped) (69:3980402 vsyncs) (71:8668239)
D/DefContainer(20980): Copying /data/local/tmp/com.androidclient.blulock.androidclient to base.apk
D/PackageManager(  889): Renaming /data/app/vmdl429334146.tmp to /data/app/com.androidclient.blulock.androidclient-2
I/ActivityManager(  889): Force stopping com.androidclient.blulock.androidclient appid=10332 user=-1: uninstall pkg
I/ActivityManager(  889): Killing 21329:com.androidclient.blulock.androidclient/u0a332 (adj 0): stop com.androidclient.blulock.androidclient
I/WindowState(  889): WIN DEATH: Window{208abfe7 u0 com.androidclient.blulock.androidclient/com.androidclient.blulock.androidclient.MainActivity}
V/WindowManager(  889): IKSWL-6868 finishPostLayoutPolicyLw: mHideKeyguard=false mDismissKeyguard=0
V/WindowManager(  889): IKSWL-6868 setKeyguardOccludedLw isOccluded=false wasOccluded=false showing=false
I/PackageManager(  889): Package com.androidclient.blulock.androidclient codePath changed from /data/app/com.androidclient.blulock.androidclient-1 to /data/app/com.androidclient.blulock.androidclient-2; Retaining data and using new
W/ActivityManager(  889): Force removing ActivityRecord{1510573f u0 com.androidclient.blulock.androidclient/.MainActivity t15367}: app died, no saved state
V/WindowManager(  889): IKSWL-6868 finishPostLayoutPolicyLw: mHideKeyguard=false mDismissKeyguard=0
V/WindowManager(  889): IKSWL-6868 setKeyguardOccludedLw isOccluded=false wasOccluded=false showing=false
V/WindowManager(  889): IKSWL-6868 finishPostLayoutPolicyLw: mHideKeyguard=false mDismissKeyguard=0
V/WindowManager(  889): IKSWL-6868 setKeyguardOccludedLw isOccluded=false wasOccluded=false showing=false
V/WindowManager(  889): IKSWL-6868 finishPostLayoutPolicyLw: mHideKeyguard=false mDismissKeyguard=0
V/WindowManager(  889): IKSWL-6868 setKeyguardOccludedLw isOccluded=false wasOccluded=false showing=false
W/ActivityManager(  889): Spurious death for ProcessRecord{3cf4aa29 21329:com.androidclient.blulock.androidclient/u0a332}, curProc for 21329: null
V/WindowManager(  889): IKSWL-6868 finishPostLayoutPolicyLw: mHideKeyguard=false mDismissKeyguard=0
V/WindowManager(  889): IKSWL-6868 setKeyguardOccludedLw isOccluded=false wasOccluded=false showing=false
W/InputMethodManagerService(  889): Got RemoteException sending setActive(false) notification to pid 21329 uid 10332
V/WindowManager(  889): IKSWL-6868 finishPostLayoutPolicyLw: mHideKeyguard=false mDismissKeyguard=0
V/WindowManager(  889): IKSWL-6868 setKeyguardOccludedLw isOccluded=false wasOccluded=false showing=false
V/WindowManager(  889): IKSWL-6868 finishPostLayoutPolicyLw: mHideKeyguard=false mDismissKeyguard=0
V/WindowManager(  889): IKSWL-6868 setKeyguardOccludedLw isOccluded=false wasOccluded=false showing=false
V/WindowManager(  889): IKSWL-6868 finishPostLayoutPolicyLw: mHideKeyguard=false mDismissKeyguard=0
V/WindowManager(  889): IKSWL-6868 setKeyguardOccludedLw isOccluded=false wasOccluded=false showing=false
V/WindowManager(  889): IKSWL-6868 finishPostLayoutPolicyLw: mHideKeyguard=false mDismissKeyguard=0
V/WindowManager(  889): IKSWL-6868 setKeyguardOccludedLw isOccluded=false wasOccluded=false showing=false
V/WindowManager(  889): IKSWL-6868 finishPostLayoutPolicyLw: mHideKeyguard=false mDismissKeyguard=0
V/WindowManager(  889): IKSWL-6868 setKeyguardOccludedLw isOccluded=false wasOccluded=false showing=false
V/WindowManager(  889): IKSWL-6868 finishPostLayoutPolicyLw: mHideKeyguard=false mDismissKeyguard=0
V/WindowManager(  889): IKSWL-6868 setKeyguardOccludedLw isOccluded=false wasOccluded=false showing=false
V/WindowManager(  889): IKSWL-6868 finishPostLayoutPolicyLw: mHideKeyguard=false mDismissKeyguard=0
V/WindowManager(  889): IKSWL-6868 setKeyguardOccludedLw isOccluded=false wasOccluded=false showing=false
V/WindowManager(  889): IKSWL-6868 finishPostLayoutPolicyLw: mHideKeyguard=false mDismissKeyguard=0
V/WindowManager(  889): IKSWL-6868 setKeyguardOccludedLw isOccluded=false wasOccluded=false showing=false
I/SFPerfTracer(  301):       trigger: frame rate (-52.390%)	(28.566 fps)	(35.007 ms) 	(19 drops)	(35 frames)
I/SFPerfTracer(  301):      triggers: (rate: 8246:233744) (compose: 0:451) (post: 0:1812) (render: 0:2198) (35:2236998 frames) (36:2417242)
D/SFPerfTracer(  301):        layers: (4:10) (FocusedStackFrame (0xb6299000): 0:9417)* (DimLayer (0xb6206000): 0:20)* (DimLayer (0xb6208000): 0:26)* (com.android.noisefield.NoiseFieldWallpaper (0xb6279000): 26:305595) (StatusBar (0xb6204000): 15:271737) (DimLayer (0xb632f000): 0:3784)* (DimLayer (0xb632d000): 0:1272)* (NavigationBar (0xb6202000): 13:279) (com.androidclient.blulock.androidclient/com.androidclient.blulock.androidclient.MainActivity (0xb6277000): 0:33)- (com.android.launcher/com.android.launcher2.Launcher (0xb6277000): 1:5) 
I/SFPerfTracer(  301):       trigger: frame rate (-62.426%)	(22.544 fps)	(44.357 ms) 	(12 drops)	(14 frames)
I/SFPerfTracer(  301):      triggers: (rate: 8247:233762) (compose: 0:451) (post: 0:1812) (render: 0:2198) (14:2237019 frames) (15:2417265)
D/SFPerfTracer(  301):        layers: (4:9) (FocusedStackFrame (0xb6299000): 0:9417)* (DimLayer (0xb6206000): 0:20)* (DimLayer (0xb6208000): 0:26)* (com.android.noisefield.NoiseFieldWallpaper (0xb6279000): 14:305617) (StatusBar (0xb6204000): 1:271738) (DimLayer (0xb632f000): 0:3784)* (DimLayer (0xb632d000): 0:1272)* (NavigationBar (0xb6202000): 0:279) (com.android.launcher/com.android.launcher2.Launcher (0xb6277000): 0:5) 
I/UsageStatsService(  889): User[0] Flushing usage stats to disk
W/PackageManager(  889): Code path for pkg : com.androidclient.blulock.androidclient changing from /data/app/com.androidclient.blulock.androidclient-1 to /data/app/com.androidclient.blulock.androidclient-2
I/ActivityManager(  889): Force stopping com.androidclient.blulock.androidclient appid=10332 user=-1: update pkg
W/PackageManager(  889): Resource path for pkg : com.androidclient.blulock.androidclient changing from /data/app/com.androidclient.blulock.androidclient-1 to /data/app/com.androidclient.blulock.androidclient-2
I/ActivityManager(  889): Force stopping com.androidclient.blulock.androidclient appid=10332 user=0: pkg removed
I/SFPerfTracer(  301):       trigger: frame rate (-63.282%)	(22.031 fps)	(45.391 ms) 	(15 drops)	(18 frames)
I/SFPerfTracer(  301):      triggers: (rate: 8248:233783) (compose: 0:451) (post: 0:1812) (render: 0:2198) (18:2237046 frames) (19:2417296)
D/SFPerfTracer(  301):        layers: (4:9) (FocusedStackFrame (0xb6299000): 0:9417)* (DimLayer (0xb6206000): 0:20)* (DimLayer (0xb6208000): 0:26)* (com.android.noisefield.NoiseFieldWallpaper (0xb6279000): 18:305647) (StatusBar (0xb6204000): 1:271740) (DimLayer (0xb632f000): 0:3784)* (DimLayer (0xb632d000): 0:1272)* (NavigationBar (0xb6202000): 0:279) (com.android.launcher/com.android.launcher2.Launcher (0xb6277000): 0:5) 
W/ResourcesManager( 1429): Asset path '/system/framework/com.google.android.media.effects.jar' does not exist or contains no resources.
I/ActivityManager(  889): Start proc 27102:com.qihoo.security:ui/u0a207 for service com.qihoo.security/.service.LoadingPermissionDataService
D/JobSchedulerService(  889): Receieved: android.intent.action.PACKAGE_REMOVED
D/BackupManagerService(  889): Received broadcast Intent { act=android.intent.action.PACKAGE_REMOVED dat=package:com.androidclient.blulock.androidclient flg=0x4000010 (has extras) }
W/ContextImpl(20938): Calling a method in the system process without a qualified user: android.app.ContextImpl.startService:1831 android.content.ContextWrapper.startService:516 android.content.ContextWrapper.startService:516 com.android.keychain.KeyChainBroadcastReceiver.onReceive:12 android.app.ActivityThread.handleReceiver:2639 
W/InputMethodInfo(  889): Duplicated subtype definition found: , voice
W/ResourcesManager(  889): Asset path '/system/framework/com.google.widevine.software.drm.jar' does not exist or contains no resources.
D/BackupManagerService(  889): Received broadcast Intent { act=android.intent.action.PACKAGE_ADDED dat=package:com.androidclient.blulock.androidclient flg=0x4000010 (has extras) }
W/BackupManagerService(  889): Removing schedule queue dupe of com.androidclient.blulock.androidclient
W/ActivityManager(  889): getRunningAppProcesses: caller 10207 does not hold REAL_GET_TASKS; limiting output
I/ActivityManager(  889): START u0 {act=android.intent.action.MAIN cat=[android.intent.category.LAUNCHER] flg=0x10000000 cmp=com.androidclient.blulock.androidclient/.MainActivity} from uid 2000 on display 0
V/WindowManager(  889): IKSWL-6868 finishPostLayoutPolicyLw: mHideKeyguard=false mDismissKeyguard=0
V/WindowManager(  889): IKSWL-6868 setKeyguardOccludedLw isOccluded=false wasOccluded=false showing=false
V/WindowManager(  889): addAppToken: AppWindowToken{14c90451 token=Token{2345b578 ActivityRecord{184566db u0 com.androidclient.blulock.androidclient/.MainActivity t15368}}} to stack=1 task=15368 at 0
V/WindowManager(  889): Adding window Window{2c5bb90 u0 Starting com.androidclient.blulock.androidclient} at 7 of 14 (after Window{11109f41 u0 com.facebook.katana/com.facebook.katana.LoginActivity})
I/ActivityManager(  889): Start proc 27177:com.androidclient.blulock.androidclient/u0a332 for activity com.androidclient.blulock.androidclient/.MainActivity
V/WindowManager(  889): IKSWL-6868 finishPostLayoutPolicyLw: mHideKeyguard=false mDismissKeyguard=0
V/WindowManager(  889): IKSWL-6868 setKeyguardOccludedLw isOccluded=false wasOccluded=false showing=false
V/WindowManager(  889): IKSWL-6868 finishPostLayoutPolicyLw: mHideKeyguard=false mDismissKeyguard=0
V/WindowManager(  889): IKSWL-6868 setKeyguardOccludedLw isOccluded=false wasOccluded=false showing=false
V/WindowManager(  889): IKSWL-6868 finishPostLayoutPolicyLw: mHideKeyguard=false mDismissKeyguard=0
V/WindowManager(  889): IKSWL-6868 setKeyguardOccludedLw isOccluded=false wasOccluded=false showing=false
V/WindowManager(  889): IKSWL-6868 finishPostLayoutPolicyLw: mHideKeyguard=false mDismissKeyguard=0
V/WindowManager(  889): IKSWL-6868 setKeyguardOccludedLw isOccluded=false wasOccluded=false showing=false
V/WindowManager(  889): IKSWL-6868 finishPostLayoutPolicyLw: mHideKeyguard=false mDismissKeyguard=0
V/WindowManager(  889): IKSWL-6868 setKeyguardOccludedLw isOccluded=false wasOccluded=false showing=false
V/WindowManager(  889): IKSWL-6868 finishPostLayoutPolicyLw: mHideKeyguard=false mDismissKeyguard=0
V/WindowManager(  889): IKSWL-6868 setKeyguardOccludedLw isOccluded=false wasOccluded=false showing=false
V/WindowManager(  889): IKSWL-6868 finishPostLayoutPolicyLw: mHideKeyguard=false mDismissKeyguard=0
V/WindowManager(  889): IKSWL-6868 setKeyguardOccludedLw isOccluded=false wasOccluded=false showing=false
V/WindowManager(  889): IKSWL-6868 finishPostLayoutPolicyLw: mHideKeyguard=false mDismissKeyguard=0
V/WindowManager(  889): IKSWL-6868 setKeyguardOccludedLw isOccluded=false wasOccluded=false showing=false
V/WindowManager(  889): IKSWL-6868 finishPostLayoutPolicyLw: mHideKeyguard=false mDismissKeyguard=0
V/WindowManager(  889): IKSWL-6868 setKeyguardOccludedLw isOccluded=false wasOccluded=false showing=false
I/ActivityManager(  889): Start proc 27208:com.qihoo.security:apk_scan/u0a207 for service com.qihoo.security/.clearengine.sdk.ApkScanService
V/WindowManager(  889): IKSWL-6868 finishPostLayoutPolicyLw: mHideKeyguard=false mDismissKeyguard=0
V/WindowManager(  889): IKSWL-6868 setKeyguardOccludedLw isOccluded=false wasOccluded=false showing=false
I/SFPerfTracer(  301):      triggers: (rate: 380:113578) (4514526 sw vsyncs) (631941 skipped) (550:3981033 vsyncs) (552:8668874)
V/WindowManager(  889): IKSWL-6868 finishPostLayoutPolicyLw: mHideKeyguard=false mDismissKeyguard=0
V/WindowManager(  889): IKSWL-6868 setKeyguardOccludedLw isOccluded=false wasOccluded=false showing=false
V/WindowManager(  889): IKSWL-6868 finishPostLayoutPolicyLw: mHideKeyguard=false mDismissKeyguard=0
V/WindowManager(  889): IKSWL-6868 setKeyguardOccludedLw isOccluded=false wasOccluded=false showing=false
I/ActivityManager(  889): Start proc 27262:com.motorola.moto:context_engine/u0a208 for broadcast com.motorola.moto/com.motorola.context.receiver.PackageReplaceReceiver
I/ActivityManager(  889): Start proc 27301:com.motorola.moto/u0a208 for service com.motorola.moto/com.motorola.assist.engine.AssistService
I/ActivityManager(  889): Start proc 27316:com.google.android.apps.magazines/u0a116 for broadcast com.google.android.apps.magazines/com.google.apps.dots.android.app.receiver.FirstInstallNotificationReceiver
I/ActivityManager(  889): Killing 20734:com.motorola.nfcauthenticator/u0a39 (adj 15): empty #22
W/ProcessCpuTracker(  889): Skipping unknown process pid 27332
W/ProcessCpuTracker(  889): Skipping unknown process pid 27334
I/ActivityManager(  889): Killing 20756:com.microsoft.amp.apps.bingfinance/u0a15 (adj 15): empty #22
W/ResourcesManager( 1448): Asset path '/system/framework/com.google.android.maps.jar' does not exist or contains no resources.
W/ResourcesManager( 1448): Asset path '/system/framework/com.motorola.gallery' does not exist or contains no resources.
W/ResourcesManager( 1448): Asset path '/system/framework/com.google.android.media.effects.jar' does not exist or contains no resources.
W/ResourcesManager( 1448): Asset path '/system/framework/com.motorola.frameworks.core.addon.jar' does not exist or contains no resources.
W/ResourcesManager( 1448): Asset path '/system/framework/com.google.android.maps.jar' does not exist or contains no resources.
W/ResourcesManager( 1448): Asset path '/system/framework/com.google.android.maps.jar' does not exist or contains no resources.
W/ActivityManager(  889): getRunningAppProcesses: caller 10116 does not hold REAL_GET_TASKS; limiting output
W/ResourcesManager( 1448): Asset path '/system/framework/com.google.android.maps.jar' does not exist or contains no resources.
W/ActivityManager(  889): getRunningAppProcesses: caller 10116 does not hold REAL_GET_TASKS; limiting output
W/ActivityManager(  889): getRunningAppProcesses: caller 10116 does not hold REAL_GET_TASKS; limiting output
W/ActivityManager(  889): getRunningAppProcesses: caller 10116 does not hold REAL_GET_TASKS; limiting output
I/ActivityManager(  889): Killing 20814:com.outfit7.talkingtom2free/u0a17 (adj 15): empty #22
I/ActivityManager(  889): Start proc 27390:com.google.android.apps.cloudprint/u0a62 for broadcast com.google.android.apps.cloudprint/.printdialog.receivers.UpgradeBroadcastReceiver
I/SFPerfTracer(  301):      triggers: (rate: 380:113578) (4514526 sw vsyncs) (631941 skipped) (79:3981160 vsyncs) (81:8669013)
I/ActivityManager(  889): Start proc 27407:com.alphonso.pulse/u0a124 for broadcast com.alphonso.pulse/com.linkedin.pulse.notification.PulseGcmBroadcastReceiver
I/ActivityManager(  889): Killing 20888:com.android.packageinstaller/u0a86 (adj 15): empty #22
D/TaskPersister(  889): removeObsoleteFile: deleting file=15367_task.xml
D/TaskPersister(  889): removeObsoleteFile: deleting file=15367_task_thumbnail.png
I/ActivityManager(  889): Killing 21162:com.android.documentsui/u0a63 (adj 15): empty #22
I/ActivityManager(  889): Killing 21181:com.android.externalstorage/u0a22 (adj 15): empty #22
V/WindowManager(  889): Adding window Window{f42a3c2 u0 com.androidclient.blulock.androidclient/com.androidclient.blulock.androidclient.MainActivity} at 7 of 15 (before Window{2c5bb90 u0 Starting com.androidclient.blulock.androidclient})
V/WindowManager(  889): IKSWL-6868 finishPostLayoutPolicyLw: mHideKeyguard=false mDismissKeyguard=0
V/WindowManager(  889): IKSWL-6868 setKeyguardOccludedLw isOccluded=false wasOccluded=false showing=false
V/WindowManager(  889): IKSWL-6868 finishPostLayoutPolicyLw: mHideKeyguard=false mDismissKeyguard=0
V/WindowManager(  889): IKSWL-6868 setKeyguardOccludedLw isOccluded=false wasOccluded=false showing=false
I/SFPerfTracer(  301):      triggers: (rate: 380:113578) (4514526 sw vsyncs) (631941 skipped) (226:3981395 vsyncs) (228:8669252)
V/WindowManager(  889): IKSWL-6868 finishPostLayoutPolicyLw: mHideKeyguard=false mDismissKeyguard=0
V/WindowManager(  889): IKSWL-6868 setKeyguardOccludedLw isOccluded=false wasOccluded=false showing=false
V/WindowManager(  889): IKSWL-6868 finishPostLayoutPolicyLw: mHideKeyguard=false mDismissKeyguard=0
V/WindowManager(  889): IKSWL-6868 setKeyguardOccludedLw isOccluded=false wasOccluded=false showing=false
I/LaunchCheckinHandler(  889): Displayed com.androidclient.blulock.androidclient/.MainActivity,cp,ca,7480
V/WindowManager(  889): IKSWL-6868 finishPostLayoutPolicyLw: mHideKeyguard=false mDismissKeyguard=0
V/WindowManager(  889): IKSWL-6868 setKeyguardOccludedLw isOccluded=false wasOccluded=false showing=false
V/WindowManager(  889): IKSWL-6868 finishPostLayoutPolicyLw: mHideKeyguard=false mDismissKeyguard=0
V/WindowManager(  889): IKSWL-6868 setKeyguardOccludedLw isOccluded=false wasOccluded=false showing=false
V/WindowManager(  889): IKSWL-6868 finishPostLayoutPolicyLw: mHideKeyguard=false mDismissKeyguard=0
V/WindowManager(  889): IKSWL-6868 setKeyguardOccludedLw isOccluded=false wasOccluded=false showing=false
I/SFPerfTracer(  301):      triggers: (rate: 8248:233796) (compose: 0:451) (post: 0:1812) (render: 0:2198) (8:2237113 frames) (9:2417399)
D/SFPerfTracer(  301):        layers: (4:11) (FocusedStackFrame (0xb6299000): 0:9422)* (DimLayer (0xb6206000): 0:20)* (DimLayer (0xb6208000): 0:26)* (com.android.noisefield.NoiseFieldWallpaper (0xb6279000): 0:305704)* (StatusBar (0xb6204000): 0:271752) (DimLayer (0xb632f000): 0:3784)* (DimLayer (0xb632d000): 0:1275)* (NavigationBar (0xb6202000): 0:285) (com.android.launcher/com.android.launcher2.Launcher (0xb6277000): 0:7)- (Starting com.androidclient.blulock.androidclient (0xb6331000): 9:37) (com.androidclient.blulock.androidclient/com.androidclient.blulock.androidclient.MainActivity (0xb6277000): 2:6) 
V/WindowManager(  889): IKSWL-6868 finishPostLayoutPolicyLw: mHideKeyguard=false mDismissKeyguard=0
V/WindowManager(  889): IKSWL-6868 setKeyguardOccludedLw isOccluded=false wasOccluded=false showing=false
W/ProcessCpuTracker(  889): Skipping unknown process pid 27515
I/ActivityManager(  889): Killing 23146:com.android.cellbroadcastreceiver/u0a59 (adj 15): empty #22
W/ActivityManager(  889): getRunningAppProcesses: caller 10207 does not hold REAL_GET_TASKS; limiting output
I/ActivityManager(  889): Process com.qihoo.security:ui (pid 27102) has died
I/SFPerfTracer(  301):      triggers: (rate: 380:113578) (4514526 sw vsyncs) (631941 skipped) (134:3981606 vsyncs) (136:8669469)
I/ActivityManager(  889): Start proc 27573:com.google.android.talk/u0a75 for broadcast com.google.android.talk/com.google.android.apps.hangouts.phone.PackageReplacedReceiver
W/ResourcesManager(  889): Asset path '/system/framework/com.google.widevine.software.drm.jar' does not exist or contains no resources.
W/ResourcesManager(27573): Asset path '/system/framework/com.google.android.media.effects.jar' does not exist or contains no resources.
D/BackupManagerService(  889): Received broadcast Intent { act=android.intent.action.PACKAGE_CHANGED dat=package:com.google.android.gms flg=0x4000010 (has extras) }
I/BackupManagerService(  889): Unbinding ComponentInfo{com.google.android.gms/com.google.android.gms.backup.BackupTransportService}
I/BackupManagerService(  889): Binding to transport host ComponentInfo{com.google.android.gms/com.google.android.gms.backup.BackupTransportService}
V/BackupManagerService(  889): Connected to transport ComponentInfo{com.google.android.gms/com.google.android.gms.backup.BackupTransportService}
V/BackupManagerService(  889): Registering transport com.google.android.gms/.backup.BackupTransportService::com.google.android.gms/.backup.BackupTransportService = com.android.internal.backup.IBackupTransport$Stub$Proxy@1870c906
W/ActivityManager(  889): getRunningAppProcesses: caller 10075 does not hold REAL_GET_TASKS; limiting output
W/ResourcesManager(27573): Asset path '/system/framework/com.android.media.remotedisplay.jar' does not exist or contains no resources.
W/ResourcesManager(27573): Asset path '/system/framework/com.android.location.provider.jar' does not exist or contains no resources.
I/SFPerfTracer(  301):      triggers: (rate: 380:113578) (4514526 sw vsyncs) (631941 skipped) (135:3981765 vsyncs) (137:8669633)
W/ProcessCpuTracker(  889): Skipping unknown process pid 27650
W/ProcessCpuTracker(  889): Skipping unknown process pid 27653
I/SFPerfTracer(  301):      triggers: (rate: 380:113578) (4514526 sw vsyncs) (631941 skipped) (136:3981953 vsyncs) (138:8669827)
I/SFPerfTracer(  301):      triggers: (rate: 380:113578) (4514526 sw vsyncs) (631941 skipped) (94:3982089 vsyncs) (96:8669967)
I/SFPerfTracer(  301):      triggers: (rate: 380:113578) (4514526 sw vsyncs) (631941 skipped) (16:3982187 vsyncs) (18:8670071)
V/AlarmManager(  889): sending alarm {22378e9b type 0 *walarm*:com.outfit7.talkingtom2free/com.bee7.sdk.service.RewardingService}
V/AlarmManager(  889): sending alarm {28bffbcb type 0 *walarm*:com.android.vending/com.google.android.finsky.services.ContentSyncService}
V/AlarmManager(  889): sending alarm {3c84d211 type 0 *walarm*:com.ultimarom.launchnavigation/anagog.pd.service.AlarmReceiver}
V/AlarmManager(  889): done {22378e9b, *walarm*:com.outfit7.talkingtom2free/com.bee7.sdk.service.RewardingService} [30ms]
V/AlarmManager(  889): done {28bffbcb, *walarm*:com.android.vending/com.google.android.finsky.services.ContentSyncService} [30ms]
V/AlarmManager(  889): done {3c84d211, *walarm*:com.ultimarom.launchnavigation/anagog.pd.service.AlarmReceiver} [36ms]
I/SFPerfTracer(  301):      triggers: (rate: 380:113578) (4514526 sw vsyncs) (631941 skipped) (76:3982305 vsyncs) (78:8670193)
I/SFPerfTracer(  301):      triggers: (rate: 380:113578) (4514526 sw vsyncs) (631941 skipped) (68:3982423 vsyncs) (70:8670315)
I/SFPerfTracer(  301):      triggers: (rate: 380:113578) (4514526 sw vsyncs) (631941 skipped) (99:3982522 vsyncs) (101:8670416)
V/AlarmManager(  889): sending alarm {3e9f7fe5 type 3 *alarm*:android.intent.action.TIME_TICK}
V/AlarmManager(  889): done {3e9f7fe5, *alarm*:android.intent.action.TIME_TICK} [81ms]
W/Telecom (  889): TelecomServiceImpl: null is not visible for the calling user
W/Telecom (  889): TelecomServiceImpl: ComponentInfo{com.google.android.talk/com.google.android.apps.hangouts.telephony.TeleConnectionService}, [e44cca915afc0390d8a77c0ff4608152603e7fa3], UserHandle{0} is not visible for the calling user
W/Telecom (  889): TelecomServiceImpl: null is not visible for the calling user
W/Telecom (  889): TelecomServiceImpl: ComponentInfo{com.google.android.talk/com.google.android.apps.hangouts.telephony.TeleConnectionService}, [e44cca915afc0390d8a77c0ff4608152603e7fa3], UserHandle{0} is not visible for the calling user
V/AlarmManager(  889): sending alarm {29d089a7 type 1 *alarm*:com.android.deskclock.ON_QUARTER_HOUR}
I/ActivityManager(  889): Start proc 27879:com.android.deskclock/u0a16 for broadcast com.android.deskclock/com.android.alarmclock.DigitalAppWidgetProvider
I/ActivityManager(  889): Killing 23125:com.android.settings/1000 (adj 15): empty #22
V/AlarmManager(  889): done {29d089a7, *alarm*:com.android.deskclock.ON_QUARTER_HOUR} [159ms]
D/WifiService(  889): Client connection lost with reason: 4
I/SFPerfTracer(  301):      triggers: (rate: 380:113578) (4514526 sw vsyncs) (631941 skipped) (48:3982648 vsyncs) (50:8670553)
I/SFPerfTracer(  301):      triggers: (rate: 380:113578) (4514526 sw vsyncs) (631941 skipped) (121:3982769 vsyncs) (123:8670676)
I/SFPerfTracer(  301):      triggers: (rate: 380:113578) (4514526 sw vsyncs) (631941 skipped) (21:3982882 vsyncs) (23:8670795)
I/SFPerfTracer(  301):      triggers: (rate: 380:113578) (4514526 sw vsyncs) (631941 skipped) (121:3983003 vsyncs) (123:8670918)
V/AlarmManager(  889): sending alarm {3f08366 type 3 *alarm*:com.google.android.gms/.lockbox.LockboxAlarmReceiver}
V/AlarmManager(  889): done {3f08366, *alarm*:com.google.android.gms/.lockbox.LockboxAlarmReceiver} [11ms]
I/SFPerfTracer(  301):      triggers: (rate: 380:113578) (4514526 sw vsyncs) (631941 skipped) (76:3983110 vsyncs) (78:8671029)
I/SFPerfTracer(  301):      triggers: (rate: 380:113578) (4514526 sw vsyncs) (631941 skipped) (11:3983207 vsyncs) (13:8671130)
I/SFPerfTracer(  301):      triggers: (rate: 380:113578) (4514526 sw vsyncs) (631941 skipped) (150:3983357 vsyncs) (152:8671282)
I/SFPerfTracer(  301):      triggers: (rate: 380:113578) (4514526 sw vsyncs) (631941 skipped) (121:3983478 vsyncs) (123:8671405)
I/SFPerfTracer(  301):      triggers: (rate: 380:113578) (4514526 sw vsyncs) (631941 skipped) (75:3983576 vsyncs) (77:8671507)
I/SFPerfTracer(  301):      triggers: (rate: 380:113578) (4514526 sw vsyncs) (631941 skipped) (94:3983755 vsyncs) (96:8671694)
I/SFPerfTracer(  301):      triggers: (rate: 380:113578) (4514526 sw vsyncs) (631941 skipped) (321:3984076 vsyncs) (323:8672017)
I/SFPerfTracer(  301):      triggers: (rate: 380:113578) (4514526 sw vsyncs) (631941 skipped) (54:3984184 vsyncs) (56:8672135)
I/SFPerfTracer(  301):      triggers: (rate: 380:113578) (4514526 sw vsyncs) (631941 skipped) (34:3984286 vsyncs) (36:8672241)
W/ProcessCpuTracker(  889): Skipping unknown process pid 28353
W/ProcessCpuTracker(  889): Skipping unknown process pid 28358
W/ProcessCpuTracker(  889): Skipping unknown process pid 28360
I/SFPerfTracer(  301):      triggers: (rate: 380:113578) (4514526 sw vsyncs) (631941 skipped) (214:3984561 vsyncs) (216:8672524)
W/ActivityManager(  889): getRunningAppProcesses: caller 10207 does not hold REAL_GET_TASKS; limiting output
I/SFPerfTracer(  301):      triggers: (rate: 380:113578) (4514526 sw vsyncs) (631941 skipped) (118:3984679 vsyncs) (120:8672644)
I/SFPerfTracer(  301):      triggers: (rate: 380:113578) (4514526 sw vsyncs) (631941 skipped) (99:3984843 vsyncs) (101:8672839)
I/SFPerfTracer(  301):      triggers: (rate: 380:113578) (4514526 sw vsyncs) (631941 skipped) (244:3985087 vsyncs) (246:8673085)
I/SFPerfTracer(  301):      triggers: (rate: 380:113578) (4514526 sw vsyncs) (631941 skipped) (58:3985205 vsyncs) (60:8673207)
I/SFPerfTracer(  301):      triggers: (rate: 380:113578) (4514526 sw vsyncs) (631941 skipped) (156:3985436 vsyncs) (158:8673444)
I/SFPerfTracer(  301):      triggers: (rate: 380:113578) (4514526 sw vsyncs) (631941 skipped) (70:3985572 vsyncs) (72:8673586)
I/SFPerfTracer(  301):      triggers: (rate: 380:113578) (4514526 sw vsyncs) (631941 skipped) (168:3985740 vsyncs) (170:8673756)
D/DefContainer(20980): Copying /data/local/tmp/com.androidclient.blulock.androidclient to base.apk
D/PackageManager(  889): Renaming /data/app/vmdl643514250.tmp to /data/app/com.androidclient.blulock.androidclient-1
I/ActivityManager(  889): Force stopping com.androidclient.blulock.androidclient appid=10332 user=-1: uninstall pkg
I/ActivityManager(  889): Killing 27177:com.androidclient.blulock.androidclient/u0a332 (adj 0): stop com.androidclient.blulock.androidclient
I/WindowState(  889): WIN DEATH: Window{f42a3c2 u0 com.androidclient.blulock.androidclient/com.androidclient.blulock.androidclient.MainActivity}
V/WindowManager(  889): IKSWL-6868 finishPostLayoutPolicyLw: mHideKeyguard=false mDismissKeyguard=0
V/WindowManager(  889): IKSWL-6868 setKeyguardOccludedLw isOccluded=false wasOccluded=false showing=false
I/PackageManager(  889): Package com.androidclient.blulock.androidclient codePath changed from /data/app/com.androidclient.blulock.androidclient-2 to /data/app/com.androidclient.blulock.androidclient-1; Retaining data and using new
W/ActivityManager(  889): Force removing ActivityRecord{184566db u0 com.androidclient.blulock.androidclient/.MainActivity t15368}: app died, no saved state
V/WindowManager(  889): IKSWL-6868 finishPostLayoutPolicyLw: mHideKeyguard=false mDismissKeyguard=0
V/WindowManager(  889): IKSWL-6868 setKeyguardOccludedLw isOccluded=false wasOccluded=false showing=false
V/WindowManager(  889): IKSWL-6868 finishPostLayoutPolicyLw: mHideKeyguard=false mDismissKeyguard=0
V/WindowManager(  889): IKSWL-6868 setKeyguardOccludedLw isOccluded=false wasOccluded=false showing=false
W/ActivityManager(  889): Spurious death for ProcessRecord{2e16b01c 27177:com.androidclient.blulock.androidclient/u0a332}, curProc for 27177: null
V/WindowManager(  889): IKSWL-6868 finishPostLayoutPolicyLw: mHideKeyguard=false mDismissKeyguard=0
V/WindowManager(  889): IKSWL-6868 setKeyguardOccludedLw isOccluded=false wasOccluded=false showing=false
V/WindowManager(  889): IKSWL-6868 finishPostLayoutPolicyLw: mHideKeyguard=false mDismissKeyguard=0
V/WindowManager(  889): IKSWL-6868 setKeyguardOccludedLw isOccluded=false wasOccluded=false showing=false
W/InputMethodManagerService(  889): Got RemoteException sending setActive(false) notification to pid 27177 uid 10332
V/WindowManager(  889): IKSWL-6868 finishPostLayoutPolicyLw: mHideKeyguard=false mDismissKeyguard=0
V/WindowManager(  889): IKSWL-6868 setKeyguardOccludedLw isOccluded=false wasOccluded=false showing=false
V/WindowManager(  889): IKSWL-6868 finishPostLayoutPolicyLw: mHideKeyguard=false mDismissKeyguard=0
V/WindowManager(  889): IKSWL-6868 setKeyguardOccludedLw isOccluded=false wasOccluded=false showing=false
V/WindowManager(  889): IKSWL-6868 finishPostLayoutPolicyLw: mHideKeyguard=false mDismissKeyguard=0
V/WindowManager(  889): IKSWL-6868 setKeyguardOccludedLw isOccluded=false wasOccluded=false showing=false
V/WindowManager(  889): IKSWL-6868 finishPostLayoutPolicyLw: mHideKeyguard=false mDismissKeyguard=0
V/WindowManager(  889): IKSWL-6868 setKeyguardOccludedLw isOccluded=false wasOccluded=false showing=false
V/WindowManager(  889): IKSWL-6868 finishPostLayoutPolicyLw: mHideKeyguard=false mDismissKeyguard=0
V/WindowManager(  889): IKSWL-6868 setKeyguardOccludedLw isOccluded=false wasOccluded=false showing=false
V/WindowManager(  889): IKSWL-6868 finishPostLayoutPolicyLw: mHideKeyguard=false mDismissKeyguard=0
V/WindowManager(  889): IKSWL-6868 setKeyguardOccludedLw isOccluded=false wasOccluded=false showing=false
V/WindowManager(  889): IKSWL-6868 finishPostLayoutPolicyLw: mHideKeyguard=false mDismissKeyguard=0
V/WindowManager(  889): IKSWL-6868 setKeyguardOccludedLw isOccluded=false wasOccluded=false showing=false
V/WindowManager(  889): IKSWL-6868 finishPostLayoutPolicyLw: mHideKeyguard=false mDismissKeyguard=0
V/WindowManager(  889): IKSWL-6868 setKeyguardOccludedLw isOccluded=false wasOccluded=false showing=false
I/SFPerfTracer(  301):       trigger: frame rate (-47.874%)	(31.275 fps)	(31.974 ms) 	(14 drops)	(27 frames)
I/SFPerfTracer(  301):      triggers: (rate: 8249:233810) (compose: 0:451) (post: 0:1812) (render: 0:2198) (27:2237145 frames) (28:2417450)
D/SFPerfTracer(  301):        layers: (4:11) (FocusedStackFrame (0xb6299000): 0:9423)* (DimLayer (0xb6206000): 0:20)* (DimLayer (0xb6208000): 0:26)* (com.android.noisefield.NoiseFieldWallpaper (0xb6279000): 19:305723) (StatusBar (0xb6204000): 14:271779) (DimLayer (0xb632f000): 0:3784)* (DimLayer (0xb632d000): 0:1275)* (NavigationBar (0xb6202000): 13:298) (Starting com.androidclient.blulock.androidclient (0xb6331000): 0:38)- (com.androidclient.blulock.androidclient/com.androidclient.blulock.androidclient.MainActivity (0xb6277000): 0:6)- (com.android.launcher/com.android.launcher2.Launcher (0xb6277000): 1:7) 
V/AlarmManager(  889): sending alarm {3e9f7fe5 type 3 *alarm*:android.intent.action.TIME_TICK}
V/AlarmManager(  889): done {3e9f7fe5, *alarm*:android.intent.action.TIME_TICK} [30ms]
I/SFPerfTracer(  301):       trigger: frame rate (-64.580%)	(21.252 fps)	(47.054 ms) 	(31 drops)	(33 frames)
I/SFPerfTracer(  301):      triggers: (rate: 8250:233849) (compose: 0:451) (post: 0:1812) (render: 0:2198) (33:2237187 frames) (34:2417494)
D/SFPerfTracer(  301):        layers: (4:9) (FocusedStackFrame (0xb6299000): 0:9423)* (DimLayer (0xb6206000): 0:20)* (DimLayer (0xb6208000): 0:26)* (com.android.noisefield.NoiseFieldWallpaper (0xb6279000): 33:305766) (StatusBar (0xb6204000): 2:271781) (DimLayer (0xb632f000): 0:3784)* (DimLayer (0xb632d000): 0:1275)* (NavigationBar (0xb6202000): 0:298) (com.android.launcher/com.android.launcher2.Launcher (0xb6277000): 0:7) 
W/PackageManager(  889): Code path for pkg : com.androidclient.blulock.androidclient changing from /data/app/com.androidclient.blulock.androidclient-2 to /data/app/com.androidclient.blulock.androidclient-1
I/ActivityManager(  889): Force stopping com.androidclient.blulock.androidclient appid=10332 user=-1: update pkg
W/PackageManager(  889): Resource path for pkg : com.androidclient.blulock.androidclient changing from /data/app/com.androidclient.blulock.androidclient-2 to /data/app/com.androidclient.blulock.androidclient-1
I/ActivityManager(  889): Force stopping com.androidclient.blulock.androidclient appid=10332 user=0: pkg removed
I/SFPerfTracer(  301):       trigger: frame rate (-64.839%)	(21.097 fps)	(47.401 ms) 	(9 drops)	(10 frames)
I/SFPerfTracer(  301):      triggers: (rate: 8251:233858) (compose: 0:451) (post: 0:1812) (render: 0:2198) (10:2237197 frames) (11:2417505)
D/SFPerfTracer(  301):        layers: (4:9) (FocusedStackFrame (0xb6299000): 0:9423)* (DimLayer (0xb6206000): 0:20)* (DimLayer (0xb6208000): 0:26)* (com.android.noisefield.NoiseFieldWallpaper (0xb6279000): 11:305777) (StatusBar (0xb6204000): 0:271781) (DimLayer (0xb632f000): 0:3784)* (DimLayer (0xb632d000): 0:1275)* (NavigationBar (0xb6202000): 0:298) (com.android.launcher/com.android.launcher2.Launcher (0xb6277000): 0:7) 
I/ActivityManager(  889): Start proc 28816:com.qihoo.security:ui/u0a207 for service com.qihoo.security/.service.LoadingPermissionDataService
D/JobSchedulerService(  889): Receieved: android.intent.action.PACKAGE_REMOVED
D/BackupManagerService(  889): Received broadcast Intent { act=android.intent.action.PACKAGE_REMOVED dat=package:com.androidclient.blulock.androidclient flg=0x4000010 (has extras) }
W/ContextImpl(20938): Calling a method in the system process without a qualified user: android.app.ContextImpl.startService:1831 android.content.ContextWrapper.startService:516 android.content.ContextWrapper.startService:516 com.android.keychain.KeyChainBroadcastReceiver.onReceive:12 android.app.ActivityThread.handleReceiver:2639 
W/ResourcesManager(  889): Asset path '/system/framework/com.google.widevine.software.drm.jar' does not exist or contains no resources.
D/BackupManagerService(  889): Received broadcast Intent { act=android.intent.action.PACKAGE_ADDED dat=package:com.androidclient.blulock.androidclient flg=0x4000010 (has extras) }
W/BackupManagerService(  889): Removing schedule queue dupe of com.androidclient.blulock.androidclient
W/InputMethodInfo(  889): Duplicated subtype definition found: , voice
I/ActivityManager(  889): Process com.qihoo.security:apk_scan (pid 27208) has died
I/ActivityManager(  889): START u0 {act=android.intent.action.MAIN cat=[android.intent.category.LAUNCHER] flg=0x10000000 cmp=com.androidclient.blulock.androidclient/.MainActivity} from uid 2000 on display 0
V/WindowManager(  889): IKSWL-6868 finishPostLayoutPolicyLw: mHideKeyguard=false mDismissKeyguard=0
V/WindowManager(  889): IKSWL-6868 setKeyguardOccludedLw isOccluded=false wasOccluded=false showing=false
V/WindowManager(  889): addAppToken: AppWindowToken{e145094 token=Token{3674ce7 ActivityRecord{3cc00aa6 u0 com.androidclient.blulock.androidclient/.MainActivity t15369}}} to stack=1 task=15369 at 0
V/WindowManager(  889): Adding window Window{25d6f1df u0 Starting com.androidclient.blulock.androidclient} at 7 of 14 (after Window{11109f41 u0 com.facebook.katana/com.facebook.katana.LoginActivity})
I/ActivityManager(  889): Start proc 28899:com.androidclient.blulock.androidclient/u0a332 for activity com.androidclient.blulock.androidclient/.MainActivity
V/WindowManager(  889): IKSWL-6868 finishPostLayoutPolicyLw: mHideKeyguard=false mDismissKeyguard=0
V/WindowManager(  889): IKSWL-6868 setKeyguardOccludedLw isOccluded=false wasOccluded=false showing=false
V/WindowManager(  889): IKSWL-6868 finishPostLayoutPolicyLw: mHideKeyguard=false mDismissKeyguard=0
V/WindowManager(  889): IKSWL-6868 setKeyguardOccludedLw isOccluded=false wasOccluded=false showing=false
W/ActivityManager(  889): getRunningAppProcesses: caller 10207 does not hold REAL_GET_TASKS; limiting output
V/WindowManager(  889): IKSWL-6868 finishPostLayoutPolicyLw: mHideKeyguard=false mDismissKeyguard=0
V/WindowManager(  889): IKSWL-6868 setKeyguardOccludedLw isOccluded=false wasOccluded=false showing=false
V/WindowManager(  889): IKSWL-6868 finishPostLayoutPolicyLw: mHideKeyguard=false mDismissKeyguard=0
V/WindowManager(  889): IKSWL-6868 setKeyguardOccludedLw isOccluded=false wasOccluded=false showing=false
V/WindowManager(  889): IKSWL-6868 finishPostLayoutPolicyLw: mHideKeyguard=false mDismissKeyguard=0
V/WindowManager(  889): IKSWL-6868 setKeyguardOccludedLw isOccluded=false wasOccluded=false showing=false
V/WindowManager(  889): IKSWL-6868 finishPostLayoutPolicyLw: mHideKeyguard=false mDismissKeyguard=0
V/WindowManager(  889): IKSWL-6868 setKeyguardOccludedLw isOccluded=false wasOccluded=false showing=false
V/WindowManager(  889): IKSWL-6868 finishPostLayoutPolicyLw: mHideKeyguard=false mDismissKeyguard=0
V/WindowManager(  889): IKSWL-6868 setKeyguardOccludedLw isOccluded=false wasOccluded=false showing=false
V/WindowManager(  889): IKSWL-6868 finishPostLayoutPolicyLw: mHideKeyguard=false mDismissKeyguard=0
V/WindowManager(  889): IKSWL-6868 setKeyguardOccludedLw isOccluded=false wasOccluded=false showing=false
V/WindowManager(  889): IKSWL-6868 finishPostLayoutPolicyLw: mHideKeyguard=false mDismissKeyguard=0
V/WindowManager(  889): IKSWL-6868 setKeyguardOccludedLw isOccluded=false wasOccluded=false showing=false
V/WindowManager(  889): IKSWL-6868 finishPostLayoutPolicyLw: mHideKeyguard=false mDismissKeyguard=0
V/WindowManager(  889): IKSWL-6868 setKeyguardOccludedLw isOccluded=false wasOccluded=false showing=false
I/SFPerfTracer(  301):      triggers: (rate: 380:113594) (4514526 sw vsyncs) (632191 skipped) (453:3986193 vsyncs) (455:8674211)
V/WindowManager(  889): IKSWL-6868 finishPostLayoutPolicyLw: mHideKeyguard=false mDismissKeyguard=0
V/WindowManager(  889): IKSWL-6868 setKeyguardOccludedLw isOccluded=false wasOccluded=false showing=false
V/WindowManager(  889): IKSWL-6868 finishPostLayoutPolicyLw: mHideKeyguard=false mDismissKeyguard=0
V/WindowManager(  889): IKSWL-6868 setKeyguardOccludedLw isOccluded=false wasOccluded=false showing=false
W/ResourcesManager( 1448): Asset path '/system/framework/com.google.android.maps.jar' does not exist or contains no resources.
W/ResourcesManager( 1448): Asset path '/system/framework/com.motorola.gallery' does not exist or contains no resources.
W/ResourcesManager( 1448): Asset path '/system/framework/com.google.android.media.effects.jar' does not exist or contains no resources.
W/ResourcesManager( 1448): Asset path '/system/framework/com.motorola.frameworks.core.addon.jar' does not exist or contains no resources.
W/ResourcesManager( 1448): Asset path '/system/framework/com.google.android.maps.jar' does not exist or contains no resources.
W/ResourcesManager( 1448): Asset path '/system/framework/com.google.android.maps.jar' does not exist or contains no resources.
W/ResourcesManager( 1448): Asset path '/system/framework/com.google.android.maps.jar' does not exist or contains no resources.
I/SFPerfTracer(  301):      triggers: (rate: 380:113594) (4514526 sw vsyncs) (632191 skipped) (97:3986317 vsyncs) (99:8674342)
D/TaskPersister(  889): removeObsoleteFile: deleting file=15368_task.xml
I/SFPerfTracer(  301):      triggers: (rate: 380:113594) (4514526 sw vsyncs) (632191 skipped) (146:3986463 vsyncs) (148:8674490)
V/WindowManager(  889): Adding window Window{12178ec0 u0 com.androidclient.blulock.androidclient/com.androidclient.blulock.androidclient.MainActivity} at 7 of 15 (before Window{25d6f1df u0 Starting com.androidclient.blulock.androidclient})
V/WindowManager(  889): IKSWL-6868 finishPostLayoutPolicyLw: mHideKeyguard=false mDismissKeyguard=0
V/WindowManager(  889): IKSWL-6868 setKeyguardOccludedLw isOccluded=false wasOccluded=false showing=false
V/WindowManager(  889): IKSWL-6868 finishPostLayoutPolicyLw: mHideKeyguard=false mDismissKeyguard=0
V/WindowManager(  889): IKSWL-6868 setKeyguardOccludedLw isOccluded=false wasOccluded=false showing=false
V/WindowManager(  889): IKSWL-6868 finishPostLayoutPolicyLw: mHideKeyguard=false mDismissKeyguard=0
V/WindowManager(  889): IKSWL-6868 setKeyguardOccludedLw isOccluded=false wasOccluded=false showing=false
V/WindowManager(  889): IKSWL-6868 finishPostLayoutPolicyLw: mHideKeyguard=false mDismissKeyguard=0
V/WindowManager(  889): IKSWL-6868 setKeyguardOccludedLw isOccluded=false wasOccluded=false showing=false
I/LaunchCheckinHandler(  889): Displayed com.androidclient.blulock.androidclient/.MainActivity,cp,ca,6857
V/WindowManager(  889): IKSWL-6868 finishPostLayoutPolicyLw: mHideKeyguard=false mDismissKeyguard=0
V/WindowManager(  889): IKSWL-6868 setKeyguardOccludedLw isOccluded=false wasOccluded=false showing=false
V/WindowManager(  889): IKSWL-6868 finishPostLayoutPolicyLw: mHideKeyguard=false mDismissKeyguard=0
V/WindowManager(  889): IKSWL-6868 setKeyguardOccludedLw isOccluded=false wasOccluded=false showing=false
V/AlarmManager(  889): sending alarm {22378e9b type 0 *walarm*:com.outfit7.talkingtom2free/com.bee7.sdk.service.RewardingService}
V/AlarmManager(  889): sending alarm {3c84d211 type 0 *walarm*:com.ultimarom.launchnavigation/anagog.pd.service.AlarmReceiver}
V/AlarmManager(  889): sending alarm {3f08366 type 3 *alarm*:com.google.android.gms/.lockbox.LockboxAlarmReceiver}
V/AlarmManager(  889): done {22378e9b, *walarm*:com.outfit7.talkingtom2free/com.bee7.sdk.service.RewardingService} [7ms]
V/AlarmManager(  889): done {3c84d211, *walarm*:com.ultimarom.launchnavigation/anagog.pd.service.AlarmReceiver} [10ms]
V/AlarmManager(  889): done {3f08366, *alarm*:com.google.android.gms/.lockbox.LockboxAlarmReceiver} [20ms]
V/WindowManager(  889): IKSWL-6868 finishPostLayoutPolicyLw: mHideKeyguard=false mDismissKeyguard=0
V/WindowManager(  889): IKSWL-6868 setKeyguardOccludedLw isOccluded=false wasOccluded=false showing=false
V/WindowManager(  889): IKSWL-6868 finishPostLayoutPolicyLw: mHideKeyguard=false mDismissKeyguard=0
V/WindowManager(  889): IKSWL-6868 setKeyguardOccludedLw isOccluded=false wasOccluded=false showing=false
I/SFPerfTracer(  301):      triggers: (rate: 380:113594) (4514526 sw vsyncs) (632191 skipped) (56:3986592 vsyncs) (58:8674627)
W/ActivityManager(  889): getRunningAppProcesses: caller 10207 does not hold REAL_GET_TASKS; limiting output
I/SFPerfTracer(  301):      triggers: (rate: 380:113594) (4514526 sw vsyncs) (632191 skipped) (44:3986716 vsyncs) (46:8674758)
I/ActivityManager(  889): Process com.qihoo.security:ui (pid 28816) has died
W/ResourcesManager(27573): Asset path '/system/framework/com.android.media.remotedisplay.jar' does not exist or contains no resources.
W/ResourcesManager(27573): Asset path '/system/framework/com.android.location.provider.jar' does not exist or contains no resources.
W/ResourcesManager(  889): Asset path '/system/framework/com.google.widevine.software.drm.jar' does not exist or contains no resources.
D/BackupManagerService(  889): Received broadcast Intent { act=android.intent.action.PACKAGE_CHANGED dat=package:com.google.android.gms flg=0x4000010 (has extras) }
I/BackupManagerService(  889): Unbinding ComponentInfo{com.google.android.gms/com.google.android.gms.backup.BackupTransportService}
I/BackupManagerService(  889): Binding to transport host ComponentInfo{com.google.android.gms/com.google.android.gms.backup.BackupTransportService}
V/BackupManagerService(  889): Connected to transport ComponentInfo{com.google.android.gms/com.google.android.gms.backup.BackupTransportService}
V/BackupManagerService(  889): Registering transport com.google.android.gms/.backup.BackupTransportService::com.google.android.gms/.backup.BackupTransportService = com.android.internal.backup.IBackupTransport$Stub$Proxy@1aa7b2d4
I/SFPerfTracer(  301):      triggers: (rate: 380:113594) (4514526 sw vsyncs) (632191 skipped) (118:3986883 vsyncs) (120:8674936)
V/AlarmManager(  889): sending alarm {384134a9 type 2 *walarm*:com.google.android.gms.gcm.HEARTBEAT_ALARM}
V/AlarmManager(  889): done {384134a9, *walarm*:com.google.android.gms.gcm.HEARTBEAT_ALARM} [75ms]
V/AlarmManager(  889): sending alarm {17e51117 type 0 *walarm*:com.android.vending/com.google.android.finsky.services.ContentSyncService}
V/AlarmManager(  889): done {17e51117, *walarm*:com.android.vending/com.google.android.finsky.services.ContentSyncService} [22ms]
D/ConnectivityService(  889): reportBadNetwork(NetworkAgentInfo [WIFI () - 283]) by 10023
I/SFPerfTracer(  301):      triggers: (rate: 380:113594) (4514526 sw vsyncs) (632191 skipped) (75:3987041 vsyncs) (77:8675104)
D/ConnectivityService(  889): setProvNotificationVisibleIntent: E visible=false networkType=0 extraInfo=null
D/ConnectivityService(  889): Validated NetworkAgentInfo [WIFI () - 283]
I/SFPerfTracer(  301):      triggers: (rate: 380:113594) (4514526 sw vsyncs) (632191 skipped) (32:3987156 vsyncs) (34:8675225)
I/SFPerfTracer(  301):      triggers: (rate: 380:113594) (4514526 sw vsyncs) (632191 skipped) (42:3987272 vsyncs) (44:8675345)
V/AlarmManager(  889): sending alarm {1b8a696 type 2 *walarm*:com.google.android.intent.action.GCM_RECONNECT}
V/AlarmManager(  889): done {1b8a696, *walarm*:com.google.android.intent.action.GCM_RECONNECT} [13ms]
I/SFPerfTracer(  301):      triggers: (rate: 8251:233865) (compose: 0:451) (post: 0:1812) (render: 0:2198) (0:2237256 frames) (1:2417605)
D/SFPerfTracer(  301):        layers: (3:11) (FocusedStackFrame (0xb6299000): 0:9427)* (DimLayer (0xb6206000): 0:20)* (DimLayer (0xb6208000): 0:26)* (com.android.noisefield.NoiseFieldWallpaper (0xb6279000): 0:305820)* (StatusBar (0xb6204000): 1:271802) (DimLayer (0xb632f000): 0:3784)* (DimLayer (0xb632d000): 0:1278)* (NavigationBar (0xb6202000): 0:306) (com.android.launcher/com.android.launcher2.Launcher (0xb6277000): 0:9)- (Starting com.androidclient.blulock.androidclient (0xb618c000): 0:37)- (com.androidclient.blulock.androidclient/com.androidclient.blulock.androidclient.MainActivity (0xb6277000): 0:6) 
I/SFPerfTracer(  301):      triggers: (rate: 380:113594) (4514526 sw vsyncs) (632191 skipped) (417:3987755 vsyncs) (419:8675836)
I/SFPerfTracer(  301):      triggers: (rate: 380:113594) (4514526 sw vsyncs) (632191 skipped) (79:3987869 vsyncs) (81:8675956)
I/SFPerfTracer(  301):      triggers: (rate: 380:113594) (4514526 sw vsyncs) (632191 skipped) (121:3987990 vsyncs) (123:8676079)
I/SFPerfTracer(  301):      triggers: (rate: 380:113594) (4514526 sw vsyncs) (632191 skipped) (193:3988232 vsyncs) (195:8676325)
I/SFPerfTracer(  301):      triggers: (rate: 380:113594) (4514526 sw vsyncs) (632191 skipped) (66:3988352 vsyncs) (68:8676449)
I/SFPerfTracer(  301):      triggers: (rate: 380:113594) (4514526 sw vsyncs) (632191 skipped) (121:3988473 vsyncs) (123:8676572)
I/SFPerfTracer(  301):      triggers: (rate: 380:113594) (4514526 sw vsyncs) (632191 skipped) (121:3988594 vsyncs) (123:8676695)
I/SFPerfTracer(  301):      triggers: (rate: 380:113594) (4514526 sw vsyncs) (632191 skipped) (43:3988712 vsyncs) (45:8676817)
I/SFPerfTracer(  301):      triggers: (rate: 380:113594) (4514526 sw vsyncs) (632191 skipped) (410:3989122 vsyncs) (412:8677229)
I/SFPerfTracer(  301):      triggers: (rate: 380:113594) (4514526 sw vsyncs) (632191 skipped) (81:3989275 vsyncs) (83:8677391)
I/SFPerfTracer(  301):      triggers: (rate: 380:113594) (4514526 sw vsyncs) (632191 skipped) (160:3989435 vsyncs) (162:8677553)
V/AlarmManager(  889): sending alarm {3e9f7fe5 type 3 *alarm*:android.intent.action.TIME_TICK}
V/AlarmManager(  889): done {3e9f7fe5, *alarm*:android.intent.action.TIME_TICK} [31ms]
I/SFPerfTracer(  301):      triggers: (rate: 380:113594) (4514526 sw vsyncs) (632191 skipped) (44:3989544 vsyncs) (46:8677669)
I/SFPerfTracer(  301):      triggers: (rate: 380:113594) (4514526 sw vsyncs) (632191 skipped) (5:3989639 vsyncs) (7:8677770)
W/ActivityManager(  889): getRunningAppProcesses: caller 10207 does not hold REAL_GET_TASKS; limiting output
I/SFPerfTracer(  301):      triggers: (rate: 380:113594) (4514526 sw vsyncs) (632191 skipped) (70:3989790 vsyncs) (72:8677925)
V/AlarmManager(  889): sending alarm {22378e9b type 0 *walarm*:com.outfit7.talkingtom2free/com.bee7.sdk.service.RewardingService}
V/AlarmManager(  889): sending alarm {3c84d211 type 0 *walarm*:com.ultimarom.launchnavigation/anagog.pd.service.AlarmReceiver}
V/AlarmManager(  889): sending alarm {4a0b38f type 3 *alarm*:com.expensemanager/.ExpenseSyncService}
