I/SFPerfTracer(  301):       trigger: frame rate (-64.578%)	(21.253 fps)	(47.052 ms) 	(17 drops)	(18 frames)
I/SFPerfTracer(  301):      triggers: (rate: 8165:231353) (compose: 0:451) (post: 0:1801) (render: 0:2188) (18:2232840 frames) (19:2412511)
D/SFPerfTracer(  301):        layers: (4:9) (FocusedStackFrame (0xb6299000): 0:9370)* (DimLayer (0xb6206000): 0:20)* (DimLayer (0xb6208000): 0:22)* (com.android.noisefield.NoiseFieldWallpaper (0xb6279000): 19:302701) (StatusBar (0xb6204000): 1:271238) (DimLayer (0xb632f000): 0:3764)* (DimLayer (0xb632d000): 0:1255)* (com.android.launcher/com.android.launcher2.Launcher (0xb6277000): 0:238) (NavigationBar (0xb622a000): 0:26) 
W/ActivityManager(  889): getRunningAppProcesses: caller 10134 does not hold REAL_GET_TASKS; limiting output
W/ActivityManager(  889): getRunningAppProcesses: caller 10134 does not hold REAL_GET_TASKS; limiting output
I/ActivityManager(  889): Killing 4361:com.google.android.talk/u0a75 (adj 15): empty #22
I/SFPerfTracer(  301):       trigger: frame rate (-64.767%)	(21.140 fps)	(47.304 ms) 	(9 drops)	(10 frames)
I/SFPerfTracer(  301):      triggers: (rate: 8166:231366) (compose: 0:451) (post: 0:1801) (render: 0:2188) (10:2232855 frames) (11:2412528)
D/SFPerfTracer(  301):        layers: (4:9) (FocusedStackFrame (0xb6299000): 0:9370)* (DimLayer (0xb6206000): 0:20)* (DimLayer (0xb6208000): 0:22)* (com.android.noisefield.NoiseFieldWallpaper (0xb6279000): 11:302718) (StatusBar (0xb6204000): 0:271238) (DimLayer (0xb632f000): 0:3764)* (DimLayer (0xb632d000): 0:1255)* (com.android.launcher/com.android.launcher2.Launcher (0xb6277000): 0:238) (NavigationBar (0xb622a000): 0:26) 
I/ActivityManager(  889): Start proc 12789:com.google.android.googlequicksearchbox:search/u0a48 for broadcast com.google.android.googlequicksearchbox/com.google.android.apps.gsa.search.core.icingsync.IcingCorporaChangedReceiver
I/SFPerfTracer(  301):       trigger: frame rate (-63.837%)	(21.698 fps)	(46.088 ms) 	(31 drops)	(34 frames)
I/SFPerfTracer(  301):      triggers: (rate: 8167:231399) (compose: 0:451) (post: 0:1801) (render: 0:2188) (34:2232892 frames) (35:2412568)
D/SFPerfTracer(  301):        layers: (4:9) (FocusedStackFrame (0xb6299000): 0:9370)* (DimLayer (0xb6206000): 0:20)* (DimLayer (0xb6208000): 0:22)* (com.android.noisefield.NoiseFieldWallpaper (0xb6279000): 34:302757) (StatusBar (0xb6204000): 1:271240) (DimLayer (0xb632f000): 0:3764)* (DimLayer (0xb632d000): 0:1255)* (com.android.launcher/com.android.launcher2.Launcher (0xb6277000): 0:238) (NavigationBar (0xb622a000): 0:26) 
W/ContextImpl(12574): Calling a method in the system process without a qualified user: android.app.ContextImpl.startService:1831 android.content.ContextWrapper.startService:516 android.content.ContextWrapper.startService:516 com.android.settings.bluetooth.DockEventReceiver.beginStartingService:134 com.android.settings.bluetooth.DockEventReceiver.onReceive:115 
--------- beginning of main
D/BluetoothMap(12574): getConnectedDevices()
D/BluetoothMap(12574): getConnectionState(38:0B:40:DD:05:D8)
D/MapProfile(12574): getConnectionStatus: status is: 0
D/BluetoothPbap(12574): Proxy object connected
D/PbapServerProfile(12574): Bluetooth service connected
W/ContextImpl(12574): Calling a method in the system process without a qualified user: android.app.ContextImpl.startService:1831 android.content.ContextWrapper.startService:516 android.content.ContextWrapper.startService:516 com.android.settings.bluetooth.DockEventReceiver.beginStartingService:134 com.android.settings.bluetooth.DockEventReceiver.onReceive:115 
D/AuthorizationBluetoothService(28921): Received Bluetooth event: Intent { act=android.bluetooth.adapter.action.STATE_CHANGED flg=0x4000010 cmp=com.google.android.gms/.auth.be.proximity.authorization.bt.AuthorizationBluetoothService$BluetoothStateChangeReceiver (has extras) }.
D/DockEventReceiver(12574): finishStartingService: stopping service
D/BluetoothPbap(12574): Proxy object disconnected
D/PbapServerProfile(12574): Bluetooth service disconnected
W/BackupManagerService(  889): dataChanged but no participant pkg='com.skype.raider' uid=10120
W/AccountManagerService(  889): insertAccountIntoDatabase: Account {name=nirojpokhrel, type=com.skype.contacts.sync}, skipping since the account already exists
D/BluetoothManagerService(  889): Message: 20
D/BluetoothManagerService(  889): Added callback: android.bluetooth.IBluetoothManagerCallback$Stub$Proxy@3c5ad13d:true
D/BluetoothManagerService(  889): Message: 30
D/BluetoothManagerService(  889): Message: 30
D/Checkin ( 3449): publish the event [tag = MOT_DEVICE_STATS_L1 event name = SettingLogs]
D/Checkin ( 3449): publish the event [tag = MOT_DEVICE_STATS_L2 event name = EventLogs]
D/BluetoothA2dp(12646): Proxy object connected
D/BluetoothManagerService(  889): Message: 31
W/ContextImpl(12574): Calling a method in the system process without a qualified user: android.app.ContextImpl.startService:1831 android.content.ContextWrapper.startService:516 android.content.ContextWrapper.startService:516 com.android.settings.bluetooth.DockEventReceiver.beginStartingService:134 com.android.settings.bluetooth.DockEventReceiver.onReceive:115 
D/AuthorizationBluetoothService(28921): Received Bluetooth event: Intent { act=android.bluetooth.adapter.action.STATE_CHANGED flg=0x4000010 cmp=com.google.android.gms/.auth.be.proximity.authorization.bt.AuthorizationBluetoothService$BluetoothStateChangeReceiver (has extras) }.
D/BluetoothManagerService(  889): Message: 400
D/BluetoothHeadset(12646): Proxy object connected
D/BluetoothManagerService(  889): Message: 31
D/BluetoothHeadset(12646): Proxy object disconnected
D/DockEventReceiver(12574): finishStartingService: stopping service
D/Checkin ( 3449): publish the event [tag = MOT_DEVICE_STATS_L1 event name = SettingLogs]
D/Checkin ( 3449): publish the event [tag = MOT_DEVICE_STATS_L2 event name = EventLogs]
V/AlarmManager(  889): sending alarm {239fa090 type 3 *alarm*:com.whatsapp.action.UPDATE_NTP}
D/AuthorizationBluetoothService(28921): Received Bluetooth event: Intent { act=android.bluetooth.adapter.action.STATE_CHANGED flg=0x4000010 cmp=com.google.android.gms/.auth.be.proximity.authorization.bt.AuthorizationBluetoothService$BluetoothStateChangeReceiver (has extras) }.
D/Checkin ( 3449): publish the event [tag = MOT_DEVICE_STATS_L1 event name = SettingLogs]
D/Checkin ( 3449): publish the event [tag = MOT_DEVICE_STATS_L2 event name = EventLogs]
D/ libc   (  330):   32 retrying_select timeout
D/libc    (  330): dns server used:192.168.55.1
D/ libc   (  330):   34 retrying_select timeout
D/libc    (  330): dns server used:192.168.55.1
D/Checkin ( 3449): publish the event [tag = MOT_DEVICE_STATS_L1 event name = SettingLogs]
D/Checkin ( 3449): publish the event [tag = MOT_DEVICE_STATS_L2 event name = EventLogs]
D/Checkin ( 3449): publish the event [tag = MOT_DEVICE_STATS_L1 event name = SettingLogs]
D/Checkin ( 3449): publish the event [tag = MOT_DEVICE_STATS_L2 event name = EventLogs]
I/Icing   (23194): Indexing done EF04E88B0A2338EA37038D77B419C1843D305D96
D/Checkin ( 3449): publish the event [tag = MOT_DEVICE_STATS_L1 event name = SettingLogs]
D/Checkin ( 3449): publish the event [tag = MOT_DEVICE_STATS_L2 event name = EventLogs]
I/CCEUtils(12166): device type: MOTO
D/WearableService(28921): callingUid 10023, callindPid: 28921
I/SundryService(12166): onHandleIntent(): action=com.motorola.notification.REGISTRATION
I/SundryService(12166): Received registration
D/Checkin (12166): publish the event [tag = MOT_CCE_STATS event name = Registration]
E/SQLiteLog(12166): (284) automatic index on registration(APP_ID)
D/SundryService(12166): sendNewNotificationsIfMissing: unprocessedApps=[]
W/SundryService(12166): No apps found to updates
W/SundryService(12166): No apps found to send notifications
D/WifiService(  889): New client listening to asynchronous messages
I/art     (12166): Explicit concurrent mark sweep GC freed 16655(1003KB) AllocSpace objects, 7(112KB) LOS objects, 25% free, 10MB/13MB, paused 11.963ms total 208.271ms
I/art     (  889): Explicit concurrent mark sweep GC freed 20471(937KB) AllocSpace objects, 0(0B) LOS objects, 31% free, 35MB/51MB, paused 4.272ms total 182.786ms
I/MotoNetwCtrlr( 1167): onReceive: Received intent=Intent { act=android.net.wifi.RSSI_CHANGED flg=0x4000010 (has extras) } Action=android.net.wifi.RSSI_CHANGED
I/MotoNetwCtrlr.MotoWifiSignalCtrlr( 1167): handleBroadcast: Entered: Intent=Intent { act=android.net.wifi.RSSI_CHANGED flg=0x4000010 (has extras) } Action=android.net.wifi.RSSI_CHANGED
I/MotoNetwCtrlr.MotorolaWifiSignalController( 1167): isDirty: returns true
I/MotoNetwCtrlr.MotorolaWifiSignalController( 1167): notifyListeners: calling SB [0] setWifiIndicators (Motorola api): UseMotoUI=true Vis=true SBSig=0x7f02014c=stat_sys_wifi_signal_4_fully SBAct=( none ) DescSig="Wifi signal full." DescAct="wifi in and out" NetName=""Connectify-me""
I/MotoNetwCtrlr.MotorolaWifiSignalController( 1167): notifyListeners: calling SB [1] setWifiIndicators (Motorola api): UseMotoUI=true Vis=true SBSig=0x7f02014c=stat_sys_wifi_signal_4_fully SBAct=( none ) DescSig="Wifi signal full." DescAct="wifi in and out" NetName=""Connectify-me""
I/MotoNetwCtrlr.MotorolaWifiSignalController( 1167): notifyListeners: calling SB [2] setWifiIndicators (Motorola api): UseMotoUI=true Vis=true SBSig=0x7f02014c=stat_sys_wifi_signal_4_fully SBAct=( none ) DescSig="Wifi signal full." DescAct="wifi in and out" NetName=""Connectify-me""
I/MotoNetwCtrlr.MotoWifiSignalCtrlr( 1167): handleBroadcast: Completed
I/MotoNetwCtrlr( 1167): onReceive: Completed intent=Intent { act=android.net.wifi.RSSI_CHANGED flg=0x4000010 (has extras) } Action=android.net.wifi.RSSI_CHANGED
I/MotoNetwCtrlr( 1167): onReceive: Received intent=Intent { act=android.net.wifi.RSSI_CHANGED flg=0x4000010 (has extras) } Action=android.net.wifi.RSSI_CHANGED
I/MotoNetwCtrlr.MotoWifiSignalCtrlr( 1167): handleBroadcast: Entered: Intent=Intent { act=android.net.wifi.RSSI_CHANGED flg=0x4000010 (has extras) } Action=android.net.wifi.RSSI_CHANGED
I/MotoNetwCtrlr.MotorolaWifiSignalController( 1167): isDirty: returns false
I/MotoNetwCtrlr.MotoWifiSignalCtrlr( 1167): handleBroadcast: Completed
I/MotoNetwCtrlr( 1167): onReceive: Completed intent=Intent { act=android.net.wifi.RSSI_CHANGED flg=0x4000010 (has extras) } Action=android.net.wifi.RSSI_CHANGED
I/art     ( 1355): Explicit concurrent mark sweep GC freed 61841(2MB) AllocSpace objects, 12(961KB) LOS objects, 40% free, 8MB/13MB, paused 976us total 28.170ms
I/CWCheckin( 5226): BcsConfigAndroid:updateAllowedEventTagsForPrivacyProfile Blacklisted tags: (DUMMY_TAG:1416552400)
D/Checkin ( 5226): publish the event [tag = MOT_CHECKIN event name = LOG]
D/CWCheckin( 5226): Motorola help_improve privacy is 0
I/CWCheckin( 5226): insertEvent: Checkin events not allowed by the user.
I/CWCheckin( 5226): BcsConfigAndroid:updateAllowedEventTagsForPrivacyProfile new whitelisted checkin event tags: MOT_PRIVACY_PROFILE,DEVICE_PROPERTIES,MOT_DL_SERVICE:LOG,MOT_OTA:LOG,DEV_ATTRIBS,CHECKIN_SUCCESS,MOT_CCE_STATS:CS_Notif_FFA,MOT_CDS_SERVICE:LOG,CHECKIN_FAILURE
D/Checkin ( 5226): publish the event [tag = MOT_CHECKIN event name = LOG]
D/CWCheckin( 5226): Motorola help_improve privacy is 0
I/CWCheckin( 5226): insertEvent: Checkin events not allowed by the user.
D/Checkin ( 5226): publish the event [tag = MOT_PRIVACY_PROFILE event name = PRIVACY]
D/CWCheckin( 5226): Motorola help_improve privacy is 0
I/CWCheckin( 5226): insertEvent: Checkin events not allowed by the user.
I/CWCheckin( 5226): BcsConfigAndroid:updateAllowedEventTagsForPrivacyProfile Blacklisted tags: (DUMMY_TAG:1416552400)
D/Checkin ( 5226): publish the event [tag = MOT_CHECKIN event name = LOG]
D/CWCheckin( 5226): Motorola help_improve privacy is 0
I/CWCheckin( 5226): insertEvent: Checkin events not allowed by the user.
I/CWCheckin( 5226): BcsConfigAndroid:updateAllowedEventTagsForPrivacyProfile new whitelisted checkin event tags: MOT_PRIVACY_PROFILE,DEVICE_PROPERTIES,MOT_DL_SERVICE:LOG,MOT_OTA:LOG,DEV_ATTRIBS,CHECKIN_SUCCESS,MOT_CCE_STATS:CS_Notif_FFA,MOT_CDS_SERVICE:LOG,CHECKIN_FAILURE
D/Checkin ( 5226): publish the event [tag = MOT_CHECKIN event name = LOG]
D/CWCheckin( 5226): Motorola help_improve privacy is 0
I/CWCheckin( 5226): insertEvent: Checkin events not allowed by the user.
D/Checkin ( 5226): publish the event [tag = MOT_PRIVACY_PROFILE event name = PRIVACY]
D/CWCheckin( 5226): Motorola help_improve privacy is 0
I/CWCheckin( 5226): insertEvent: Checkin events not allowed by the user.
I/UpdateIcingCorporaServi(12789): UpdateCorporaTask done [took 3754 ms] updated apps [took 3733 ms] 
I/MotAcctManagerExt(12166): using API version: 2
E/MotAcct.ChangeReceiver(12166): doesn't exist
I/art     ( 1355): Explicit concurrent mark sweep GC freed 3698(146KB) AllocSpace objects, 0(0B) LOS objects, 40% free, 8MB/13MB, paused 1.159ms total 21.394ms
I/MMApiProvisionService(12166): createDeviceIdOrLogin update_device
D/Checkin (12166): publish the event [tag = MOT_CCE event name = LOG]
W/BroadcastQueue(  889): Permission Denial: broadcasting Intent { act=com.motorola.cce.Actions.CCE_SEND_SETTINGS flg=0x10 (has extras) } from com.motorola.ccc.checkin (pid=12166, uid=10000) is not exported from uid 10047 due to receiver com.motorola.targetnotif/com.motorola.blur.service.blur.SharedSettingsReceiver
W/BroadcastQueue(  889): Permission Denial: broadcasting Intent { act=com.motorola.cce.Actions.CCE_SEND_SETTINGS flg=0x10 (has extras) } from com.motorola.ccc.checkin (pid=12166, uid=10000) is not exported from uid 10035 due to receiver com.motorola.MotGallery2/com.motorola.blur.service.blur.SharedSettingsReceiver
V/AlarmManager(  889): done {103e3d48, *walarm*:com.facebook.rti.mqtt.e.f.ACTION_INEXACT_ALARM.MqttLite.com.facebook.orca} [26502ms]
W/MotorolaSettings(12166): no such table to get this name = privacy_droid_blast
I/ActivityManager(  889): Killing 11520:com.google.android.apps.inbox/u0a184 (adj 15): empty #22
W/System.err(12166): java.lang.Exception
W/System.err(12166): 	at com.motorola.android.provider.MotorolaSettings.getString(MotorolaSettings.java:312)
W/System.err(12166): 	at com.motorola.android.provider.MotorolaSettings.getInt(MotorolaSettings.java:350)
W/System.err(12166): 	at java.lang.reflect.Method.invoke(Native Method)
W/System.err(12166): 	at java.lang.reflect.Method.invoke(Method.java:372)
W/System.err(12166): 	at com.motorola.ccc.checkin.MotorolaSettings.getInt(MotorolaSettings.java:106)
W/System.err(12166): 	at com.motorola.ccc.checkin.PrivacyHelper.readPrivacy(PrivacyHelper.java:413)
W/System.err(12166): 	at com.motorola.ccc.checkin.PrivacyHelper.reconfigurePrivacy(PrivacyHelper.java:160)
W/System.err(12166): 	at com.motorola.ccc.checkin.BcsConfigAndroid.handleConfigChange(BcsConfigAndroid.java:1045)
W/System.err(12166): 	at com.motorola.ccc.checkin.BcsConfigAndroid.update(BcsConfigAndroid.java:526)
W/System.err(12166): 	at com.motorola.ccc.checkin.BcsCore.doConfig(BcsCore.java:662)
W/System.err(12166): 	at com.motorola.ccc.checkin.BcsCore.handleEvent(BcsCore.java:332)
W/System.err(12166): 	at com.motorola.ccc.checkin.BcsPlatformAndroid.handleCceSendSettingsResponse(BcsPlatformAndroid.java:432)
W/System.err(12166): 	at com.motorola.ccc.checkin.BcsPlatformAndroid.onReceiveActions(BcsPlatformAndroid.java:403)
W/System.err(12166): 	at com.motorola.ccc.checkin.BcsPlatformAndroid.access$000(BcsPlatformAndroid.java:87)
W/System.err(12166): 	at com.motorola.ccc.checkin.BcsPlatformAndroid$1.run(BcsPlatformAndroid.java:295)
W/System.err(12166): 	at java.util.concurrent.Executors$RunnableAdapter.call(Executors.java:422)
W/System.err(12166): 	at java.util.concurrent.FutureTask.run(FutureTask.java:237)
W/System.err(12166): 	at java.util.concurrent.ThreadPoolExecutor.runWorker(ThreadPoolExecutor.java:1112)
W/System.err(12166): 	at java.util.concurrent.ThreadPoolExecutor$Worker.run(ThreadPoolExecutor.java:587)
W/System.err(12166): 	at java.lang.Thread.run(Thread.java:818)
I/art     (  889): Explicit concurrent mark sweep GC freed 11029(492KB) AllocSpace objects, 0(0B) LOS objects, 31% free, 35MB/51MB, paused 10.315ms total 228.872ms
I/global frequency(12166): BcsConfigAndroid:updateAllowedEventTagsForPrivacyProfile Blacklisted tags: (DUMMY_TAG:1416552400)
D/Checkin (12166): publish the event [tag = MOT_CHECKIN event name = LOG]
I/global frequency(12166): BcsConfigAndroid:updateAllowedEventTagsForPrivacyProfile new whitelisted checkin event tags: MOT_DEVICE_STATS_L3:DATASIZES:SystemLocale,MOT_DL_SERVICE:LOG,MOT_DEVICE_STATS:APPUSAGE:PerUidStats:PhoneTimeStats:EventLogs:STUCKWAKELOCKS:STORAGESTATS:PERUIDSTATS:PMaps:BattCap:AppUsage:BATTCAP:DATASIZES:EVENTLOGS:DataSizes:TagOverflow:SIGNALSTRENGTHS:PHONETIMESTATS:SignalStrengths:StuckWakelocks:SegidOverrun,DEV_ATTRIBS,MOT_OTA:LOG,SMART_ACTIONS:HANASHI:APP:RULE:MODE,MOT_CCE_STATS:CS_Notif_FFA,MOT_CA_STATS_L2:DC_ACCESSORY:DC_PKG:EventLogs:DC_SDCARD:DC_UMS:DC_APPINFO,MOT_CDS_SERVICE:LOG,MOT_CALL_STATS_L2:CALL_END,MOT_DEVICE_STATS_L1:EVENTLOGS:SETTINGLOGS:SettingLogs:EventLogs,CHECKIN_FAILURE,CONTEXT_ENGINE:SEC_CE_LOCATION:SEC_SET_USR_LOCN,MOT_PRIVACY_PROFILE,DEVICE_PROPERTIES,CALL_PERF_STATS_SUCCESS:CALL_PERF_STATS_SUCCESS,MOT_DEVICE_STATS_BAT:Battery,MOT_DEVICE_STATS_L2:EVENTLOGS:EventLogs,MOT_CA_STATS_L3:DC_NETWORK,CHECKIN_SUCCESS,MOT_CA_STATS_L1:DC_SIGNALSTRENGTH,MOT_GUIDEME_STATS_L1:CallCancel:SearchRequest:MotocareSetting:QuickFix:help_content:Quests:RecSetUpState:DataSaver:SearchResponse:LaunchEvent:ActedOnRec:RecDismiss:CallPlaced:RecVisibleList:ChatResponse:ChatInit:RepairStatus:ChatEnd:Help_Content:RecClick:RecCount:RecList:RNTConfig:Error:LaunchSearchResult:RecFetched:quests
D/Checkin (12166): publish the event [tag = MOT_CHECKIN event name = LOG]
D/Checkin (12166): publish the event [tag = MOT_PRIVACY_PROFILE event name = PRIVACY]
E/libprocessgroup(  889): failed to kill 1 processes for processgroup 11520
V/AlarmManager(  889): done {2c0102cb, *walarm*:com.facebook.rti.mqtt.keepalive.KeepaliveManager.ACTION_INEXACT_ALARM.MqttLite.com.facebook.katana} [26824ms]
V/AlarmManager(  889): done {3c84d211, *walarm*:com.ultimarom.launchnavigation/anagog.pd.service.AlarmReceiver} [26889ms]
I/SFPerfTracer(  301):      triggers: (rate: 8167:231439) (compose: 0:451) (post: 0:1801) (render: 0:2188) (1:2232962 frames) (2:2412669)
D/SFPerfTracer(  301):        layers: (4:9) (FocusedStackFrame (0xb6299000): 0:9370)* (DimLayer (0xb6206000): 0:20)* (DimLayer (0xb6208000): 0:22)* (com.android.noisefield.NoiseFieldWallpaper (0xb6279000): 2:302857) (StatusBar (0xb6204000): 0:271242) (DimLayer (0xb632f000): 0:3764)* (DimLayer (0xb632d000): 0:1255)* (com.android.launcher/com.android.launcher2.Launcher (0xb6277000): 0:238) (NavigationBar (0xb622a000): 0:26) 
V/AlarmManager(  889): done {d436d89, *alarm*:com.whatsapp.action.HOURLY_CRON} [26999ms]
W/ContextImpl(12574): Calling a method in the system process without a qualified user: android.app.ContextImpl.startService:1831 android.content.ContextWrapper.startService:516 android.content.ContextWrapper.startService:516 com.android.settings.bluetooth.DockEventReceiver.beginStartingService:134 com.android.settings.bluetooth.DockEventReceiver.onReceive:115 
D/BluetoothManagerService(  889): checkIfCallerIsForegroundUser: valid=true callingUser=0 parentUser=-10000 foregroundUser=0
W/BluetoothAdapter(12129): getBluetoothService() called with no BluetoothManagerCallback
D/DockEventReceiver(12574): finishStartingService: stopping service
D/AuthorizationBluetoothService(28921): Received Bluetooth event: Intent { act=android.bluetooth.adapter.action.STATE_CHANGED flg=0x4000010 cmp=com.google.android.gms/.auth.be.proximity.authorization.bt.AuthorizationBluetoothService$BluetoothStateChangeReceiver (has extras) }.
W/art     (12166): Suspending all threads took: 5.554ms
D/BluetoothManagerService(  889): Message: 30
D/BluetoothManagerService(  889): Message: 30
I/global frequency(12166): BcsTimer.setTimer(86400000, 86400000)
D/Checkin (12166): publish the event [tag = MOT_CHECKIN event name = LOG]
I/art     (12166): Explicit concurrent mark sweep GC freed 10135(869KB) AllocSpace objects, 2(32KB) LOS objects, 24% free, 10MB/13MB, paused 28.383ms total 385.960ms
D/BluetoothManagerService(  889): Message: 400
D/BluetoothHeadset( 5226): Proxy object connected
D/BluetoothA2dp( 5226): Proxy object connected
D/BluetoothManagerService(  889): checkIfCallerIsForegroundUser: valid=true callingUser=0 parentUser=-10000 foregroundUser=0
E/BAR     ( 6714):  change big -26.811153411865234
I/global frequency(12166): service started
D/Checkin (12166): publish the event [tag = MOT_CHECKIN event name = LOG]
I/art     ( 1355): Explicit concurrent mark sweep GC freed 3241(129KB) AllocSpace objects, 0(0B) LOS objects, 40% free, 8MB/13MB, paused 1.007ms total 34.365ms
I/ActivityManager(  889): Start proc 12921:com.motorola.moto:context_engine/u0a208 for broadcast com.motorola.moto/com.motorola.context.publisher.bluetoothdeterminer.BTReceiver
I/art     (  889): Explicit concurrent mark sweep GC freed 21753(977KB) AllocSpace objects, 0(0B) LOS objects, 31% free, 35MB/51MB, paused 4.242ms total 136.456ms
D/BluetoothManagerService(  889): checkIfCallerIsForegroundUser: valid=true callingUser=0 parentUser=-10000 foregroundUser=0
I/art     ( 1355): Explicit concurrent mark sweep GC freed 3698(145KB) AllocSpace objects, 0(0B) LOS objects, 39% free, 8MB/13MB, paused 1.648ms total 23.805ms
I/CWCheckin( 5226): BcsConfigAndroid:updateAllowedEventTagsForPrivacyProfile Blacklisted tags: (DUMMY_TAG:1416552400)
D/Checkin ( 5226): publish the event [tag = MOT_CHECKIN event name = LOG]
D/CWCheckin( 5226): Motorola help_improve privacy is 0
I/CWCheckin( 5226): insertEvent: Checkin events not allowed by the user.
I/CWCheckin( 5226): BcsConfigAndroid:updateAllowedEventTagsForPrivacyProfile new whitelisted checkin event tags: MOT_PRIVACY_PROFILE,DEVICE_PROPERTIES,MOT_DL_SERVICE:LOG,MOT_OTA:LOG,DEV_ATTRIBS,CHECKIN_SUCCESS,MOT_CCE_STATS:CS_Notif_FFA,MOT_CDS_SERVICE:LOG,CHECKIN_FAILURE
D/Checkin ( 5226): publish the event [tag = MOT_CHECKIN event name = LOG]
D/CWCheckin( 5226): Motorola help_improve privacy is 0
I/CWCheckin( 5226): insertEvent: Checkin events not allowed by the user.
D/Checkin ( 5226): publish the event [tag = MOT_PRIVACY_PROFILE event name = PRIVACY]
D/CWCheckin( 5226): Motorola help_improve privacy is 0
I/CWCheckin( 5226): insertEvent: Checkin events not allowed by the user.
I/CWCheckin( 5226): BcsConfigAndroid:updateAllowedEventTagsForPrivacyProfile Blacklisted tags: (DUMMY_TAG:1416552400)
D/Checkin ( 5226): publish the event [tag = MOT_CHECKIN event name = LOG]
D/CWCheckin( 5226): Motorola help_improve privacy is 0
I/CWCheckin( 5226): insertEvent: Checkin events not allowed by the user.
W/MotorolaSettings(12166): no such table to get this name = privacy_droid_blast
W/System.err(12166): java.lang.Exception
W/System.err(12166): 	at com.motorola.android.provider.MotorolaSettings.getString(MotorolaSettings.java:312)
W/System.err(12166): 	at com.motorola.android.provider.MotorolaSettings.getInt(MotorolaSettings.java:350)
W/System.err(12166): 	at java.lang.reflect.Method.invoke(Native Method)
W/System.err(12166): 	at java.lang.reflect.Method.invoke(Method.java:372)
W/System.err(12166): 	at com.motorola.ccc.checkin.MotorolaSettings.getInt(MotorolaSettings.java:106)
W/System.err(12166): 	at com.motorola.ccc.checkin.PrivacyHelper.readPrivacy(PrivacyHelper.java:413)
W/System.err(12166): 	at com.motorola.ccc.checkin.PrivacyHelper.reconfigurePrivacy(PrivacyHelper.java:160)
W/System.err(12166): 	at com.motorola.ccc.checkin.BcsConfigAndroid.handleConfigChange(BcsConfigAndroid.java:1004)
W/System.err(12166): 	at com.motorola.ccc.checkin.BcsConfigAndroid.update(BcsConfigAndroid.java:526)
W/System.err(12166): 	at com.motorola.ccc.checkin.BcsCore.doConfig(BcsCore.java:662)
W/System.err(12166): 	at com.motorola.ccc.checkin.BcsCore.handleEvent(BcsCore.java:332)
W/System.err(12166): 	at com.motorola.ccc.checkin.BcsPlatformAndroid.handleCceSendSettingsResponse(BcsPlatformAndroid.java:432)
W/System.err(12166): 	at com.motorola.ccc.checkin.BcsPlatformAndroid.onReceiveActions(BcsPlatformAndroid.java:403)
W/System.err(12166): 	at com.motorola.ccc.checkin.BcsPlatformAndroid.access$000(BcsPlatformAndroid.java:87)
W/System.err(12166): 	at com.motorola.ccc.checkin.BcsPlatformAndroid$1.run(BcsPlatformAndroid.java:295)
W/System.err(12166): 	at java.util.concurrent.Executors$RunnableAdapter.call(Executors.java:422)
W/System.err(12166): 	at java.util.concurrent.FutureTask.run(FutureTask.java:237)
W/System.err(12166): 	at java.util.concurrent.ThreadPoolExecutor.runWorker(ThreadPoolExecutor.java:1112)
W/System.err(12166): 	at java.util.concurrent.ThreadPoolExecutor$Worker.run(ThreadPoolExecutor.java:587)
I/CWCheckin( 5226): BcsConfigAndroid:updateAllowedEventTagsForPrivacyProfile new whitelisted checkin event tags: MOT_PRIVACY_PROFILE,DEVICE_PROPERTIES,MOT_DL_SERVICE:LOG,MOT_OTA:LOG,DEV_ATTRIBS,CHECKIN_SUCCESS,MOT_CCE_STATS:CS_Notif_FFA,MOT_CDS_SERVICE:LOG,CHECKIN_FAILURE
D/Checkin ( 5226): publish the event [tag = MOT_CHECKIN event name = LOG]
D/CWCheckin( 5226): Motorola help_improve privacy is 0
I/CWCheckin( 5226): insertEvent: Checkin events not allowed by the user.
D/Checkin ( 5226): publish the event [tag = MOT_PRIVACY_PROFILE event name = PRIVACY]
D/CWCheckin( 5226): Motorola help_improve privacy is 0
I/CWCheckin( 5226): insertEvent: Checkin events not allowed by the user.
W/System.err(12166): 	at java.lang.Thread.run(Thread.java:818)
I/global frequency(12166): BcsConfigAndroid:updateAllowedEventTagsForPrivacyProfile Blacklisted tags: (DUMMY_TAG:1416552400)
D/Checkin (12166): publish the event [tag = MOT_CHECKIN event name = LOG]
I/global frequency(12166): BcsConfigAndroid:updateAllowedEventTagsForPrivacyProfile new whitelisted checkin event tags: MOT_DEVICE_STATS_L3:DATASIZES:SystemLocale,MOT_DL_SERVICE:LOG,MOT_DEVICE_STATS:APPUSAGE:PerUidStats:PhoneTimeStats:EventLogs:STUCKWAKELOCKS:STORAGESTATS:PERUIDSTATS:PMaps:BattCap:AppUsage:BATTCAP:DATASIZES:EVENTLOGS:DataSizes:TagOverflow:SIGNALSTRENGTHS:PHONETIMESTATS:SignalStrengths:StuckWakelocks:SegidOverrun,DEV_ATTRIBS,MOT_OTA:LOG,SMART_ACTIONS:HANASHI:APP:RULE:MODE,MOT_CCE_STATS:CS_Notif_FFA,MOT_CA_STATS_L2:DC_ACCESSORY:DC_PKG:EventLogs:DC_SDCARD:DC_UMS:DC_APPINFO,MOT_CDS_SERVICE:LOG,MOT_CALL_STATS_L2:CALL_END,MOT_DEVICE_STATS_L1:EVENTLOGS:SETTINGLOGS:SettingLogs:EventLogs,CHECKIN_FAILURE,CONTEXT_ENGINE:SEC_CE_LOCATION:SEC_SET_USR_LOCN,MOT_PRIVACY_PROFILE,DEVICE_PROPERTIES,CALL_PERF_STATS_SUCCESS:CALL_PERF_STATS_SUCCESS,MOT_DEVICE_STATS_BAT:Battery,MOT_DEVICE_STATS_L2:EVENTLOGS:EventLogs,MOT_CA_STATS_L3:DC_NETWORK,CHECKIN_SUCCESS,MOT_CA_STATS_L1:DC_SIGNALSTRENGTH,MOT_GUIDEME_STATS_L1:CallCancel:SearchRequest:MotocareSetting:QuickFix:help_content:Quests:RecSetUpState:DataSaver:SearchResponse:LaunchEvent:ActedOnRec:RecDismiss:CallPlaced:RecVisibleList:ChatResponse:ChatInit:RepairStatus:ChatEnd:Help_Content:RecClick:RecCount:RecList:RNTConfig:Error:LaunchSearchResult:RecFetched:quests
D/Checkin (12166): publish the event [tag = MOT_CHECKIN event name = LOG]
D/Checkin (12166): publish the event [tag = MOT_PRIVACY_PROFILE event name = PRIVACY]
I/ActivityManager(  889): Start proc 12936:com.motorola.moto/u0a208 for service com.motorola.moto/com.motorola.assist.engine.AssistService
I/CWCheckin( 5226): BcsConfigAndroid:updateAllowedEventTagsForPrivacyProfile Blacklisted tags: (DUMMY_TAG:1416552400)
D/Checkin ( 5226): publish the event [tag = MOT_CHECKIN event name = LOG]
D/CWCheckin( 5226): Motorola help_improve privacy is 0
I/CWCheckin( 5226): insertEvent: Checkin events not allowed by the user.
I/CWCheckin( 5226): BcsConfigAndroid:updateAllowedEventTagsForPrivacyProfile new whitelisted checkin event tags: MOT_PRIVACY_PROFILE,DEVICE_PROPERTIES,MOT_DL_SERVICE:LOG,MOT_OTA:LOG,DEV_ATTRIBS,CHECKIN_SUCCESS,MOT_CCE_STATS:CS_Notif_FFA,MOT_CDS_SERVICE:LOG,CHECKIN_FAILURE
D/Checkin ( 5226): publish the event [tag = MOT_CHECKIN event name = LOG]
D/CWCheckin( 5226): Motorola help_improve privacy is 0
I/CWCheckin( 5226): insertEvent: Checkin events not allowed by the user.
D/BluetoothManagerService(  889): Message: 20
D/BluetoothManagerService(  889): Added callback: android.bluetooth.IBluetoothManagerCallback$Stub$Proxy@3d72f8ec:true
D/Checkin ( 5226): publish the event [tag = MOT_PRIVACY_PROFILE event name = PRIVACY]
D/CWCheckin( 5226): Motorola help_improve privacy is 0
I/CWCheckin( 5226): insertEvent: Checkin events not allowed by the user.
I/CWCheckin( 5226): BcsConfigAndroid:updateAllowedEventTagsForPrivacyProfile Blacklisted tags: (DUMMY_TAG:1416552400)
D/Checkin ( 5226): publish the event [tag = MOT_CHECKIN event name = LOG]
D/CWCheckin( 5226): Motorola help_improve privacy is 0
I/CWCheckin( 5226): insertEvent: Checkin events not allowed by the user.
I/CWCheckin( 5226): BcsConfigAndroid:updateAllowedEventTagsForPrivacyProfile new whitelisted checkin event tags: MOT_PRIVACY_PROFILE,DEVICE_PROPERTIES,MOT_DL_SERVICE:LOG,MOT_OTA:LOG,DEV_ATTRIBS,CHECKIN_SUCCESS,MOT_CCE_STATS:CS_Notif_FFA,MOT_CDS_SERVICE:LOG,CHECKIN_FAILURE
D/Checkin ( 5226): publish the event [tag = MOT_CHECKIN event name = LOG]
D/CWCheckin( 5226): Motorola help_improve privacy is 0
I/CWCheckin( 5226): insertEvent: Checkin events not allowed by the user.
D/Checkin ( 5226): publish the event [tag = MOT_PRIVACY_PROFILE event name = PRIVACY]
D/CWCheckin( 5226): Motorola help_improve privacy is 0
I/CWCheckin( 5226): insertEvent: Checkin events not allowed by the user.
D/BluetoothManagerService(  889): Message: 20
D/BluetoothManagerService(  889): Added callback: android.bluetooth.IBluetoothManagerCallback$Stub$Proxy@320cb7d8:true
W/MotorolaSettings(12166): no such table to get this name = privacy_droid_blast
W/System.err(12166): java.lang.Exception
W/System.err(12166): 	at com.motorola.android.provider.MotorolaSettings.getString(MotorolaSettings.java:312)
W/System.err(12166): 	at com.motorola.android.provider.MotorolaSettings.getInt(MotorolaSettings.java:350)
W/System.err(12166): 	at java.lang.reflect.Method.invoke(Native Method)
W/System.err(12166): 	at java.lang.reflect.Method.invoke(Method.java:372)
W/System.err(12166): 	at com.motorola.ccc.checkin.MotorolaSettings.getInt(MotorolaSettings.java:106)
W/System.err(12166): 	at com.motorola.ccc.checkin.PrivacyHelper.readPrivacy(PrivacyHelper.java:413)
W/System.err(12166): 	at com.motorola.ccc.checkin.PrivacyHelper.reconfigurePrivacy(PrivacyHelper.java:160)
W/System.err(12166): 	at com.motorola.ccc.checkin.BcsConfigAndroid.handleConfigChange(BcsConfigAndroid.java:1004)
W/System.err(12166): 	at com.motorola.ccc.checkin.BcsConfigAndroid.update(BcsConfigAndroid.java:526)
W/System.err(12166): 	at com.motorola.ccc.checkin.BcsCore.doConfig(BcsCore.java:662)
W/System.err(12166): 	at com.motorola.ccc.checkin.BcsCore.handleEvent(BcsCore.java:332)
W/System.err(12166): 	at com.motorola.ccc.checkin.BcsPlatformAndroid.handleCceSendSettingsResponse(BcsPlatformAndroid.java:432)
W/System.err(12166): 	at com.motorola.ccc.checkin.BcsPlatformAndroid.onReceiveActions(BcsPlatformAndroid.java:403)
W/System.err(12166): 	at com.motorola.ccc.checkin.BcsPlatformAndroid.access$000(BcsPlatformAndroid.java:87)
W/System.err(12166): 	at com.motorola.ccc.checkin.BcsPlatformAndroid$1.run(BcsPlatformAndroid.java:295)
W/System.err(12166): 	at java.util.concurrent.Executors$RunnableAdapter.call(Executors.java:422)
W/System.err(12166): 	at java.util.concurrent.FutureTask.run(FutureTask.java:237)
W/System.err(12166): 	at java.util.concurrent.ThreadPoolExecutor.runWorker(ThreadPoolExecutor.java:1112)
W/System.err(12166): 	at java.util.concurrent.ThreadPoolExecutor$Worker.run(ThreadPoolExecutor.java:587)
W/System.err(12166): 	at java.lang.Thread.run(Thread.java:818)
I/System.out(12646): There is callback from service
I/ActivityManager(  889): Start proc 12954:org.coursera.android/u0a113 for broadcast org.coursera.android/com.google.android.libraries.cast.companionlibrary.remotecontrol.VideoIntentReceiver
I/global frequency(12166): BcsConfigAndroid:updateAllowedEventTagsForPrivacyProfile Blacklisted tags: (DUMMY_TAG:1416552400)
I/MotoNetwCtrlr( 1167): onReceive: Received intent=Intent { act=android.net.wifi.RSSI_CHANGED flg=0x4000010 (has extras) } Action=android.net.wifi.RSSI_CHANGED
I/MotoNetwCtrlr.MotoWifiSignalCtrlr( 1167): handleBroadcast: Entered: Intent=Intent { act=android.net.wifi.RSSI_CHANGED flg=0x4000010 (has extras) } Action=android.net.wifi.RSSI_CHANGED
I/MotoNetwCtrlr.MotorolaWifiSignalController( 1167): isDirty: returns false
I/MotoNetwCtrlr.MotoWifiSignalCtrlr( 1167): handleBroadcast: Completed
I/MotoNetwCtrlr( 1167): onReceive: Completed intent=Intent { act=android.net.wifi.RSSI_CHANGED flg=0x4000010 (has extras) } Action=android.net.wifi.RSSI_CHANGED
D/Checkin (12166): publish the event [tag = MOT_CHECKIN event name = LOG]
I/global frequency(12166): BcsConfigAndroid:updateAllowedEventTagsForPrivacyProfile new whitelisted checkin event tags: MOT_DEVICE_STATS_L3:DATASIZES:SystemLocale,MOT_DL_SERVICE:LOG,MOT_DEVICE_STATS:APPUSAGE:PerUidStats:PhoneTimeStats:EventLogs:STUCKWAKELOCKS:STORAGESTATS:PERUIDSTATS:PMaps:BattCap:AppUsage:BATTCAP:DATASIZES:EVENTLOGS:DataSizes:TagOverflow:SIGNALSTRENGTHS:PHONETIMESTATS:SignalStrengths:StuckWakelocks:SegidOverrun,DEV_ATTRIBS,MOT_OTA:LOG,SMART_ACTIONS:HANASHI:APP:RULE:MODE,MOT_CCE_STATS:CS_Notif_FFA,MOT_CA_STATS_L2:DC_ACCESSORY:DC_PKG:EventLogs:DC_SDCARD:DC_UMS:DC_APPINFO,MOT_CDS_SERVICE:LOG,MOT_CALL_STATS_L2:CALL_END,MOT_DEVICE_STATS_L1:EVENTLOGS:SETTINGLOGS:SettingLogs:EventLogs,CHECKIN_FAILURE,CONTEXT_ENGINE:SEC_CE_LOCATION:SEC_SET_USR_LOCN,MOT_PRIVACY_PROFILE,DEVICE_PROPERTIES,CALL_PERF_STATS_SUCCESS:CALL_PERF_STATS_SUCCESS,MOT_DEVICE_STATS_BAT:Battery,MOT_DEVICE_STATS_L2:EVENTLOGS:EventLogs,MOT_CA_STATS_L3:DC_NETWORK,CHECKIN_SUCCESS,MOT_CA_STATS_L1:DC_SIGNALSTRENGTH,MOT_GUIDEME_STATS_L1:CallCancel:SearchRequest:MotocareSetting:QuickFix:help_content:Quests:RecSetUpState:DataSaver:SearchResponse:LaunchEvent:ActedOnRec:RecDismiss:CallPlaced:RecVisibleList:ChatResponse:ChatInit:RepairStatus:ChatEnd:Help_Content:RecClick:RecCount:RecList:RNTConfig:Error:LaunchSearchResult:RecFetched:quests
D/Checkin (12166): publish the event [tag = MOT_CHECKIN event name = LOG]
D/Checkin (12166): publish the event [tag = MOT_PRIVACY_PROFILE event name = PRIVACY]
W/ActivityManager(  889): getRunningAppProcesses: caller 10119 does not hold REAL_GET_TASKS; limiting output
D/ConnectivityService(  889): ConnectivityService NetworkRequestInfo binderDied(NetworkRequest [ id=1387, legacyType=-1, [ Capabilities: NOT_RESTRICTED&TRUSTED&NOT_VPN] ], android.os.BinderProxy@353f256d)
D/ConnectivityService(  889): releasing NetworkRequest NetworkRequest [ id=1387, legacyType=-1, [ Capabilities: NOT_RESTRICTED&TRUSTED&NOT_VPN] ]
I/System.out(12646): There is callback from service
E/ConnectivityService(  889): RemoteException caught trying to send a callback msg for NetworkRequest [ id=1387, legacyType=-1, [ Capabilities: NOT_RESTRICTED&TRUSTED&NOT_VPN] ]
I/MultiDex(12954): VM with version 2.1.0 has multidex support
I/MultiDex(12954): install
I/MultiDex(12954): VM has multidex support, MultiDex support library is disabled.
E/Spotify (12710): [main@service.SpotifyService:577] Creating service
D/BluetoothManagerService(  889): checkIfCallerIsForegroundUser: valid=true callingUser=0 parentUser=-10000 foregroundUser=0
V/AlarmManager(  889): sending alarm {632f6fa type 2 *walarm*:com.whatsapp.messaging.MessageService.CLIENT_PINGER_ACTION}
V/AlarmManager(  889): sending alarm {3f08366 type 3 *alarm*:com.google.android.gms/.lockbox.LockboxAlarmReceiver}
W/ActivityManager(  889): getRunningAppProcesses: caller 10113 does not hold REAL_GET_TASKS; limiting output
I/GMPM    (12954): App measurement is starting up, version: 8487
I/GMPM    (12954): To enable debug logging run: adb shell setprop log.tag.GMPM VERBOSE
W/art     (12646): Native thread exiting without having called DetachCurrentThread (maybe it's going to use a pthread_key_create destructor?): Thread[20,tid=12681,Native,Thread*=0xb4b81400,peer=0x22f14820,"Thread-66469"]
E/GMPM    (12954): GoogleService failed to initialize, status: 10, Missing an expected resource: 'R.string.google_app_id' for initializing Google services.  Possible causes are missing google-services.json or com.google.gms.google-services gradle plugin.
E/GMPM    (12954): Scheduler not set. Not logging error/warn.
I/System.out(12646): There is callback from service
I/System.out(12646): There is callback from service
I/System.out(12646): There is callback from service
E/GMPM    (12954): Uploading is not possible. App measurement disabled
I/SFPerfTracer(  301):       trigger: frame rate (-64.070%)	(21.558 fps)	(46.386 ms) 	(17 drops)	(19 frames)
I/SFPerfTracer(  301):      triggers: (rate: 8168:231469) (compose: 0:451) (post: 0:1801) (render: 0:2188) (19:2233006 frames) (20:2412723)
D/SFPerfTracer(  301):        layers: (4:9) (FocusedStackFrame (0xb6299000): 0:9370)* (DimLayer (0xb6206000): 0:20)* (DimLayer (0xb6208000): 0:22)* (com.android.noisefield.NoiseFieldWallpaper (0xb6279000): 20:302911) (StatusBar (0xb6204000): 0:271242) (DimLayer (0xb632f000): 0:3764)* (DimLayer (0xb632d000): 0:1255)* (com.android.launcher/com.android.launcher2.Launcher (0xb6277000): 0:238) (NavigationBar (0xb622a000): 0:26) 
I/CrashlyticsCore(12954): Initializing Crashlytics 2.3.8.97
I/MediaRouter(12710): Found default route: MediaRouter.RouteInfo{ uniqueId=android/aah:DEFAULT_ROUTE, name=Phone, description=null, iconUri=null, enabled=true, connecting=false, connectionState=0, canDisconnect=false, playbackType=0, playbackStream=3, deviceType=0, volumeHandling=1, volume=15, volumeMax=15, presentationDisplayId=-1, extras=null, settingsIntent=null, providerPackageName=android }
I/MDMCTBK (  335): NetlinkHandler, power_supply subsys
I/MDMCTBK (  335): NetlinkHandler, usbChargerStateChanged
I/MDMCTBK (  335): checkDefaultInst, current pid is = 335
I/MDMCTBK (  335): checkDefaultInst, pid match
I/MDMCTBK (  335): MdmCutbackHndler,readFromFile = /sys/class/power_supply/usb/online
I/MDMCTBK (  335): MdmCutbackHndler,readFromFile = /sys/class/power_supply/pm8921-dc/online
D/HeadsetStateMachine(12129): Connected process message: 10, size: 1
D/BluetoothManagerService(  889): checkIfCallerIsForegroundUser: valid=true callingUser=0 parentUser=-10000 foregroundUser=0
D/BluetoothManagerService(  889): checkIfCallerIsForegroundUser: valid=true callingUser=0 parentUser=-10000 foregroundUser=0
W/BluetoothAdapter(12710): getBluetoothService() called with no BluetoothManagerCallback
I/SFPerfTracer(  301):       trigger: frame rate (-62.380%)	(22.572 fps)	(44.303 ms) 	(11 drops)	(14 frames)
I/SFPerfTracer(  301):      triggers: (rate: 8169:231491) (compose: 0:451) (post: 0:1801) (render: 0:2188) (14:2233034 frames) (15:2412755)
D/SFPerfTracer(  301):        layers: (4:9) (FocusedStackFrame (0xb6299000): 0:9370)* (DimLayer (0xb6206000): 0:20)* (DimLayer (0xb6208000): 0:22)* (com.android.noisefield.NoiseFieldWallpaper (0xb6279000): 14:302942) (StatusBar (0xb6204000): 1:271243) (DimLayer (0xb632f000): 0:3764)* (DimLayer (0xb632d000): 0:1255)* (com.android.launcher/com.android.launcher2.Launcher (0xb6277000): 0:238) (NavigationBar (0xb622a000): 0:26) 
E/WifiStateMachine(  889): WifiStateMachine CMD_START_SCAN source -2 txSuccessRate=75.35 rxSuccessRate=59.39 targetRoamBSSID=any RSSI=-53
E/WifiStateMachine(  889): startDelayedScan send -> 7560 milli 20000
E/WifiStateMachine(  889): WifiStateMachine CMD_START_SCAN with age=2131025 interval=20000 maxinterval=300000
E/WifiStateMachine(  889): WifiStateMachine CMD_START_SCAN try full band scan age=2131025 interval=20000 maxinterval=300000
E/WifiStateMachine(  889): WifiStateMachine CMD_START_SCAN prevent full band scan due to pkt rate
E/WifiStateMachine(  889): WifiStateMachine CMD_START_SCAN source -2 ...and ignore scans tx=75.35 rx=59.39
I/MotoNetwCtrlr( 1167): onReceive: Received intent=Intent { act=android.net.wifi.RSSI_CHANGED flg=0x4000010 (has extras) } Action=android.net.wifi.RSSI_CHANGED
I/MotoNetwCtrlr.MotoWifiSignalCtrlr( 1167): handleBroadcast: Entered: Intent=Intent { act=android.net.wifi.RSSI_CHANGED flg=0x4000010 (has extras) } Action=android.net.wifi.RSSI_CHANGED
I/MotoNetwCtrlr.MotorolaWifiSignalController( 1167): isDirty: returns false
I/MotoNetwCtrlr.MotoWifiSignalCtrlr( 1167): handleBroadcast: Completed
I/MotoNetwCtrlr( 1167): onReceive: Completed intent=Intent { act=android.net.wifi.RSSI_CHANGED flg=0x4000010 (has extras) } Action=android.net.wifi.RSSI_CHANGED
W/Settings(12710): Setting airplane_mode_on has moved from android.provider.Settings.System to android.provider.Settings.Global, returning read-only value.
W/art     (12710): Suspending all threads took: 5.249ms
I/MediaRouter(12954): Found default route: MediaRouter.RouteInfo{ uniqueId=android/.support.v7.media.SystemMediaRouteProvider:DEFAULT_ROUTE, name=Phone, description=null, iconUri=null, enabled=true, connecting=false, connectionState=0, canDisconnect=false, playbackType=0, playbackStream=3, deviceType=0, volumeHandling=1, volume=15, volumeMax=15, presentationDisplayId=-1, extras=null, settingsIntent=null, providerPackageName=android }
I/ActivityManager(  889): Killing 7763:com.google.android.gm/u0a69 (adj 15): empty #22
I/art     (  889): Explicit concurrent mark sweep GC freed 43802(1943KB) AllocSpace objects, 0(0B) LOS objects, 31% free, 35MB/51MB, paused 5.188ms total 195.727ms
W/ActivityManager(  889): Permission Denial: Accessing service ComponentInfo{com.google.android.music/com.google.android.music.dial.DialMediaRouteProviderService} from pid=12954, uid=10113 that is not exported from uid 10083
V/AlarmManager(  889): done {d436d89, *alarm*:com.whatsapp.action.HOURLY_CRON} [32317ms]
W/ActivityManager(  889): getRunningAppProcesses: caller 10119 does not hold REAL_GET_TASKS; limiting output
V/AlarmManager(  889): done {239fa090, *alarm*:com.whatsapp.action.UPDATE_NTP} [8586ms]
D/CCCMainStrtRcvr( 1355): starting CCCMain Service
W/ContextImpl( 1355): Calling a method in the system process without a qualified user: android.app.ContextImpl.startService:1831 android.content.ContextWrapper.startService:516 android.content.ContextWrapper.startService:516 com.motorola.ccc.main.StartUpReceiver.onReceive:21 android.app.ActivityThread.handleReceiver:2639 
I/CCCMainStrtRcvr( 1355): CCCMain Service started: {com.motorola.ccc.mainplm/com.motorola.ccc.main.CCCMainService}
I/CCCMainService( 1355): onCreate() ...
W/ContextImpl( 1355): Calling a method in the system process without a qualified user: android.app.ContextImpl.bindService:1895 android.content.ContextWrapper.bindService:539 com.motorola.ccc.main.CCCMainService.doBindService:104 com.motorola.ccc.main.CCCMainService.onStartCommand:82 android.app.ActivityThread.handleServiceArgs:2924 
I/ExoPlayerImpl(12710): Init 1.5.5
V/AlarmManager(  889): done {632f6fa, *walarm*:com.whatsapp.messaging.MessageService.CLIENT_PINGER_ACTION} [3353ms]
V/AlarmManager(  889): done {3f08366, *alarm*:com.google.android.gms/.lockbox.LockboxAlarmReceiver} [3369ms]
W/ActivityManager(  889): Permission Denial: Accessing service ComponentInfo{com.google.android.music/com.google.android.music.dial.DialMediaRouteProviderService} from pid=12710, uid=10134 that is not exported from uid 10083
D/MdnsClient(23194): #acquireLock. Multicast lock not held. Acquiring
D/BluetoothManagerService(  889): Message: 31
E/WifiStateMachine(  889): WifiStateMachine CMD_START_SCAN source 10023 txSuccessRate=104.18 rxSuccessRate=71.19 targetRoamBSSID=any RSSI=-54
E/WifiStateMachine(  889): [1,461,950,962,212 ms] noteScanstart no scan source uid 10023
D/MDMCTBK (  335): reply_len: 40 reply is = IFNAME=wlan0 <3>CTRL-EVENT-SCAN-STARTED 
D/MDMCTBK (  335): Event received = CTRL-EVENT-SCAN-STARTED 
I/wpa_supplicant( 1183): wlan0: CTRL-EVENT-REGDOM-CHANGE init=DRIVER type=WORLD
D/MDMCTBK (  335): reply_len: 40 reply is = IFNAME=wlan0 <3>CTRL-EVENT-REGDOM-CHANGE
D/MDMCTBK (  335): Event received = CTRL-EVENT-REGDOM-CHANGE
I/wpa_supplicant( 1183): wlan0: CTRL-EVENT-REGDOM-CHANGE init=DRIVER type=WORLD
D/MDMCTBK (  335): reply_len: 40 reply is = IFNAME=wlan0 <3>CTRL-EVENT-REGDOM-CHANGE
D/MDMCTBK (  335): Event received = CTRL-EVENT-REGDOM-CHANGE
I/SFPerfTracer(  301):       trigger: frame rate (-64.869%)	(21.079 fps)	(47.441 ms) 	(9 drops)	(10 frames)
I/SFPerfTracer(  301):      triggers: (rate: 8170:231519) (compose: 0:451) (post: 0:1801) (render: 0:2188) (10:2233073 frames) (11:2412804)
D/SFPerfTracer(  301):        layers: (4:9) (FocusedStackFrame (0xb6299000): 0:9370)* (DimLayer (0xb6206000): 0:20)* (DimLayer (0xb6208000): 0:22)* (com.android.noisefield.NoiseFieldWallpaper (0xb6279000): 11:302991) (StatusBar (0xb6204000): 0:271243) (DimLayer (0xb632f000): 0:3764)* (DimLayer (0xb632d000): 0:1255)* (com.android.launcher/com.android.launcher2.Launcher (0xb6277000): 0:238) (NavigationBar (0xb622a000): 0:26) 
I/wpa_supplicant( 1183): wlan0: CTRL-EVENT-REGDOM-CHANGE init=DRIVER type=WORLD
D/MDMCTBK (  335): reply_len: 40 reply is = IFNAME=wlan0 <3>CTRL-EVENT-REGDOM-CHANGE
D/MDMCTBK (  335): Event received = CTRL-EVENT-REGDOM-CHANGE
D/MdnsClient(23194): Multicast lock held. Releasing
D/MdnsClient(23194): #acquireLock. Multicast lock not held. Acquiring
D/MDMCTBK (  335): reply_len: 40 reply is = IFNAME=wlan0 <3>CTRL-EVENT-BSS-ADDED 147
D/MDMCTBK (  335): Event received = CTRL-EVENT-BSS-ADDED 147
D/MDMCTBK (  335): reply_len: 40 reply is = IFNAME=wlan0 <3>CTRL-EVENT-BSS-ADDED 147
D/MDMCTBK (  335): Event received = CTRL-EVENT-BSS-ADDED 147
D/MDMCTBK (  335): reply_len: 40 reply is = IFNAME=wlan0 <3>CTRL-EVENT-BSS-ADDED 147
D/MDMCTBK (  335): Event received = CTRL-EVENT-BSS-ADDED 147
D/MDMCTBK (  335): reply_len: 40 reply is = IFNAME=wlan0 <3>CTRL-EVENT-BSS-ADDED 147
D/MDMCTBK (  335): Event received = CTRL-EVENT-BSS-ADDED 147
D/MDMCTBK (  335): reply_len: 40 reply is = IFNAME=wlan0 <3>CTRL-EVENT-BSS-ADDED 147
D/MDMCTBK (  335): Event received = CTRL-EVENT-BSS-ADDED 147
D/MDMCTBK (  335): reply_len: 40 reply is = IFNAME=wlan0 <3>CTRL-EVENT-BSS-ADDED 147
D/MDMCTBK (  335): Event received = CTRL-EVENT-BSS-ADDED 147
D/MDMCTBK (  335): reply_len: 40 reply is = IFNAME=wlan0 <3>CTRL-EVENT-BSS-REMOVED 1
D/MDMCTBK (  335): Event received = CTRL-EVENT-BSS-REMOVED 1
D/MDMCTBK (  335): reply_len: 40 reply is = IFNAME=wlan0 <3>CTRL-EVENT-BSS-REMOVED 1
D/MDMCTBK (  335): Event received = CTRL-EVENT-BSS-REMOVED 1
D/MDMCTBK (  335): reply_len: 40 reply is = IFNAME=wlan0 <3>CTRL-EVENT-BSS-REMOVED 1
D/MDMCTBK (  335): Event received = CTRL-EVENT-BSS-REMOVED 1
D/MDMCTBK (  335): reply_len: 40 reply is = IFNAME=wlan0 <3>CTRL-EVENT-BSS-REMOVED 1
D/MDMCTBK (  335): Event received = CTRL-EVENT-BSS-REMOVED 1
D/MDMCTBK (  335): reply_len: 40 reply is = IFNAME=wlan0 <3>CTRL-EVENT-BSS-REMOVED 1
D/MDMCTBK (  335): Event received = CTRL-EVENT-BSS-REMOVED 1
D/MDMCTBK (  335): reply_len: 40 reply is = IFNAME=wlan0 <3>CTRL-EVENT-SCAN-RESULTS 
D/MDMCTBK (  335): Event received = CTRL-EVENT-SCAN-RESULTS 
E/WifiStateMachine(  889): [1,461,950,963,571 ms] noteScanEnd WorkSource{10023} onTime=0
E/WifiStateMachine(  889): wifi setScanResults statecom.android.server.wifi.WifiStateMachine$ConnectedState@2c3d41e9 sup_state=COMPLETED debouncing=false mConnectionRequests=1 selection=<none>
D/WirelessDisplayService( 1106): onReceive() action android.net.wifi.SCAN_RESULTS
I/MotoNetwCtrlr( 1167): onReceive: Received intent=Intent { act=android.net.wifi.RSSI_CHANGED flg=0x4000010 (has extras) } Action=android.net.wifi.RSSI_CHANGED
I/MotoNetwCtrlr.MotoWifiSignalCtrlr( 1167): handleBroadcast: Entered: Intent=Intent { act=android.net.wifi.RSSI_CHANGED flg=0x4000010 (has extras) } Action=android.net.wifi.RSSI_CHANGED
I/MotoNetwCtrlr.MotorolaWifiSignalController( 1167): isDirty: returns false
I/MotoNetwCtrlr.MotoWifiSignalCtrlr( 1167): handleBroadcast: Completed
I/MotoNetwCtrlr( 1167): onReceive: Completed intent=Intent { act=android.net.wifi.RSSI_CHANGED flg=0x4000010 (has extras) } Action=android.net.wifi.RSSI_CHANGED
I/System.out(12646): There is callback from service
I/SFPerfTracer(  301):       trigger: frame rate (-65.508%)	(20.695 fps)	(48.320 ms) 	(25 drops)	(25 frames)
I/SFPerfTracer(  301):      triggers: (rate: 8171:231544) (compose: 0:451) (post: 0:1801) (render: 0:2188) (25:2233098 frames) (26:2412830)
D/SFPerfTracer(  301):        layers: (4:9) (FocusedStackFrame (0xb6299000): 0:9370)* (DimLayer (0xb6206000): 0:20)* (DimLayer (0xb6208000): 0:22)* (com.android.noisefield.NoiseFieldWallpaper (0xb6279000): 26:303017) (StatusBar (0xb6204000): 0:271243) (DimLayer (0xb632f000): 0:3764)* (DimLayer (0xb632d000): 0:1255)* (com.android.launcher/com.android.launcher2.Launcher (0xb6277000): 0:238) (NavigationBar (0xb622a000): 0:26) 
I/System.out(12646): There is callback from service
I/(INFO) org.coursera.courkit.api.CourkitHttpApiImpl(12954): No new version of app available from Play Store
I/(INFO) org.coursera.courkit.api.CourkitHttpApiImpl(12954): Got faq url: http://help.coursera.org
I/art     (12710): WaitForGcToComplete blocked for 14.649ms for cause DisableMovingGc
I/SFPerfTracer(  301):       trigger: frame rate (-65.547%)	(20.672 fps)	(48.375 ms) 	(26 drops)	(27 frames)
I/SFPerfTracer(  301):      triggers: (rate: 8172:231570) (compose: 0:451) (post: 0:1801) (render: 0:2188) (27:2233125 frames) (28:2412859)
D/SFPerfTracer(  301):        layers: (4:9) (FocusedStackFrame (0xb6299000): 0:9370)* (DimLayer (0xb6206000): 0:20)* (DimLayer (0xb6208000): 0:22)* (com.android.noisefield.NoiseFieldWallpaper (0xb6279000): 28:303046) (StatusBar (0xb6204000): 0:271243) (DimLayer (0xb632f000): 0:3764)* (DimLayer (0xb632d000): 0:1255)* (com.android.launcher/com.android.launcher2.Launcher (0xb6277000): 0:238) (NavigationBar (0xb622a000): 0:26) 
